2021-03-08 16:41:28 GC log file created /home/work/hdd8/yarn/zjyprc-hadoop/nodemanager/application_1610591272876_8118521/container_e1305_1610591272876_8118521_01_000500/gc_log.1
OpenJDK 64-Bit Server VM (25.202-b08) for linux-amd64 JRE (1.8.0_202-b08), built on Jan 22 2019 13:35:07 by "jenkins" with gcc 4.8.2 20140120 (Red Hat 4.8.2-15)
Memory: 4k page, physical 264038252k(10662888k free), swap 0k(0k free)
CommandLine flags: -XX:CICompilerCount=15 -XX:CompressedClassSpaceSize=260046848 -XX:ConcGCThreads=1 -XX:ErrorFile=/tmp/hs_error%p.log -XX:G1HeapRegionSize=2097152 -XX:GCLogFileSize=10485760 -XX:+HeapDumpOnOutOfMemoryError -XX:HeapDumpPath=./flink.hprof -XX:InitialHeapSize=6582960128 -XX:MarkStackSize=4194304 -XX:MaxDirectMemorySize=880468305 -XX:MaxGCPauseMillis=300 -XX:MaxHeapSize=6582960128 -XX:MaxMetaspaceSize=268435456 -XX:MaxNewSize=3948937216 -XX:MinHeapDeltaBytes=2097152 -XX:NumberOfGCLogFiles=10 -XX:OnOutOfMemoryError=./oom_script.sh %p -XX:ParallelGCThreads=4 -XX:+PrintGC -XX:+PrintGCApplicationStoppedTime -XX:+PrintGCDateStamps -XX:+PrintGCDetails -XX:+PrintGCTimeStamps -XX:+PrintStringDeduplicationStatistics -XX:-ResizePLAB -XX:+UnlockExperimentalVMOptions -XX:+UseCompressedClassPointers -XX:+UseCompressedOops -XX:+UseG1GC -XX:+UseGCLogFileRotation -XX:+UseStringDeduplication 
2021-03-08T16:41:28.307+0800: 21453.011: [GC pause (G1 Evacuation Pause) (young), 0.0760187 secs]
   [Parallel Time: 61.9 ms, GC Workers: 4]
      [GC Worker Start (ms): Min: 21453011.4, Avg: 21453011.5, Max: 21453011.7, Diff: 0.2]
      [Ext Root Scanning (ms): Min: 8.0, Avg: 12.4, Max: 14.0, Diff: 6.0, Sum: 49.7]
      [Update RS (ms): Min: 33.1, Avg: 34.5, Max: 38.3, Diff: 5.2, Sum: 138.1]
         [Processed Buffers: Min: 84, Avg: 105.2, Max: 129, Diff: 45, Sum: 421]
      [Scan RS (ms): Min: 0.0, Avg: 0.2, Max: 0.2, Diff: 0.2, Sum: 0.6]
      [Code Root Scanning (ms): Min: 0.0, Avg: 0.0, Max: 0.0, Diff: 0.0, Sum: 0.0]
      [Object Copy (ms): Min: 10.9, Avg: 11.4, Max: 12.0, Diff: 1.1, Sum: 45.6]
      [Termination (ms): Min: 0.0, Avg: 0.0, Max: 0.0, Diff: 0.0, Sum: 0.1]
         [Termination Attempts: Min: 58, Avg: 69.5, Max: 83, Diff: 25, Sum: 278]
      [GC Worker Other (ms): Min: 0.0, Avg: 1.6, Max: 3.2, Diff: 3.2, Sum: 6.4]
      [GC Worker Total (ms): Min: 58.4, Avg: 60.2, Max: 61.8, Diff: 3.4, Sum: 240.6]
      [GC Worker End (ms): Min: 21453070.1, Avg: 21453071.7, Max: 21453073.3, Diff: 3.2]
   [Code Root Fixup: 0.0 ms]
   [Code Root Purge: 0.0 ms]
   [String Dedup Fixup: 2.5 ms, GC Workers: 4]
      [Queue Fixup (ms): Min: 0.0, Avg: 0.0, Max: 0.0, Diff: 0.0, Sum: 0.0]
      [Table Fixup (ms): Min: 1.9, Avg: 2.0, Max: 2.5, Diff: 0.6, Sum: 8.2]
   [Clear CT: 0.8 ms]
   [Other: 10.8 ms]
      [Choose CSet: 0.0 ms]
      [Ref Proc: 0.8 ms]
      [Ref Enq: 0.0 ms]
      [Redirty Cards: 7.1 ms]
      [Humongous Register: 0.3 ms]
      [Humongous Reclaim: 0.1 ms]
      [Free CSet: 1.1 ms]
   [Eden: 886.0M(886.0M)->0.0B(1258.0M) Survivors: 8192.0K->14.0M Heap: 3462.4M(6278.0M)->2561.9M(6278.0M)]
 [Times: user=0.17 sys=0.01, real=0.07 secs] 
2021-03-08T16:41:28.383+0800: 21453.087: Total time for which application threads were stopped: 0.0821738 seconds, Stopping threads took: 0.0005012 seconds
2021-03-08T16:41:28.595+0800: 21453.300: Total time for which application threads were stopped: 0.0042448 seconds, Stopping threads took: 0.0005902 seconds
2021-03-08T16:41:31.071+0800: 21455.775: [GC pause (G1 Evacuation Pause) (young), 0.0642434 secs]
   [Parallel Time: 45.2 ms, GC Workers: 4]
      [GC Worker Start (ms): Min: 21455784.2, Avg: 21455786.6, Max: 21455789.0, Diff: 4.8]
      [Ext Root Scanning (ms): Min: 6.2, Avg: 15.1, Max: 24.1, Diff: 17.9, Sum: 60.3]
      [Update RS (ms): Min: 0.0, Avg: 4.3, Max: 8.7, Diff: 8.7, Sum: 17.4]
         [Processed Buffers: Min: 0, Avg: 34.8, Max: 77, Diff: 77, Sum: 139]
      [Scan RS (ms): Min: 0.0, Avg: 0.3, Max: 0.5, Diff: 0.4, Sum: 1.0]
      [Code Root Scanning (ms): Min: 0.0, Avg: 0.0, Max: 0.0, Diff: 0.0, Sum: 0.0]
      [Object Copy (ms): Min: 21.0, Avg: 22.8, Max: 24.7, Diff: 3.7, Sum: 91.4]
      [Termination (ms): Min: 0.0, Avg: 0.2, Max: 0.3, Diff: 0.3, Sum: 0.7]
         [Termination Attempts: Min: 1, Avg: 73.5, Max: 112, Diff: 111, Sum: 294]
      [GC Worker Other (ms): Min: 0.0, Avg: 0.0, Max: 0.0, Diff: 0.0, Sum: 0.1]
      [GC Worker Total (ms): Min: 40.3, Avg: 42.7, Max: 45.1, Diff: 4.8, Sum: 170.9]
      [GC Worker End (ms): Min: 21455829.3, Avg: 21455829.3, Max: 21455829.3, Diff: 0.0]
   [Code Root Fixup: 0.0 ms]
   [Code Root Purge: 0.0 ms]
   [String Dedup Fixup: 6.3 ms, GC Workers: 4]
      [Queue Fixup (ms): Min: 0.0, Avg: 0.0, Max: 0.0, Diff: 0.0, Sum: 0.0]
      [Table Fixup (ms): Min: 0.0, Avg: 3.1, Max: 6.2, Diff: 6.2, Sum: 12.4]
   [Clear CT: 0.5 ms]
   [Other: 12.2 ms]
      [Choose CSet: 0.0 ms]
      [Ref Proc: 0.3 ms]
      [Ref Enq: 0.0 ms]
      [Redirty Cards: 0.1 ms]
      [Humongous Register: 8.1 ms]
      [Humongous Reclaim: 0.1 ms]
      [Free CSet: 2.1 ms]
   [Eden: 1258.0M(1258.0M)->0.0B(1300.0M) Survivors: 14.0M->18.0M Heap: 3829.5M(6278.0M)->2566.9M(6278.0M)]
 [Times: user=0.11 sys=0.02, real=0.07 secs] 
2021-03-08T16:41:31.136+0800: 21455.840: Total time for which application threads were stopped: 0.0733867 seconds, Stopping threads took: 0.0018130 seconds
2021-03-08T16:41:31.136+0800: 21455.840: [GC concurrent-string-deduplication, 4592.0B->1936.0B(2656.0B), avg 63.3%, 0.0000650 secs]
   [Last Exec: 0.0000650 secs, Idle: 5.1755419 secs, Blocked: 0/0.0000000 secs]
      [Inspected:              88]
         [Skipped:              0(  0.0%)]
         [Hashed:              66( 75.0%)]
         [Known:                0(  0.0%)]
         [New:                 88(100.0%)   4592.0B]
      [Deduplicated:           66( 75.0%)   2656.0B( 57.8%)]
         [Young:               66(100.0%)   2656.0B(100.0%)]
         [Old:                  0(  0.0%)      0.0B(  0.0%)]
   [Total Exec: 2572/1.6720024 secs, Idle: 2572/21448.0629739 secs, Blocked: 32/5.5883972 secs]
      [Inspected:         2592228]
         [Skipped:              0(  0.0%)]
         [Hashed:         2012853( 77.6%)]
         [Known:            34937(  1.3%)]
         [New:            2557291( 98.7%)    141.0M]
      [Deduplicated:      1967907( 77.0%)     89.3M( 63.3%)]
         [Young:           826096( 42.0%)     39.5M( 44.2%)]
         [Old:            1141811( 58.0%)     49.8M( 55.8%)]
   [Table]
      [Memory Usage: 2603.4K]
      [Size: 65536, Min: 1024, Max: 16777216]
      [Entries: 89235, Load: 136.2%, Cached: 0, Added: 623828, Removed: 534593]
      [Resize Count: 6, Shrink Threshold: 43690(66.7%), Grow Threshold: 131072(200.0%)]
      [Rehash Count: 0, Rehash Threshold: 120, Hash Seed: 0x0]
      [Age Threshold: 3]
   [Queue]
      [Dropped: 0]
[GC concurrent-string-deduplication, deleted 0 entries, 0.0000009 secs]
2021-03-08T16:41:33.600+0800: 21458.305: Total time for which application threads were stopped: 0.0049124 seconds, Stopping threads took: 0.0007778 seconds
2021-03-08T16:41:33.604+0800: 21458.308: Total time for which application threads were stopped: 0.0036135 seconds, Stopping threads took: 0.0001209 seconds
2021-03-08T16:41:33.608+0800: 21458.312: Total time for which application threads were stopped: 0.0035605 seconds, Stopping threads took: 0.0001156 seconds
2021-03-08T16:41:34.047+0800: 21458.751: [GC pause (G1 Evacuation Pause) (young), 0.0381883 secs]
   [Parallel Time: 32.5 ms, GC Workers: 4]
      [GC Worker Start (ms): Min: 21458751.8, Avg: 21458752.9, Max: 21458753.3, Diff: 1.5]
      [Ext Root Scanning (ms): Min: 4.9, Avg: 5.3, Max: 6.4, Diff: 1.5, Sum: 21.2]
      [Update RS (ms): Min: 4.3, Avg: 4.5, Max: 4.6, Diff: 0.2, Sum: 18.1]
         [Processed Buffers: Min: 47, Avg: 49.2, Max: 51, Diff: 4, Sum: 197]
      [Scan RS (ms): Min: 0.2, Avg: 0.2, Max: 0.2, Diff: 0.0, Sum: 0.9]
      [Code Root Scanning (ms): Min: 0.0, Avg: 0.0, Max: 0.0, Diff: 0.0, Sum: 0.0]
      [Object Copy (ms): Min: 21.2, Avg: 21.3, Max: 21.4, Diff: 0.1, Sum: 85.2]
      [Termination (ms): Min: 0.0, Avg: 0.0, Max: 0.0, Diff: 0.0, Sum: 0.0]
         [Termination Attempts: Min: 3, Avg: 3.8, Max: 5, Diff: 2, Sum: 15]
      [GC Worker Other (ms): Min: 0.0, Avg: 0.0, Max: 0.0, Diff: 0.0, Sum: 0.1]
      [GC Worker Total (ms): Min: 31.0, Avg: 31.4, Max: 32.5, Diff: 1.5, Sum: 125.5]
      [GC Worker End (ms): Min: 21458784.3, Avg: 21458784.3, Max: 21458784.3, Diff: 0.0]
   [Code Root Fixup: 0.0 ms]
   [Code Root Purge: 0.0 ms]
   [String Dedup Fixup: 2.4 ms, GC Workers: 4]
      [Queue Fixup (ms): Min: 0.0, Avg: 0.0, Max: 0.0, Diff: 0.0, Sum: 0.0]
      [Table Fixup (ms): Min: 2.2, Avg: 2.2, Max: 2.3, Diff: 0.1, Sum: 8.9]
   [Clear CT: 0.2 ms]
   [Other: 3.0 ms]
      [Choose CSet: 0.0 ms]
      [Ref Proc: 0.1 ms]
      [Ref Enq: 0.0 ms]
      [Redirty Cards: 0.0 ms]
      [Humongous Register: 0.3 ms]
      [Humongous Reclaim: 0.1 ms]
      [Free CSet: 1.3 ms]
   [Eden: 1300.0M(1300.0M)->0.0B(1324.0M) Survivors: 18.0M->24.0M Heap: 3884.4M(6278.0M)->2573.1M(6278.0M)]
 [Times: user=0.12 sys=0.00, real=0.04 secs] 
2021-03-08T16:41:34.086+0800: 21458.790: Total time for which application threads were stopped: 0.0428699 seconds, Stopping threads took: 0.0003612 seconds
2021-03-08T16:41:34.086+0800: 21458.790: [GC concurrent-string-deduplication, 19.7K->12.8K(7064.0B), avg 63.3%, 0.0001907 secs]
   [Last Exec: 0.0001907 secs, Idle: 2.9494698 secs, Blocked: 0/0.0000000 secs]
      [Inspected:             321]
         [Skipped:              0(  0.0%)]
         [Hashed:             172( 53.6%)]
         [Known:                0(  0.0%)]
         [New:                321(100.0%)     19.7K]
      [Deduplicated:          172( 53.6%)   7064.0B( 35.0%)]
         [Young:              172(100.0%)   7064.0B(100.0%)]
         [Old:                  0(  0.0%)      0.0B(  0.0%)]
   [Total Exec: 2573/1.6721931 secs, Idle: 2573/21451.0124437 secs, Blocked: 32/5.5883972 secs]
      [Inspected:         2592549]
         [Skipped:              0(  0.0%)]
         [Hashed:         2013025( 77.6%)]
         [Known:            34937(  1.3%)]
         [New:            2557612( 98.7%)    141.0M]
      [Deduplicated:      1968079( 76.9%)     89.3M( 63.3%)]
         [Young:           826268( 42.0%)     39.5M( 44.2%)]
         [Old:            1141811( 58.0%)     49.8M( 55.8%)]
   [Table]
      [Memory Usage: 2606.9K]
      [Size: 65536, Min: 1024, Max: 16777216]
      [Entries: 89384, Load: 136.4%, Cached: 0, Added: 623977, Removed: 534593]
      [Resize Count: 6, Shrink Threshold: 43690(66.7%), Grow Threshold: 131072(200.0%)]
      [Rehash Count: 0, Rehash Threshold: 120, Hash Seed: 0x0]
      [Age Threshold: 3]
   [Queue]
      [Dropped: 0]
[GC concurrent-string-deduplication, deleted 0 entries, 0.0000007 secs]
2021-03-08T16:41:37.053+0800: 21461.758: [GC pause (G1 Evacuation Pause) (young), 0.0681039 secs]
   [Parallel Time: 61.9 ms, GC Workers: 4]
      [GC Worker Start (ms): Min: 21461758.4, Avg: 21461768.0, Max: 21461771.3, Diff: 12.9]
      [Ext Root Scanning (ms): Min: 0.5, Avg: 5.8, Max: 21.4, Diff: 20.9, Sum: 23.1]
      [Update RS (ms): Min: 1.1, Avg: 7.4, Max: 9.6, Diff: 8.5, Sum: 29.7]
         [Processed Buffers: Min: 21, Avg: 80.2, Max: 116, Diff: 95, Sum: 321]
      [Scan RS (ms): Min: 0.2, Avg: 0.2, Max: 0.2, Diff: 0.1, Sum: 0.9]
      [Code Root Scanning (ms): Min: 0.0, Avg: 0.0, Max: 0.0, Diff: 0.0, Sum: 0.0]
      [Object Copy (ms): Min: 36.9, Avg: 37.3, Max: 37.7, Diff: 0.7, Sum: 149.1]
      [Termination (ms): Min: 0.0, Avg: 0.5, Max: 0.7, Diff: 0.7, Sum: 2.1]
         [Termination Attempts: Min: 3, Avg: 52.8, Max: 75, Diff: 72, Sum: 211]
      [GC Worker Other (ms): Min: 0.0, Avg: 0.3, Max: 1.0, Diff: 1.0, Sum: 1.2]
      [GC Worker Total (ms): Min: 48.1, Avg: 51.5, Max: 60.9, Diff: 12.9, Sum: 206.1]
      [GC Worker End (ms): Min: 21461819.3, Avg: 21461819.6, Max: 21461820.3, Diff: 1.0]
   [Code Root Fixup: 0.0 ms]
   [Code Root Purge: 0.0 ms]
   [String Dedup Fixup: 2.0 ms, GC Workers: 4]
      [Queue Fixup (ms): Min: 0.0, Avg: 0.0, Max: 0.0, Diff: 0.0, Sum: 0.0]
      [Table Fixup (ms): Min: 1.9, Avg: 1.9, Max: 2.0, Diff: 0.1, Sum: 7.8]
   [Clear CT: 0.4 ms]
   [Other: 3.7 ms]
      [Choose CSet: 0.0 ms]
      [Ref Proc: 0.1 ms]
      [Ref Enq: 0.0 ms]
      [Redirty Cards: 0.0 ms]
      [Humongous Register: 0.3 ms]
      [Humongous Reclaim: 0.2 ms]
      [Free CSet: 1.9 ms]
   [Eden: 1324.0M(1324.0M)->0.0B(278.0M) Survivors: 24.0M->34.0M Heap: 3929.9M(6278.0M)->2582.8M(6278.0M)]
 [Times: user=0.17 sys=0.02, real=0.07 secs] 
2021-03-08T16:41:37.122+0800: 21461.826: Total time for which application threads were stopped: 0.0746336 seconds, Stopping threads took: 0.0004082 seconds
2021-03-08T16:41:37.123+0800: 21461.827: [GC concurrent-string-deduplication, 29.0K->18.6K(10.3K), avg 63.3%, 0.0002761 secs]
   [Last Exec: 0.0002761 secs, Idle: 3.0362101 secs, Blocked: 0/0.0000000 secs]
      [Inspected:             480]
         [Skipped:              0(  0.0%)]
         [Hashed:             263( 54.8%)]
         [Known:                0(  0.0%)]
         [New:                480(100.0%)     29.0K]
      [Deduplicated:          263( 54.8%)     10.3K( 35.7%)]
         [Young:              263(100.0%)     10.3K(100.0%)]
         [Old:                  0(  0.0%)      0.0B(  0.0%)]
   [Total Exec: 2574/1.6724692 secs, Idle: 2574/21454.0486539 secs, Blocked: 32/5.5883972 secs]
      [Inspected:         2593029]
         [Skipped:              0(  0.0%)]
         [Hashed:         2013288( 77.6%)]
         [Known:            34937(  1.3%)]
         [New:            2558092( 98.7%)    141.0M]
      [Deduplicated:      1968342( 76.9%)     89.3M( 63.3%)]
         [Young:           826531( 42.0%)     39.5M( 44.3%)]
         [Old:            1141811( 58.0%)     49.8M( 55.7%)]
   [Table]
      [Memory Usage: 2612.0K]
      [Size: 65536, Min: 1024, Max: 16777216]
      [Entries: 89601, Load: 136.7%, Cached: 0, Added: 624194, Removed: 534593]
      [Resize Count: 6, Shrink Threshold: 43690(66.7%), Grow Threshold: 131072(200.0%)]
      [Rehash Count: 0, Rehash Threshold: 120, Hash Seed: 0x0]
      [Age Threshold: 3]
   [Queue]
      [Dropped: 0]
[GC concurrent-string-deduplication, deleted 0 entries, 0.0000010 secs]
2021-03-08T16:41:37.883+0800: 21462.587: [GC pause (G1 Evacuation Pause) (young), 0.0547831 secs]
   [Parallel Time: 46.1 ms, GC Workers: 4]
      [GC Worker Start (ms): Min: 21462590.4, Avg: 21462591.0, Max: 21462592.7, Diff: 2.3]
      [Ext Root Scanning (ms): Min: 0.1, Avg: 6.8, Max: 9.3, Diff: 9.2, Sum: 27.3]
      [Update RS (ms): Min: 0.0, Avg: 0.7, Max: 1.3, Diff: 1.3, Sum: 2.9]
         [Processed Buffers: Min: 0, Avg: 7.5, Max: 20, Diff: 20, Sum: 30]
      [Scan RS (ms): Min: 0.0, Avg: 0.1, Max: 0.1, Diff: 0.1, Sum: 0.2]
      [Code Root Scanning (ms): Min: 0.0, Avg: 0.0, Max: 0.0, Diff: 0.0, Sum: 0.0]
      [Object Copy (ms): Min: 34.5, Avg: 35.5, Max: 36.0, Diff: 1.6, Sum: 142.1]
      [Termination (ms): Min: 0.0, Avg: 0.0, Max: 0.0, Diff: 0.0, Sum: 0.1]
         [Termination Attempts: Min: 16, Avg: 22.8, Max: 29, Diff: 13, Sum: 91]
      [GC Worker Other (ms): Min: 0.0, Avg: 2.3, Max: 9.2, Diff: 9.1, Sum: 9.2]
      [GC Worker Total (ms): Min: 43.8, Avg: 45.4, Max: 46.0, Diff: 2.3, Sum: 181.8]
      [GC Worker End (ms): Min: 21462636.4, Avg: 21462636.4, Max: 21462636.4, Diff: 0.0]
   [Code Root Fixup: 0.0 ms]
   [Code Root Purge: 0.0 ms]
   [String Dedup Fixup: 3.1 ms, GC Workers: 4]
      [Queue Fixup (ms): Min: 0.0, Avg: 0.0, Max: 0.0, Diff: 0.0, Sum: 0.0]
      [Table Fixup (ms): Min: 3.0, Avg: 3.1, Max: 3.1, Diff: 0.1, Sum: 12.3]
   [Clear CT: 0.1 ms]
   [Other: 5.5 ms]
      [Choose CSet: 0.0 ms]
      [Ref Proc: 0.1 ms]
      [Ref Enq: 0.0 ms]
      [Redirty Cards: 0.0 ms]
      [Humongous Register: 3.1 ms]
      [Humongous Reclaim: 0.1 ms]
      [Free CSet: 0.7 ms]
   [Eden: 278.0M(278.0M)->0.0B(286.0M) Survivors: 34.0M->26.0M Heap: 2860.8M(6278.0M)->2587.5M(6278.0M)]
 [Times: user=0.16 sys=0.02, real=0.06 secs] 
2021-03-08T16:41:37.938+0800: 21462.642: Total time for which application threads were stopped: 0.0627376 seconds, Stopping threads took: 0.0019901 seconds
2021-03-08T16:41:37.938+0800: 21462.643: [GC concurrent-string-deduplication, 30.2K->20.2K(10200.0B), avg 63.3%, 0.0002476 secs]
   [Last Exec: 0.0002476 secs, Idle: 0.8154552 secs, Blocked: 0/0.0000000 secs]
      [Inspected:             487]
         [Skipped:              0(  0.0%)]
         [Hashed:             252( 51.7%)]
         [Known:                0(  0.0%)]
         [New:                487(100.0%)     30.2K]
      [Deduplicated:          252( 51.7%)  10200.0B( 33.0%)]
         [Young:              252(100.0%)  10200.0B(100.0%)]
         [Old:                  0(  0.0%)      0.0B(  0.0%)]
   [Total Exec: 2575/1.6727168 secs, Idle: 2575/21454.8641091 secs, Blocked: 32/5.5883972 secs]
      [Inspected:         2593516]
         [Skipped:              0(  0.0%)]
         [Hashed:         2013540( 77.6%)]
         [Known:            34937(  1.3%)]
         [New:            2558579( 98.7%)    141.1M]
      [Deduplicated:      1968594( 76.9%)     89.3M( 63.3%)]
         [Young:           826783( 42.0%)     39.5M( 44.3%)]
         [Old:            1141811( 58.0%)     49.8M( 55.7%)]
   [Table]
      [Memory Usage: 2617.5K]
      [Size: 65536, Min: 1024, Max: 16777216]
      [Entries: 89836, Load: 137.1%, Cached: 0, Added: 624429, Removed: 534593]
      [Resize Count: 6, Shrink Threshold: 43690(66.7%), Grow Threshold: 131072(200.0%)]
      [Rehash Count: 0, Rehash Threshold: 120, Hash Seed: 0x0]
      [Age Threshold: 3]
   [Queue]
      [Dropped: 0]
[GC concurrent-string-deduplication, deleted 0 entries, 0.0000009 secs]
2021-03-08T16:41:38.724+0800: 21463.428: [GC pause (G1 Evacuation Pause) (young), 0.0442611 secs]
   [Parallel Time: 38.7 ms, GC Workers: 4]
      [GC Worker Start (ms): Min: 21463428.7, Avg: 21463428.7, Max: 21463428.7, Diff: 0.0]
      [Ext Root Scanning (ms): Min: 3.3, Avg: 3.5, Max: 3.7, Diff: 0.4, Sum: 14.0]
      [Update RS (ms): Min: 4.9, Avg: 5.1, Max: 5.2, Diff: 0.3, Sum: 20.5]
         [Processed Buffers: Min: 26, Avg: 32.2, Max: 41, Diff: 15, Sum: 129]
      [Scan RS (ms): Min: 0.0, Avg: 0.1, Max: 0.1, Diff: 0.0, Sum: 0.2]
      [Code Root Scanning (ms): Min: 0.0, Avg: 0.0, Max: 0.0, Diff: 0.0, Sum: 0.0]
      [Object Copy (ms): Min: 29.6, Avg: 29.7, Max: 30.1, Diff: 0.5, Sum: 119.0]
      [Termination (ms): Min: 0.0, Avg: 0.1, Max: 0.1, Diff: 0.1, Sum: 0.3]
         [Termination Attempts: Min: 15, Avg: 52.5, Max: 80, Diff: 65, Sum: 210]
      [GC Worker Other (ms): Min: 0.0, Avg: 0.2, Max: 0.5, Diff: 0.4, Sum: 0.6]
      [GC Worker Total (ms): Min: 38.6, Avg: 38.7, Max: 38.7, Diff: 0.0, Sum: 154.6]
      [GC Worker End (ms): Min: 21463467.4, Avg: 21463467.4, Max: 21463467.4, Diff: 0.0]
   [Code Root Fixup: 0.0 ms]
   [Code Root Purge: 0.0 ms]
   [String Dedup Fixup: 2.5 ms, GC Workers: 4]
      [Queue Fixup (ms): Min: 0.0, Avg: 0.0, Max: 0.0, Diff: 0.0, Sum: 0.0]
      [Table Fixup (ms): Min: 2.3, Avg: 2.4, Max: 2.5, Diff: 0.2, Sum: 9.6]
   [Clear CT: 0.1 ms]
   [Other: 2.9 ms]
      [Choose CSet: 0.0 ms]
      [Ref Proc: 0.1 ms]
      [Ref Enq: 0.0 ms]
      [Redirty Cards: 0.4 ms]
      [Humongous Register: 0.3 ms]
      [Humongous Reclaim: 0.1 ms]
      [Free CSet: 0.5 ms]
   [Eden: 286.0M(286.0M)->0.0B(288.0M) Survivors: 26.0M->24.0M Heap: 2883.2M(6278.0M)->2590.0M(6278.0M)]
 [Times: user=0.14 sys=0.01, real=0.05 secs] 
2021-03-08T16:41:38.769+0800: 21463.473: Total time for which application threads were stopped: 0.0498767 seconds, Stopping threads took: 0.0007537 seconds
2021-03-08T16:41:38.769+0800: 21463.473: [GC concurrent-string-deduplication, 34.3K->17.7K(16.6K), avg 63.3%, 0.0003339 secs]
   [Last Exec: 0.0003339 secs, Idle: 0.8301930 secs, Blocked: 0/0.0000000 secs]
      [Inspected:             637]
         [Skipped:              0(  0.0%)]
         [Hashed:             432( 67.8%)]
         [Known:                0(  0.0%)]
         [New:                637(100.0%)     34.3K]
      [Deduplicated:          431( 67.7%)     16.6K( 48.4%)]
         [Young:              431(100.0%)     16.6K(100.0%)]
         [Old:                  0(  0.0%)      0.0B(  0.0%)]
   [Total Exec: 2576/1.6730507 secs, Idle: 2576/21455.6943020 secs, Blocked: 32/5.5883972 secs]
      [Inspected:         2594153]
         [Skipped:              0(  0.0%)]
         [Hashed:         2013972( 77.6%)]
         [Known:            34937(  1.3%)]
         [New:            2559216( 98.7%)    141.1M]
      [Deduplicated:      1969025( 76.9%)     89.3M( 63.3%)]
         [Young:           827214( 42.0%)     39.5M( 44.3%)]
         [Old:            1141811( 58.0%)     49.8M( 55.7%)]
   [Table]
      [Memory Usage: 2622.4K]
      [Size: 65536, Min: 1024, Max: 16777216]
      [Entries: 90042, Load: 137.4%, Cached: 0, Added: 624635, Removed: 534593]
      [Resize Count: 6, Shrink Threshold: 43690(66.7%), Grow Threshold: 131072(200.0%)]
      [Rehash Count: 0, Rehash Threshold: 120, Hash Seed: 0x0]
      [Age Threshold: 3]
   [Queue]
      [Dropped: 0]
[GC concurrent-string-deduplication, deleted 0 entries, 0.0000007 secs]
2021-03-08T16:41:39.330+0800: 21464.035: [GC pause (G1 Evacuation Pause) (young), 0.0392488 secs]
   [Parallel Time: 34.7 ms, GC Workers: 4]
      [GC Worker Start (ms): Min: 21464035.2, Avg: 21464035.3, Max: 21464035.3, Diff: 0.0]
      [Ext Root Scanning (ms): Min: 3.6, Avg: 4.0, Max: 5.1, Diff: 1.5, Sum: 16.1]
      [Update RS (ms): Min: 3.1, Avg: 4.1, Max: 4.4, Diff: 1.3, Sum: 16.3]
         [Processed Buffers: Min: 23, Avg: 29.8, Max: 42, Diff: 19, Sum: 119]
      [Scan RS (ms): Min: 0.0, Avg: 0.1, Max: 0.1, Diff: 0.0, Sum: 0.2]
      [Code Root Scanning (ms): Min: 0.0, Avg: 0.0, Max: 0.0, Diff: 0.0, Sum: 0.0]
      [Object Copy (ms): Min: 26.3, Avg: 26.4, Max: 26.5, Diff: 0.3, Sum: 105.7]
      [Termination (ms): Min: 0.0, Avg: 0.0, Max: 0.0, Diff: 0.0, Sum: 0.1]
         [Termination Attempts: Min: 35, Avg: 40.8, Max: 50, Diff: 15, Sum: 163]
      [GC Worker Other (ms): Min: 0.0, Avg: 0.0, Max: 0.0, Diff: 0.0, Sum: 0.1]
      [GC Worker Total (ms): Min: 34.6, Avg: 34.6, Max: 34.7, Diff: 0.0, Sum: 138.6]
      [GC Worker End (ms): Min: 21464069.9, Avg: 21464069.9, Max: 21464069.9, Diff: 0.0]
   [Code Root Fixup: 0.0 ms]
   [Code Root Purge: 0.0 ms]
   [String Dedup Fixup: 2.1 ms, GC Workers: 4]
      [Queue Fixup (ms): Min: 0.0, Avg: 0.0, Max: 0.0, Diff: 0.0, Sum: 0.0]
      [Table Fixup (ms): Min: 2.1, Avg: 2.1, Max: 2.1, Diff: 0.0, Sum: 8.3]
   [Clear CT: 0.1 ms]
   [Other: 2.2 ms]
      [Choose CSet: 0.0 ms]
      [Ref Proc: 0.1 ms]
      [Ref Enq: 0.0 ms]
      [Redirty Cards: 0.1 ms]
      [Humongous Register: 0.2 ms]
      [Humongous Reclaim: 0.1 ms]
      [Free CSet: 0.5 ms]
   [Eden: 288.0M(288.0M)->0.0B(294.0M) Survivors: 24.0M->18.0M Heap: 2887.1M(6278.0M)->2595.3M(6278.0M)]
 [Times: user=0.14 sys=0.00, real=0.04 secs] 
2021-03-08T16:41:39.370+0800: 21464.075: Total time for which application threads were stopped: 0.0437093 seconds, Stopping threads took: 0.0004020 seconds
2021-03-08T16:41:39.371+0800: 21464.075: [GC concurrent-string-deduplication, 9288.0B->4224.0B(5064.0B), avg 63.3%, 0.0001219 secs]
   [Last Exec: 0.0001219 secs, Idle: 0.6013610 secs, Blocked: 0/0.0000000 secs]
      [Inspected:             172]
         [Skipped:              0(  0.0%)]
         [Hashed:             124( 72.1%)]
         [Known:                0(  0.0%)]
         [New:                172(100.0%)   9288.0B]
      [Deduplicated:          124( 72.1%)   5064.0B( 54.5%)]
         [Young:              124(100.0%)   5064.0B(100.0%)]
         [Old:                  0(  0.0%)      0.0B(  0.0%)]
   [Total Exec: 2577/1.6731727 secs, Idle: 2577/21456.2956630 secs, Blocked: 32/5.5883972 secs]
      [Inspected:         2594325]
         [Skipped:              0(  0.0%)]
         [Hashed:         2014096( 77.6%)]
         [Known:            34937(  1.3%)]
         [New:            2559388( 98.7%)    141.1M]
      [Deduplicated:      1969149( 76.9%)     89.3M( 63.3%)]
         [Young:           827338( 42.0%)     39.5M( 44.3%)]
         [Old:            1141811( 58.0%)     49.8M( 55.7%)]
   [Table]
      [Memory Usage: 2623.5K]
      [Size: 65536, Min: 1024, Max: 16777216]
      [Entries: 90089, Load: 137.5%, Cached: 0, Added: 624683, Removed: 534594]
      [Resize Count: 6, Shrink Threshold: 43690(66.7%), Grow Threshold: 131072(200.0%)]
      [Rehash Count: 0, Rehash Threshold: 120, Hash Seed: 0x0]
      [Age Threshold: 3]
   [Queue]
      [Dropped: 0]
[GC concurrent-string-deduplication, deleted 0 entries, 0.0000009 secs]
2021-03-08T16:41:40.001+0800: 21464.705: [GC pause (G1 Evacuation Pause) (young), 0.0321576 secs]
   [Parallel Time: 27.7 ms, GC Workers: 4]
      [GC Worker Start (ms): Min: 21464705.7, Avg: 21464708.6, Max: 21464711.6, Diff: 5.9]
      [Ext Root Scanning (ms): Min: 0.1, Avg: 2.8, Max: 5.6, Diff: 5.6, Sum: 11.1]
      [Update RS (ms): Min: 7.3, Avg: 7.3, Max: 7.4, Diff: 0.1, Sum: 29.4]
         [Processed Buffers: Min: 10, Avg: 38.0, Max: 50, Diff: 40, Sum: 152]
      [Scan RS (ms): Min: 0.0, Avg: 0.1, Max: 0.1, Diff: 0.1, Sum: 0.2]
      [Code Root Scanning (ms): Min: 0.0, Avg: 0.0, Max: 0.0, Diff: 0.0, Sum: 0.0]
      [Object Copy (ms): Min: 14.3, Avg: 14.5, Max: 14.8, Diff: 0.5, Sum: 57.9]
      [Termination (ms): Min: 0.0, Avg: 0.0, Max: 0.0, Diff: 0.0, Sum: 0.0]
         [Termination Attempts: Min: 3, Avg: 8.0, Max: 13, Diff: 10, Sum: 32]
      [GC Worker Other (ms): Min: 0.0, Avg: 0.0, Max: 0.0, Diff: 0.0, Sum: 0.1]
      [GC Worker Total (ms): Min: 21.7, Avg: 24.7, Max: 27.7, Diff: 6.0, Sum: 98.7]
      [GC Worker End (ms): Min: 21464733.3, Avg: 21464733.3, Max: 21464733.3, Diff: 0.0]
   [Code Root Fixup: 0.0 ms]
   [Code Root Purge: 0.0 ms]
   [String Dedup Fixup: 2.2 ms, GC Workers: 4]
      [Queue Fixup (ms): Min: 0.0, Avg: 0.0, Max: 0.0, Diff: 0.0, Sum: 0.0]
      [Table Fixup (ms): Min: 2.0, Avg: 2.0, Max: 2.1, Diff: 0.2, Sum: 8.1]
   [Clear CT: 0.1 ms]
   [Other: 2.1 ms]
      [Choose CSet: 0.0 ms]
      [Ref Proc: 0.1 ms]
      [Ref Enq: 0.0 ms]
      [Redirty Cards: 0.0 ms]
      [Humongous Register: 0.3 ms]
      [Humongous Reclaim: 0.1 ms]
      [Free CSet: 0.5 ms]
   [Eden: 294.0M(294.0M)->0.0B(338.0M) Survivors: 18.0M->18.0M Heap: 2898.9M(6278.0M)->2595.2M(6278.0M)]
 [Times: user=0.11 sys=0.00, real=0.03 secs] 
2021-03-08T16:41:40.034+0800: 21464.738: Total time for which application threads were stopped: 0.0368876 seconds, Stopping threads took: 0.0003979 seconds
2021-03-08T16:41:40.034+0800: 21464.738: [GC concurrent-string-deduplication, 8040.0B->5984.0B(2056.0B), avg 63.3%, 0.0000638 secs]
   [Last Exec: 0.0000638 secs, Idle: 0.6631274 secs, Blocked: 0/0.0000000 secs]
      [Inspected:             119]
         [Skipped:              0(  0.0%)]
         [Hashed:              51( 42.9%)]
         [Known:                0(  0.0%)]
         [New:                119(100.0%)   8040.0B]
      [Deduplicated:           51( 42.9%)   2056.0B( 25.6%)]
         [Young:               51(100.0%)   2056.0B(100.0%)]
         [Old:                  0(  0.0%)      0.0B(  0.0%)]
   [Total Exec: 2578/1.6732364 secs, Idle: 2578/21456.9587904 secs, Blocked: 32/5.5883972 secs]
      [Inspected:         2594444]
         [Skipped:              0(  0.0%)]
         [Hashed:         2014147( 77.6%)]
         [Known:            34937(  1.3%)]
         [New:            2559507( 98.7%)    141.1M]
      [Deduplicated:      1969200( 76.9%)     89.3M( 63.3%)]
         [Young:           827389( 42.0%)     39.5M( 44.3%)]
         [Old:            1141811( 58.0%)     49.8M( 55.7%)]
   [Table]
      [Memory Usage: 2625.1K]
      [Size: 65536, Min: 1024, Max: 16777216]
      [Entries: 90157, Load: 137.6%, Cached: 0, Added: 624751, Removed: 534594]
      [Resize Count: 6, Shrink Threshold: 43690(66.7%), Grow Threshold: 131072(200.0%)]
      [Rehash Count: 0, Rehash Threshold: 120, Hash Seed: 0x0]
      [Age Threshold: 3]
   [Queue]
      [Dropped: 0]
[GC concurrent-string-deduplication, deleted 0 entries, 0.0000007 secs]
2021-03-08T16:41:40.847+0800: 21465.552: [GC pause (G1 Evacuation Pause) (young), 0.0310333 secs]
   [Parallel Time: 26.6 ms, GC Workers: 4]
      [GC Worker Start (ms): Min: 21465552.3, Avg: 21465552.9, Max: 21465554.5, Diff: 2.2]
      [Ext Root Scanning (ms): Min: 1.2, Avg: 2.8, Max: 3.5, Diff: 2.3, Sum: 11.2]
      [Update RS (ms): Min: 2.5, Avg: 2.6, Max: 2.7, Diff: 0.2, Sum: 10.5]
         [Processed Buffers: Min: 21, Avg: 26.0, Max: 29, Diff: 8, Sum: 104]
      [Scan RS (ms): Min: 0.1, Avg: 0.1, Max: 0.1, Diff: 0.0, Sum: 0.2]
      [Code Root Scanning (ms): Min: 0.0, Avg: 0.0, Max: 0.0, Diff: 0.0, Sum: 0.0]
      [Object Copy (ms): Min: 20.4, Avg: 20.5, Max: 20.5, Diff: 0.2, Sum: 81.8]
      [Termination (ms): Min: 0.0, Avg: 0.1, Max: 0.1, Diff: 0.0, Sum: 0.2]
         [Termination Attempts: Min: 77, Avg: 89.0, Max: 98, Diff: 21, Sum: 356]
      [GC Worker Other (ms): Min: 0.0, Avg: 0.0, Max: 0.1, Diff: 0.0, Sum: 0.2]
      [GC Worker Total (ms): Min: 24.4, Avg: 26.0, Max: 26.6, Diff: 2.2, Sum: 104.1]
      [GC Worker End (ms): Min: 21465578.9, Avg: 21465578.9, Max: 21465578.9, Diff: 0.0]
   [Code Root Fixup: 0.0 ms]
   [Code Root Purge: 0.0 ms]
   [String Dedup Fixup: 2.1 ms, GC Workers: 4]
      [Queue Fixup (ms): Min: 0.0, Avg: 0.0, Max: 0.0, Diff: 0.0, Sum: 0.0]
      [Table Fixup (ms): Min: 1.9, Avg: 2.0, Max: 2.0, Diff: 0.1, Sum: 8.0]
   [Clear CT: 0.1 ms]
   [Other: 2.2 ms]
      [Choose CSet: 0.0 ms]
      [Ref Proc: 0.1 ms]
      [Ref Enq: 0.0 ms]
      [Redirty Cards: 0.0 ms]
      [Humongous Register: 0.2 ms]
      [Humongous Reclaim: 0.1 ms]
      [Free CSet: 0.5 ms]
   [Eden: 338.0M(338.0M)->0.0B(986.0M) Survivors: 18.0M->20.0M Heap: 2942.3M(6278.0M)->2598.1M(6278.0M)]
 [Times: user=0.11 sys=0.01, real=0.03 secs] 
2021-03-08T16:41:40.879+0800: 21465.583: Total time for which application threads were stopped: 0.0355811 seconds, Stopping threads took: 0.0003456 seconds
2021-03-08T16:41:40.879+0800: 21465.583: [GC concurrent-string-deduplication, 6232.0B->2992.0B(3240.0B), avg 63.3%, 0.0000639 secs]
   [Last Exec: 0.0000639 secs, Idle: 0.8453027 secs, Blocked: 0/0.0000000 secs]
      [Inspected:             114]
         [Skipped:              0(  0.0%)]
         [Hashed:              80( 70.2%)]
         [Known:                0(  0.0%)]
         [New:                114(100.0%)   6232.0B]
      [Deduplicated:           80( 70.2%)   3240.0B( 52.0%)]
         [Young:               80(100.0%)   3240.0B(100.0%)]
         [Old:                  0(  0.0%)      0.0B(  0.0%)]
   [Total Exec: 2579/1.6733003 secs, Idle: 2579/21457.8040932 secs, Blocked: 32/5.5883972 secs]
      [Inspected:         2594558]
         [Skipped:              0(  0.0%)]
         [Hashed:         2014227( 77.6%)]
         [Known:            34937(  1.3%)]
         [New:            2559621( 98.7%)    141.1M]
      [Deduplicated:      1969280( 76.9%)     89.3M( 63.3%)]
         [Young:           827469( 42.0%)     39.5M( 44.3%)]
         [Old:            1141811( 58.0%)     49.8M( 55.7%)]
   [Table]
      [Memory Usage: 2625.9K]
      [Size: 65536, Min: 1024, Max: 16777216]
      [Entries: 90191, Load: 137.6%, Cached: 0, Added: 624785, Removed: 534594]
      [Resize Count: 6, Shrink Threshold: 43690(66.7%), Grow Threshold: 131072(200.0%)]
      [Rehash Count: 0, Rehash Threshold: 120, Hash Seed: 0x0]
      [Age Threshold: 3]
   [Queue]
      [Dropped: 0]
[GC concurrent-string-deduplication, deleted 0 entries, 0.0000006 secs]
2021-03-08T16:41:43.270+0800: 21467.974: [GC pause (G1 Evacuation Pause) (young), 0.0432221 secs]
   [Parallel Time: 38.3 ms, GC Workers: 4]
      [GC Worker Start (ms): Min: 21467974.9, Avg: 21467975.0, Max: 21467975.0, Diff: 0.0]
      [Ext Root Scanning (ms): Min: 2.6, Avg: 2.7, Max: 3.0, Diff: 0.5, Sum: 10.9]
      [Update RS (ms): Min: 6.7, Avg: 6.9, Max: 6.9, Diff: 0.2, Sum: 27.4]
         [Processed Buffers: Min: 61, Avg: 67.2, Max: 72, Diff: 11, Sum: 269]
      [Scan RS (ms): Min: 0.2, Avg: 0.2, Max: 0.2, Diff: 0.0, Sum: 0.6]
      [Code Root Scanning (ms): Min: 0.0, Avg: 0.0, Max: 0.0, Diff: 0.0, Sum: 0.0]
      [Object Copy (ms): Min: 28.3, Avg: 28.4, Max: 28.5, Diff: 0.2, Sum: 113.6]
      [Termination (ms): Min: 0.0, Avg: 0.1, Max: 0.1, Diff: 0.0, Sum: 0.2]
         [Termination Attempts: Min: 76, Avg: 80.5, Max: 84, Diff: 8, Sum: 322]
      [GC Worker Other (ms): Min: 0.0, Avg: 0.0, Max: 0.0, Diff: 0.0, Sum: 0.1]
      [GC Worker Total (ms): Min: 38.2, Avg: 38.2, Max: 38.3, Diff: 0.0, Sum: 152.9]
      [GC Worker End (ms): Min: 21468013.2, Avg: 21468013.2, Max: 21468013.2, Diff: 0.0]
   [Code Root Fixup: 0.0 ms]
   [Code Root Purge: 0.0 ms]
   [String Dedup Fixup: 2.0 ms, GC Workers: 4]
      [Queue Fixup (ms): Min: 0.0, Avg: 0.0, Max: 0.0, Diff: 0.0, Sum: 0.0]
      [Table Fixup (ms): Min: 1.9, Avg: 1.9, Max: 2.0, Diff: 0.1, Sum: 7.8]
   [Clear CT: 0.2 ms]
   [Other: 2.7 ms]
      [Choose CSet: 0.0 ms]
      [Ref Proc: 0.1 ms]
      [Ref Enq: 0.0 ms]
      [Redirty Cards: 0.0 ms]
      [Humongous Register: 0.2 ms]
      [Humongous Reclaim: 0.2 ms]
      [Free CSet: 1.1 ms]
   [Eden: 986.0M(986.0M)->0.0B(280.0M) Survivors: 20.0M->32.0M Heap: 3612.1M(6278.0M)->2608.9M(6278.0M)]
 [Times: user=0.16 sys=0.01, real=0.04 secs] 
2021-03-08T16:41:43.314+0800: 21468.018: Total time for which application threads were stopped: 0.0478658 seconds, Stopping threads took: 0.0004430 seconds
2021-03-08T16:41:43.314+0800: 21468.018: [GC concurrent-string-deduplication, 9432.0B->4576.0B(4856.0B), avg 63.3%, 0.0001029 secs]
   [Last Exec: 0.0001029 secs, Idle: 2.4348107 secs, Blocked: 0/0.0000000 secs]
      [Inspected:             174]
         [Skipped:              0(  0.0%)]
         [Hashed:             122( 70.1%)]
         [Known:                0(  0.0%)]
         [New:                174(100.0%)   9432.0B]
      [Deduplicated:          122( 70.1%)   4856.0B( 51.5%)]
         [Young:              122(100.0%)   4856.0B(100.0%)]
         [Old:                  0(  0.0%)      0.0B(  0.0%)]
   [Total Exec: 2580/1.6734032 secs, Idle: 2580/21460.2389039 secs, Blocked: 32/5.5883972 secs]
      [Inspected:         2594732]
         [Skipped:              0(  0.0%)]
         [Hashed:         2014349( 77.6%)]
         [Known:            34937(  1.3%)]
         [New:            2559795( 98.7%)    141.1M]
      [Deduplicated:      1969402( 76.9%)     89.3M( 63.3%)]
         [Young:           827591( 42.0%)     39.6M( 44.3%)]
         [Old:            1141811( 58.0%)     49.8M( 55.7%)]
   [Table]
      [Memory Usage: 2627.1K]
      [Size: 65536, Min: 1024, Max: 16777216]
      [Entries: 90243, Load: 137.7%, Cached: 0, Added: 624837, Removed: 534594]
      [Resize Count: 6, Shrink Threshold: 43690(66.7%), Grow Threshold: 131072(200.0%)]
      [Rehash Count: 0, Rehash Threshold: 120, Hash Seed: 0x0]
      [Age Threshold: 3]
   [Queue]
      [Dropped: 0]
[GC concurrent-string-deduplication, deleted 0 entries, 0.0000008 secs]
2021-03-08T16:41:43.668+0800: 21468.372: [GC pause (G1 Evacuation Pause) (young), 0.0360320 secs]
   [Parallel Time: 31.8 ms, GC Workers: 4]
      [GC Worker Start (ms): Min: 21468372.5, Avg: 21468372.6, Max: 21468372.6, Diff: 0.1]
      [Ext Root Scanning (ms): Min: 2.6, Avg: 2.7, Max: 2.9, Diff: 0.4, Sum: 10.9]
      [Update RS (ms): Min: 0.4, Avg: 0.5, Max: 0.7, Diff: 0.4, Sum: 2.2]
         [Processed Buffers: Min: 2, Avg: 10.2, Max: 22, Diff: 20, Sum: 41]
      [Scan RS (ms): Min: 0.0, Avg: 0.0, Max: 0.1, Diff: 0.1, Sum: 0.2]
      [Code Root Scanning (ms): Min: 0.0, Avg: 0.0, Max: 0.0, Diff: 0.0, Sum: 0.0]
      [Object Copy (ms): Min: 28.3, Avg: 28.4, Max: 28.5, Diff: 0.1, Sum: 113.4]
      [Termination (ms): Min: 0.0, Avg: 0.0, Max: 0.0, Diff: 0.0, Sum: 0.1]
         [Termination Attempts: Min: 49, Avg: 53.5, Max: 56, Diff: 7, Sum: 214]
      [GC Worker Other (ms): Min: 0.0, Avg: 0.0, Max: 0.0, Diff: 0.0, Sum: 0.1]
      [GC Worker Total (ms): Min: 31.7, Avg: 31.7, Max: 31.7, Diff: 0.1, Sum: 126.9]
      [GC Worker End (ms): Min: 21468404.3, Avg: 21468404.3, Max: 21468404.3, Diff: 0.0]
   [Code Root Fixup: 0.0 ms]
   [Code Root Purge: 0.0 ms]
   [String Dedup Fixup: 2.0 ms, GC Workers: 4]
      [Queue Fixup (ms): Min: 0.0, Avg: 0.0, Max: 0.0, Diff: 0.0, Sum: 0.0]
      [Table Fixup (ms): Min: 1.9, Avg: 2.0, Max: 2.0, Diff: 0.1, Sum: 7.9]
   [Clear CT: 0.1 ms]
   [Other: 2.1 ms]
      [Choose CSet: 0.0 ms]
      [Ref Proc: 0.1 ms]
      [Ref Enq: 0.0 ms]
      [Redirty Cards: 0.0 ms]
      [Humongous Register: 0.2 ms]
      [Humongous Reclaim: 0.1 ms]
      [Free CSet: 0.5 ms]
   [Eden: 280.0M(280.0M)->0.0B(1282.0M) Survivors: 32.0M->22.0M Heap: 2888.9M(6278.0M)->2609.6M(6278.0M)]
 [Times: user=0.13 sys=0.00, real=0.04 secs] 
2021-03-08T16:41:43.704+0800: 21468.409: Total time for which application threads were stopped: 0.0405733 seconds, Stopping threads took: 0.0003811 seconds
2021-03-08T16:41:43.705+0800: 21468.409: [GC concurrent-string-deduplication, 7776.0B->3608.0B(4168.0B), avg 63.3%, 0.0000792 secs]
   [Last Exec: 0.0000792 secs, Idle: 0.3901764 secs, Blocked: 0/0.0000000 secs]
      [Inspected:             142]
         [Skipped:              0(  0.0%)]
         [Hashed:             101( 71.1%)]
         [Known:                0(  0.0%)]
         [New:                142(100.0%)   7776.0B]
      [Deduplicated:          101( 71.1%)   4168.0B( 53.6%)]
         [Young:              101(100.0%)   4168.0B(100.0%)]
         [Old:                  0(  0.0%)      0.0B(  0.0%)]
   [Total Exec: 2581/1.6734824 secs, Idle: 2581/21460.6290803 secs, Blocked: 32/5.5883972 secs]
      [Inspected:         2594874]
         [Skipped:              0(  0.0%)]
         [Hashed:         2014450( 77.6%)]
         [Known:            34937(  1.3%)]
         [New:            2559937( 98.7%)    141.1M]
      [Deduplicated:      1969503( 76.9%)     89.3M( 63.3%)]
         [Young:           827692( 42.0%)     39.6M( 44.3%)]
         [Old:            1141811( 58.0%)     49.8M( 55.7%)]
   [Table]
      [Memory Usage: 2628.0K]
      [Size: 65536, Min: 1024, Max: 16777216]
      [Entries: 90284, Load: 137.8%, Cached: 0, Added: 624878, Removed: 534594]
      [Resize Count: 6, Shrink Threshold: 43690(66.7%), Grow Threshold: 131072(200.0%)]
      [Rehash Count: 0, Rehash Threshold: 120, Hash Seed: 0x0]
      [Age Threshold: 3]
   [Queue]
      [Dropped: 0]
[GC concurrent-string-deduplication, deleted 0 entries, 0.0000007 secs]
2021-03-08T16:41:46.421+0800: 21471.126: [GC pause (G1 Evacuation Pause) (young), 0.0822929 secs]
   [Parallel Time: 69.5 ms, GC Workers: 4]
      [GC Worker Start (ms): Min: 21471127.8, Avg: 21471130.1, Max: 21471132.5, Diff: 4.7]
      [Ext Root Scanning (ms): Min: 7.3, Avg: 11.0, Max: 17.5, Diff: 10.2, Sum: 43.9]
      [Update RS (ms): Min: 13.0, Avg: 19.7, Max: 23.5, Diff: 10.5, Sum: 78.6]
         [Processed Buffers: Min: 16, Avg: 75.2, Max: 141, Diff: 125, Sum: 301]
      [Scan RS (ms): Min: 0.1, Avg: 0.3, Max: 0.5, Diff: 0.4, Sum: 1.1]
      [Code Root Scanning (ms): Min: 0.0, Avg: 0.0, Max: 0.0, Diff: 0.0, Sum: 0.0]
      [Object Copy (ms): Min: 25.7, Avg: 29.9, Max: 33.9, Diff: 8.2, Sum: 119.7]
      [Termination (ms): Min: 0.0, Avg: 6.2, Max: 8.4, Diff: 8.3, Sum: 25.0]
         [Termination Attempts: Min: 3, Avg: 14.8, Max: 20, Diff: 17, Sum: 59]
      [GC Worker Other (ms): Min: 0.0, Avg: 0.0, Max: 0.1, Diff: 0.0, Sum: 0.1]
      [GC Worker Total (ms): Min: 64.8, Avg: 67.1, Max: 69.5, Diff: 4.7, Sum: 268.5]
      [GC Worker End (ms): Min: 21471197.2, Avg: 21471197.3, Max: 21471197.3, Diff: 0.0]
   [Code Root Fixup: 0.0 ms]
   [Code Root Purge: 0.0 ms]
   [String Dedup Fixup: 5.2 ms, GC Workers: 4]
      [Queue Fixup (ms): Min: 0.0, Avg: 0.0, Max: 0.0, Diff: 0.0, Sum: 0.0]
      [Table Fixup (ms): Min: 4.0, Avg: 4.1, Max: 4.1, Diff: 0.1, Sum: 16.3]
   [Clear CT: 1.8 ms]
   [Other: 5.8 ms]
      [Choose CSet: 0.0 ms]
      [Ref Proc: 0.1 ms]
      [Ref Enq: 0.0 ms]
      [Redirty Cards: 0.0 ms]
      [Humongous Register: 1.7 ms]
      [Humongous Reclaim: 0.2 ms]
      [Free CSet: 2.3 ms]
   [Eden: 1282.0M(1282.0M)->0.0B(1652.0M) Survivors: 22.0M->28.0M Heap: 3919.8M(6278.0M)->2616.6M(6278.0M)]
 [Times: user=0.18 sys=0.02, real=0.09 secs] 
2021-03-08T16:41:46.504+0800: 21471.209: Total time for which application threads were stopped: 0.0924220 seconds, Stopping threads took: 0.0023458 seconds
2021-03-08T16:41:46.505+0800: 21471.209: [GC concurrent-string-deduplication, 25.0K->11.7K(13.3K), avg 63.3%, 0.0002971 secs]
   [Last Exec: 0.0002971 secs, Idle: 2.7998575 secs, Blocked: 0/0.0000000 secs]
      [Inspected:             464]
         [Skipped:              0(  0.0%)]
         [Hashed:             328( 70.7%)]
         [Known:                0(  0.0%)]
         [New:                464(100.0%)     25.0K]
      [Deduplicated:          328( 70.7%)     13.3K( 53.2%)]
         [Young:              328(100.0%)     13.3K(100.0%)]
         [Old:                  0(  0.0%)      0.0B(  0.0%)]
   [Total Exec: 2582/1.6737796 secs, Idle: 2582/21463.4289378 secs, Blocked: 32/5.5883972 secs]
      [Inspected:         2595338]
         [Skipped:              0(  0.0%)]
         [Hashed:         2014778( 77.6%)]
         [Known:            34937(  1.3%)]
         [New:            2560401( 98.7%)    141.2M]
      [Deduplicated:      1969831( 76.9%)     89.3M( 63.3%)]
         [Young:           828020( 42.0%)     39.6M( 44.3%)]
         [Old:            1141811( 58.0%)     49.8M( 55.7%)]
   [Table]
      [Memory Usage: 2631.2K]
      [Size: 65536, Min: 1024, Max: 16777216]
      [Entries: 90420, Load: 138.0%, Cached: 0, Added: 625014, Removed: 534594]
      [Resize Count: 6, Shrink Threshold: 43690(66.7%), Grow Threshold: 131072(200.0%)]
      [Rehash Count: 0, Rehash Threshold: 120, Hash Seed: 0x0]
      [Age Threshold: 3]
   [Queue]
      [Dropped: 0]
[GC concurrent-string-deduplication, deleted 0 entries, 0.0000010 secs]
2021-03-08T16:41:51.147+0800: 21475.852: [GC pause (G1 Evacuation Pause) (young), 0.0989397 secs]
   [Parallel Time: 86.4 ms, GC Workers: 4]
      [GC Worker Start (ms): Min: 21475852.5, Avg: 21475852.7, Max: 21475852.8, Diff: 0.3]
      [Ext Root Scanning (ms): Min: 7.8, Avg: 8.7, Max: 9.6, Diff: 1.7, Sum: 34.8]
      [Update RS (ms): Min: 13.1, Avg: 17.3, Max: 25.9, Diff: 12.7, Sum: 69.4]
         [Processed Buffers: Min: 6, Avg: 68.8, Max: 101, Diff: 95, Sum: 275]
      [Scan RS (ms): Min: 0.1, Avg: 0.3, Max: 0.6, Diff: 0.5, Sum: 1.2]
      [Code Root Scanning (ms): Min: 0.0, Avg: 0.0, Max: 0.0, Diff: 0.0, Sum: 0.0]
      [Object Copy (ms): Min: 47.4, Avg: 55.8, Max: 59.2, Diff: 11.7, Sum: 223.3]
      [Termination (ms): Min: 0.0, Avg: 0.2, Max: 0.3, Diff: 0.3, Sum: 0.7]
         [Termination Attempts: Min: 1, Avg: 66.0, Max: 147, Diff: 146, Sum: 264]
      [GC Worker Other (ms): Min: 0.0, Avg: 0.0, Max: 0.0, Diff: 0.0, Sum: 0.1]
      [GC Worker Total (ms): Min: 82.3, Avg: 82.4, Max: 82.6, Diff: 0.3, Sum: 329.6]
      [GC Worker End (ms): Min: 21475935.0, Avg: 21475935.1, Max: 21475935.1, Diff: 0.0]
   [Code Root Fixup: 0.0 ms]
   [Code Root Purge: 0.0 ms]
   [String Dedup Fixup: 3.0 ms, GC Workers: 4]
      [Queue Fixup (ms): Min: 0.0, Avg: 0.0, Max: 0.0, Diff: 0.0, Sum: 0.0]
      [Table Fixup (ms): Min: 0.0, Avg: 2.2, Max: 3.0, Diff: 3.0, Sum: 8.8]
   [Clear CT: 0.4 ms]
   [Other: 9.1 ms]
      [Choose CSet: 0.0 ms]
      [Ref Proc: 5.5 ms]
      [Ref Enq: 0.0 ms]
      [Redirty Cards: 0.0 ms]
      [Humongous Register: 0.3 ms]
      [Humongous Reclaim: 0.2 ms]
      [Free CSet: 1.9 ms]
   [Eden: 1652.0M(1652.0M)->0.0B(278.0M) Survivors: 28.0M->34.0M Heap: 4297.1M(6278.0M)->2623.6M(6278.0M)]
 [Times: user=0.18 sys=0.02, real=0.10 secs] 
2021-03-08T16:41:51.247+0800: 21475.951: Total time for which application threads were stopped: 0.1038796 seconds, Stopping threads took: 0.0004140 seconds
2021-03-08T16:41:51.247+0800: 21475.951: [GC concurrent-string-deduplication, 1944.0B->880.0B(1064.0B), avg 63.3%, 0.0000375 secs]
   [Last Exec: 0.0000375 secs, Idle: 4.7423908 secs, Blocked: 0/0.0000000 secs]
      [Inspected:              36]
         [Skipped:              0(  0.0%)]
         [Hashed:              26( 72.2%)]
         [Known:                0(  0.0%)]
         [New:                 36(100.0%)   1944.0B]
      [Deduplicated:           26( 72.2%)   1064.0B( 54.7%)]
         [Young:               26(100.0%)   1064.0B(100.0%)]
         [Old:                  0(  0.0%)      0.0B(  0.0%)]
   [Total Exec: 2583/1.6738170 secs, Idle: 2583/21468.1713286 secs, Blocked: 32/5.5883972 secs]
      [Inspected:         2595374]
         [Skipped:              0(  0.0%)]
         [Hashed:         2014804( 77.6%)]
         [Known:            34937(  1.3%)]
         [New:            2560437( 98.7%)    141.2M]
      [Deduplicated:      1969857( 76.9%)     89.3M( 63.3%)]
         [Young:           828046( 42.0%)     39.6M( 44.3%)]
         [Old:            1141811( 58.0%)     49.8M( 55.7%)]
   [Table]
      [Memory Usage: 2631.5K]
      [Size: 65536, Min: 1024, Max: 16777216]
      [Entries: 90430, Load: 138.0%, Cached: 0, Added: 625024, Removed: 534594]
      [Resize Count: 6, Shrink Threshold: 43690(66.7%), Grow Threshold: 131072(200.0%)]
      [Rehash Count: 0, Rehash Threshold: 120, Hash Seed: 0x0]
      [Age Threshold: 3]
   [Queue]
      [Dropped: 0]
[GC concurrent-string-deduplication, deleted 0 entries, 0.0000007 secs]
2021-03-08T16:41:51.779+0800: 21476.484: [GC pause (G1 Evacuation Pause) (young), 0.0498079 secs]
   [Parallel Time: 45.0 ms, GC Workers: 4]
      [GC Worker Start (ms): Min: 21476484.2, Avg: 21476490.4, Max: 21476496.3, Diff: 12.1]
      [Ext Root Scanning (ms): Min: 0.2, Avg: 3.0, Max: 6.1, Diff: 5.9, Sum: 12.0]
      [Update RS (ms): Min: 0.0, Avg: 0.9, Max: 1.9, Diff: 1.9, Sum: 3.7]
         [Processed Buffers: Min: 0, Avg: 12.5, Max: 46, Diff: 46, Sum: 50]
      [Scan RS (ms): Min: 0.0, Avg: 0.1, Max: 0.2, Diff: 0.1, Sum: 0.2]
      [Code Root Scanning (ms): Min: 0.0, Avg: 0.0, Max: 0.0, Diff: 0.0, Sum: 0.0]
      [Object Copy (ms): Min: 32.3, Avg: 34.5, Max: 36.7, Diff: 4.3, Sum: 137.9]
      [Termination (ms): Min: 0.0, Avg: 0.0, Max: 0.0, Diff: 0.0, Sum: 0.0]
         [Termination Attempts: Min: 4, Avg: 5.5, Max: 7, Diff: 3, Sum: 22]
      [GC Worker Other (ms): Min: 0.0, Avg: 0.0, Max: 0.1, Diff: 0.0, Sum: 0.1]
      [GC Worker Total (ms): Min: 32.6, Avg: 38.5, Max: 44.7, Diff: 12.1, Sum: 154.0]
      [GC Worker End (ms): Min: 21476528.8, Avg: 21476528.9, Max: 21476528.9, Diff: 0.0]
   [Code Root Fixup: 0.0 ms]
   [Code Root Purge: 0.0 ms]
   [String Dedup Fixup: 2.3 ms, GC Workers: 4]
      [Queue Fixup (ms): Min: 0.0, Avg: 0.0, Max: 0.0, Diff: 0.0, Sum: 0.0]
      [Table Fixup (ms): Min: 2.2, Avg: 2.2, Max: 2.3, Diff: 0.1, Sum: 8.9]
   [Clear CT: 0.1 ms]
   [Other: 2.4 ms]
      [Choose CSet: 0.0 ms]
      [Ref Proc: 0.1 ms]
      [Ref Enq: 0.0 ms]
      [Redirty Cards: 0.1 ms]
      [Humongous Register: 0.3 ms]
      [Humongous Reclaim: 0.1 ms]
      [Free CSet: 0.6 ms]
   [Eden: 278.0M(278.0M)->0.0B(2986.0M) Survivors: 34.0M->16.0M Heap: 2901.6M(6278.0M)->2622.3M(6278.0M)]
 [Times: user=0.13 sys=0.00, real=0.05 secs] 
2021-03-08T16:41:51.830+0800: 21476.534: Total time for which application threads were stopped: 0.0546595 seconds, Stopping threads took: 0.0003753 seconds
2021-03-08T16:41:51.830+0800: 21476.534: [GC concurrent-string-deduplication, 37.9K->17.8K(20.1K), avg 63.3%, 0.0003930 secs]
   [Last Exec: 0.0003930 secs, Idle: 0.5825602 secs, Blocked: 0/0.0000000 secs]
      [Inspected:             746]
         [Skipped:              0(  0.0%)]
         [Hashed:             539( 72.3%)]
         [Known:                0(  0.0%)]
         [New:                746(100.0%)     37.9K]
      [Deduplicated:          539( 72.3%)     20.1K( 53.0%)]
         [Young:              539(100.0%)     20.1K(100.0%)]
         [Old:                  0(  0.0%)      0.0B(  0.0%)]
   [Total Exec: 2584/1.6742100 secs, Idle: 2584/21468.7538887 secs, Blocked: 32/5.5883972 secs]
      [Inspected:         2596120]
         [Skipped:              0(  0.0%)]
         [Hashed:         2015343( 77.6%)]
         [Known:            34937(  1.3%)]
         [New:            2561183( 98.7%)    141.2M]
      [Deduplicated:      1970396( 76.9%)     89.4M( 63.3%)]
         [Young:           828585( 42.1%)     39.6M( 44.3%)]
         [Old:            1141811( 57.9%)     49.8M( 55.7%)]
   [Table]
      [Memory Usage: 2636.3K]
      [Size: 65536, Min: 1024, Max: 16777216]
      [Entries: 90637, Load: 138.3%, Cached: 0, Added: 625231, Removed: 534594]
      [Resize Count: 6, Shrink Threshold: 43690(66.7%), Grow Threshold: 131072(200.0%)]
      [Rehash Count: 0, Rehash Threshold: 120, Hash Seed: 0x0]
      [Age Threshold: 3]
   [Queue]
      [Dropped: 0]
[GC concurrent-string-deduplication, deleted 0 entries, 0.0000010 secs]
2021-03-08T16:41:53.643+0800: 21478.347: Total time for which application threads were stopped: 0.0091095 seconds, Stopping threads took: 0.0020557 seconds
2021-03-08T16:41:53.647+0800: 21478.351: Total time for which application threads were stopped: 0.0038032 seconds, Stopping threads took: 0.0001613 seconds
2021-03-08T16:42:00.780+0800: 21485.484: [GC pause (G1 Evacuation Pause) (young), 0.1146748 secs]
   [Parallel Time: 103.2 ms, GC Workers: 4]
      [GC Worker Start (ms): Min: 21485485.7, Avg: 21485487.9, Max: 21485490.1, Diff: 4.4]
      [Ext Root Scanning (ms): Min: 7.4, Avg: 14.2, Max: 19.8, Diff: 12.4, Sum: 57.0]
      [Update RS (ms): Min: 23.7, Avg: 27.0, Max: 29.4, Diff: 5.8, Sum: 107.9]
         [Processed Buffers: Min: 85, Avg: 130.2, Max: 182, Diff: 97, Sum: 521]
      [Scan RS (ms): Min: 0.3, Avg: 0.6, Max: 0.8, Diff: 0.5, Sum: 2.4]
      [Code Root Scanning (ms): Min: 0.0, Avg: 0.0, Max: 0.0, Diff: 0.0, Sum: 0.1]
      [Object Copy (ms): Min: 52.5, Avg: 58.9, Max: 61.3, Diff: 8.8, Sum: 235.6]
      [Termination (ms): Min: 0.1, Avg: 0.1, Max: 0.1, Diff: 0.0, Sum: 0.4]
         [Termination Attempts: Min: 174, Avg: 188.8, Max: 204, Diff: 30, Sum: 755]
      [GC Worker Other (ms): Min: 0.0, Avg: 0.1, Max: 0.1, Diff: 0.0, Sum: 0.3]
      [GC Worker Total (ms): Min: 98.7, Avg: 100.9, Max: 103.1, Diff: 4.4, Sum: 403.7]
      [GC Worker End (ms): Min: 21485588.8, Avg: 21485588.8, Max: 21485588.9, Diff: 0.0]
   [Code Root Fixup: 0.0 ms]
   [Code Root Purge: 0.0 ms]
   [String Dedup Fixup: 3.3 ms, GC Workers: 4]
      [Queue Fixup (ms): Min: 0.0, Avg: 0.0, Max: 0.0, Diff: 0.0, Sum: 0.0]
      [Table Fixup (ms): Min: 3.2, Avg: 3.2, Max: 3.3, Diff: 0.1, Sum: 13.0]
   [Clear CT: 0.7 ms]
   [Other: 7.5 ms]
      [Choose CSet: 0.0 ms]
      [Ref Proc: 0.1 ms]
      [Ref Enq: 0.0 ms]
      [Redirty Cards: 0.0 ms]
      [Humongous Register: 1.0 ms]
      [Humongous Reclaim: 0.3 ms]
      [Free CSet: 4.5 ms]
   [Eden: 2986.0M(2986.0M)->0.0B(932.0M) Survivors: 16.0M->46.0M Heap: 5660.4M(6278.0M)->2651.2M(6278.0M)]
 [Times: user=0.26 sys=0.04, real=0.12 secs] 
2021-03-08T16:42:00.895+0800: 21485.600: Total time for which application threads were stopped: 0.1246021 seconds, Stopping threads took: 0.0021800 seconds
2021-03-08T16:42:00.896+0800: 21485.600: [GC concurrent-string-deduplication, 41.6K->25.9K(15.8K), avg 63.3%, 0.0004092 secs]
   [Last Exec: 0.0004092 secs, Idle: 9.0654164 secs, Blocked: 0/0.0000000 secs]
      [Inspected:             659]
         [Skipped:              0(  0.0%)]
         [Hashed:             360( 54.6%)]
         [Known:                0(  0.0%)]
         [New:                659(100.0%)     41.6K]
      [Deduplicated:          358( 54.3%)     15.8K( 37.9%)]
         [Young:              358(100.0%)     15.8K(100.0%)]
         [Old:                  0(  0.0%)      0.0B(  0.0%)]
   [Total Exec: 2585/1.6746192 secs, Idle: 2585/21477.8193051 secs, Blocked: 32/5.5883972 secs]
      [Inspected:         2596779]
         [Skipped:              0(  0.0%)]
         [Hashed:         2015703( 77.6%)]
         [Known:            34937(  1.3%)]
         [New:            2561842( 98.7%)    141.2M]
      [Deduplicated:      1970754( 76.9%)     89.4M( 63.3%)]
         [Young:           828943( 42.1%)     39.6M( 44.3%)]
         [Old:            1141811( 57.9%)     49.8M( 55.7%)]
   [Table]
      [Memory Usage: 2643.4K]
      [Size: 65536, Min: 1024, Max: 16777216]
      [Entries: 90938, Load: 138.8%, Cached: 0, Added: 625532, Removed: 534594]
      [Resize Count: 6, Shrink Threshold: 43690(66.7%), Grow Threshold: 131072(200.0%)]
      [Rehash Count: 0, Rehash Threshold: 120, Hash Seed: 0x0]
      [Age Threshold: 3]
   [Queue]
      [Dropped: 0]
[GC concurrent-string-deduplication, deleted 0 entries, 0.0000008 secs]
2021-03-08T16:42:03.593+0800: 21488.298: [GC pause (G1 Evacuation Pause) (young), 0.1173321 secs]
   [Parallel Time: 88.9 ms, GC Workers: 4]
      [GC Worker Start (ms): Min: 21488301.4, Avg: 21488304.0, Max: 21488306.2, Diff: 4.9]
      [Ext Root Scanning (ms): Min: 5.7, Avg: 10.4, Max: 20.9, Diff: 15.2, Sum: 41.6]
      [Update RS (ms): Min: 0.0, Avg: 6.3, Max: 8.9, Diff: 8.9, Sum: 25.4]
         [Processed Buffers: Min: 0, Avg: 48.2, Max: 81, Diff: 81, Sum: 193]
      [Scan RS (ms): Min: 0.0, Avg: 0.2, Max: 0.5, Diff: 0.4, Sum: 0.9]
      [Code Root Scanning (ms): Min: 0.0, Avg: 0.0, Max: 0.0, Diff: 0.0, Sum: 0.0]
      [Object Copy (ms): Min: 64.1, Avg: 65.4, Max: 66.1, Diff: 2.0, Sum: 261.5]
      [Termination (ms): Min: 0.0, Avg: 0.0, Max: 0.0, Diff: 0.0, Sum: 0.0]
         [Termination Attempts: Min: 6, Avg: 8.2, Max: 10, Diff: 4, Sum: 33]
      [GC Worker Other (ms): Min: 0.1, Avg: 0.2, Max: 0.2, Diff: 0.1, Sum: 0.6]
      [GC Worker Total (ms): Min: 80.2, Avg: 82.5, Max: 85.2, Diff: 5.0, Sum: 330.0]
      [GC Worker End (ms): Min: 21488386.5, Avg: 21488386.6, Max: 21488386.6, Diff: 0.1]
   [Code Root Fixup: 0.0 ms]
   [Code Root Purge: 0.0 ms]
   [String Dedup Fixup: 8.2 ms, GC Workers: 4]
      [Queue Fixup (ms): Min: 0.0, Avg: 0.0, Max: 0.0, Diff: 0.0, Sum: 0.0]
      [Table Fixup (ms): Min: 0.0, Avg: 5.1, Max: 8.0, Diff: 8.0, Sum: 20.6]
   [Clear CT: 3.9 ms]
   [Other: 16.3 ms]
      [Choose CSet: 0.0 ms]
      [Ref Proc: 1.9 ms]
      [Ref Enq: 0.0 ms]
      [Redirty Cards: 7.3 ms]
      [Humongous Register: 3.3 ms]
      [Humongous Reclaim: 0.2 ms]
      [Free CSet: 2.0 ms]
   [Eden: 932.0M(932.0M)->0.0B(718.0M) Survivors: 46.0M->56.0M Heap: 3602.2M(6278.0M)->2661.7M(6278.0M)]
 [Times: user=0.25 sys=0.03, real=0.12 secs] 
2021-03-08T16:42:03.711+0800: 21488.416: Total time for which application threads were stopped: 0.1265429 seconds, Stopping threads took: 0.0020195 seconds
2021-03-08T16:42:03.712+0800: 21488.416: [GC concurrent-string-deduplication, 7288.0B->3432.0B(3856.0B), avg 63.3%, 0.0001341 secs]
   [Last Exec: 0.0001341 secs, Idle: 2.8152099 secs, Blocked: 0/0.0000000 secs]
      [Inspected:             141]
         [Skipped:              0(  0.0%)]
         [Hashed:             102( 72.3%)]
         [Known:                0(  0.0%)]
         [New:                141(100.0%)   7288.0B]
      [Deduplicated:          102( 72.3%)   3856.0B( 52.9%)]
         [Young:              102(100.0%)   3856.0B(100.0%)]
         [Old:                  0(  0.0%)      0.0B(  0.0%)]
   [Total Exec: 2586/1.6747532 secs, Idle: 2586/21480.6345150 secs, Blocked: 32/5.5883972 secs]
      [Inspected:         2596920]
         [Skipped:              0(  0.0%)]
         [Hashed:         2015805( 77.6%)]
         [Known:            34937(  1.3%)]
         [New:            2561983( 98.7%)    141.2M]
      [Deduplicated:      1970856( 76.9%)     89.4M( 63.3%)]
         [Young:           829045( 42.1%)     39.6M( 44.3%)]
         [Old:            1141811( 57.9%)     49.8M( 55.7%)]
   [Table]
      [Memory Usage: 2644.3K]
      [Size: 65536, Min: 1024, Max: 16777216]
      [Entries: 90977, Load: 138.8%, Cached: 0, Added: 625571, Removed: 534594]
      [Resize Count: 6, Shrink Threshold: 43690(66.7%), Grow Threshold: 131072(200.0%)]
      [Rehash Count: 0, Rehash Threshold: 120, Hash Seed: 0x0]
      [Age Threshold: 3]
   [Queue]
      [Dropped: 0]
[GC concurrent-string-deduplication, deleted 0 entries, 0.0000008 secs]
2021-03-08T16:42:06.434+0800: 21491.138: [GC pause (G1 Evacuation Pause) (young), 0.0737296 secs]
   [Parallel Time: 68.6 ms, GC Workers: 4]
      [GC Worker Start (ms): Min: 21491138.6, Avg: 21491139.7, Max: 21491140.9, Diff: 2.4]
      [Ext Root Scanning (ms): Min: 1.6, Avg: 2.8, Max: 4.2, Diff: 2.6, Sum: 11.3]
      [Update RS (ms): Min: 3.1, Avg: 3.2, Max: 3.3, Diff: 0.1, Sum: 12.8]
         [Processed Buffers: Min: 23, Avg: 30.8, Max: 48, Diff: 25, Sum: 123]
      [Scan RS (ms): Min: 0.1, Avg: 0.1, Max: 0.1, Diff: 0.0, Sum: 0.5]
      [Code Root Scanning (ms): Min: 0.0, Avg: 0.0, Max: 0.0, Diff: 0.0, Sum: 0.0]
      [Object Copy (ms): Min: 61.0, Avg: 61.1, Max: 61.2, Diff: 0.2, Sum: 244.4]
      [Termination (ms): Min: 0.0, Avg: 0.0, Max: 0.0, Diff: 0.0, Sum: 0.1]
         [Termination Attempts: Min: 31, Avg: 43.5, Max: 54, Diff: 23, Sum: 174]
      [GC Worker Other (ms): Min: 0.0, Avg: 0.0, Max: 0.1, Diff: 0.0, Sum: 0.2]
      [GC Worker Total (ms): Min: 66.1, Avg: 67.3, Max: 68.5, Diff: 2.4, Sum: 269.3]
      [GC Worker End (ms): Min: 21491207.0, Avg: 21491207.1, Max: 21491207.1, Diff: 0.1]
   [Code Root Fixup: 0.0 ms]
   [Code Root Purge: 0.0 ms]
   [String Dedup Fixup: 2.2 ms, GC Workers: 4]
      [Queue Fixup (ms): Min: 0.0, Avg: 0.0, Max: 0.0, Diff: 0.0, Sum: 0.0]
      [Table Fixup (ms): Min: 2.1, Avg: 2.1, Max: 2.2, Diff: 0.1, Sum: 8.5]
   [Clear CT: 0.2 ms]
   [Other: 2.8 ms]
      [Choose CSet: 0.0 ms]
      [Ref Proc: 0.1 ms]
      [Ref Enq: 0.0 ms]
      [Redirty Cards: 0.1 ms]
      [Humongous Register: 0.3 ms]
      [Humongous Reclaim: 0.1 ms]
      [Free CSet: 0.9 ms]
   [Eden: 718.0M(718.0M)->0.0B(1666.0M) Survivors: 56.0M->54.0M Heap: 3388.9M(6278.0M)->2666.3M(6278.0M)]
 [Times: user=0.24 sys=0.01, real=0.08 secs] 
2021-03-08T16:42:06.508+0800: 21491.212: Total time for which application threads were stopped: 0.0787851 seconds, Stopping threads took: 0.0004180 seconds
2021-03-08T16:42:06.509+0800: 21491.213: [GC concurrent-string-deduplication, 84.4K->42.4K(42.0K), avg 63.3%, 0.0007445 secs]
   [Last Exec: 0.0007445 secs, Idle: 2.7965408 secs, Blocked: 0/0.0000000 secs]
      [Inspected:            1584]
         [Skipped:              0(  0.0%)]
         [Hashed:            1091( 68.9%)]
         [Known:                0(  0.0%)]
         [New:               1584(100.0%)     84.4K]
      [Deduplicated:         1090( 68.8%)     42.0K( 49.8%)]
         [Young:             1090(100.0%)     42.0K(100.0%)]
         [Old:                  0(  0.0%)      0.0B(  0.0%)]
   [Total Exec: 2587/1.6754977 secs, Idle: 2587/21483.4310558 secs, Blocked: 32/5.5883972 secs]
      [Inspected:         2598504]
         [Skipped:              0(  0.0%)]
         [Hashed:         2016896( 77.6%)]
         [Known:            34937(  1.3%)]
         [New:            2563567( 98.7%)    141.3M]
      [Deduplicated:      1971946( 76.9%)     89.4M( 63.3%)]
         [Young:           830135( 42.1%)     39.6M( 44.3%)]
         [Old:            1141811( 57.9%)     49.8M( 55.7%)]
   [Table]
      [Memory Usage: 2655.9K]
      [Size: 65536, Min: 1024, Max: 16777216]
      [Entries: 91471, Load: 139.6%, Cached: 0, Added: 626065, Removed: 534594]
      [Resize Count: 6, Shrink Threshold: 43690(66.7%), Grow Threshold: 131072(200.0%)]
      [Rehash Count: 0, Rehash Threshold: 120, Hash Seed: 0x0]
      [Age Threshold: 3]
   [Queue]
      [Dropped: 0]
[GC concurrent-string-deduplication, deleted 0 entries, 0.0000007 secs]
2021-03-08T16:42:10.535+0800: 21495.239: [GC pause (G1 Evacuation Pause) (young), 0.1277452 secs]
   [Parallel Time: 118.0 ms, GC Workers: 4]
      [GC Worker Start (ms): Min: 21495241.2, Avg: 21495249.7, Max: 21495261.2, Diff: 20.0]
      [Ext Root Scanning (ms): Min: 0.2, Avg: 7.5, Max: 18.1, Diff: 17.9, Sum: 30.0]
      [Update RS (ms): Min: 19.7, Avg: 22.0, Max: 24.5, Diff: 4.8, Sum: 88.0]
         [Processed Buffers: Min: 43, Avg: 109.8, Max: 227, Diff: 184, Sum: 439]
      [Scan RS (ms): Min: 0.1, Avg: 0.3, Max: 0.6, Diff: 0.5, Sum: 1.3]
      [Code Root Scanning (ms): Min: 0.0, Avg: 0.0, Max: 0.0, Diff: 0.0, Sum: 0.0]
      [Object Copy (ms): Min: 75.2, Avg: 79.6, Max: 83.1, Diff: 7.9, Sum: 318.2]
      [Termination (ms): Min: 0.0, Avg: 0.0, Max: 0.0, Diff: 0.0, Sum: 0.0]
         [Termination Attempts: Min: 9, Avg: 10.5, Max: 12, Diff: 3, Sum: 42]
      [GC Worker Other (ms): Min: 0.0, Avg: 0.1, Max: 0.1, Diff: 0.0, Sum: 0.2]
      [GC Worker Total (ms): Min: 97.9, Avg: 109.5, Max: 117.9, Diff: 20.1, Sum: 437.9]
      [GC Worker End (ms): Min: 21495359.1, Avg: 21495359.1, Max: 21495359.1, Diff: 0.0]
   [Code Root Fixup: 0.0 ms]
   [Code Root Purge: 0.0 ms]
   [String Dedup Fixup: 3.4 ms, GC Workers: 4]
      [Queue Fixup (ms): Min: 0.0, Avg: 0.0, Max: 0.0, Diff: 0.0, Sum: 0.0]
      [Table Fixup (ms): Min: 3.2, Avg: 3.3, Max: 3.3, Diff: 0.1, Sum: 13.1]
   [Clear CT: 0.4 ms]
   [Other: 6.0 ms]
      [Choose CSet: 0.0 ms]
      [Ref Proc: 0.1 ms]
      [Ref Enq: 0.0 ms]
      [Redirty Cards: 0.0 ms]
      [Humongous Register: 1.5 ms]
      [Humongous Reclaim: 0.3 ms]
      [Free CSet: 2.7 ms]
   [Eden: 1666.0M(1666.0M)->0.0B(242.0M) Survivors: 54.0M->70.0M Heap: 4379.4M(6278.0M)->2681.2M(6278.0M)]
 [Times: user=0.31 sys=0.04, real=0.12 secs] 
2021-03-08T16:42:10.663+0800: 21495.368: Total time for which application threads were stopped: 0.1375669 seconds, Stopping threads took: 0.0021715 seconds
2021-03-08T16:42:10.664+0800: 21495.368: [GC concurrent-string-deduplication, 31.1K->14.5K(16.5K), avg 63.3%, 0.0003622 secs]
   [Last Exec: 0.0003622 secs, Idle: 4.1544292 secs, Blocked: 0/0.0000000 secs]
      [Inspected:             608]
         [Skipped:              0(  0.0%)]
         [Hashed:             439( 72.2%)]
         [Known:                0(  0.0%)]
         [New:                608(100.0%)     31.1K]
      [Deduplicated:          439( 72.2%)     16.5K( 53.2%)]
         [Young:              439(100.0%)     16.5K(100.0%)]
         [Old:                  0(  0.0%)      0.0B(  0.0%)]
   [Total Exec: 2588/1.6758599 secs, Idle: 2588/21487.5854850 secs, Blocked: 32/5.5883972 secs]
      [Inspected:         2599112]
         [Skipped:              0(  0.0%)]
         [Hashed:         2017335( 77.6%)]
         [Known:            34937(  1.3%)]
         [New:            2564175( 98.7%)    141.4M]
      [Deduplicated:      1972385( 76.9%)     89.4M( 63.3%)]
         [Young:           830574( 42.1%)     39.7M( 44.3%)]
         [Old:            1141811( 57.9%)     49.8M( 55.7%)]
   [Table]
      [Memory Usage: 2659.8K]
      [Size: 65536, Min: 1024, Max: 16777216]
      [Entries: 91640, Load: 139.8%, Cached: 0, Added: 626234, Removed: 534594]
      [Resize Count: 6, Shrink Threshold: 43690(66.7%), Grow Threshold: 131072(200.0%)]
      [Rehash Count: 0, Rehash Threshold: 120, Hash Seed: 0x0]
      [Age Threshold: 3]
   [Queue]
      [Dropped: 0]
[GC concurrent-string-deduplication, deleted 0 entries, 0.0000009 secs]
2021-03-08T16:42:11.389+0800: 21496.093: [GC pause (G1 Evacuation Pause) (young), 0.1094095 secs]
   [Parallel Time: 103.9 ms, GC Workers: 4]
      [GC Worker Start (ms): Min: 21496093.8, Avg: 21496104.4, Max: 21496111.3, Diff: 17.4]
      [Ext Root Scanning (ms): Min: 0.9, Avg: 10.2, Max: 25.4, Diff: 24.5, Sum: 40.8]
      [Update RS (ms): Min: 0.0, Avg: 1.0, Max: 1.9, Diff: 1.9, Sum: 3.8]
         [Processed Buffers: Min: 0, Avg: 8.8, Max: 20, Diff: 20, Sum: 35]
      [Scan RS (ms): Min: 0.0, Avg: 0.1, Max: 0.1, Diff: 0.1, Sum: 0.2]
      [Code Root Scanning (ms): Min: 0.0, Avg: 0.0, Max: 0.0, Diff: 0.0, Sum: 0.0]
      [Object Copy (ms): Min: 78.0, Avg: 81.7, Max: 83.3, Diff: 5.3, Sum: 326.9]
      [Termination (ms): Min: 0.0, Avg: 0.1, Max: 0.2, Diff: 0.2, Sum: 0.4]
         [Termination Attempts: Min: 1, Avg: 8.8, Max: 12, Diff: 11, Sum: 35]
      [GC Worker Other (ms): Min: 0.0, Avg: 0.0, Max: 0.0, Diff: 0.0, Sum: 0.1]
      [GC Worker Total (ms): Min: 86.2, Avg: 93.1, Max: 103.6, Diff: 17.4, Sum: 372.3]
      [GC Worker End (ms): Min: 21496197.5, Avg: 21496197.5, Max: 21496197.5, Diff: 0.0]
   [Code Root Fixup: 0.0 ms]
   [Code Root Purge: 0.0 ms]
   [String Dedup Fixup: 2.8 ms, GC Workers: 4]
      [Queue Fixup (ms): Min: 0.0, Avg: 0.0, Max: 0.0, Diff: 0.0, Sum: 0.0]
      [Table Fixup (ms): Min: 0.0, Avg: 2.0, Max: 2.8, Diff: 2.8, Sum: 8.2]
   [Clear CT: 0.2 ms]
   [Other: 2.5 ms]
      [Choose CSet: 0.0 ms]
      [Ref Proc: 0.2 ms]
      [Ref Enq: 0.0 ms]
      [Redirty Cards: 0.2 ms]
      [Humongous Register: 0.2 ms]
      [Humongous Reclaim: 0.1 ms]
      [Free CSet: 0.6 ms]
   [Eden: 242.0M(242.0M)->0.0B(2902.0M) Survivors: 70.0M->20.0M Heap: 2923.2M(6278.0M)->2681.1M(6278.0M)]
 [Times: user=0.26 sys=0.02, real=0.11 secs] 
2021-03-08T16:42:11.499+0800: 21496.203: Total time for which application threads were stopped: 0.1139802 seconds, Stopping threads took: 0.0003612 seconds
2021-03-08T16:42:11.499+0800: 21496.203: [GC concurrent-string-deduplication, 15.4K->9152.0B(6600.0B), avg 63.3%, 0.0001623 secs]
   [Last Exec: 0.0001623 secs, Idle: 0.8350196 secs, Blocked: 0/0.0000000 secs]
      [Inspected:             266]
         [Skipped:              0(  0.0%)]
         [Hashed:             162( 60.9%)]
         [Known:                0(  0.0%)]
         [New:                266(100.0%)     15.4K]
      [Deduplicated:          162( 60.9%)   6600.0B( 41.9%)]
         [Young:                0(  0.0%)      0.0B(  0.0%)]
         [Old:                162(100.0%)   6600.0B(100.0%)]
   [Total Exec: 2589/1.6760223 secs, Idle: 2589/21488.4205046 secs, Blocked: 32/5.5883972 secs]
      [Inspected:         2599378]
         [Skipped:              0(  0.0%)]
         [Hashed:         2017497( 77.6%)]
         [Known:            34937(  1.3%)]
         [New:            2564441( 98.7%)    141.4M]
      [Deduplicated:      1972547( 76.9%)     89.4M( 63.3%)]
         [Young:           830574( 42.1%)     39.7M( 44.3%)]
         [Old:            1141973( 57.9%)     49.8M( 55.7%)]
   [Table]
      [Memory Usage: 2662.2K]
      [Size: 65536, Min: 1024, Max: 16777216]
      [Entries: 91744, Load: 140.0%, Cached: 0, Added: 626338, Removed: 534594]
      [Resize Count: 6, Shrink Threshold: 43690(66.7%), Grow Threshold: 131072(200.0%)]
      [Rehash Count: 0, Rehash Threshold: 120, Hash Seed: 0x0]
      [Age Threshold: 3]
   [Queue]
      [Dropped: 0]
[GC concurrent-string-deduplication, deleted 0 entries, 0.0000009 secs]
2021-03-08T16:42:21.173+0800: 21505.877: [GC pause (G1 Evacuation Pause) (young), 0.1691566 secs]
   [Parallel Time: 131.8 ms, GC Workers: 4]
      [GC Worker Start (ms): Min: 21505878.9, Avg: 21505886.4, Max: 21505889.7, Diff: 10.9]
      [Ext Root Scanning (ms): Min: 5.6, Avg: 11.0, Max: 22.7, Diff: 17.1, Sum: 44.0]
      [Update RS (ms): Min: 28.8, Avg: 35.5, Max: 41.2, Diff: 12.4, Sum: 141.9]
         [Processed Buffers: Min: 93, Avg: 147.5, Max: 204, Diff: 111, Sum: 590]
      [Scan RS (ms): Min: 0.1, Avg: 0.8, Max: 1.7, Diff: 1.6, Sum: 3.3]
      [Code Root Scanning (ms): Min: 0.0, Avg: 0.0, Max: 0.0, Diff: 0.0, Sum: 0.1]
      [Object Copy (ms): Min: 70.2, Avg: 75.5, Max: 85.7, Diff: 15.5, Sum: 302.2]
      [Termination (ms): Min: 0.0, Avg: 0.2, Max: 0.3, Diff: 0.3, Sum: 0.7]
         [Termination Attempts: Min: 1, Avg: 80.5, Max: 144, Diff: 143, Sum: 322]
      [GC Worker Other (ms): Min: 0.0, Avg: 0.3, Max: 0.7, Diff: 0.7, Sum: 1.4]
      [GC Worker Total (ms): Min: 120.2, Avg: 123.4, Max: 130.6, Diff: 10.4, Sum: 493.5]
      [GC Worker End (ms): Min: 21506009.4, Avg: 21506009.7, Max: 21506010.1, Diff: 0.6]
   [Code Root Fixup: 0.0 ms]
   [Code Root Purge: 0.0 ms]
   [String Dedup Fixup: 17.6 ms, GC Workers: 4]
      [Queue Fixup (ms): Min: 0.0, Avg: 0.0, Max: 0.0, Diff: 0.0, Sum: 0.0]
      [Table Fixup (ms): Min: 0.0, Avg: 5.4, Max: 17.1, Diff: 17.1, Sum: 21.6]
   [Clear CT: 6.7 ms]
   [Other: 13.0 ms]
      [Choose CSet: 0.0 ms]
      [Ref Proc: 1.0 ms]
      [Ref Enq: 0.0 ms]
      [Redirty Cards: 4.0 ms]
      [Humongous Register: 1.0 ms]
      [Humongous Reclaim: 0.3 ms]
      [Free CSet: 5.2 ms]
   [Eden: 2902.0M(2902.0M)->0.0B(262.0M) Survivors: 20.0M->50.0M Heap: 5630.3M(6278.0M)->2710.1M(6278.0M)]
 [Times: user=0.31 sys=0.04, real=0.17 secs] 
2021-03-08T16:42:21.343+0800: 21506.047: Total time for which application threads were stopped: 0.1820551 seconds, Stopping threads took: 0.0021267 seconds
2021-03-08T16:42:21.345+0800: 21506.049: [GC concurrent-string-deduplication, 41.5K->19.1K(22.4K), avg 63.3%, 0.0004756 secs]
   [Last Exec: 0.0004756 secs, Idle: 9.8449344 secs, Blocked: 0/0.0000000 secs]
      [Inspected:             794]
         [Skipped:              0(  0.0%)]
         [Hashed:             572( 72.0%)]
         [Known:                0(  0.0%)]
         [New:                794(100.0%)     41.5K]
      [Deduplicated:          572( 72.0%)     22.4K( 54.0%)]
         [Young:              572(100.0%)     22.4K(100.0%)]
         [Old:                  0(  0.0%)      0.0B(  0.0%)]
   [Total Exec: 2590/1.6764978 secs, Idle: 2590/21498.2654390 secs, Blocked: 32/5.5883972 secs]
      [Inspected:         2600172]
         [Skipped:              0(  0.0%)]
         [Hashed:         2018069( 77.6%)]
         [Known:            34937(  1.3%)]
         [New:            2565235( 98.7%)    141.4M]
      [Deduplicated:      1973119( 76.9%)     89.5M( 63.3%)]
         [Young:           831146( 42.1%)     39.7M( 44.4%)]
         [Old:            1141973( 57.9%)     49.8M( 55.6%)]
   [Table]
      [Memory Usage: 2667.5K]
      [Size: 65536, Min: 1024, Max: 16777216]
      [Entries: 91966, Load: 140.3%, Cached: 0, Added: 626560, Removed: 534594]
      [Resize Count: 6, Shrink Threshold: 43690(66.7%), Grow Threshold: 131072(200.0%)]
      [Rehash Count: 0, Rehash Threshold: 120, Hash Seed: 0x0]
      [Age Threshold: 3]
   [Queue]
      [Dropped: 0]
[GC concurrent-string-deduplication, deleted 0 entries, 0.0000007 secs]
2021-03-08T16:42:22.097+0800: 21506.801: [GC pause (G1 Evacuation Pause) (young), 0.0897144 secs]
   [Parallel Time: 81.6 ms, GC Workers: 4]
      [GC Worker Start (ms): Min: 21506801.8, Avg: 21506804.8, Max: 21506806.6, Diff: 4.8]
      [Ext Root Scanning (ms): Min: 3.4, Avg: 6.5, Max: 11.1, Diff: 7.7, Sum: 26.1]
      [Update RS (ms): Min: 0.0, Avg: 2.5, Max: 3.3, Diff: 3.3, Sum: 10.0]
         [Processed Buffers: Min: 0, Avg: 27.2, Max: 39, Diff: 39, Sum: 109]
      [Scan RS (ms): Min: 0.0, Avg: 0.1, Max: 0.1, Diff: 0.1, Sum: 0.2]
      [Code Root Scanning (ms): Min: 0.0, Avg: 0.0, Max: 0.0, Diff: 0.0, Sum: 0.0]
      [Object Copy (ms): Min: 67.9, Avg: 69.4, Max: 70.0, Diff: 2.2, Sum: 277.5]
      [Termination (ms): Min: 0.0, Avg: 0.1, Max: 0.2, Diff: 0.2, Sum: 0.4]
         [Termination Attempts: Min: 1, Avg: 12.2, Max: 26, Diff: 25, Sum: 49]
      [GC Worker Other (ms): Min: 0.0, Avg: 0.0, Max: 0.0, Diff: 0.0, Sum: 0.1]
      [GC Worker Total (ms): Min: 76.8, Avg: 78.6, Max: 81.5, Diff: 4.8, Sum: 314.2]
      [GC Worker End (ms): Min: 21506883.3, Avg: 21506883.3, Max: 21506883.3, Diff: 0.0]
   [Code Root Fixup: 0.0 ms]
   [Code Root Purge: 0.0 ms]
   [String Dedup Fixup: 5.3 ms, GC Workers: 4]
      [Queue Fixup (ms): Min: 0.0, Avg: 0.0, Max: 0.0, Diff: 0.0, Sum: 0.0]
      [Table Fixup (ms): Min: 0.0, Avg: 2.8, Max: 5.2, Diff: 5.2, Sum: 11.2]
   [Clear CT: 0.1 ms]
   [Other: 2.7 ms]
      [Choose CSet: 0.0 ms]
      [Ref Proc: 0.2 ms]
      [Ref Enq: 0.0 ms]
      [Redirty Cards: 0.2 ms]
      [Humongous Register: 0.2 ms]
      [Humongous Reclaim: 0.1 ms]
      [Free CSet: 0.5 ms]
   [Eden: 262.0M(262.0M)->0.0B(304.0M) Survivors: 50.0M->8192.0K Heap: 2981.1M(6278.0M)->2712.3M(6278.0M)]
 [Times: user=0.22 sys=0.01, real=0.09 secs] 
2021-03-08T16:42:22.187+0800: 21506.892: Total time for which application threads were stopped: 0.0958792 seconds, Stopping threads took: 0.0003877 seconds
2021-03-08T16:42:22.188+0800: 21506.893: [GC concurrent-string-deduplication, 83.4K->42.5K(40.9K), avg 63.3%, 0.0008339 secs]
   [Last Exec: 0.0008339 secs, Idle: 0.8429001 secs, Blocked: 0/0.0000000 secs]
      [Inspected:            1518]
         [Skipped:              0(  0.0%)]
         [Hashed:            1026( 67.6%)]
         [Known:                0(  0.0%)]
         [New:               1518(100.0%)     83.4K]
      [Deduplicated:         1022( 67.3%)     40.9K( 49.0%)]
         [Young:                0(  0.0%)      0.0B(  0.0%)]
         [Old:               1022(100.0%)     40.9K(100.0%)]
   [Total Exec: 2591/1.6773317 secs, Idle: 2591/21499.1083391 secs, Blocked: 32/5.5883972 secs]
      [Inspected:         2601690]
         [Skipped:              0(  0.0%)]
         [Hashed:         2019095( 77.6%)]
         [Known:            34937(  1.3%)]
         [New:            2566753( 98.7%)    141.5M]
      [Deduplicated:      1974141( 76.9%)     89.5M( 63.3%)]
         [Young:           831146( 42.1%)     39.7M( 44.3%)]
         [Old:            1142995( 57.9%)     49.8M( 55.7%)]
   [Table]
      [Memory Usage: 2679.1K]
      [Size: 65536, Min: 1024, Max: 16777216]
      [Entries: 92462, Load: 141.1%, Cached: 0, Added: 627056, Removed: 534594]
      [Resize Count: 6, Shrink Threshold: 43690(66.7%), Grow Threshold: 131072(200.0%)]
      [Rehash Count: 0, Rehash Threshold: 120, Hash Seed: 0x0]
      [Age Threshold: 3]
   [Queue]
      [Dropped: 0]
[GC concurrent-string-deduplication, deleted 0 entries, 0.0000009 secs]
2021-03-08T16:42:22.960+0800: 21507.664: [GC pause (G1 Evacuation Pause) (young), 0.0793990 secs]
   [Parallel Time: 65.0 ms, GC Workers: 4]
      [GC Worker Start (ms): Min: 21507664.7, Avg: 21507665.7, Max: 21507666.8, Diff: 2.1]
      [Ext Root Scanning (ms): Min: 10.8, Avg: 15.3, Max: 26.7, Diff: 15.8, Sum: 61.2]
      [Update RS (ms): Min: 21.0, Avg: 28.4, Max: 33.5, Diff: 12.5, Sum: 113.8]
         [Processed Buffers: Min: 18, Avg: 60.2, Max: 124, Diff: 106, Sum: 241]
      [Scan RS (ms): Min: 0.0, Avg: 0.1, Max: 0.2, Diff: 0.2, Sum: 0.2]
      [Code Root Scanning (ms): Min: 0.0, Avg: 0.0, Max: 0.0, Diff: 0.0, Sum: 0.0]
      [Object Copy (ms): Min: 15.2, Avg: 18.6, Max: 22.0, Diff: 6.8, Sum: 74.4]
      [Termination (ms): Min: 0.0, Avg: 1.4, Max: 2.3, Diff: 2.3, Sum: 5.7]
         [Termination Attempts: Min: 1, Avg: 1.0, Max: 1, Diff: 0, Sum: 4]
      [GC Worker Other (ms): Min: 0.0, Avg: 0.0, Max: 0.0, Diff: 0.0, Sum: 0.1]
      [GC Worker Total (ms): Min: 62.7, Avg: 63.8, Max: 64.9, Diff: 2.2, Sum: 255.4]
      [GC Worker End (ms): Min: 21507729.5, Avg: 21507729.6, Max: 21507729.6, Diff: 0.1]
   [Code Root Fixup: 0.0 ms]
   [Code Root Purge: 0.0 ms]
   [String Dedup Fixup: 8.5 ms, GC Workers: 4]
      [Queue Fixup (ms): Min: 0.0, Avg: 0.0, Max: 0.0, Diff: 0.0, Sum: 0.0]
      [Table Fixup (ms): Min: 0.0, Avg: 2.1, Max: 8.5, Diff: 8.5, Sum: 8.5]
   [Clear CT: 0.2 ms]
   [Other: 5.7 ms]
      [Choose CSet: 0.0 ms]
      [Ref Proc: 3.4 ms]
      [Ref Enq: 0.0 ms]
      [Redirty Cards: 0.1 ms]
      [Humongous Register: 0.3 ms]
      [Humongous Reclaim: 0.1 ms]
      [Free CSet: 0.5 ms]
   [Eden: 304.0M(304.0M)->0.0B(300.0M) Survivors: 8192.0K->12.0M Heap: 3025.8M(6278.0M)->2716.9M(6278.0M)]
 [Times: user=0.12 sys=0.00, real=0.08 secs] 
2021-03-08T16:42:23.040+0800: 21507.744: Total time for which application threads were stopped: 0.0842221 seconds, Stopping threads took: 0.0003726 seconds
2021-03-08T16:42:23.804+0800: 21508.508: [GC pause (G1 Evacuation Pause) (young), 0.0698692 secs]
   [Parallel Time: 50.7 ms, GC Workers: 4]
      [GC Worker Start (ms): Min: 21508515.8, Avg: 21508526.0, Max: 21508538.8, Diff: 23.0]
      [Ext Root Scanning (ms): Min: 0.2, Avg: 4.2, Max: 8.9, Diff: 8.7, Sum: 16.7]
      [Update RS (ms): Min: 0.0, Avg: 5.6, Max: 15.9, Diff: 15.9, Sum: 22.3]
         [Processed Buffers: Min: 0, Avg: 20.2, Max: 71, Diff: 71, Sum: 81]
      [Scan RS (ms): Min: 0.0, Avg: 0.1, Max: 0.2, Diff: 0.2, Sum: 0.3]
      [Code Root Scanning (ms): Min: 0.0, Avg: 0.0, Max: 0.0, Diff: 0.0, Sum: 0.0]
      [Object Copy (ms): Min: 20.2, Avg: 30.4, Max: 45.0, Diff: 24.7, Sum: 121.5]
      [Termination (ms): Min: 0.0, Avg: 0.1, Max: 0.2, Diff: 0.2, Sum: 0.5]
         [Termination Attempts: Min: 1, Avg: 9.8, Max: 19, Diff: 18, Sum: 39]
      [GC Worker Other (ms): Min: 0.0, Avg: 0.0, Max: 0.1, Diff: 0.0, Sum: 0.1]
      [GC Worker Total (ms): Min: 27.6, Avg: 40.3, Max: 50.6, Diff: 23.0, Sum: 161.3]
      [GC Worker End (ms): Min: 21508566.3, Avg: 21508566.3, Max: 21508566.4, Diff: 0.0]
   [Code Root Fixup: 0.0 ms]
   [Code Root Purge: 0.0 ms]
   [String Dedup Fixup: 9.0 ms, GC Workers: 4]
      [Queue Fixup (ms): Min: 0.0, Avg: 0.0, Max: 0.0, Diff: 0.0, Sum: 0.0]
      [Table Fixup (ms): Min: 0.0, Avg: 5.7, Max: 9.0, Diff: 9.0, Sum: 22.8]
   [Clear CT: 0.2 ms]
   [Other: 10.0 ms]
      [Choose CSet: 0.0 ms]
      [Ref Proc: 0.4 ms]
      [Ref Enq: 0.0 ms]
      [Redirty Cards: 0.0 ms]
      [Humongous Register: 6.9 ms]
      [Humongous Reclaim: 0.1 ms]
      [Free CSet: 0.8 ms]
   [Eden: 300.0M(300.0M)->0.0B(298.0M) Survivors: 12.0M->14.0M Heap: 3022.0M(6278.0M)->2719.6M(6278.0M)]
 [Times: user=0.08 sys=0.01, real=0.08 secs] 
2021-03-08T16:42:23.874+0800: 21508.579: Total time for which application threads were stopped: 0.0922106 seconds, Stopping threads took: 0.0083467 seconds
2021-03-08T16:42:23.875+0800: 21508.579: [GC concurrent-string-deduplication, 7288.0B->3344.0B(3944.0B), avg 63.3%, 0.0001496 secs]
   [Last Exec: 0.0001496 secs, Idle: 1.6861446 secs, Blocked: 0/0.0000000 secs]
      [Inspected:             134]
         [Skipped:              0(  0.0%)]
         [Hashed:              96( 71.6%)]
         [Known:                0(  0.0%)]
         [New:                134(100.0%)   7288.0B]
      [Deduplicated:           96( 71.6%)   3944.0B( 54.1%)]
         [Young:               96(100.0%)   3944.0B(100.0%)]
         [Old:                  0(  0.0%)      0.0B(  0.0%)]
   [Total Exec: 2592/1.6774814 secs, Idle: 2592/21500.7944837 secs, Blocked: 32/5.5883972 secs]
      [Inspected:         2601824]
         [Skipped:              0(  0.0%)]
         [Hashed:         2019191( 77.6%)]
         [Known:            34937(  1.3%)]
         [New:            2566887( 98.7%)    141.5M]
      [Deduplicated:      1974237( 76.9%)     89.5M( 63.3%)]
         [Young:           831242( 42.1%)     39.7M( 44.3%)]
         [Old:            1142995( 57.9%)     49.8M( 55.7%)]
   [Table]
      [Memory Usage: 2680.0K]
      [Size: 65536, Min: 1024, Max: 16777216]
      [Entries: 92500, Load: 141.1%, Cached: 0, Added: 627094, Removed: 534594]
      [Resize Count: 6, Shrink Threshold: 43690(66.7%), Grow Threshold: 131072(200.0%)]
      [Rehash Count: 0, Rehash Threshold: 120, Hash Seed: 0x0]
      [Age Threshold: 3]
   [Queue]
      [Dropped: 0]
[GC concurrent-string-deduplication, deleted 0 entries, 0.0000008 secs]
2021-03-08T16:42:24.627+0800: 21509.331: Total time for which application threads were stopped: 0.0077880 seconds, Stopping threads took: 0.0004279 seconds
2021-03-08T16:42:24.631+0800: 21509.335: Total time for which application threads were stopped: 0.0036759 seconds, Stopping threads took: 0.0001963 seconds
2021-03-08T16:42:25.742+0800: 21510.446: [GC pause (G1 Evacuation Pause) (young), 0.0729231 secs]
   [Parallel Time: 42.1 ms, GC Workers: 4]
      [GC Worker Start (ms): Min: 21510446.8, Avg: 21510446.8, Max: 21510446.8, Diff: 0.0]
      [Ext Root Scanning (ms): Min: 3.3, Avg: 6.8, Max: 10.6, Diff: 7.3, Sum: 27.1]
      [Update RS (ms): Min: 0.5, Avg: 6.9, Max: 10.0, Diff: 9.5, Sum: 27.4]
         [Processed Buffers: Min: 14, Avg: 27.5, Max: 38, Diff: 24, Sum: 110]
      [Scan RS (ms): Min: 0.0, Avg: 0.1, Max: 0.1, Diff: 0.1, Sum: 0.2]
      [Code Root Scanning (ms): Min: 0.0, Avg: 0.0, Max: 0.0, Diff: 0.0, Sum: 0.0]
      [Object Copy (ms): Min: 23.5, Avg: 25.3, Max: 27.0, Diff: 3.5, Sum: 101.4]
      [Termination (ms): Min: 0.0, Avg: 1.0, Max: 1.6, Diff: 1.6, Sum: 3.8]
         [Termination Attempts: Min: 4, Avg: 10.5, Max: 16, Diff: 12, Sum: 42]
      [GC Worker Other (ms): Min: 0.1, Avg: 1.1, Max: 2.3, Diff: 2.3, Sum: 4.3]
      [GC Worker Total (ms): Min: 40.9, Avg: 41.0, Max: 41.4, Diff: 0.5, Sum: 164.2]
      [GC Worker End (ms): Min: 21510487.7, Avg: 21510487.9, Max: 21510488.2, Diff: 0.5]
   [Code Root Fixup: 0.0 ms]
   [Code Root Purge: 0.0 ms]
   [String Dedup Fixup: 5.7 ms, GC Workers: 4]
      [Queue Fixup (ms): Min: 0.0, Avg: 0.0, Max: 0.0, Diff: 0.0, Sum: 0.0]
      [Table Fixup (ms): Min: 0.9, Avg: 2.0, Max: 2.4, Diff: 1.6, Sum: 7.9]
   [Clear CT: 4.9 ms]
   [Other: 20.2 ms]
      [Choose CSet: 0.0 ms]
      [Ref Proc: 4.4 ms]
      [Ref Enq: 0.0 ms]
      [Redirty Cards: 13.4 ms]
      [Humongous Register: 0.3 ms]
      [Humongous Reclaim: 0.1 ms]
      [Free CSet: 0.6 ms]
   [Eden: 298.0M(298.0M)->0.0B(296.0M) Survivors: 14.0M->16.0M Heap: 3027.0M(6278.0M)->2721.6M(6278.0M)]
 [Times: user=0.09 sys=0.01, real=0.08 secs] 
2021-03-08T16:42:25.816+0800: 21510.520: Total time for which application threads were stopped: 0.0777893 seconds, Stopping threads took: 0.0003795 seconds
2021-03-08T16:42:25.818+0800: 21510.522: [GC concurrent-string-deduplication, 7576.0B->3520.0B(4056.0B), avg 63.3%, 0.0001171 secs]
   [Last Exec: 0.0001171 secs, Idle: 1.9432486 secs, Blocked: 0/0.0000000 secs]
      [Inspected:             140]
         [Skipped:              0(  0.0%)]
         [Hashed:             100( 71.4%)]
         [Known:                0(  0.0%)]
         [New:                140(100.0%)   7576.0B]
      [Deduplicated:          100( 71.4%)   4056.0B( 53.5%)]
         [Young:              100(100.0%)   4056.0B(100.0%)]
         [Old:                  0(  0.0%)      0.0B(  0.0%)]
   [Total Exec: 2593/1.6775985 secs, Idle: 2593/21502.7377323 secs, Blocked: 32/5.5883972 secs]
      [Inspected:         2601964]
         [Skipped:              0(  0.0%)]
         [Hashed:         2019291( 77.6%)]
         [Known:            34937(  1.3%)]
         [New:            2567027( 98.7%)    141.5M]
      [Deduplicated:      1974337( 76.9%)     89.5M( 63.3%)]
         [Young:           831342( 42.1%)     39.7M( 44.3%)]
         [Old:            1142995( 57.9%)     49.8M( 55.7%)]
   [Table]
      [Memory Usage: 2680.9K]
      [Size: 65536, Min: 1024, Max: 16777216]
      [Entries: 92540, Load: 141.2%, Cached: 0, Added: 627134, Removed: 534594]
      [Resize Count: 6, Shrink Threshold: 43690(66.7%), Grow Threshold: 131072(200.0%)]
      [Rehash Count: 0, Rehash Threshold: 120, Hash Seed: 0x0]
      [Age Threshold: 3]
   [Queue]
      [Dropped: 0]
[GC concurrent-string-deduplication, deleted 0 entries, 0.0000009 secs]
2021-03-08T16:42:27.109+0800: 21511.814: [GC pause (G1 Evacuation Pause) (young), 0.0549667 secs]
   [Parallel Time: 45.6 ms, GC Workers: 4]
      [GC Worker Start (ms): Min: 21511814.2, Avg: 21511821.8, Max: 21511829.9, Diff: 15.7]
      [Ext Root Scanning (ms): Min: 0.1, Avg: 3.1, Max: 6.0, Diff: 6.0, Sum: 12.3]
      [Update RS (ms): Min: 0.0, Avg: 2.4, Max: 4.9, Diff: 4.9, Sum: 9.4]
         [Processed Buffers: Min: 0, Avg: 16.0, Max: 53, Diff: 53, Sum: 64]
      [Scan RS (ms): Min: 0.0, Avg: 0.1, Max: 0.2, Diff: 0.2, Sum: 0.2]
      [Code Root Scanning (ms): Min: 0.0, Avg: 0.0, Max: 0.0, Diff: 0.0, Sum: 0.0]
      [Object Copy (ms): Min: 29.4, Avg: 32.1, Max: 34.4, Diff: 5.0, Sum: 128.3]
      [Termination (ms): Min: 0.0, Avg: 0.1, Max: 0.2, Diff: 0.2, Sum: 0.6]
         [Termination Attempts: Min: 1, Avg: 1.0, Max: 1, Diff: 0, Sum: 4]
      [GC Worker Other (ms): Min: 0.0, Avg: 0.0, Max: 0.0, Diff: 0.0, Sum: 0.1]
      [GC Worker Total (ms): Min: 29.6, Avg: 37.7, Max: 45.3, Diff: 15.7, Sum: 150.8]
      [GC Worker End (ms): Min: 21511859.5, Avg: 21511859.5, Max: 21511859.6, Diff: 0.0]
   [Code Root Fixup: 0.0 ms]
   [Code Root Purge: 0.0 ms]
   [String Dedup Fixup: 5.0 ms, GC Workers: 4]
      [Queue Fixup (ms): Min: 0.0, Avg: 0.0, Max: 0.0, Diff: 0.0, Sum: 0.0]
      [Table Fixup (ms): Min: 0.0, Avg: 2.3, Max: 4.7, Diff: 4.7, Sum: 9.4]
   [Clear CT: 0.2 ms]
   [Other: 4.2 ms]
      [Choose CSet: 0.0 ms]
      [Ref Proc: 1.9 ms]
      [Ref Enq: 0.0 ms]
      [Redirty Cards: 0.1 ms]
      [Humongous Register: 0.3 ms]
      [Humongous Reclaim: 0.1 ms]
      [Free CSet: 0.6 ms]
   [Eden: 296.0M(296.0M)->0.0B(290.0M) Survivors: 16.0M->22.0M Heap: 3020.3M(6278.0M)->2726.2M(6278.0M)]
 [Times: user=0.10 sys=0.00, real=0.06 secs] 
2021-03-08T16:42:27.165+0800: 21511.869: Total time for which application threads were stopped: 0.0599995 seconds, Stopping threads took: 0.0004682 seconds
2021-03-08T16:42:27.165+0800: 21511.869: [GC concurrent-string-deduplication, 6968.0B->4048.0B(2920.0B), avg 63.3%, 0.0001015 secs]
   [Last Exec: 0.0001015 secs, Idle: 1.3468903 secs, Blocked: 0/0.0000000 secs]
      [Inspected:             117]
         [Skipped:              0(  0.0%)]
         [Hashed:              71( 60.7%)]
         [Known:                0(  0.0%)]
         [New:                117(100.0%)   6968.0B]
      [Deduplicated:           71( 60.7%)   2920.0B( 41.9%)]
         [Young:               71(100.0%)   2920.0B(100.0%)]
         [Old:                  0(  0.0%)      0.0B(  0.0%)]
   [Total Exec: 2594/1.6777000 secs, Idle: 2594/21504.0846226 secs, Blocked: 32/5.5883972 secs]
      [Inspected:         2602081]
         [Skipped:              0(  0.0%)]
         [Hashed:         2019362( 77.6%)]
         [Known:            34937(  1.3%)]
         [New:            2567144( 98.7%)    141.5M]
      [Deduplicated:      1974408( 76.9%)     89.5M( 63.3%)]
         [Young:           831413( 42.1%)     39.7M( 44.3%)]
         [Old:            1142995( 57.9%)     49.8M( 55.7%)]
   [Table]
      [Memory Usage: 2682.0K]
      [Size: 65536, Min: 1024, Max: 16777216]
      [Entries: 92586, Load: 141.3%, Cached: 0, Added: 627180, Removed: 534594]
      [Resize Count: 6, Shrink Threshold: 43690(66.7%), Grow Threshold: 131072(200.0%)]
      [Rehash Count: 0, Rehash Threshold: 120, Hash Seed: 0x0]
      [Age Threshold: 3]
   [Queue]
      [Dropped: 0]
[GC concurrent-string-deduplication, deleted 0 entries, 0.0000008 secs]
2021-03-08T16:42:27.627+0800: 21512.331: [GC pause (G1 Evacuation Pause) (young), 0.1170254 secs]
   [Parallel Time: 81.3 ms, GC Workers: 4]
      [GC Worker Start (ms): Min: 21512331.6, Avg: 21512332.9, Max: 21512334.4, Diff: 2.8]
      [Ext Root Scanning (ms): Min: 6.7, Avg: 28.0, Max: 52.1, Diff: 45.4, Sum: 112.0]
      [Update RS (ms): Min: 0.0, Avg: 0.6, Max: 2.6, Diff: 2.6, Sum: 2.6]
         [Processed Buffers: Min: 0, Avg: 11.5, Max: 46, Diff: 46, Sum: 46]
      [Scan RS (ms): Min: 0.0, Avg: 0.1, Max: 0.2, Diff: 0.1, Sum: 0.3]
      [Code Root Scanning (ms): Min: 0.0, Avg: 0.0, Max: 0.0, Diff: 0.0, Sum: 0.0]
      [Object Copy (ms): Min: 21.2, Avg: 49.2, Max: 68.7, Diff: 47.4, Sum: 196.9]
      [Termination (ms): Min: 0.0, Avg: 1.2, Max: 4.2, Diff: 4.2, Sum: 4.6]
         [Termination Attempts: Min: 1, Avg: 5.8, Max: 13, Diff: 12, Sum: 23]
      [GC Worker Other (ms): Min: 0.0, Avg: 0.0, Max: 0.0, Diff: 0.0, Sum: 0.1]
      [GC Worker Total (ms): Min: 77.6, Avg: 79.1, Max: 80.4, Diff: 2.8, Sum: 316.5]
      [GC Worker End (ms): Min: 21512412.0, Avg: 21512412.0, Max: 21512412.0, Diff: 0.0]
   [Code Root Fixup: 0.0 ms]
   [Code Root Purge: 0.0 ms]
   [String Dedup Fixup: 8.9 ms, GC Workers: 4]
      [Queue Fixup (ms): Min: 0.0, Avg: 0.0, Max: 0.0, Diff: 0.0, Sum: 0.0]
      [Table Fixup (ms): Min: 0.0, Avg: 2.2, Max: 4.9, Diff: 4.9, Sum: 8.9]
   [Clear CT: 6.0 ms]
   [Other: 20.8 ms]
      [Choose CSet: 0.0 ms]
      [Ref Proc: 8.5 ms]
      [Ref Enq: 0.0 ms]
      [Redirty Cards: 10.0 ms]
      [Humongous Register: 0.3 ms]
      [Humongous Reclaim: 0.1 ms]
      [Free CSet: 0.6 ms]
   [Eden: 290.0M(290.0M)->0.0B(294.0M) Survivors: 22.0M->18.0M Heap: 3016.2M(6278.0M)->2726.0M(6278.0M)]
 [Times: user=0.10 sys=0.00, real=0.12 secs] 
2021-03-08T16:42:27.744+0800: 21512.449: Total time for which application threads were stopped: 0.1265345 seconds, Stopping threads took: 0.0051668 seconds
2021-03-08T16:42:27.745+0800: 21512.449: [GC concurrent-string-deduplication, 11.2K->6600.0B(4896.0B), avg 63.3%, 0.0001861 secs]
   [Last Exec: 0.0001861 secs, Idle: 0.5794246 secs, Blocked: 0/0.0000000 secs]
      [Inspected:             208]
         [Skipped:              0(  0.0%)]
         [Hashed:             133( 63.9%)]
         [Known:                0(  0.0%)]
         [New:                208(100.0%)     11.2K]
      [Deduplicated:          133( 63.9%)   4896.0B( 42.6%)]
         [Young:              133(100.0%)   4896.0B(100.0%)]
         [Old:                  0(  0.0%)      0.0B(  0.0%)]
   [Total Exec: 2595/1.6778861 secs, Idle: 2595/21504.6640472 secs, Blocked: 32/5.5883972 secs]
      [Inspected:         2602289]
         [Skipped:              0(  0.0%)]
         [Hashed:         2019495( 77.6%)]
         [Known:            34937(  1.3%)]
         [New:            2567352( 98.7%)    141.5M]
      [Deduplicated:      1974541( 76.9%)     89.5M( 63.3%)]
         [Young:           831546( 42.1%)     39.7M( 44.3%)]
         [Old:            1142995( 57.9%)     49.8M( 55.7%)]
   [Table]
      [Memory Usage: 2683.7K]
      [Size: 65536, Min: 1024, Max: 16777216]
      [Entries: 92661, Load: 141.4%, Cached: 0, Added: 627255, Removed: 534594]
      [Resize Count: 6, Shrink Threshold: 43690(66.7%), Grow Threshold: 131072(200.0%)]
      [Rehash Count: 0, Rehash Threshold: 120, Hash Seed: 0x0]
      [Age Threshold: 3]
   [Queue]
      [Dropped: 0]
[GC concurrent-string-deduplication, deleted 0 entries, 0.0000008 secs]
2021-03-08T16:42:28.122+0800: 21512.827: [GC pause (G1 Evacuation Pause) (young), 0.1011686 secs]
   [Parallel Time: 47.9 ms, GC Workers: 4]
      [GC Worker Start (ms): Min: 21512827.2, Avg: 21512830.9, Max: 21512836.6, Diff: 9.3]
      [Ext Root Scanning (ms): Min: 0.2, Avg: 6.2, Max: 18.4, Diff: 18.2, Sum: 24.7]
      [Update RS (ms): Min: 0.0, Avg: 0.7, Max: 1.5, Diff: 1.5, Sum: 2.9]
         [Processed Buffers: Min: 0, Avg: 11.2, Max: 41, Diff: 41, Sum: 45]
      [Scan RS (ms): Min: 0.0, Avg: 0.1, Max: 0.1, Diff: 0.1, Sum: 0.2]
      [Code Root Scanning (ms): Min: 0.0, Avg: 0.0, Max: 0.0, Diff: 0.0, Sum: 0.0]
      [Object Copy (ms): Min: 20.8, Avg: 32.2, Max: 38.2, Diff: 17.4, Sum: 128.7]
      [Termination (ms): Min: 0.0, Avg: 5.0, Max: 8.6, Diff: 8.5, Sum: 20.1]
         [Termination Attempts: Min: 26, Avg: 55.5, Max: 78, Diff: 52, Sum: 222]
      [GC Worker Other (ms): Min: 0.0, Avg: 0.0, Max: 0.0, Diff: 0.0, Sum: 0.1]
      [GC Worker Total (ms): Min: 38.5, Avg: 44.1, Max: 47.8, Diff: 9.3, Sum: 176.6]
      [GC Worker End (ms): Min: 21512875.0, Avg: 21512875.0, Max: 21512875.0, Diff: 0.0]
   [Code Root Fixup: 0.0 ms]
   [Code Root Purge: 0.0 ms]
   [String Dedup Fixup: 4.9 ms, GC Workers: 4]
      [Queue Fixup (ms): Min: 0.0, Avg: 0.0, Max: 0.0, Diff: 0.0, Sum: 0.0]
      [Table Fixup (ms): Min: 1.8, Avg: 2.9, Max: 4.8, Diff: 3.0, Sum: 11.4]
   [Clear CT: 8.0 ms]
   [Other: 40.3 ms]
      [Choose CSet: 0.0 ms]
      [Ref Proc: 30.2 ms]
      [Ref Enq: 0.0 ms]
      [Redirty Cards: 7.7 ms]
      [Humongous Register: 0.3 ms]
      [Humongous Reclaim: 0.1 ms]
      [Free CSet: 0.6 ms]
   [Eden: 294.0M(294.0M)->0.0B(334.0M) Survivors: 18.0M->20.0M Heap: 3020.0M(6278.0M)->2728.3M(6278.0M)]
 [Times: user=0.13 sys=0.00, real=0.10 secs] 
2021-03-08T16:42:28.224+0800: 21512.928: Total time for which application threads were stopped: 0.1059964 seconds, Stopping threads took: 0.0004069 seconds
2021-03-08T16:42:28.225+0800: 21512.929: [GC concurrent-string-deduplication, 4760.0B->2112.0B(2648.0B), avg 63.3%, 0.0000858 secs]
   [Last Exec: 0.0000858 secs, Idle: 0.4797808 secs, Blocked: 0/0.0000000 secs]
      [Inspected:              89]
         [Skipped:              0(  0.0%)]
         [Hashed:              65( 73.0%)]
         [Known:                0(  0.0%)]
         [New:                 89(100.0%)   4760.0B]
      [Deduplicated:           65( 73.0%)   2648.0B( 55.6%)]
         [Young:               65(100.0%)   2648.0B(100.0%)]
         [Old:                  0(  0.0%)      0.0B(  0.0%)]
   [Total Exec: 2596/1.6779720 secs, Idle: 2596/21505.1438280 secs, Blocked: 32/5.5883972 secs]
      [Inspected:         2602378]
         [Skipped:              0(  0.0%)]
         [Hashed:         2019560( 77.6%)]
         [Known:            34937(  1.3%)]
         [New:            2567441( 98.7%)    141.5M]
      [Deduplicated:      1974606( 76.9%)     89.5M( 63.3%)]
         [Young:           831611( 42.1%)     39.7M( 44.3%)]
         [Old:            1142995( 57.9%)     49.8M( 55.7%)]
   [Table]
      [Memory Usage: 2684.3K]
      [Size: 65536, Min: 1024, Max: 16777216]
      [Entries: 92685, Load: 141.4%, Cached: 0, Added: 627279, Removed: 534594]
      [Resize Count: 6, Shrink Threshold: 43690(66.7%), Grow Threshold: 131072(200.0%)]
      [Rehash Count: 0, Rehash Threshold: 120, Hash Seed: 0x0]
      [Age Threshold: 3]
   [Queue]
      [Dropped: 0]
[GC concurrent-string-deduplication, deleted 0 entries, 0.0000009 secs]
2021-03-08T16:42:28.936+0800: 21513.640: [GC pause (G1 Evacuation Pause) (young), 0.0822397 secs]
   [Parallel Time: 51.7 ms, GC Workers: 4]
      [GC Worker Start (ms): Min: 21513641.1, Avg: 21513642.1, Max: 21513643.1, Diff: 2.0]
      [Ext Root Scanning (ms): Min: 10.2, Avg: 16.1, Max: 26.5, Diff: 16.3, Sum: 64.3]
      [Update RS (ms): Min: 0.0, Avg: 2.5, Max: 6.4, Diff: 6.4, Sum: 10.0]
         [Processed Buffers: Min: 0, Avg: 27.0, Max: 67, Diff: 67, Sum: 108]
      [Scan RS (ms): Min: 0.0, Avg: 0.1, Max: 0.1, Diff: 0.1, Sum: 0.3]
      [Code Root Scanning (ms): Min: 0.0, Avg: 0.0, Max: 0.0, Diff: 0.0, Sum: 0.0]
      [Object Copy (ms): Min: 17.7, Avg: 27.3, Max: 31.6, Diff: 13.9, Sum: 109.3]
      [Termination (ms): Min: 0.0, Avg: 1.4, Max: 2.2, Diff: 2.2, Sum: 5.5]
         [Termination Attempts: Min: 1, Avg: 6.2, Max: 12, Diff: 11, Sum: 25]
      [GC Worker Other (ms): Min: 0.0, Avg: 0.0, Max: 0.0, Diff: 0.0, Sum: 0.1]
      [GC Worker Total (ms): Min: 46.4, Avg: 47.4, Max: 48.4, Diff: 2.0, Sum: 189.6]
      [GC Worker End (ms): Min: 21513689.4, Avg: 21513689.5, Max: 21513689.5, Diff: 0.0]
   [Code Root Fixup: 0.0 ms]
   [Code Root Purge: 0.0 ms]
   [String Dedup Fixup: 4.9 ms, GC Workers: 4]
      [Queue Fixup (ms): Min: 0.0, Avg: 0.0, Max: 0.0, Diff: 0.0, Sum: 0.0]
      [Table Fixup (ms): Min: 0.0, Avg: 2.4, Max: 4.7, Diff: 4.7, Sum: 9.8]
   [Clear CT: 17.3 ms]
   [Other: 8.3 ms]
      [Choose CSet: 0.0 ms]
      [Ref Proc: 0.6 ms]
      [Ref Enq: 0.0 ms]
      [Redirty Cards: 1.8 ms]
      [Humongous Register: 0.3 ms]
      [Humongous Reclaim: 0.1 ms]
      [Free CSet: 4.1 ms]
   [Eden: 334.0M(334.0M)->0.0B(444.0M) Survivors: 20.0M->22.0M Heap: 3071.5M(6278.0M)->2729.3M(6278.0M)]
 [Times: user=0.10 sys=0.01, real=0.08 secs] 
2021-03-08T16:42:29.019+0800: 21513.723: Total time for which application threads were stopped: 0.0870994 seconds, Stopping threads took: 0.0003829 seconds
2021-03-08T16:42:29.019+0800: 21513.724: [GC concurrent-string-deduplication, 5792.0B->2640.0B(3152.0B), avg 63.3%, 0.0000813 secs]
   [Last Exec: 0.0000813 secs, Idle: 0.7943540 secs, Blocked: 0/0.0000000 secs]
      [Inspected:             117]
         [Skipped:              0(  0.0%)]
         [Hashed:              87( 74.4%)]
         [Known:                0(  0.0%)]
         [New:                117(100.0%)   5792.0B]
      [Deduplicated:           87( 74.4%)   3152.0B( 54.4%)]
         [Young:               87(100.0%)   3152.0B(100.0%)]
         [Old:                  0(  0.0%)      0.0B(  0.0%)]
   [Total Exec: 2597/1.6780533 secs, Idle: 2597/21505.9381821 secs, Blocked: 32/5.5883972 secs]
      [Inspected:         2602495]
         [Skipped:              0(  0.0%)]
         [Hashed:         2019647( 77.6%)]
         [Known:            34937(  1.3%)]
         [New:            2567558( 98.7%)    141.5M]
      [Deduplicated:      1974693( 76.9%)     89.5M( 63.3%)]
         [Young:           831698( 42.1%)     39.7M( 44.4%)]
         [Old:            1142995( 57.9%)     49.8M( 55.6%)]
   [Table]
      [Memory Usage: 2685.0K]
      [Size: 65536, Min: 1024, Max: 16777216]
      [Entries: 92715, Load: 141.5%, Cached: 0, Added: 627309, Removed: 534594]
      [Resize Count: 6, Shrink Threshold: 43690(66.7%), Grow Threshold: 131072(200.0%)]
      [Rehash Count: 0, Rehash Threshold: 120, Hash Seed: 0x0]
      [Age Threshold: 3]
   [Queue]
      [Dropped: 0]
[GC concurrent-string-deduplication, deleted 0 entries, 0.0000008 secs]
2021-03-08T16:42:29.988+0800: 21514.692: [GC pause (G1 Evacuation Pause) (young), 0.0898216 secs]
   [Parallel Time: 78.2 ms, GC Workers: 4]
      [GC Worker Start (ms): Min: 21514693.1, Avg: 21514695.2, Max: 21514699.2, Diff: 6.1]
      [Ext Root Scanning (ms): Min: 1.1, Avg: 16.5, Max: 43.1, Diff: 41.9, Sum: 65.9]
      [Update RS (ms): Min: 0.0, Avg: 4.0, Max: 8.1, Diff: 8.1, Sum: 16.1]
         [Processed Buffers: Min: 0, Avg: 46.0, Max: 106, Diff: 106, Sum: 184]
      [Scan RS (ms): Min: 0.0, Avg: 0.1, Max: 0.2, Diff: 0.1, Sum: 0.3]
      [Code Root Scanning (ms): Min: 0.0, Avg: 0.0, Max: 0.0, Diff: 0.0, Sum: 0.0]
      [Object Copy (ms): Min: 19.2, Avg: 43.1, Max: 61.1, Diff: 41.9, Sum: 172.2]
      [Termination (ms): Min: 0.0, Avg: 10.8, Max: 14.5, Diff: 14.5, Sum: 43.2]
         [Termination Attempts: Min: 1, Avg: 21.2, Max: 46, Diff: 45, Sum: 85]
      [GC Worker Other (ms): Min: 0.0, Avg: 0.0, Max: 0.0, Diff: 0.0, Sum: 0.1]
      [GC Worker Total (ms): Min: 70.5, Avg: 74.5, Max: 76.6, Diff: 6.2, Sum: 297.9]
      [GC Worker End (ms): Min: 21514769.6, Avg: 21514769.7, Max: 21514769.7, Diff: 0.1]
   [Code Root Fixup: 0.0 ms]
   [Code Root Purge: 0.0 ms]
   [String Dedup Fixup: 4.8 ms, GC Workers: 4]
      [Queue Fixup (ms): Min: 0.0, Avg: 0.0, Max: 0.0, Diff: 0.0, Sum: 0.0]
      [Table Fixup (ms): Min: 0.0, Avg: 2.9, Max: 4.6, Diff: 4.6, Sum: 11.6]
   [Clear CT: 0.2 ms]
   [Other: 6.5 ms]
      [Choose CSet: 0.0 ms]
      [Ref Proc: 3.7 ms]
      [Ref Enq: 0.0 ms]
      [Redirty Cards: 0.1 ms]
      [Humongous Register: 0.3 ms]
      [Humongous Reclaim: 0.1 ms]
      [Free CSet: 0.7 ms]
   [Eden: 444.0M(444.0M)->0.0B(336.0M) Survivors: 22.0M->26.0M Heap: 3191.9M(6278.0M)->2733.5M(6278.0M)]
 [Times: user=0.14 sys=0.01, real=0.09 secs] 
2021-03-08T16:42:30.079+0800: 21514.783: Total time for which application threads were stopped: 0.0947568 seconds, Stopping threads took: 0.0004322 seconds
2021-03-08T16:42:30.079+0800: 21514.783: [GC concurrent-string-deduplication, 4288.0B->2000.0B(2288.0B), avg 63.3%, 0.0000566 secs]
   [Last Exec: 0.0000566 secs, Idle: 1.0592571 secs, Blocked: 0/0.0000000 secs]
      [Inspected:              84]
         [Skipped:              0(  0.0%)]
         [Hashed:              62( 73.8%)]
         [Known:                0(  0.0%)]
         [New:                 84(100.0%)   4288.0B]
      [Deduplicated:           61( 72.6%)   2288.0B( 53.4%)]
         [Young:               61(100.0%)   2288.0B(100.0%)]
         [Old:                  0(  0.0%)      0.0B(  0.0%)]
   [Total Exec: 2598/1.6781099 secs, Idle: 2598/21506.9974392 secs, Blocked: 32/5.5883972 secs]
      [Inspected:         2602579]
         [Skipped:              0(  0.0%)]
         [Hashed:         2019709( 77.6%)]
         [Known:            34937(  1.3%)]
         [New:            2567642( 98.7%)    141.5M]
      [Deduplicated:      1974754( 76.9%)     89.5M( 63.3%)]
         [Young:           831759( 42.1%)     39.7M( 44.4%)]
         [Old:            1142995( 57.9%)     49.8M( 55.6%)]
   [Table]
      [Memory Usage: 2685.5K]
      [Size: 65536, Min: 1024, Max: 16777216]
      [Entries: 92738, Load: 141.5%, Cached: 0, Added: 627332, Removed: 534594]
      [Resize Count: 6, Shrink Threshold: 43690(66.7%), Grow Threshold: 131072(200.0%)]
      [Rehash Count: 0, Rehash Threshold: 120, Hash Seed: 0x0]
      [Age Threshold: 3]
   [Queue]
      [Dropped: 0]
[GC concurrent-string-deduplication, deleted 0 entries, 0.0000007 secs]
2021-03-08T16:42:30.685+0800: 21515.389: [GC pause (G1 Evacuation Pause) (young), 0.0644157 secs]
   [Parallel Time: 56.3 ms, GC Workers: 4]
      [GC Worker Start (ms): Min: 21515389.5, Avg: 21515396.0, Max: 21515408.2, Diff: 18.7]
      [Ext Root Scanning (ms): Min: 0.1, Avg: 2.9, Max: 5.8, Diff: 5.6, Sum: 11.7]
      [Update RS (ms): Min: 0.0, Avg: 9.6, Max: 25.6, Diff: 25.6, Sum: 38.4]
         [Processed Buffers: Min: 0, Avg: 13.0, Max: 42, Diff: 42, Sum: 52]
      [Scan RS (ms): Min: 0.0, Avg: 0.1, Max: 0.2, Diff: 0.2, Sum: 0.3]
      [Code Root Scanning (ms): Min: 0.0, Avg: 0.0, Max: 0.0, Diff: 0.0, Sum: 0.0]
      [Object Copy (ms): Min: 22.2, Avg: 35.5, Max: 45.2, Diff: 23.0, Sum: 141.9]
      [Termination (ms): Min: 0.0, Avg: 1.4, Max: 2.4, Diff: 2.4, Sum: 5.7]
         [Termination Attempts: Min: 1, Avg: 2.2, Max: 4, Diff: 3, Sum: 9]
      [GC Worker Other (ms): Min: 0.0, Avg: 0.0, Max: 0.0, Diff: 0.0, Sum: 0.1]
      [GC Worker Total (ms): Min: 37.3, Avg: 49.5, Max: 56.0, Diff: 18.7, Sum: 198.1]
      [GC Worker End (ms): Min: 21515445.5, Avg: 21515445.5, Max: 21515445.5, Diff: 0.0]
   [Code Root Fixup: 0.0 ms]
   [Code Root Purge: 0.0 ms]
   [String Dedup Fixup: 5.2 ms, GC Workers: 4]
      [Queue Fixup (ms): Min: 0.0, Avg: 0.0, Max: 0.0, Diff: 0.0, Sum: 0.0]
      [Table Fixup (ms): Min: 0.0, Avg: 3.4, Max: 5.2, Diff: 5.2, Sum: 13.6]
   [Clear CT: 0.2 ms]
   [Other: 2.7 ms]
      [Choose CSet: 0.0 ms]
      [Ref Proc: 0.3 ms]
      [Ref Enq: 0.0 ms]
      [Redirty Cards: 0.1 ms]
      [Humongous Register: 0.3 ms]
      [Humongous Reclaim: 0.1 ms]
      [Free CSet: 0.7 ms]
   [Eden: 336.0M(336.0M)->0.0B(654.0M) Survivors: 26.0M->20.0M Heap: 3069.5M(6278.0M)->2732.1M(6278.0M)]
 [Times: user=0.10 sys=0.01, real=0.06 secs] 
2021-03-08T16:42:30.750+0800: 21515.454: Total time for which application threads were stopped: 0.0698322 seconds, Stopping threads took: 0.0004483 seconds
2021-03-08T16:42:30.750+0800: 21515.455: [GC concurrent-string-deduplication, 6504.0B->3080.0B(3424.0B), avg 63.3%, 0.0001188 secs]
   [Last Exec: 0.0001188 secs, Idle: 0.6713765 secs, Blocked: 0/0.0000000 secs]
      [Inspected:             118]
         [Skipped:              0(  0.0%)]
         [Hashed:              83( 70.3%)]
         [Known:                0(  0.0%)]
         [New:                118(100.0%)   6504.0B]
      [Deduplicated:           83( 70.3%)   3424.0B( 52.6%)]
         [Young:               83(100.0%)   3424.0B(100.0%)]
         [Old:                  0(  0.0%)      0.0B(  0.0%)]
   [Total Exec: 2599/1.6782287 secs, Idle: 2599/21507.6688156 secs, Blocked: 32/5.5883972 secs]
      [Inspected:         2602697]
         [Skipped:              0(  0.0%)]
         [Hashed:         2019792( 77.6%)]
         [Known:            34937(  1.3%)]
         [New:            2567760( 98.7%)    141.5M]
      [Deduplicated:      1974837( 76.9%)     89.5M( 63.3%)]
         [Young:           831842( 42.1%)     39.7M( 44.4%)]
         [Old:            1142995( 57.9%)     49.8M( 55.6%)]
   [Table]
      [Memory Usage: 2686.3K]
      [Size: 65536, Min: 1024, Max: 16777216]
      [Entries: 92772, Load: 141.6%, Cached: 0, Added: 627367, Removed: 534595]
      [Resize Count: 6, Shrink Threshold: 43690(66.7%), Grow Threshold: 131072(200.0%)]
      [Rehash Count: 0, Rehash Threshold: 120, Hash Seed: 0x0]
      [Age Threshold: 3]
   [Queue]
      [Dropped: 0]
[GC concurrent-string-deduplication, deleted 0 entries, 0.0000007 secs]
2021-03-08T16:42:32.481+0800: 21517.186: [GC pause (G1 Evacuation Pause) (young), 0.0716362 secs]
   [Parallel Time: 60.6 ms, GC Workers: 4]
      [GC Worker Start (ms): Min: 21517188.6, Avg: 21517189.3, Max: 21517189.8, Diff: 1.2]
      [Ext Root Scanning (ms): Min: 10.3, Avg: 10.8, Max: 11.8, Diff: 1.6, Sum: 43.2]
      [Update RS (ms): Min: 0.0, Avg: 5.6, Max: 7.9, Diff: 7.9, Sum: 22.3]
         [Processed Buffers: Min: 0, Avg: 47.2, Max: 70, Diff: 70, Sum: 189]
      [Scan RS (ms): Min: 0.0, Avg: 0.2, Max: 0.3, Diff: 0.3, Sum: 0.6]
      [Code Root Scanning (ms): Min: 0.0, Avg: 0.0, Max: 0.0, Diff: 0.0, Sum: 0.0]
      [Object Copy (ms): Min: 33.4, Avg: 37.9, Max: 49.3, Diff: 15.9, Sum: 151.5]
      [Termination (ms): Min: 0.0, Avg: 5.4, Max: 7.5, Diff: 7.5, Sum: 21.4]
         [Termination Attempts: Min: 22, Avg: 38.2, Max: 60, Diff: 38, Sum: 153]
      [GC Worker Other (ms): Min: 0.0, Avg: 0.0, Max: 0.0, Diff: 0.0, Sum: 0.1]
      [GC Worker Total (ms): Min: 59.3, Avg: 59.8, Max: 60.5, Diff: 1.2, Sum: 239.3]
      [GC Worker End (ms): Min: 21517249.1, Avg: 21517249.1, Max: 21517249.1, Diff: 0.0]
   [Code Root Fixup: 0.0 ms]
   [Code Root Purge: 0.0 ms]
   [String Dedup Fixup: 4.7 ms, GC Workers: 4]
      [Queue Fixup (ms): Min: 0.0, Avg: 0.0, Max: 0.0, Diff: 0.0, Sum: 0.0]
      [Table Fixup (ms): Min: 0.0, Avg: 3.4, Max: 4.6, Diff: 4.6, Sum: 13.6]
   [Clear CT: 0.2 ms]
   [Other: 6.1 ms]
      [Choose CSet: 0.0 ms]
      [Ref Proc: 0.7 ms]
      [Ref Enq: 0.0 ms]
      [Redirty Cards: 0.1 ms]
      [Humongous Register: 2.4 ms]
      [Humongous Reclaim: 0.2 ms]
      [Free CSet: 1.4 ms]
   [Eden: 654.0M(654.0M)->0.0B(502.0M) Survivors: 20.0M->28.0M Heap: 3404.7M(6278.0M)->2739.0M(6278.0M)]
 [Times: user=0.16 sys=0.03, real=0.07 secs] 
2021-03-08T16:42:32.554+0800: 21517.258: Total time for which application threads were stopped: 0.0813323 seconds, Stopping threads took: 0.0020389 seconds
2021-03-08T16:42:32.554+0800: 21517.258: [GC concurrent-string-deduplication, 9144.0B->4664.0B(4480.0B), avg 63.3%, 0.0001091 secs]
   [Last Exec: 0.0001091 secs, Idle: 1.8034569 secs, Blocked: 0/0.0000000 secs]
      [Inspected:             165]
         [Skipped:              0(  0.0%)]
         [Hashed:             112( 67.9%)]
         [Known:                0(  0.0%)]
         [New:                165(100.0%)   9144.0B]
      [Deduplicated:          112( 67.9%)   4480.0B( 49.0%)]
         [Young:              112(100.0%)   4480.0B(100.0%)]
         [Old:                  0(  0.0%)      0.0B(  0.0%)]
   [Total Exec: 2600/1.6783378 secs, Idle: 2600/21509.4722725 secs, Blocked: 32/5.5883972 secs]
      [Inspected:         2602862]
         [Skipped:              0(  0.0%)]
         [Hashed:         2019904( 77.6%)]
         [Known:            34937(  1.3%)]
         [New:            2567925( 98.7%)    141.6M]
      [Deduplicated:      1974949( 76.9%)     89.5M( 63.3%)]
         [Young:           831954( 42.1%)     39.7M( 44.4%)]
         [Old:            1142995( 57.9%)     49.8M( 55.6%)]
   [Table]
      [Memory Usage: 2687.6K]
      [Size: 65536, Min: 1024, Max: 16777216]
      [Entries: 92825, Load: 141.6%, Cached: 0, Added: 627420, Removed: 534595]
      [Resize Count: 6, Shrink Threshold: 43690(66.7%), Grow Threshold: 131072(200.0%)]
      [Rehash Count: 0, Rehash Threshold: 120, Hash Seed: 0x0]
      [Age Threshold: 3]
   [Queue]
      [Dropped: 0]
[GC concurrent-string-deduplication, deleted 0 entries, 0.0000009 secs]
2021-03-08T16:42:33.557+0800: 21518.261: [GC pause (G1 Evacuation Pause) (young), 0.0690564 secs]
   [Parallel Time: 46.3 ms, GC Workers: 4]
      [GC Worker Start (ms): Min: 21518261.5, Avg: 21518265.0, Max: 21518272.5, Diff: 11.0]
      [Ext Root Scanning (ms): Min: 0.2, Avg: 8.7, Max: 21.2, Diff: 21.0, Sum: 34.6]
      [Update RS (ms): Min: 0.0, Avg: 0.7, Max: 1.5, Diff: 1.5, Sum: 3.0]
         [Processed Buffers: Min: 0, Avg: 12.8, Max: 43, Diff: 43, Sum: 51]
      [Scan RS (ms): Min: 0.0, Avg: 0.1, Max: 0.2, Diff: 0.1, Sum: 0.4]
      [Code Root Scanning (ms): Min: 0.0, Avg: 0.0, Max: 0.0, Diff: 0.0, Sum: 0.0]
      [Object Copy (ms): Min: 24.9, Avg: 33.2, Max: 36.4, Diff: 11.5, Sum: 132.6]
      [Termination (ms): Min: 0.0, Avg: 0.1, Max: 0.2, Diff: 0.2, Sum: 0.5]
         [Termination Attempts: Min: 1, Avg: 27.0, Max: 37, Diff: 36, Sum: 108]
      [GC Worker Other (ms): Min: 0.0, Avg: 0.0, Max: 0.0, Diff: 0.0, Sum: 0.1]
      [GC Worker Total (ms): Min: 35.2, Avg: 42.8, Max: 46.3, Diff: 11.0, Sum: 171.1]
      [GC Worker End (ms): Min: 21518307.8, Avg: 21518307.8, Max: 21518307.8, Diff: 0.0]
   [Code Root Fixup: 0.0 ms]
   [Code Root Purge: 0.0 ms]
   [String Dedup Fixup: 19.6 ms, GC Workers: 4]
      [Queue Fixup (ms): Min: 0.0, Avg: 0.0, Max: 0.0, Diff: 0.0, Sum: 0.0]
      [Table Fixup (ms): Min: 3.7, Avg: 8.4, Max: 19.5, Diff: 15.8, Sum: 33.6]
   [Clear CT: 0.3 ms]
   [Other: 2.9 ms]
      [Choose CSet: 0.0 ms]
      [Ref Proc: 0.2 ms]
      [Ref Enq: 0.0 ms]
      [Redirty Cards: 0.1 ms]
      [Humongous Register: 0.3 ms]
      [Humongous Reclaim: 0.1 ms]
      [Free CSet: 0.8 ms]
   [Eden: 502.0M(502.0M)->0.0B(1058.0M) Survivors: 28.0M->28.0M Heap: 3241.0M(6278.0M)->2739.9M(6278.0M)]
 [Times: user=0.12 sys=0.00, real=0.07 secs] 
2021-03-08T16:42:33.626+0800: 21518.331: Total time for which application threads were stopped: 0.0745547 seconds, Stopping threads took: 0.0007181 seconds
2021-03-08T16:42:33.626+0800: 21518.331: [GC concurrent-string-deduplication, 6536.0B->5368.0B(1168.0B), avg 63.3%, 0.0000805 secs]
   [Last Exec: 0.0000805 secs, Idle: 1.0723473 secs, Blocked: 0/0.0000000 secs]
      [Inspected:              91]
         [Skipped:              0(  0.0%)]
         [Hashed:              30( 33.0%)]
         [Known:                0(  0.0%)]
         [New:                 91(100.0%)   6536.0B]
      [Deduplicated:           30( 33.0%)   1168.0B( 17.9%)]
         [Young:               30(100.0%)   1168.0B(100.0%)]
         [Old:                  0(  0.0%)      0.0B(  0.0%)]
   [Total Exec: 2601/1.6784183 secs, Idle: 2601/21510.5446198 secs, Blocked: 32/5.5883972 secs]
      [Inspected:         2602953]
         [Skipped:              0(  0.0%)]
         [Hashed:         2019934( 77.6%)]
         [Known:            34937(  1.3%)]
         [New:            2568016( 98.7%)    141.6M]
      [Deduplicated:      1974979( 76.9%)     89.5M( 63.3%)]
         [Young:           831984( 42.1%)     39.7M( 44.4%)]
         [Old:            1142995( 57.9%)     49.8M( 55.6%)]
   [Table]
      [Memory Usage: 2689.0K]
      [Size: 65536, Min: 1024, Max: 16777216]
      [Entries: 92886, Load: 141.7%, Cached: 0, Added: 627481, Removed: 534595]
      [Resize Count: 6, Shrink Threshold: 43690(66.7%), Grow Threshold: 131072(200.0%)]
      [Rehash Count: 0, Rehash Threshold: 120, Hash Seed: 0x0]
      [Age Threshold: 3]
   [Queue]
      [Dropped: 0]
[GC concurrent-string-deduplication, deleted 0 entries, 0.0000008 secs]
2021-03-08T16:42:36.543+0800: 21521.247: [GC pause (G1 Evacuation Pause) (young), 0.0587601 secs]
   [Parallel Time: 49.1 ms, GC Workers: 4]
      [GC Worker Start (ms): Min: 21521249.1, Avg: 21521249.2, Max: 21521249.4, Diff: 0.4]
      [Ext Root Scanning (ms): Min: 6.2, Avg: 6.4, Max: 6.6, Diff: 0.4, Sum: 25.7]
      [Update RS (ms): Min: 6.1, Avg: 6.3, Max: 6.4, Diff: 0.2, Sum: 25.2]
         [Processed Buffers: Min: 53, Avg: 59.8, Max: 66, Diff: 13, Sum: 239]
      [Scan RS (ms): Min: 0.2, Avg: 0.2, Max: 0.2, Diff: 0.0, Sum: 0.9]
      [Code Root Scanning (ms): Min: 0.0, Avg: 0.0, Max: 0.0, Diff: 0.0, Sum: 0.0]
      [Object Copy (ms): Min: 35.6, Avg: 35.8, Max: 36.1, Diff: 0.4, Sum: 143.3]
      [Termination (ms): Min: 0.0, Avg: 0.0, Max: 0.1, Diff: 0.1, Sum: 0.1]
         [Termination Attempts: Min: 6, Avg: 11.8, Max: 17, Diff: 11, Sum: 47]
      [GC Worker Other (ms): Min: 0.0, Avg: 0.0, Max: 0.1, Diff: 0.0, Sum: 0.2]
      [GC Worker Total (ms): Min: 48.6, Avg: 48.9, Max: 49.0, Diff: 0.4, Sum: 195.4]
      [GC Worker End (ms): Min: 21521298.0, Avg: 21521298.0, Max: 21521298.0, Diff: 0.0]
   [Code Root Fixup: 0.0 ms]
   [Code Root Purge: 0.0 ms]
   [String Dedup Fixup: 3.5 ms, GC Workers: 4]
      [Queue Fixup (ms): Min: 0.0, Avg: 0.0, Max: 0.0, Diff: 0.0, Sum: 0.0]
      [Table Fixup (ms): Min: 3.3, Avg: 3.4, Max: 3.4, Diff: 0.1, Sum: 13.4]
   [Clear CT: 0.9 ms]
   [Other: 5.4 ms]
      [Choose CSet: 0.0 ms]
      [Ref Proc: 0.2 ms]
      [Ref Enq: 0.0 ms]
      [Redirty Cards: 0.0 ms]
      [Humongous Register: 1.8 ms]
      [Humongous Reclaim: 0.2 ms]
      [Free CSet: 1.9 ms]
   [Eden: 1058.0M(1058.0M)->0.0B(976.0M) Survivors: 28.0M->36.0M Heap: 3821.8M(6278.0M)->2747.5M(6278.0M)]
 [Times: user=0.17 sys=0.02, real=0.06 secs] 
2021-03-08T16:42:36.602+0800: 21521.306: Total time for which application threads were stopped: 0.0684872 seconds, Stopping threads took: 0.0021785 seconds
2021-03-08T16:42:36.602+0800: 21521.307: [GC concurrent-string-deduplication, 18.5K->11.0K(7640.0B), avg 63.3%, 0.0002148 secs]
   [Last Exec: 0.0002148 secs, Idle: 2.9755667 secs, Blocked: 0/0.0000000 secs]
      [Inspected:             322]
         [Skipped:              0(  0.0%)]
         [Hashed:             194( 60.2%)]
         [Known:                0(  0.0%)]
         [New:                322(100.0%)     18.5K]
      [Deduplicated:          194( 60.2%)   7640.0B( 40.4%)]
         [Young:              194(100.0%)   7640.0B(100.0%)]
         [Old:                  0(  0.0%)      0.0B(  0.0%)]
   [Total Exec: 2602/1.6786331 secs, Idle: 2602/21513.5201865 secs, Blocked: 32/5.5883972 secs]
      [Inspected:         2603275]
         [Skipped:              0(  0.0%)]
         [Hashed:         2020128( 77.6%)]
         [Known:            34937(  1.3%)]
         [New:            2568338( 98.7%)    141.6M]
      [Deduplicated:      1975173( 76.9%)     89.5M( 63.3%)]
         [Young:           832178( 42.1%)     39.7M( 44.4%)]
         [Old:            1142995( 57.9%)     49.8M( 55.6%)]
   [Table]
      [Memory Usage: 2692.0K]
      [Size: 65536, Min: 1024, Max: 16777216]
      [Entries: 93014, Load: 141.9%, Cached: 0, Added: 627609, Removed: 534595]
      [Resize Count: 6, Shrink Threshold: 43690(66.7%), Grow Threshold: 131072(200.0%)]
      [Rehash Count: 0, Rehash Threshold: 120, Hash Seed: 0x0]
      [Age Threshold: 3]
   [Queue]
      [Dropped: 0]
[GC concurrent-string-deduplication, deleted 0 entries, 0.0000009 secs]
2021-03-08T16:42:38.615+0800: 21523.319: [GC pause (G1 Evacuation Pause) (young), 0.1105602 secs]
   [Parallel Time: 98.7 ms, GC Workers: 4]
      [GC Worker Start (ms): Min: 21523319.6, Avg: 21523320.0, Max: 21523320.5, Diff: 1.0]
      [Ext Root Scanning (ms): Min: 7.6, Avg: 11.3, Max: 19.9, Diff: 12.3, Sum: 45.2]
      [Update RS (ms): Min: 0.0, Avg: 8.0, Max: 23.0, Diff: 23.0, Sum: 32.1]
         [Processed Buffers: Min: 0, Avg: 31.2, Max: 65, Diff: 65, Sum: 125]
      [Scan RS (ms): Min: 0.1, Avg: 0.2, Max: 0.3, Diff: 0.2, Sum: 0.8]
      [Code Root Scanning (ms): Min: 0.0, Avg: 0.0, Max: 0.0, Diff: 0.0, Sum: 0.0]
      [Object Copy (ms): Min: 58.7, Avg: 70.6, Max: 77.4, Diff: 18.7, Sum: 282.5]
      [Termination (ms): Min: 0.1, Avg: 0.8, Max: 1.1, Diff: 1.0, Sum: 3.1]
         [Termination Attempts: Min: 34, Avg: 60.5, Max: 84, Diff: 50, Sum: 242]
      [GC Worker Other (ms): Min: 0.0, Avg: 0.0, Max: 0.0, Diff: 0.0, Sum: 0.1]
      [GC Worker Total (ms): Min: 90.4, Avg: 90.9, Max: 91.4, Diff: 1.0, Sum: 363.7]
      [GC Worker End (ms): Min: 21523410.9, Avg: 21523410.9, Max: 21523410.9, Diff: 0.0]
   [Code Root Fixup: 0.0 ms]
   [Code Root Purge: 0.0 ms]
   [String Dedup Fixup: 4.6 ms, GC Workers: 4]
      [Queue Fixup (ms): Min: 0.0, Avg: 0.0, Max: 0.0, Diff: 0.0, Sum: 0.0]
      [Table Fixup (ms): Min: 0.0, Avg: 2.7, Max: 4.6, Diff: 4.6, Sum: 10.8]
   [Clear CT: 2.0 ms]
   [Other: 5.3 ms]
      [Choose CSet: 0.0 ms]
      [Ref Proc: 2.2 ms]
      [Ref Enq: 0.0 ms]
      [Redirty Cards: 0.0 ms]
      [Humongous Register: 0.3 ms]
      [Humongous Reclaim: 0.2 ms]
      [Free CSet: 1.1 ms]
   [Eden: 976.0M(976.0M)->0.0B(1208.0M) Survivors: 36.0M->44.0M Heap: 3732.9M(6278.0M)->2755.4M(6278.0M)]
 [Times: user=0.18 sys=0.03, real=0.11 secs] 
2021-03-08T16:42:38.726+0800: 21523.430: Total time for which application threads were stopped: 0.1155099 seconds, Stopping threads took: 0.0004403 seconds
2021-03-08T16:42:38.726+0800: 21523.430: [GC concurrent-string-deduplication, 10200.0B->5104.0B(5096.0B), avg 63.3%, 0.0001208 secs]
   [Last Exec: 0.0001208 secs, Idle: 2.1236574 secs, Blocked: 0/0.0000000 secs]
      [Inspected:             189]
         [Skipped:              0(  0.0%)]
         [Hashed:             131( 69.3%)]
         [Known:                0(  0.0%)]
         [New:                189(100.0%)  10200.0B]
      [Deduplicated:          131( 69.3%)   5096.0B( 50.0%)]
         [Young:              131(100.0%)   5096.0B(100.0%)]
         [Old:                  0(  0.0%)      0.0B(  0.0%)]
   [Total Exec: 2603/1.6787539 secs, Idle: 2603/21515.6438439 secs, Blocked: 32/5.5883972 secs]
      [Inspected:         2603464]
         [Skipped:              0(  0.0%)]
         [Hashed:         2020259( 77.6%)]
         [Known:            34937(  1.3%)]
         [New:            2568527( 98.7%)    141.6M]
      [Deduplicated:      1975304( 76.9%)     89.6M( 63.3%)]
         [Young:           832309( 42.1%)     39.7M( 44.4%)]
         [Old:            1142995( 57.9%)     49.8M( 55.6%)]
   [Table]
      [Memory Usage: 2693.4K]
      [Size: 65536, Min: 1024, Max: 16777216]
      [Entries: 93072, Load: 142.0%, Cached: 0, Added: 627667, Removed: 534595]
      [Resize Count: 6, Shrink Threshold: 43690(66.7%), Grow Threshold: 131072(200.0%)]
      [Rehash Count: 0, Rehash Threshold: 120, Hash Seed: 0x0]
      [Age Threshold: 3]
   [Queue]
      [Dropped: 0]
[GC concurrent-string-deduplication, deleted 0 entries, 0.0000007 secs]
2021-03-08T16:42:42.576+0800: 21527.281: [GC pause (G1 Evacuation Pause) (young), 0.1046147 secs]
   [Parallel Time: 91.2 ms, GC Workers: 4]
      [GC Worker Start (ms): Min: 21527282.7, Avg: 21527295.0, Max: 21527302.3, Diff: 19.6]
      [Ext Root Scanning (ms): Min: 4.5, Avg: 17.7, Max: 33.0, Diff: 28.5, Sum: 70.8]
      [Update RS (ms): Min: 9.6, Avg: 12.9, Max: 18.5, Diff: 9.0, Sum: 51.6]
         [Processed Buffers: Min: 57, Avg: 86.8, Max: 115, Diff: 58, Sum: 347]
      [Scan RS (ms): Min: 0.0, Avg: 0.3, Max: 0.3, Diff: 0.3, Sum: 1.0]
      [Code Root Scanning (ms): Min: 0.0, Avg: 0.0, Max: 0.0, Diff: 0.0, Sum: 0.0]
      [Object Copy (ms): Min: 47.6, Avg: 47.9, Max: 48.2, Diff: 0.6, Sum: 191.5]
      [Termination (ms): Min: 0.0, Avg: 0.0, Max: 0.0, Diff: 0.0, Sum: 0.0]
         [Termination Attempts: Min: 11, Avg: 18.5, Max: 25, Diff: 14, Sum: 74]
      [GC Worker Other (ms): Min: 0.0, Avg: 0.1, Max: 0.1, Diff: 0.0, Sum: 0.2]
      [GC Worker Total (ms): Min: 71.5, Avg: 78.8, Max: 91.1, Diff: 19.6, Sum: 315.1]
      [GC Worker End (ms): Min: 21527373.8, Avg: 21527373.8, Max: 21527373.8, Diff: 0.0]
   [Code Root Fixup: 0.0 ms]
   [Code Root Purge: 0.0 ms]
   [String Dedup Fixup: 3.6 ms, GC Workers: 4]
      [Queue Fixup (ms): Min: 0.0, Avg: 0.0, Max: 0.0, Diff: 0.0, Sum: 0.0]
      [Table Fixup (ms): Min: 3.5, Avg: 3.5, Max: 3.6, Diff: 0.1, Sum: 14.0]
   [Clear CT: 0.2 ms]
   [Other: 9.5 ms]
      [Choose CSet: 0.0 ms]
      [Ref Proc: 0.1 ms]
      [Ref Enq: 0.0 ms]
      [Redirty Cards: 0.3 ms]
      [Humongous Register: 1.7 ms]
      [Humongous Reclaim: 0.3 ms]
      [Free CSet: 5.8 ms]
   [Eden: 1208.0M(1208.0M)->0.0B(436.0M) Survivors: 44.0M->48.0M Heap: 4000.8M(6278.0M)->2759.6M(6278.0M)]
 [Times: user=0.23 sys=0.03, real=0.10 secs] 
2021-03-08T16:42:42.682+0800: 21527.386: Total time for which application threads were stopped: 0.1141317 seconds, Stopping threads took: 0.0022143 seconds
2021-03-08T16:42:42.682+0800: 21527.386: [GC concurrent-string-deduplication, 24.7K->13.1K(11.6K), avg 63.2%, 0.0002754 secs]
   [Last Exec: 0.0002754 secs, Idle: 3.9554866 secs, Blocked: 0/0.0000000 secs]
      [Inspected:             448]
         [Skipped:              0(  0.0%)]
         [Hashed:             295( 65.8%)]
         [Known:                0(  0.0%)]
         [New:                448(100.0%)     24.7K]
      [Deduplicated:          295( 65.8%)     11.6K( 46.9%)]
         [Young:              295(100.0%)     11.6K(100.0%)]
         [Old:                  0(  0.0%)      0.0B(  0.0%)]
   [Total Exec: 2604/1.6790293 secs, Idle: 2604/21519.5993304 secs, Blocked: 32/5.5883972 secs]
      [Inspected:         2603912]
         [Skipped:              0(  0.0%)]
         [Hashed:         2020554( 77.6%)]
         [Known:            34937(  1.3%)]
         [New:            2568975( 98.7%)    141.6M]
      [Deduplicated:      1975599( 76.9%)     89.6M( 63.2%)]
         [Young:           832604( 42.1%)     39.7M( 44.4%)]
         [Old:            1142995( 57.9%)     49.8M( 55.6%)]
   [Table]
      [Memory Usage: 2697.0K]
      [Size: 65536, Min: 1024, Max: 16777216]
      [Entries: 93225, Load: 142.3%, Cached: 0, Added: 627820, Removed: 534595]
      [Resize Count: 6, Shrink Threshold: 43690(66.7%), Grow Threshold: 131072(200.0%)]
      [Rehash Count: 0, Rehash Threshold: 120, Hash Seed: 0x0]
      [Age Threshold: 3]
   [Queue]
      [Dropped: 0]
[GC concurrent-string-deduplication, deleted 0 entries, 0.0000011 secs]
2021-03-08T16:42:44.042+0800: 21528.746: [GC pause (G1 Evacuation Pause) (young), 0.1151475 secs]
   [Parallel Time: 84.2 ms, GC Workers: 4]
      [GC Worker Start (ms): Min: 21528747.7, Avg: 21528747.7, Max: 21528747.7, Diff: 0.1]
      [Ext Root Scanning (ms): Min: 0.0, Avg: 2.6, Max: 10.2, Diff: 10.2, Sum: 10.4]
      [Update RS (ms): Min: 4.7, Avg: 8.3, Max: 17.8, Diff: 13.1, Sum: 33.2]
         [Processed Buffers: Min: 1, Avg: 27.8, Max: 70, Diff: 69, Sum: 111]
      [Scan RS (ms): Min: 0.0, Avg: 0.1, Max: 0.2, Diff: 0.1, Sum: 0.4]
      [Code Root Scanning (ms): Min: 0.0, Avg: 0.0, Max: 0.0, Diff: 0.0, Sum: 0.0]
      [Object Copy (ms): Min: 49.9, Avg: 60.2, Max: 66.2, Diff: 16.3, Sum: 240.8]
      [Termination (ms): Min: 0.0, Avg: 2.4, Max: 3.2, Diff: 3.2, Sum: 9.5]
         [Termination Attempts: Min: 1, Avg: 4.8, Max: 9, Diff: 8, Sum: 19]
      [GC Worker Other (ms): Min: 0.2, Avg: 9.0, Max: 12.1, Diff: 11.9, Sum: 35.8]
      [GC Worker Total (ms): Min: 82.5, Avg: 82.5, Max: 82.6, Diff: 0.1, Sum: 330.2]
      [GC Worker End (ms): Min: 21528830.3, Avg: 21528830.3, Max: 21528830.3, Diff: 0.0]
   [Code Root Fixup: 0.0 ms]
   [Code Root Purge: 0.0 ms]
   [String Dedup Fixup: 8.9 ms, GC Workers: 4]
      [Queue Fixup (ms): Min: 0.0, Avg: 0.0, Max: 0.0, Diff: 0.0, Sum: 0.0]
      [Table Fixup (ms): Min: 0.0, Avg: 2.2, Max: 4.4, Diff: 4.4, Sum: 8.7]
   [Clear CT: 7.4 ms]
   [Other: 14.6 ms]
      [Choose CSet: 0.0 ms]
      [Ref Proc: 4.3 ms]
      [Ref Enq: 0.0 ms]
      [Redirty Cards: 7.9 ms]
      [Humongous Register: 0.2 ms]
      [Humongous Reclaim: 0.1 ms]
      [Free CSet: 0.8 ms]
   [Eden: 436.0M(436.0M)->0.0B(1962.0M) Survivors: 48.0M->34.0M Heap: 3205.2M(6278.0M)->2762.0M(6278.0M)]
 [Times: user=0.21 sys=0.01, real=0.12 secs] 
2021-03-08T16:42:44.158+0800: 21528.862: Total time for which application threads were stopped: 0.1198086 seconds, Stopping threads took: 0.0003781 seconds
2021-03-08T16:42:44.158+0800: 21528.862: [GC concurrent-string-deduplication, 24.6K->15.0K(9808.0B), avg 63.2%, 0.0002819 secs]
   [Last Exec: 0.0002819 secs, Idle: 1.4758066 secs, Blocked: 0/0.0000000 secs]
      [Inspected:             429]
         [Skipped:              0(  0.0%)]
         [Hashed:             254( 59.2%)]
         [Known:                0(  0.0%)]
         [New:                429(100.0%)     24.6K]
      [Deduplicated:          254( 59.2%)   9808.0B( 38.9%)]
         [Young:              254(100.0%)   9808.0B(100.0%)]
         [Old:                  0(  0.0%)      0.0B(  0.0%)]
   [Total Exec: 2605/1.6793112 secs, Idle: 2605/21521.0751371 secs, Blocked: 32/5.5883972 secs]
      [Inspected:         2604341]
         [Skipped:              0(  0.0%)]
         [Hashed:         2020808( 77.6%)]
         [Known:            34937(  1.3%)]
         [New:            2569404( 98.7%)    141.6M]
      [Deduplicated:      1975853( 76.9%)     89.6M( 63.2%)]
         [Young:           832858( 42.2%)     39.8M( 44.4%)]
         [Old:            1142995( 57.8%)     49.8M( 55.6%)]
   [Table]
      [Memory Usage: 2701.1K]
      [Size: 65536, Min: 1024, Max: 16777216]
      [Entries: 93400, Load: 142.5%, Cached: 0, Added: 627995, Removed: 534595]
      [Resize Count: 6, Shrink Threshold: 43690(66.7%), Grow Threshold: 131072(200.0%)]
      [Rehash Count: 0, Rehash Threshold: 120, Hash Seed: 0x0]
      [Age Threshold: 3]
   [Queue]
      [Dropped: 0]
[GC concurrent-string-deduplication, deleted 0 entries, 0.0000009 secs]
2021-03-08T16:42:51.283+0800: 21535.987: [GC pause (G1 Evacuation Pause) (young), 0.1535756 secs]
   [Parallel Time: 114.8 ms, GC Workers: 4]
      [GC Worker Start (ms): Min: 21535989.2, Avg: 21535992.3, Max: 21535994.4, Diff: 5.2]
      [Ext Root Scanning (ms): Min: 11.3, Avg: 20.2, Max: 31.2, Diff: 19.9, Sum: 80.9]
      [Update RS (ms): Min: 1.5, Avg: 17.1, Max: 30.6, Diff: 29.2, Sum: 68.3]
         [Processed Buffers: Min: 26, Avg: 64.2, Max: 92, Diff: 66, Sum: 257]
      [Scan RS (ms): Min: 0.2, Avg: 0.5, Max: 0.6, Diff: 0.4, Sum: 1.8]
      [Code Root Scanning (ms): Min: 0.0, Avg: 0.0, Max: 0.0, Diff: 0.0, Sum: 0.1]
      [Object Copy (ms): Min: 54.2, Avg: 60.6, Max: 63.0, Diff: 8.8, Sum: 242.5]
      [Termination (ms): Min: 0.0, Avg: 0.1, Max: 0.2, Diff: 0.2, Sum: 0.5]
         [Termination Attempts: Min: 3, Avg: 9.2, Max: 16, Diff: 13, Sum: 37]
      [GC Worker Other (ms): Min: 0.0, Avg: 6.3, Max: 12.5, Diff: 12.5, Sum: 25.1]
      [GC Worker Total (ms): Min: 96.5, Avg: 104.8, Max: 112.1, Diff: 15.6, Sum: 419.1]
      [GC Worker End (ms): Min: 21536090.9, Avg: 21536097.1, Max: 21536103.4, Diff: 12.5]
   [Code Root Fixup: 0.0 ms]
   [Code Root Purge: 0.0 ms]
   [String Dedup Fixup: 11.3 ms, GC Workers: 4]
      [Queue Fixup (ms): Min: 0.0, Avg: 0.0, Max: 0.0, Diff: 0.0, Sum: 0.0]
      [Table Fixup (ms): Min: 5.0, Avg: 6.9, Max: 11.2, Diff: 6.2, Sum: 27.5]
   [Clear CT: 12.2 ms]
   [Other: 15.3 ms]
      [Choose CSet: 0.0 ms]
      [Ref Proc: 4.5 ms]
      [Ref Enq: 0.0 ms]
      [Redirty Cards: 3.8 ms]
      [Humongous Register: 1.4 ms]
      [Humongous Reclaim: 0.2 ms]
      [Free CSet: 3.8 ms]
   [Eden: 1962.0M(1962.0M)->0.0B(1370.0M) Survivors: 34.0M->40.0M Heap: 4745.6M(6278.0M)->2768.2M(6278.0M)]
 [Times: user=0.21 sys=0.02, real=0.16 secs] 
2021-03-08T16:42:51.437+0800: 21536.141: Total time for which application threads were stopped: 0.1638939 seconds, Stopping threads took: 0.0022194 seconds
2021-03-08T16:42:51.438+0800: 21536.142: [GC concurrent-string-deduplication, 27.7K->13.2K(14.5K), avg 63.2%, 0.0003332 secs]
   [Last Exec: 0.0003332 secs, Idle: 7.2791753 secs, Blocked: 0/0.0000000 secs]
      [Inspected:             523]
         [Skipped:              0(  0.0%)]
         [Hashed:             370( 70.7%)]
         [Known:                0(  0.0%)]
         [New:                523(100.0%)     27.7K]
      [Deduplicated:          368( 70.4%)     14.5K( 52.3%)]
         [Young:              368(100.0%)     14.5K(100.0%)]
         [Old:                  0(  0.0%)      0.0B(  0.0%)]
   [Total Exec: 2606/1.6796444 secs, Idle: 2606/21528.3543124 secs, Blocked: 32/5.5883972 secs]
      [Inspected:         2604864]
         [Skipped:              0(  0.0%)]
         [Hashed:         2021178( 77.6%)]
         [Known:            34937(  1.3%)]
         [New:            2569927( 98.7%)    141.7M]
      [Deduplicated:      1976221( 76.9%)     89.6M( 63.2%)]
         [Young:           833226( 42.2%)     39.8M( 44.4%)]
         [Old:            1142995( 57.8%)     49.8M( 55.6%)]
   [Table]
      [Memory Usage: 2704.7K]
      [Size: 65536, Min: 1024, Max: 16777216]
      [Entries: 93555, Load: 142.8%, Cached: 0, Added: 628150, Removed: 534595]
      [Resize Count: 6, Shrink Threshold: 43690(66.7%), Grow Threshold: 131072(200.0%)]
      [Rehash Count: 0, Rehash Threshold: 120, Hash Seed: 0x0]
      [Age Threshold: 3]
   [Queue]
      [Dropped: 0]
[GC concurrent-string-deduplication, deleted 0 entries, 0.0000010 secs]
2021-03-08T16:42:55.369+0800: 21540.073: Total time for which application threads were stopped: 0.0130799 seconds, Stopping threads took: 0.0022247 seconds
2021-03-08T16:42:55.373+0800: 21540.077: Total time for which application threads were stopped: 0.0042607 seconds, Stopping threads took: 0.0001432 seconds
2021-03-08T16:42:55.377+0800: 21540.081: Total time for which application threads were stopped: 0.0040972 seconds, Stopping threads took: 0.0001416 seconds
2021-03-08T16:42:58.065+0800: 21542.769: [GC pause (G1 Evacuation Pause) (young), 0.0964570 secs]
   [Parallel Time: 84.1 ms, GC Workers: 4]
      [GC Worker Start (ms): Min: 21542772.3, Avg: 21542773.2, Max: 21542773.7, Diff: 1.5]
      [Ext Root Scanning (ms): Min: 11.6, Avg: 15.0, Max: 17.1, Diff: 5.5, Sum: 60.0]
      [Update RS (ms): Min: 4.6, Avg: 7.1, Max: 14.5, Diff: 9.9, Sum: 28.5]
         [Processed Buffers: Min: 10, Avg: 46.0, Max: 65, Diff: 55, Sum: 184]
      [Scan RS (ms): Min: 0.1, Avg: 0.3, Max: 0.4, Diff: 0.3, Sum: 1.2]
      [Code Root Scanning (ms): Min: 0.0, Avg: 0.0, Max: 0.0, Diff: 0.0, Sum: 0.0]
      [Object Copy (ms): Min: 56.3, Avg: 60.5, Max: 62.1, Diff: 5.8, Sum: 241.9]
      [Termination (ms): Min: 0.0, Avg: 0.1, Max: 0.2, Diff: 0.2, Sum: 0.5]
         [Termination Attempts: Min: 3, Avg: 22.2, Max: 33, Diff: 30, Sum: 89]
      [GC Worker Other (ms): Min: 0.0, Avg: 0.0, Max: 0.1, Diff: 0.0, Sum: 0.2]
      [GC Worker Total (ms): Min: 82.6, Avg: 83.1, Max: 84.1, Diff: 1.5, Sum: 332.3]
      [GC Worker End (ms): Min: 21542856.3, Avg: 21542856.3, Max: 21542856.3, Diff: 0.0]
   [Code Root Fixup: 0.0 ms]
   [Code Root Purge: 0.0 ms]
   [String Dedup Fixup: 4.9 ms, GC Workers: 4]
      [Queue Fixup (ms): Min: 0.0, Avg: 0.0, Max: 0.0, Diff: 0.0, Sum: 0.0]
      [Table Fixup (ms): Min: 3.4, Avg: 3.4, Max: 3.5, Diff: 0.1, Sum: 13.6]
   [Clear CT: 0.5 ms]
   [Other: 6.9 ms]
      [Choose CSet: 0.0 ms]
      [Ref Proc: 0.4 ms]
      [Ref Enq: 0.0 ms]
      [Redirty Cards: 0.1 ms]
      [Humongous Register: 2.5 ms]
      [Humongous Reclaim: 0.2 ms]
      [Free CSet: 2.3 ms]
   [Eden: 1370.0M(1370.0M)->0.0B(1576.0M) Survivors: 40.0M->44.0M Heap: 4153.7M(6278.0M)->2773.8M(6278.0M)]
 [Times: user=0.21 sys=0.03, real=0.09 secs] 
2021-03-08T16:42:58.162+0800: 21542.866: Total time for which application threads were stopped: 0.1068336 seconds, Stopping threads took: 0.0003890 seconds
2021-03-08T16:42:58.162+0800: 21542.867: [GC concurrent-string-deduplication, 16.7K->9680.0B(7384.0B), avg 63.2%, 0.0001882 secs]
   [Last Exec: 0.0001882 secs, Idle: 6.7243782 secs, Blocked: 0/0.0000000 secs]
      [Inspected:             301]
         [Skipped:              0(  0.0%)]
         [Hashed:             191( 63.5%)]
         [Known:                0(  0.0%)]
         [New:                301(100.0%)     16.7K]
      [Deduplicated:          191( 63.5%)   7384.0B( 43.3%)]
         [Young:              191(100.0%)   7384.0B(100.0%)]
         [Old:                  0(  0.0%)      0.0B(  0.0%)]
   [Total Exec: 2607/1.6798326 secs, Idle: 2607/21535.0786906 secs, Blocked: 32/5.5883972 secs]
      [Inspected:         2605165]
         [Skipped:              0(  0.0%)]
         [Hashed:         2021369( 77.6%)]
         [Known:            34937(  1.3%)]
         [New:            2570228( 98.7%)    141.7M]
      [Deduplicated:      1976412( 76.9%)     89.6M( 63.2%)]
         [Young:           833417( 42.2%)     39.8M( 44.4%)]
         [Old:            1142995( 57.8%)     49.8M( 55.6%)]
   [Table]
      [Memory Usage: 2707.3K]
      [Size: 65536, Min: 1024, Max: 16777216]
      [Entries: 93665, Load: 142.9%, Cached: 0, Added: 628260, Removed: 534595]
      [Resize Count: 6, Shrink Threshold: 43690(66.7%), Grow Threshold: 131072(200.0%)]
      [Rehash Count: 0, Rehash Threshold: 120, Hash Seed: 0x0]
      [Age Threshold: 3]
   [Queue]
      [Dropped: 0]
[GC concurrent-string-deduplication, deleted 0 entries, 0.0000010 secs]
2021-03-08T16:43:02.766+0800: 21547.470: [GC pause (G1 Evacuation Pause) (young), 0.1127877 secs]
   [Parallel Time: 101.8 ms, GC Workers: 4]
      [GC Worker Start (ms): Min: 21547472.0, Avg: 21547472.4, Max: 21547473.3, Diff: 1.3]
      [Ext Root Scanning (ms): Min: 6.3, Avg: 8.2, Max: 13.8, Diff: 7.6, Sum: 33.0]
      [Update RS (ms): Min: 2.4, Avg: 11.6, Max: 21.5, Diff: 19.1, Sum: 46.2]
         [Processed Buffers: Min: 24, Avg: 45.2, Max: 80, Diff: 56, Sum: 181]
      [Scan RS (ms): Min: 0.1, Avg: 0.4, Max: 0.5, Diff: 0.3, Sum: 1.4]
      [Code Root Scanning (ms): Min: 0.0, Avg: 0.0, Max: 0.0, Diff: 0.0, Sum: 0.0]
      [Object Copy (ms): Min: 73.1, Avg: 80.7, Max: 83.5, Diff: 10.5, Sum: 322.7]
      [Termination (ms): Min: 0.0, Avg: 0.4, Max: 0.5, Diff: 0.5, Sum: 1.6]
         [Termination Attempts: Min: 20, Avg: 25.8, Max: 32, Diff: 12, Sum: 103]
      [GC Worker Other (ms): Min: 0.0, Avg: 0.1, Max: 0.3, Diff: 0.3, Sum: 0.4]
      [GC Worker Total (ms): Min: 100.5, Avg: 101.3, Max: 101.7, Diff: 1.3, Sum: 405.4]
      [GC Worker End (ms): Min: 21547573.8, Avg: 21547573.8, Max: 21547573.8, Diff: 0.0]
   [Code Root Fixup: 0.0 ms]
   [Code Root Purge: 0.0 ms]
   [String Dedup Fixup: 4.2 ms, GC Workers: 4]
      [Queue Fixup (ms): Min: 0.0, Avg: 0.0, Max: 0.0, Diff: 0.0, Sum: 0.0]
      [Table Fixup (ms): Min: 3.5, Avg: 3.8, Max: 4.1, Diff: 0.6, Sum: 15.2]
   [Clear CT: 1.1 ms]
   [Other: 5.8 ms]
      [Choose CSet: 0.0 ms]
      [Ref Proc: 0.2 ms]
      [Ref Enq: 0.0 ms]
      [Redirty Cards: 0.1 ms]
      [Humongous Register: 1.5 ms]
      [Humongous Reclaim: 0.1 ms]
      [Free CSet: 2.1 ms]
   [Eden: 1576.0M(1576.0M)->0.0B(1462.0M) Survivors: 44.0M->60.0M Heap: 4363.9M(6278.0M)->2789.0M(6278.0M)]
 [Times: user=0.28 sys=0.04, real=0.11 secs] 
2021-03-08T16:43:02.879+0800: 21547.584: Total time for which application threads were stopped: 0.1213365 seconds, Stopping threads took: 0.0022614 seconds
2021-03-08T16:43:02.880+0800: 21547.584: [GC concurrent-string-deduplication, 43.4K->25.5K(17.9K), avg 63.2%, 0.0004882 secs]
   [Last Exec: 0.0004882 secs, Idle: 4.7169482 secs, Blocked: 0/0.0000000 secs]
      [Inspected:             713]
         [Skipped:              0(  0.0%)]
         [Hashed:             418( 58.6%)]
         [Known:                0(  0.0%)]
         [New:                713(100.0%)     43.4K]
      [Deduplicated:          417( 58.5%)     17.9K( 41.3%)]
         [Young:              417(100.0%)     17.9K(100.0%)]
         [Old:                  0(  0.0%)      0.0B(  0.0%)]
   [Total Exec: 2608/1.6803208 secs, Idle: 2608/21539.7956388 secs, Blocked: 32/5.5883972 secs]
      [Inspected:         2605878]
         [Skipped:              0(  0.0%)]
         [Hashed:         2021787( 77.6%)]
         [Known:            34937(  1.3%)]
         [New:            2570941( 98.7%)    141.7M]
      [Deduplicated:      1976829( 76.9%)     89.6M( 63.2%)]
         [Young:           833834( 42.2%)     39.8M( 44.4%)]
         [Old:            1142995( 57.8%)     49.8M( 55.6%)]
   [Table]
      [Memory Usage: 2714.2K]
      [Size: 65536, Min: 1024, Max: 16777216]
      [Entries: 93961, Load: 143.4%, Cached: 0, Added: 628556, Removed: 534595]
      [Resize Count: 6, Shrink Threshold: 43690(66.7%), Grow Threshold: 131072(200.0%)]
      [Rehash Count: 0, Rehash Threshold: 120, Hash Seed: 0x0]
      [Age Threshold: 3]
   [Queue]
      [Dropped: 0]
[GC concurrent-string-deduplication, deleted 0 entries, 0.0000007 secs]
2021-03-08T16:43:14.253+0800: 21558.957: [GC pause (G1 Evacuation Pause) (young), 0.2647502 secs]
   [Parallel Time: 228.2 ms, GC Workers: 4]
      [GC Worker Start (ms): Min: 21558967.1, Avg: 21558970.3, Max: 21558972.0, Diff: 4.9]
      [Ext Root Scanning (ms): Min: 9.5, Avg: 17.4, Max: 29.4, Diff: 19.8, Sum: 69.6]
      [Update RS (ms): Min: 0.0, Avg: 10.5, Max: 28.7, Diff: 28.7, Sum: 42.1]
         [Processed Buffers: Min: 0, Avg: 27.2, Max: 56, Diff: 56, Sum: 109]
      [Scan RS (ms): Min: 0.1, Avg: 0.4, Max: 1.0, Diff: 0.9, Sum: 1.5]
      [Code Root Scanning (ms): Min: 0.0, Avg: 0.0, Max: 0.0, Diff: 0.0, Sum: 0.0]
      [Object Copy (ms): Min: 173.5, Avg: 187.4, Max: 204.5, Diff: 30.9, Sum: 749.6]
      [Termination (ms): Min: 0.0, Avg: 0.2, Max: 0.4, Diff: 0.3, Sum: 0.7]
         [Termination Attempts: Min: 2, Avg: 34.2, Max: 53, Diff: 51, Sum: 137]
      [GC Worker Other (ms): Min: 0.0, Avg: 0.9, Max: 2.6, Diff: 2.6, Sum: 3.8]
      [GC Worker Total (ms): Min: 214.4, Avg: 216.8, Max: 220.2, Diff: 5.8, Sum: 867.3]
      [GC Worker End (ms): Min: 21559186.2, Avg: 21559187.1, Max: 21559188.8, Diff: 2.6]
   [Code Root Fixup: 0.0 ms]
   [Code Root Purge: 0.0 ms]
   [String Dedup Fixup: 8.4 ms, GC Workers: 4]
      [Queue Fixup (ms): Min: 0.0, Avg: 0.0, Max: 0.0, Diff: 0.0, Sum: 0.0]
      [Table Fixup (ms): Min: 2.7, Avg: 4.1, Max: 6.0, Diff: 3.3, Sum: 16.3]
   [Clear CT: 5.5 ms]
   [Other: 22.6 ms]
      [Choose CSet: 0.0 ms]
      [Ref Proc: 6.5 ms]
      [Ref Enq: 0.0 ms]
      [Redirty Cards: 2.4 ms]
      [Humongous Register: 2.8 ms]
      [Humongous Reclaim: 0.2 ms]
      [Free CSet: 2.6 ms]
   [Eden: 1462.0M(1462.0M)->0.0B(230.0M) Survivors: 60.0M->82.0M Heap: 4257.0M(6278.0M)->2811.1M(6278.0M)]
 [Times: user=0.34 sys=0.19, real=0.27 secs] 
2021-03-08T16:43:14.518+0800: 21559.223: Total time for which application threads were stopped: 0.2802756 seconds, Stopping threads took: 0.0024445 seconds
2021-03-08T16:43:14.523+0800: 21559.227: [GC concurrent-string-deduplication, 21.5K->10.3K(11.2K), avg 63.2%, 0.0002937 secs]
   [Last Exec: 0.0002937 secs, Idle: 11.6426670 secs, Blocked: 0/0.0000000 secs]
      [Inspected:             411]
         [Skipped:              0(  0.0%)]
         [Hashed:             291( 70.8%)]
         [Known:                0(  0.0%)]
         [New:                411(100.0%)     21.5K]
      [Deduplicated:          291( 70.8%)     11.2K( 52.0%)]
         [Young:              291(100.0%)     11.2K(100.0%)]
         [Old:                  0(  0.0%)      0.0B(  0.0%)]
   [Total Exec: 2609/1.6806145 secs, Idle: 2609/21551.4383059 secs, Blocked: 32/5.5883972 secs]
      [Inspected:         2606289]
         [Skipped:              0(  0.0%)]
         [Hashed:         2022078( 77.6%)]
         [Known:            34937(  1.3%)]
         [New:            2571352( 98.7%)    141.7M]
      [Deduplicated:      1977120( 76.9%)     89.6M( 63.2%)]
         [Young:           834125( 42.2%)     39.8M( 44.4%)]
         [Old:            1142995( 57.8%)     49.8M( 55.6%)]
   [Table]
      [Memory Usage: 2717.0K]
      [Size: 65536, Min: 1024, Max: 16777216]
      [Entries: 94081, Load: 143.6%, Cached: 0, Added: 628676, Removed: 534595]
      [Resize Count: 6, Shrink Threshold: 43690(66.7%), Grow Threshold: 131072(200.0%)]
      [Rehash Count: 0, Rehash Threshold: 120, Hash Seed: 0x0]
      [Age Threshold: 3]
   [Queue]
      [Dropped: 0]
[GC concurrent-string-deduplication, deleted 0 entries, 0.0000076 secs]
2021-03-08T16:43:15.057+0800: 21559.761: [GC pause (G1 Evacuation Pause) (young), 0.2354499 secs]
   [Parallel Time: 215.0 ms, GC Workers: 4]
      [GC Worker Start (ms): Min: 21559762.3, Avg: 21559764.8, Max: 21559766.3, Diff: 4.0]
      [Ext Root Scanning (ms): Min: 0.2, Avg: 11.0, Max: 31.7, Diff: 31.5, Sum: 44.1]
      [Update RS (ms): Min: 0.0, Avg: 2.4, Max: 9.6, Diff: 9.6, Sum: 9.6]
         [Processed Buffers: Min: 0, Avg: 12.8, Max: 51, Diff: 51, Sum: 51]
      [Scan RS (ms): Min: 0.0, Avg: 0.1, Max: 0.2, Diff: 0.2, Sum: 0.2]
      [Code Root Scanning (ms): Min: 0.0, Avg: 0.0, Max: 0.0, Diff: 0.0, Sum: 0.0]
      [Object Copy (ms): Min: 172.3, Avg: 179.2, Max: 190.5, Diff: 18.2, Sum: 717.0]
      [Termination (ms): Min: 0.0, Avg: 8.4, Max: 11.4, Diff: 11.4, Sum: 33.4]
         [Termination Attempts: Min: 10, Avg: 13.5, Max: 16, Diff: 6, Sum: 54]
      [GC Worker Other (ms): Min: 0.0, Avg: 11.0, Max: 22.0, Diff: 22.0, Sum: 44.1]
      [GC Worker Total (ms): Min: 210.7, Avg: 212.1, Max: 214.6, Diff: 4.0, Sum: 848.3]
      [GC Worker End (ms): Min: 21559976.9, Avg: 21559976.9, Max: 21559976.9, Diff: 0.0]
   [Code Root Fixup: 0.0 ms]
   [Code Root Purge: 0.0 ms]
   [String Dedup Fixup: 13.4 ms, GC Workers: 4]
      [Queue Fixup (ms): Min: 0.0, Avg: 0.0, Max: 0.0, Diff: 0.0, Sum: 0.0]
      [Table Fixup (ms): Min: 0.0, Avg: 2.3, Max: 4.7, Diff: 4.7, Sum: 9.3]
   [Clear CT: 0.1 ms]
   [Other: 6.9 ms]
      [Choose CSet: 0.0 ms]
      [Ref Proc: 3.8 ms]
      [Ref Enq: 0.0 ms]
      [Redirty Cards: 0.6 ms]
      [Humongous Register: 0.3 ms]
      [Humongous Reclaim: 0.1 ms]
      [Free CSet: 0.6 ms]
   [Eden: 230.0M(230.0M)->0.0B(2786.0M) Survivors: 82.0M->4096.0K Heap: 3041.1M(6278.0M)->2805.1M(6278.0M)]
 [Times: user=0.33 sys=0.02, real=0.23 secs] 
2021-03-08T16:43:15.293+0800: 21559.997: Total time for which application threads were stopped: 0.2458541 seconds, Stopping threads took: 0.0047739 seconds
2021-03-08T16:43:15.294+0800: 21559.998: [GC concurrent-string-deduplication, 56.1K->29.6K(26.5K), avg 63.2%, 0.0005975 secs]
   [Last Exec: 0.0005975 secs, Idle: 0.7702555 secs, Blocked: 0/0.0000000 secs]
      [Inspected:            1034]
         [Skipped:              0(  0.0%)]
         [Hashed:             689( 66.6%)]
         [Known:                0(  0.0%)]
         [New:               1034(100.0%)     56.1K]
      [Deduplicated:          689( 66.6%)     26.5K( 47.2%)]
         [Young:                0(  0.0%)      0.0B(  0.0%)]
         [Old:                689(100.0%)     26.5K(100.0%)]
   [Total Exec: 2610/1.6812120 secs, Idle: 2610/21552.2085614 secs, Blocked: 32/5.5883972 secs]
      [Inspected:         2607323]
         [Skipped:              0(  0.0%)]
         [Hashed:         2022767( 77.6%)]
         [Known:            34937(  1.3%)]
         [New:            2572386( 98.7%)    141.8M]
      [Deduplicated:      1977809( 76.9%)     89.7M( 63.2%)]
         [Young:           834125( 42.2%)     39.8M( 44.4%)]
         [Old:            1143684( 57.8%)     49.8M( 55.6%)]
   [Table]
      [Memory Usage: 2725.1K]
      [Size: 65536, Min: 1024, Max: 16777216]
      [Entries: 94426, Load: 144.1%, Cached: 0, Added: 629021, Removed: 534595]
      [Resize Count: 6, Shrink Threshold: 43690(66.7%), Grow Threshold: 131072(200.0%)]
      [Rehash Count: 0, Rehash Threshold: 120, Hash Seed: 0x0]
      [Age Threshold: 3]
   [Queue]
      [Dropped: 0]
[GC concurrent-string-deduplication, deleted 0 entries, 0.0000009 secs]
2021-03-08T16:43:22.835+0800: 21567.539: [GC pause (G1 Humongous Allocation) (young) (initial-mark), 0.0941323 secs]
   [Parallel Time: 68.3 ms, GC Workers: 4]
      [GC Worker Start (ms): Min: 21567543.6, Avg: 21567547.0, Max: 21567550.6, Diff: 7.0]
      [Ext Root Scanning (ms): Min: 8.3, Avg: 13.0, Max: 18.6, Diff: 10.3, Sum: 52.1]
      [Update RS (ms): Min: 35.4, Avg: 38.5, Max: 40.4, Diff: 5.0, Sum: 154.2]
         [Processed Buffers: Min: 41, Avg: 77.8, Max: 114, Diff: 73, Sum: 311]
      [Scan RS (ms): Min: 0.0, Avg: 0.3, Max: 0.6, Diff: 0.6, Sum: 1.1]
      [Code Root Scanning (ms): Min: 0.0, Avg: 0.0, Max: 0.0, Diff: 0.0, Sum: 0.0]
      [Object Copy (ms): Min: 11.4, Avg: 12.0, Max: 12.9, Diff: 1.5, Sum: 48.0]
      [Termination (ms): Min: 0.1, Avg: 0.1, Max: 0.2, Diff: 0.1, Sum: 0.5]
         [Termination Attempts: Min: 107, Avg: 154.8, Max: 198, Diff: 91, Sum: 619]
      [GC Worker Other (ms): Min: 0.0, Avg: 0.1, Max: 0.2, Diff: 0.2, Sum: 0.5]
      [GC Worker Total (ms): Min: 60.4, Avg: 64.1, Max: 67.5, Diff: 7.1, Sum: 256.4]
      [GC Worker End (ms): Min: 21567611.0, Avg: 21567611.1, Max: 21567611.1, Diff: 0.2]
   [Code Root Fixup: 0.0 ms]
   [Code Root Purge: 0.0 ms]
   [String Dedup Fixup: 6.0 ms, GC Workers: 4]
      [Queue Fixup (ms): Min: 0.0, Avg: 0.0, Max: 0.0, Diff: 0.0, Sum: 0.0]
      [Table Fixup (ms): Min: 0.0, Avg: 4.0, Max: 5.9, Diff: 5.9, Sum: 16.0]
   [Clear CT: 7.8 ms]
   [Other: 12.0 ms]
      [Choose CSet: 0.0 ms]
      [Ref Proc: 0.2 ms]
      [Ref Enq: 0.0 ms]
      [Redirty Cards: 3.8 ms]
      [Humongous Register: 0.3 ms]
      [Humongous Reclaim: 0.1 ms]
      [Free CSet: 2.6 ms]
   [Eden: 1508.0M(2786.0M)->0.0B(2790.0M) Survivors: 4096.0K->6144.0K Heap: 4317.0M(6278.0M)->2808.6M(6278.0M)]
 [Times: user=0.16 sys=0.02, real=0.09 secs] 
2021-03-08T16:43:22.929+0800: 21567.634: [GC concurrent-root-region-scan-start]
2021-03-08T16:43:22.930+0800: 21567.634: Total time for which application threads were stopped: 0.1058058 seconds, Stopping threads took: 0.0027291 seconds
2021-03-08T16:43:22.938+0800: 21567.643: [GC concurrent-root-region-scan-end, 0.0090723 secs]
2021-03-08T16:43:22.938+0800: 21567.643: [GC concurrent-mark-start]
2021-03-08T16:43:25.751+0800: 21570.455: Total time for which application threads were stopped: 0.0048383 seconds, Stopping threads took: 0.0004041 seconds
2021-03-08T16:43:25.756+0800: 21570.460: Total time for which application threads were stopped: 0.0036049 seconds, Stopping threads took: 0.0001362 seconds
2021-03-08T16:43:26.329+0800: 21571.033: [GC concurrent-mark-end, 3.3905713 secs]
2021-03-08T16:43:26.333+0800: 21571.037: [GC remark 2021-03-08T16:43:26.333+0800: 21571.037: [Finalize Marking, 0.0294897 secs] 2021-03-08T16:43:26.363+0800: 21571.067: [GC ref-proc, 0.0127950 secs] 2021-03-08T16:43:26.375+0800: 21571.080: [Unloading, 0.0661613 secs], 0.1180117 secs]
 [Times: user=0.17 sys=0.03, real=0.12 secs] 
2021-03-08T16:43:26.452+0800: 21571.156: Total time for which application threads were stopped: 0.1225141 seconds, Stopping threads took: 0.0003784 seconds
2021-03-08T16:43:26.456+0800: 21571.160: [GC cleanup 3517M->2062M(6278M), 0.0218635 secs]
 [Times: user=0.03 sys=0.01, real=0.02 secs] 
2021-03-08T16:43:26.478+0800: 21571.182: Total time for which application threads were stopped: 0.0260886 seconds, Stopping threads took: 0.0001233 seconds
2021-03-08T16:43:26.478+0800: 21571.182: [GC concurrent-cleanup-start]
2021-03-08T16:43:26.483+0800: 21571.187: [GC concurrent-cleanup-end, 0.0050048 secs]
2021-03-08T16:43:27.484+0800: 21572.188: Total time for which application threads were stopped: 0.0052457 seconds, Stopping threads took: 0.0004191 seconds
2021-03-08T16:43:28.495+0800: 21573.200: Total time for which application threads were stopped: 0.0117924 seconds, Stopping threads took: 0.0026578 seconds
2021-03-08T16:43:33.487+0800: 21578.191: [GC pause (G1 Evacuation Pause) (young), 0.1197411 secs]
   [Parallel Time: 97.1 ms, GC Workers: 4]
      [GC Worker Start (ms): Min: 21578193.2, Avg: 21578196.4, Max: 21578197.7, Diff: 4.5]
      [Ext Root Scanning (ms): Min: 9.6, Avg: 13.3, Max: 22.5, Diff: 12.9, Sum: 53.4]
      [Update RS (ms): Min: 14.5, Avg: 21.0, Max: 24.1, Diff: 9.6, Sum: 83.9]
         [Processed Buffers: Min: 34, Avg: 72.8, Max: 94, Diff: 60, Sum: 291]
      [Scan RS (ms): Min: 0.2, Avg: 0.8, Max: 1.4, Diff: 1.2, Sum: 3.3]
      [Code Root Scanning (ms): Min: 0.0, Avg: 0.0, Max: 0.0, Diff: 0.0, Sum: 0.1]
      [Object Copy (ms): Min: 48.0, Avg: 51.0, Max: 53.4, Diff: 5.4, Sum: 204.2]
      [Termination (ms): Min: 0.0, Avg: 3.4, Max: 7.4, Diff: 7.4, Sum: 13.4]
         [Termination Attempts: Min: 1, Avg: 8.5, Max: 18, Diff: 17, Sum: 34]
      [GC Worker Other (ms): Min: 0.0, Avg: 0.1, Max: 0.3, Diff: 0.3, Sum: 0.4]
      [GC Worker Total (ms): Min: 86.6, Avg: 89.6, Max: 95.4, Diff: 8.8, Sum: 358.6]
      [GC Worker End (ms): Min: 21578284.0, Avg: 21578286.0, Max: 21578288.6, Diff: 4.6]
   [Code Root Fixup: 0.0 ms]
   [Code Root Purge: 0.0 ms]
   [String Dedup Fixup: 4.8 ms, GC Workers: 4]
      [Queue Fixup (ms): Min: 0.0, Avg: 0.0, Max: 0.0, Diff: 0.0, Sum: 0.0]
      [Table Fixup (ms): Min: 2.4, Avg: 2.4, Max: 2.6, Diff: 0.2, Sum: 9.8]
   [Clear CT: 1.0 ms]
   [Other: 16.8 ms]
      [Choose CSet: 0.0 ms]
      [Ref Proc: 3.7 ms]
      [Ref Enq: 0.0 ms]
      [Redirty Cards: 4.6 ms]
      [Humongous Register: 1.9 ms]
      [Humongous Reclaim: 0.3 ms]
      [Free CSet: 4.8 ms]
   [Eden: 2790.0M(2790.0M)->0.0B(278.0M) Survivors: 6144.0K->34.0M Heap: 4171.7M(6278.0M)->1381.9M(6278.0M)]
 [Times: user=0.19 sys=0.03, real=0.12 secs] 
2021-03-08T16:43:33.607+0800: 21578.311: Total time for which application threads were stopped: 0.1299429 seconds, Stopping threads took: 0.0022242 seconds
2021-03-08T16:43:33.607+0800: 21578.311: [GC concurrent-string-deduplication, 880.0B->440.0B(440.0B), avg 63.2%, 0.0000232 secs]
   [Last Exec: 0.0000232 secs, Idle: 18.3130789 secs, Blocked: 0/0.0000000 secs]
      [Inspected:              17]
         [Skipped:              0(  0.0%)]
         [Hashed:              12( 70.6%)]
         [Known:                0(  0.0%)]
         [New:                 17(100.0%)    880.0B]
      [Deduplicated:           12( 70.6%)    440.0B( 50.0%)]
         [Young:               12(100.0%)    440.0B(100.0%)]
         [Old:                  0(  0.0%)      0.0B(  0.0%)]
   [Total Exec: 2611/1.6812352 secs, Idle: 2611/21570.5216403 secs, Blocked: 32/5.5883972 secs]
      [Inspected:         2607340]
         [Skipped:              0(  0.0%)]
         [Hashed:         2022779( 77.6%)]
         [Known:            34937(  1.3%)]
         [New:            2572403( 98.7%)    141.8M]
      [Deduplicated:      1977821( 76.9%)     89.7M( 63.2%)]
         [Young:           834137( 42.2%)     39.8M( 44.4%)]
         [Old:            1143684( 57.8%)     49.8M( 55.6%)]
   [Table]
      [Memory Usage: 2239.4K]
      [Size: 65536, Min: 1024, Max: 16777216]
      [Entries: 70430, Load: 107.5%, Cached: 3271, Added: 629029, Removed: 558599]
      [Resize Count: 6, Shrink Threshold: 43690(66.7%), Grow Threshold: 131072(200.0%)]
      [Rehash Count: 0, Rehash Threshold: 120, Hash Seed: 0x0]
      [Age Threshold: 3]
   [Queue]
      [Dropped: 0]
[GC concurrent-string-deduplication, deleted 20728 entries, 0.0070309 secs]
2021-03-08T16:43:34.471+0800: 21579.176: [GC pause (G1 Evacuation Pause) (mixed), 0.0822263 secs]
   [Parallel Time: 76.9 ms, GC Workers: 4]
      [GC Worker Start (ms): Min: 21579176.4, Avg: 21579181.2, Max: 21579187.2, Diff: 10.9]
      [Ext Root Scanning (ms): Min: 0.2, Avg: 6.7, Max: 17.4, Diff: 17.2, Sum: 26.8]
      [Update RS (ms): Min: 0.0, Avg: 0.6, Max: 1.2, Diff: 1.2, Sum: 2.4]
         [Processed Buffers: Min: 0, Avg: 11.0, Max: 27, Diff: 27, Sum: 44]
      [Scan RS (ms): Min: 0.0, Avg: 1.0, Max: 1.9, Diff: 1.9, Sum: 3.8]
      [Code Root Scanning (ms): Min: 0.0, Avg: 0.0, Max: 0.0, Diff: 0.0, Sum: 0.0]
      [Object Copy (ms): Min: 55.2, Avg: 60.4, Max: 69.3, Diff: 14.1, Sum: 241.6]
      [Termination (ms): Min: 0.0, Avg: 2.9, Max: 4.3, Diff: 4.3, Sum: 11.7]
         [Termination Attempts: Min: 2, Avg: 5.8, Max: 8, Diff: 6, Sum: 23]
      [GC Worker Other (ms): Min: 0.0, Avg: 0.0, Max: 0.0, Diff: 0.0, Sum: 0.1]
      [GC Worker Total (ms): Min: 66.0, Avg: 71.6, Max: 76.4, Diff: 10.4, Sum: 286.5]
      [GC Worker End (ms): Min: 21579252.7, Avg: 21579252.9, Max: 21579253.3, Diff: 0.5]
   [Code Root Fixup: 0.0 ms]
   [Code Root Purge: 0.0 ms]
   [String Dedup Fixup: 2.0 ms, GC Workers: 4]
      [Queue Fixup (ms): Min: 0.0, Avg: 0.0, Max: 0.0, Diff: 0.0, Sum: 0.0]
      [Table Fixup (ms): Min: 0.0, Avg: 1.5, Max: 2.0, Diff: 2.0, Sum: 5.9]
   [Clear CT: 0.3 ms]
   [Other: 2.9 ms]
      [Choose CSet: 0.1 ms]
      [Ref Proc: 0.3 ms]
      [Ref Enq: 0.0 ms]
      [Redirty Cards: 0.2 ms]
      [Humongous Register: 0.2 ms]
      [Humongous Reclaim: 0.1 ms]
      [Free CSet: 0.8 ms]
   [Eden: 278.0M(278.0M)->0.0B(310.0M) Survivors: 34.0M->2048.0K Heap: 1659.9M(6278.0M)->1282.1M(6278.0M)]
 [Times: user=0.15 sys=0.02, real=0.09 secs] 
2021-03-08T16:43:34.554+0800: 21579.259: Total time for which application threads were stopped: 0.0869713 seconds, Stopping threads took: 0.0003927 seconds
2021-03-08T16:43:34.555+0800: 21579.259: [GC concurrent-string-deduplication, 91.2K->49.1K(42.0K), avg 63.2%, 0.0008108 secs]
   [Last Exec: 0.0008108 secs, Idle: 0.9402568 secs, Blocked: 0/0.0000000 secs]
      [Inspected:            1629]
         [Skipped:              0(  0.0%)]
         [Hashed:            1066( 65.4%)]
         [Known:                3(  0.2%)]
         [New:               1626( 99.8%)     91.2K]
      [Deduplicated:         1056( 64.9%)     42.0K( 46.1%)]
         [Young:                0(  0.0%)      0.0B(  0.0%)]
         [Old:               1056(100.0%)     42.0K(100.0%)]
   [Total Exec: 2612/1.6820460 secs, Idle: 2612/21571.4618971 secs, Blocked: 32/5.5883972 secs]
      [Inspected:         2608969]
         [Skipped:              0(  0.0%)]
         [Hashed:         2023845( 77.6%)]
         [Known:            34940(  1.3%)]
         [New:            2574029( 98.7%)    141.9M]
      [Deduplicated:      1978877( 76.9%)     89.7M( 63.2%)]
         [Young:           834137( 42.2%)     39.8M( 44.4%)]
         [Old:            1144740( 57.8%)     49.9M( 55.6%)]
   [Table]
      [Memory Usage: 2239.3K]
      [Size: 65536, Min: 1024, Max: 16777216]
      [Entries: 70996, Load: 108.3%, Cached: 2703, Added: 629599, Removed: 558603]
      [Resize Count: 6, Shrink Threshold: 43690(66.7%), Grow Threshold: 131072(200.0%)]
      [Rehash Count: 0, Rehash Threshold: 120, Hash Seed: 0x0]
      [Age Threshold: 3]
   [Queue]
      [Dropped: 0]
[GC concurrent-string-deduplication, deleted 2 entries, 0.0000011 secs]
2021-03-08T16:43:35.393+0800: 21580.097: [GC pause (G1 Evacuation Pause) (mixed), 0.1017905 secs]
   [Parallel Time: 86.6 ms, GC Workers: 4]
      [GC Worker Start (ms): Min: 21580097.9, Avg: 21580113.0, Max: 21580118.1, Diff: 20.2]
      [Ext Root Scanning (ms): Min: 0.2, Avg: 4.6, Max: 18.0, Diff: 17.8, Sum: 18.6]
      [Update RS (ms): Min: 10.1, Avg: 11.4, Max: 13.2, Diff: 3.1, Sum: 45.5]
         [Processed Buffers: Min: 17, Avg: 32.2, Max: 52, Diff: 35, Sum: 129]
      [Scan RS (ms): Min: 23.5, Avg: 25.6, Max: 26.6, Diff: 3.2, Sum: 102.3]
      [Code Root Scanning (ms): Min: 0.0, Avg: 0.1, Max: 0.5, Diff: 0.5, Sum: 0.5]
      [Object Copy (ms): Min: 26.4, Avg: 27.9, Max: 29.5, Diff: 3.0, Sum: 111.6]
      [Termination (ms): Min: 0.0, Avg: 1.8, Max: 3.1, Diff: 3.1, Sum: 7.4]
         [Termination Attempts: Min: 1, Avg: 3.8, Max: 7, Diff: 6, Sum: 15]
      [GC Worker Other (ms): Min: 0.0, Avg: 0.0, Max: 0.0, Diff: 0.0, Sum: 0.1]
      [GC Worker Total (ms): Min: 66.4, Avg: 71.5, Max: 86.6, Diff: 20.2, Sum: 285.8]
      [GC Worker End (ms): Min: 21580184.4, Avg: 21580184.5, Max: 21580184.5, Diff: 0.0]
   [Code Root Fixup: 0.0 ms]
   [Code Root Purge: 0.0 ms]
   [String Dedup Fixup: 4.4 ms, GC Workers: 4]
      [Queue Fixup (ms): Min: 0.0, Avg: 0.0, Max: 0.0, Diff: 0.0, Sum: 0.0]
      [Table Fixup (ms): Min: 0.0, Avg: 2.1, Max: 4.3, Diff: 4.3, Sum: 8.4]
   [Clear CT: 0.9 ms]
   [Other: 9.8 ms]
      [Choose CSet: 0.5 ms]
      [Ref Proc: 3.6 ms]
      [Ref Enq: 0.0 ms]
      [Redirty Cards: 0.3 ms]
      [Humongous Register: 0.2 ms]
      [Humongous Reclaim: 0.1 ms]
      [Free CSet: 3.7 ms]
   [Eden: 310.0M(310.0M)->0.0B(310.0M) Survivors: 2048.0K->2048.0K Heap: 1593.1M(6278.0M)->1109.1M(6278.0M)]
 [Times: user=0.18 sys=0.02, real=0.11 secs] 
2021-03-08T16:43:35.495+0800: 21580.199: Total time for which application threads were stopped: 0.1078357 seconds, Stopping threads took: 0.0004404 seconds
2021-03-08T16:43:36.260+0800: 21580.965: [GC pause (G1 Evacuation Pause) (mixed), 0.1328965 secs]
   [Parallel Time: 118.0 ms, GC Workers: 4]
      [GC Worker Start (ms): Min: 21580965.3, Avg: 21580977.3, Max: 21580986.3, Diff: 21.0]
      [Ext Root Scanning (ms): Min: 0.2, Avg: 8.4, Max: 27.7, Diff: 27.4, Sum: 33.4]
      [Update RS (ms): Min: 57.8, Avg: 71.2, Max: 87.4, Diff: 29.6, Sum: 284.7]
         [Processed Buffers: Min: 24, Avg: 42.8, Max: 66, Diff: 42, Sum: 171]
      [Scan RS (ms): Min: 0.1, Avg: 4.2, Max: 13.1, Diff: 13.0, Sum: 16.6]
      [Code Root Scanning (ms): Min: 0.0, Avg: 0.0, Max: 0.0, Diff: 0.0, Sum: 0.0]
      [Object Copy (ms): Min: 0.4, Avg: 12.7, Max: 32.9, Diff: 32.6, Sum: 50.7]
      [Termination (ms): Min: 0.0, Avg: 3.1, Max: 4.2, Diff: 4.2, Sum: 12.5]
         [Termination Attempts: Min: 1, Avg: 1.0, Max: 1, Diff: 0, Sum: 4]
      [GC Worker Other (ms): Min: 0.0, Avg: 0.0, Max: 0.0, Diff: 0.0, Sum: 0.1]
      [GC Worker Total (ms): Min: 90.5, Avg: 99.5, Max: 111.5, Diff: 21.0, Sum: 398.0]
      [GC Worker End (ms): Min: 21581076.7, Avg: 21581076.8, Max: 21581076.8, Diff: 0.0]
   [Code Root Fixup: 0.0 ms]
   [Code Root Purge: 0.0 ms]
   [String Dedup Fixup: 7.0 ms, GC Workers: 4]
      [Queue Fixup (ms): Min: 0.0, Avg: 0.0, Max: 0.0, Diff: 0.0, Sum: 0.0]
      [Table Fixup (ms): Min: 0.0, Avg: 1.7, Max: 6.9, Diff: 6.9, Sum: 6.9]
   [Clear CT: 0.3 ms]
   [Other: 7.6 ms]
      [Choose CSet: 0.0 ms]
      [Ref Proc: 5.1 ms]
      [Ref Enq: 0.0 ms]
      [Redirty Cards: 0.1 ms]
      [Humongous Register: 0.2 ms]
      [Humongous Reclaim: 0.1 ms]
      [Free CSet: 0.5 ms]
   [Eden: 310.0M(310.0M)->0.0B(310.0M) Survivors: 2048.0K->2048.0K Heap: 1419.1M(6278.0M)->1103.3M(6278.0M)]
 [Times: user=0.11 sys=0.01, real=0.13 secs] 
2021-03-08T16:43:36.395+0800: 21581.100: Total time for which application threads were stopped: 0.1393527 seconds, Stopping threads took: 0.0005146 seconds
2021-03-08T16:43:36.396+0800: 21581.100: [GC concurrent-string-deduplication, 7664.0B->5808.0B(1856.0B), avg 63.2%, 0.0000678 secs]
   [Last Exec: 0.0000678 secs, Idle: 1.8402365 secs, Blocked: 0/0.0000000 secs]
      [Inspected:             112]
         [Skipped:              0(  0.0%)]
         [Hashed:              46( 41.1%)]
         [Known:                0(  0.0%)]
         [New:                112(100.0%)   7664.0B]
      [Deduplicated:           46( 41.1%)   1856.0B( 24.2%)]
         [Young:               46(100.0%)   1856.0B(100.0%)]
         [Old:                  0(  0.0%)      0.0B(  0.0%)]
   [Total Exec: 2613/1.6821138 secs, Idle: 2613/21573.3021335 secs, Blocked: 32/5.5883972 secs]
      [Inspected:         2609081]
         [Skipped:              0(  0.0%)]
         [Hashed:         2023891( 77.6%)]
         [Known:            34940(  1.3%)]
         [New:            2574141( 98.7%)    141.9M]
      [Deduplicated:      1978923( 76.9%)     89.7M( 63.2%)]
         [Young:           834183( 42.2%)     39.8M( 44.4%)]
         [Old:            1144740( 57.8%)     49.9M( 55.6%)]
   [Table]
      [Memory Usage: 2237.1K]
      [Size: 65536, Min: 1024, Max: 16777216]
      [Entries: 70849, Load: 108.1%, Cached: 2754, Added: 629665, Removed: 558816]
      [Resize Count: 6, Shrink Threshold: 43690(66.7%), Grow Threshold: 131072(200.0%)]
      [Rehash Count: 0, Rehash Threshold: 120, Hash Seed: 0x0]
      [Age Threshold: 3]
   [Queue]
      [Dropped: 0]
[GC concurrent-string-deduplication, deleted 96 entries, 0.0000109 secs]
2021-03-08T16:43:36.985+0800: 21581.690: [GC pause (G1 Evacuation Pause) (young), 0.0620083 secs]
   [Parallel Time: 42.9 ms, GC Workers: 4]
      [GC Worker Start (ms): Min: 21581690.6, Avg: 21581691.7, Max: 21581692.8, Diff: 2.2]
      [Ext Root Scanning (ms): Min: 9.0, Avg: 17.6, Max: 27.3, Diff: 18.4, Sum: 70.6]
      [Update RS (ms): Min: 0.0, Avg: 4.9, Max: 13.0, Diff: 13.0, Sum: 19.6]
         [Processed Buffers: Min: 0, Avg: 23.0, Max: 65, Diff: 65, Sum: 92]
      [Scan RS (ms): Min: 0.0, Avg: 0.1, Max: 0.2, Diff: 0.2, Sum: 0.2]
      [Code Root Scanning (ms): Min: 0.0, Avg: 0.0, Max: 0.0, Diff: 0.0, Sum: 0.0]
      [Object Copy (ms): Min: 8.7, Avg: 14.6, Max: 20.6, Diff: 11.9, Sum: 58.5]
      [Termination (ms): Min: 0.0, Avg: 2.4, Max: 4.7, Diff: 4.7, Sum: 9.4]
         [Termination Attempts: Min: 1, Avg: 10.2, Max: 16, Diff: 15, Sum: 41]
      [GC Worker Other (ms): Min: 0.0, Avg: 0.0, Max: 0.0, Diff: 0.0, Sum: 0.1]
      [GC Worker Total (ms): Min: 38.5, Avg: 39.6, Max: 40.7, Diff: 2.2, Sum: 158.4]
      [GC Worker End (ms): Min: 21581731.3, Avg: 21581731.3, Max: 21581731.3, Diff: 0.0]
   [Code Root Fixup: 0.0 ms]
   [Code Root Purge: 0.0 ms]
   [String Dedup Fixup: 8.5 ms, GC Workers: 4]
      [Queue Fixup (ms): Min: 0.0, Avg: 0.0, Max: 0.0, Diff: 0.0, Sum: 0.0]
      [Table Fixup (ms): Min: 0.0, Avg: 1.7, Max: 4.7, Diff: 4.7, Sum: 6.7]
   [Clear CT: 7.1 ms]
   [Other: 3.5 ms]
      [Choose CSet: 0.0 ms]
      [Ref Proc: 0.4 ms]
      [Ref Enq: 0.0 ms]
      [Redirty Cards: 0.3 ms]
      [Humongous Register: 0.3 ms]
      [Humongous Reclaim: 0.1 ms]
      [Free CSet: 0.5 ms]
   [Eden: 310.0M(310.0M)->0.0B(304.0M) Survivors: 2048.0K->8192.0K Heap: 1417.8M(6278.0M)->1108.7M(6278.0M)]
 [Times: user=0.07 sys=0.00, real=0.06 secs] 
2021-03-08T16:43:37.048+0800: 21581.752: Total time for which application threads were stopped: 0.0673824 seconds, Stopping threads took: 0.0004191 seconds
2021-03-08T16:43:37.048+0800: 21581.753: [GC concurrent-string-deduplication, 6640.0B->5104.0B(1536.0B), avg 63.2%, 0.0000632 secs]
   [Last Exec: 0.0000632 secs, Idle: 0.6525739 secs, Blocked: 0/0.0000000 secs]
      [Inspected:              97]
         [Skipped:              0(  0.0%)]
         [Hashed:              39( 40.2%)]
         [Known:                0(  0.0%)]
         [New:                 97(100.0%)   6640.0B]
      [Deduplicated:           39( 40.2%)   1536.0B( 23.1%)]
         [Young:               39(100.0%)   1536.0B(100.0%)]
         [Old:                  0(  0.0%)      0.0B(  0.0%)]
   [Total Exec: 2614/1.6821770 secs, Idle: 2614/21573.9547074 secs, Blocked: 32/5.5883972 secs]
      [Inspected:         2609178]
         [Skipped:              0(  0.0%)]
         [Hashed:         2023930( 77.6%)]
         [Known:            34940(  1.3%)]
         [New:            2574238( 98.7%)    141.9M]
      [Deduplicated:      1978962( 76.9%)     89.7M( 63.2%)]
         [Young:           834222( 42.2%)     39.8M( 44.4%)]
         [Old:            1144740( 57.8%)     49.9M( 55.6%)]
   [Table]
      [Memory Usage: 2237.1K]
      [Size: 65536, Min: 1024, Max: 16777216]
      [Entries: 70907, Load: 108.2%, Cached: 2696, Added: 629723, Removed: 558816]
      [Resize Count: 6, Shrink Threshold: 43690(66.7%), Grow Threshold: 131072(200.0%)]
      [Rehash Count: 0, Rehash Threshold: 120, Hash Seed: 0x0]
      [Age Threshold: 3]
   [Queue]
      [Dropped: 0]
[GC concurrent-string-deduplication, deleted 0 entries, 0.0000008 secs]
2021-03-08T16:43:37.654+0800: 21582.358: [GC pause (G1 Evacuation Pause) (young), 0.0504259 secs]
   [Parallel Time: 31.7 ms, GC Workers: 4]
      [GC Worker Start (ms): Min: 21582359.0, Avg: 21582360.2, Max: 21582361.4, Diff: 2.4]
      [Ext Root Scanning (ms): Min: 2.4, Avg: 3.5, Max: 4.6, Diff: 2.2, Sum: 14.2]
      [Update RS (ms): Min: 2.5, Avg: 3.3, Max: 5.4, Diff: 2.9, Sum: 13.1]
         [Processed Buffers: Min: 20, Avg: 27.5, Max: 34, Diff: 14, Sum: 110]
      [Scan RS (ms): Min: 0.0, Avg: 0.1, Max: 0.1, Diff: 0.1, Sum: 0.2]
      [Code Root Scanning (ms): Min: 0.0, Avg: 0.0, Max: 0.0, Diff: 0.0, Sum: 0.0]
      [Object Copy (ms): Min: 12.4, Avg: 14.4, Max: 18.8, Diff: 6.3, Sum: 57.6]
      [Termination (ms): Min: 0.0, Avg: 5.1, Max: 10.3, Diff: 10.3, Sum: 20.4]
         [Termination Attempts: Min: 1, Avg: 23.5, Max: 53, Diff: 52, Sum: 94]
      [GC Worker Other (ms): Min: 0.0, Avg: 0.0, Max: 0.0, Diff: 0.0, Sum: 0.1]
      [GC Worker Total (ms): Min: 23.9, Avg: 26.4, Max: 28.5, Diff: 4.7, Sum: 105.6]
      [GC Worker End (ms): Min: 21582385.2, Avg: 21582386.6, Max: 21582389.9, Diff: 4.6]
   [Code Root Fixup: 0.0 ms]
   [Code Root Purge: 0.0 ms]
   [String Dedup Fixup: 9.2 ms, GC Workers: 4]
      [Queue Fixup (ms): Min: 0.0, Avg: 0.0, Max: 0.0, Diff: 0.0, Sum: 0.0]
      [Table Fixup (ms): Min: 0.0, Avg: 3.5, Max: 8.2, Diff: 8.2, Sum: 14.2]
   [Clear CT: 0.3 ms]
   [Other: 9.2 ms]
      [Choose CSet: 0.0 ms]
      [Ref Proc: 6.6 ms]
      [Ref Enq: 0.0 ms]
      [Redirty Cards: 0.0 ms]
      [Humongous Register: 0.2 ms]
      [Humongous Reclaim: 0.1 ms]
      [Free CSet: 0.6 ms]
   [Eden: 304.0M(304.0M)->0.0B(300.0M) Survivors: 8192.0K->12.0M Heap: 1421.7M(6278.0M)->1111.7M(6278.0M)]
 [Times: user=0.08 sys=0.00, real=0.05 secs] 
2021-03-08T16:43:37.705+0800: 21582.410: Total time for which application threads were stopped: 0.0552971 seconds, Stopping threads took: 0.0004056 seconds
2021-03-08T16:43:37.705+0800: 21582.410: [GC concurrent-string-deduplication, 2296.0B->2176.0B(120.0B), avg 63.2%, 0.0000255 secs]
   [Last Exec: 0.0000255 secs, Idle: 0.6570138 secs, Blocked: 0/0.0000000 secs]
      [Inspected:              28]
         [Skipped:              0(  0.0%)]
         [Hashed:               4( 14.3%)]
         [Known:                0(  0.0%)]
         [New:                 28(100.0%)   2296.0B]
      [Deduplicated:            3( 10.7%)    120.0B(  5.2%)]
         [Young:                3(100.0%)    120.0B(100.0%)]
         [Old:                  0(  0.0%)      0.0B(  0.0%)]
   [Total Exec: 2615/1.6822025 secs, Idle: 2615/21574.6117212 secs, Blocked: 32/5.5883972 secs]
      [Inspected:         2609206]
         [Skipped:              0(  0.0%)]
         [Hashed:         2023934( 77.6%)]
         [Known:            34940(  1.3%)]
         [New:            2574266( 98.7%)    141.9M]
      [Deduplicated:      1978965( 76.9%)     89.7M( 63.2%)]
         [Young:           834225( 42.2%)     39.8M( 44.4%)]
         [Old:            1144740( 57.8%)     49.9M( 55.6%)]
   [Table]
      [Memory Usage: 2237.1K]
      [Size: 65536, Min: 1024, Max: 16777216]
      [Entries: 70932, Load: 108.2%, Cached: 2671, Added: 629748, Removed: 558816]
      [Resize Count: 6, Shrink Threshold: 43690(66.7%), Grow Threshold: 131072(200.0%)]
      [Rehash Count: 0, Rehash Threshold: 120, Hash Seed: 0x0]
      [Age Threshold: 3]
   [Queue]
      [Dropped: 0]
[GC concurrent-string-deduplication, deleted 0 entries, 0.0000009 secs]
2021-03-08T16:43:38.426+0800: 21583.130: [GC pause (G1 Evacuation Pause) (young), 0.0761229 secs]
   [Parallel Time: 51.7 ms, GC Workers: 4]
      [GC Worker Start (ms): Min: 21583131.3, Avg: 21583150.3, Max: 21583158.8, Diff: 27.5]
      [Ext Root Scanning (ms): Min: 0.2, Avg: 3.6, Max: 13.9, Diff: 13.7, Sum: 14.6]
      [Update RS (ms): Min: 1.2, Avg: 10.1, Max: 22.8, Diff: 21.7, Sum: 40.5]
         [Processed Buffers: Min: 1, Avg: 17.2, Max: 28, Diff: 27, Sum: 69]
      [Scan RS (ms): Min: 0.0, Avg: 0.1, Max: 0.1, Diff: 0.1, Sum: 0.2]
      [Code Root Scanning (ms): Min: 0.0, Avg: 0.0, Max: 0.0, Diff: 0.0, Sum: 0.0]
      [Object Copy (ms): Min: 4.9, Avg: 16.6, Max: 21.8, Diff: 17.0, Sum: 66.6]
      [Termination (ms): Min: 0.0, Avg: 1.6, Max: 2.1, Diff: 2.1, Sum: 6.3]
         [Termination Attempts: Min: 1, Avg: 2.8, Max: 6, Diff: 5, Sum: 11]
      [GC Worker Other (ms): Min: 0.0, Avg: 0.0, Max: 0.0, Diff: 0.0, Sum: 0.1]
      [GC Worker Total (ms): Min: 23.6, Avg: 32.1, Max: 51.0, Diff: 27.5, Sum: 128.2]
      [GC Worker End (ms): Min: 21583182.3, Avg: 21583182.3, Max: 21583182.3, Diff: 0.0]
   [Code Root Fixup: 0.0 ms]
   [Code Root Purge: 0.0 ms]
   [String Dedup Fixup: 7.0 ms, GC Workers: 4]
      [Queue Fixup (ms): Min: 0.0, Avg: 0.0, Max: 0.0, Diff: 0.0, Sum: 0.0]
      [Table Fixup (ms): Min: 0.0, Avg: 1.7, Max: 6.8, Diff: 6.8, Sum: 6.8]
   [Clear CT: 9.0 ms]
   [Other: 8.4 ms]
      [Choose CSet: 0.0 ms]
      [Ref Proc: 3.9 ms]
      [Ref Enq: 0.0 ms]
      [Redirty Cards: 2.1 ms]
      [Humongous Register: 0.2 ms]
      [Humongous Reclaim: 0.1 ms]
      [Free CSet: 0.6 ms]
   [Eden: 300.0M(300.0M)->0.0B(300.0M) Survivors: 12.0M->12.0M Heap: 1416.5M(6278.0M)->1112.1M(6278.0M)]
 [Times: user=0.06 sys=0.00, real=0.07 secs] 
2021-03-08T16:43:38.503+0800: 21583.207: Total time for which application threads were stopped: 0.0809260 seconds, Stopping threads took: 0.0004281 seconds
2021-03-08T16:43:38.503+0800: 21583.207: [GC concurrent-string-deduplication, 5728.0B->3344.0B(2384.0B), avg 63.2%, 0.0000636 secs]
   [Last Exec: 0.0000636 secs, Idle: 0.7972273 secs, Blocked: 0/0.0000000 secs]
      [Inspected:              98]
         [Skipped:              0(  0.0%)]
         [Hashed:              60( 61.2%)]
         [Known:                0(  0.0%)]
         [New:                 98(100.0%)   5728.0B]
      [Deduplicated:           60( 61.2%)   2384.0B( 41.6%)]
         [Young:               60(100.0%)   2384.0B(100.0%)]
         [Old:                  0(  0.0%)      0.0B(  0.0%)]
   [Total Exec: 2616/1.6822661 secs, Idle: 2616/21575.4089485 secs, Blocked: 32/5.5883972 secs]
      [Inspected:         2609304]
         [Skipped:              0(  0.0%)]
         [Hashed:         2023994( 77.6%)]
         [Known:            34940(  1.3%)]
         [New:            2574364( 98.7%)    141.9M]
      [Deduplicated:      1979025( 76.9%)     89.7M( 63.2%)]
         [Young:           834285( 42.2%)     39.8M( 44.4%)]
         [Old:            1144740( 57.8%)     49.9M( 55.6%)]
   [Table]
      [Memory Usage: 2237.1K]
      [Size: 65536, Min: 1024, Max: 16777216]
      [Entries: 70970, Load: 108.3%, Cached: 2633, Added: 629786, Removed: 558816]
      [Resize Count: 6, Shrink Threshold: 43690(66.7%), Grow Threshold: 131072(200.0%)]
      [Rehash Count: 0, Rehash Threshold: 120, Hash Seed: 0x0]
      [Age Threshold: 3]
   [Queue]
      [Dropped: 0]
[GC concurrent-string-deduplication, deleted 0 entries, 0.0000009 secs]
2021-03-08T16:43:39.243+0800: 21583.948: [GC pause (G1 Evacuation Pause) (young), 0.0572156 secs]
   [Parallel Time: 42.1 ms, GC Workers: 4]
      [GC Worker Start (ms): Min: 21583950.7, Avg: 21583952.6, Max: 21583954.9, Diff: 4.2]
      [Ext Root Scanning (ms): Min: 7.8, Avg: 9.7, Max: 11.7, Diff: 3.9, Sum: 38.6]
      [Update RS (ms): Min: 0.0, Avg: 0.7, Max: 1.3, Diff: 1.3, Sum: 2.6]
         [Processed Buffers: Min: 0, Avg: 10.5, Max: 24, Diff: 24, Sum: 42]
      [Scan RS (ms): Min: 0.0, Avg: 0.1, Max: 0.1, Diff: 0.1, Sum: 0.2]
      [Code Root Scanning (ms): Min: 0.0, Avg: 0.0, Max: 0.0, Diff: 0.0, Sum: 0.0]
      [Object Copy (ms): Min: 18.8, Avg: 22.5, Max: 25.8, Diff: 6.9, Sum: 90.1]
      [Termination (ms): Min: 0.0, Avg: 1.2, Max: 4.6, Diff: 4.6, Sum: 4.9]
         [Termination Attempts: Min: 1, Avg: 3.8, Max: 7, Diff: 6, Sum: 15]
      [GC Worker Other (ms): Min: 0.0, Avg: 0.0, Max: 0.1, Diff: 0.0, Sum: 0.1]
      [GC Worker Total (ms): Min: 30.8, Avg: 34.2, Max: 39.4, Diff: 8.6, Sum: 136.6]
      [GC Worker End (ms): Min: 21583985.7, Avg: 21583986.8, Max: 21583990.1, Diff: 4.4]
   [Code Root Fixup: 0.0 ms]
   [Code Root Purge: 0.0 ms]
   [String Dedup Fixup: 7.5 ms, GC Workers: 4]
      [Queue Fixup (ms): Min: 0.0, Avg: 0.0, Max: 0.0, Diff: 0.0, Sum: 0.0]
      [Table Fixup (ms): Min: 0.2, Avg: 1.8, Max: 3.2, Diff: 3.0, Sum: 7.3]
   [Clear CT: 2.1 ms]
   [Other: 5.5 ms]
      [Choose CSet: 0.0 ms]
      [Ref Proc: 3.0 ms]
      [Ref Enq: 0.0 ms]
      [Redirty Cards: 0.0 ms]
      [Humongous Register: 0.2 ms]
      [Humongous Reclaim: 0.1 ms]
      [Free CSet: 0.6 ms]
   [Eden: 300.0M(300.0M)->0.0B(296.0M) Survivors: 12.0M->16.0M Heap: 1412.1M(6278.0M)->1117.0M(6278.0M)]
 [Times: user=0.07 sys=0.02, real=0.06 secs] 
2021-03-08T16:43:39.301+0800: 21584.005: Total time for which application threads were stopped: 0.0635295 seconds, Stopping threads took: 0.0003884 seconds
2021-03-08T16:43:39.301+0800: 21584.006: [GC concurrent-string-deduplication, 6440.0B->2944.0B(3496.0B), avg 63.2%, 0.0000827 secs]
   [Last Exec: 0.0000827 secs, Idle: 0.7984224 secs, Blocked: 0/0.0000000 secs]
      [Inspected:             117]
         [Skipped:              0(  0.0%)]
         [Hashed:              84( 71.8%)]
         [Known:                0(  0.0%)]
         [New:                117(100.0%)   6440.0B]
      [Deduplicated:           83( 70.9%)   3496.0B( 54.3%)]
         [Young:               83(100.0%)   3496.0B(100.0%)]
         [Old:                  0(  0.0%)      0.0B(  0.0%)]
   [Total Exec: 2617/1.6823488 secs, Idle: 2617/21576.2073709 secs, Blocked: 32/5.5883972 secs]
      [Inspected:         2609421]
         [Skipped:              0(  0.0%)]
         [Hashed:         2024078( 77.6%)]
         [Known:            34940(  1.3%)]
         [New:            2574481( 98.7%)    141.9M]
      [Deduplicated:      1979108( 76.9%)     89.7M( 63.2%)]
         [Young:           834368( 42.2%)     39.8M( 44.4%)]
         [Old:            1144740( 57.8%)     49.9M( 55.6%)]
   [Table]
      [Memory Usage: 2237.1K]
      [Size: 65536, Min: 1024, Max: 16777216]
      [Entries: 71003, Load: 108.3%, Cached: 2600, Added: 629820, Removed: 558817]
      [Resize Count: 6, Shrink Threshold: 43690(66.7%), Grow Threshold: 131072(200.0%)]
      [Rehash Count: 0, Rehash Threshold: 120, Hash Seed: 0x0]
      [Age Threshold: 3]
   [Queue]
      [Dropped: 0]
[GC concurrent-string-deduplication, deleted 0 entries, 0.0000006 secs]
2021-03-08T16:43:40.170+0800: 21584.875: [GC pause (G1 Evacuation Pause) (young), 0.0651257 secs]
   [Parallel Time: 59.2 ms, GC Workers: 4]
      [GC Worker Start (ms): Min: 21584875.2, Avg: 21584896.3, Max: 21584904.8, Diff: 29.6]
      [Ext Root Scanning (ms): Min: 0.1, Avg: 4.2, Max: 16.3, Diff: 16.3, Sum: 16.7]
      [Update RS (ms): Min: 2.6, Avg: 9.0, Max: 19.4, Diff: 16.8, Sum: 35.8]
         [Processed Buffers: Min: 9, Avg: 29.0, Max: 58, Diff: 49, Sum: 116]
      [Scan RS (ms): Min: 0.0, Avg: 0.1, Max: 0.1, Diff: 0.1, Sum: 0.2]
      [Code Root Scanning (ms): Min: 0.0, Avg: 0.0, Max: 0.0, Diff: 0.0, Sum: 0.0]
      [Object Copy (ms): Min: 10.6, Avg: 22.7, Max: 30.6, Diff: 20.0, Sum: 90.9]
      [Termination (ms): Min: 0.0, Avg: 0.7, Max: 2.5, Diff: 2.5, Sum: 2.7]
         [Termination Attempts: Min: 27, Avg: 43.2, Max: 58, Diff: 31, Sum: 173]
      [GC Worker Other (ms): Min: 0.0, Avg: 0.0, Max: 0.0, Diff: 0.0, Sum: 0.1]
      [GC Worker Total (ms): Min: 27.7, Avg: 36.6, Max: 59.1, Diff: 31.4, Sum: 146.5]
      [GC Worker End (ms): Min: 21584932.5, Avg: 21584933.0, Max: 21584934.3, Diff: 1.7]
   [Code Root Fixup: 0.0 ms]
   [Code Root Purge: 0.0 ms]
   [String Dedup Fixup: 3.1 ms, GC Workers: 4]
      [Queue Fixup (ms): Min: 0.0, Avg: 0.0, Max: 0.0, Diff: 0.0, Sum: 0.0]
      [Table Fixup (ms): Min: 0.0, Avg: 1.5, Max: 3.0, Diff: 3.0, Sum: 6.0]
   [Clear CT: 0.1 ms]
   [Other: 2.7 ms]
      [Choose CSet: 0.0 ms]
      [Ref Proc: 0.4 ms]
      [Ref Enq: 0.0 ms]
      [Redirty Cards: 0.0 ms]
      [Humongous Register: 0.2 ms]
      [Humongous Reclaim: 0.1 ms]
      [Free CSet: 0.6 ms]
   [Eden: 296.0M(296.0M)->0.0B(774.0M) Survivors: 16.0M->18.0M Heap: 1422.5M(6278.0M)->1119.4M(6278.0M)]
 [Times: user=0.10 sys=0.01, real=0.07 secs] 
2021-03-08T16:43:40.236+0800: 21584.940: Total time for which application threads were stopped: 0.0698650 seconds, Stopping threads took: 0.0003756 seconds
2021-03-08T16:43:40.236+0800: 21584.940: [GC concurrent-string-deduplication, 11.8K->5632.0B(6408.0B), avg 63.2%, 0.0001193 secs]
   [Last Exec: 0.0001193 secs, Idle: 0.9346696 secs, Blocked: 0/0.0000000 secs]
      [Inspected:             233]
         [Skipped:              0(  0.0%)]
         [Hashed:             169( 72.5%)]
         [Known:                0(  0.0%)]
         [New:                233(100.0%)     11.8K]
      [Deduplicated:          169( 72.5%)   6408.0B( 53.2%)]
         [Young:              169(100.0%)   6408.0B(100.0%)]
         [Old:                  0(  0.0%)      0.0B(  0.0%)]
   [Total Exec: 2618/1.6824682 secs, Idle: 2618/21577.1420405 secs, Blocked: 32/5.5883972 secs]
      [Inspected:         2609654]
         [Skipped:              0(  0.0%)]
         [Hashed:         2024247( 77.6%)]
         [Known:            34940(  1.3%)]
         [New:            2574714( 98.7%)    141.9M]
      [Deduplicated:      1979277( 76.9%)     89.7M( 63.2%)]
         [Young:           834537( 42.2%)     39.8M( 44.4%)]
         [Old:            1144740( 57.8%)     49.9M( 55.6%)]
   [Table]
      [Memory Usage: 2237.1K]
      [Size: 65536, Min: 1024, Max: 16777216]
      [Entries: 71067, Load: 108.4%, Cached: 2536, Added: 629884, Removed: 558817]
      [Resize Count: 6, Shrink Threshold: 43690(66.7%), Grow Threshold: 131072(200.0%)]
      [Rehash Count: 0, Rehash Threshold: 120, Hash Seed: 0x0]
      [Age Threshold: 3]
   [Queue]
      [Dropped: 0]
[GC concurrent-string-deduplication, deleted 0 entries, 0.0000009 secs]
2021-03-08T16:43:44.136+0800: 21588.840: [GC pause (G1 Evacuation Pause) (young), 0.0696722 secs]
   [Parallel Time: 50.7 ms, GC Workers: 4]
      [GC Worker Start (ms): Min: 21588844.9, Avg: 21588846.2, Max: 21588847.6, Diff: 2.7]
      [Ext Root Scanning (ms): Min: 8.8, Avg: 14.8, Max: 21.9, Diff: 13.0, Sum: 59.3]
      [Update RS (ms): Min: 0.0, Avg: 2.6, Max: 5.2, Diff: 5.2, Sum: 10.4]
         [Processed Buffers: Min: 0, Avg: 26.8, Max: 66, Diff: 66, Sum: 107]
      [Scan RS (ms): Min: 0.0, Avg: 0.2, Max: 0.3, Diff: 0.3, Sum: 0.7]
      [Code Root Scanning (ms): Min: 0.0, Avg: 0.0, Max: 0.0, Diff: 0.0, Sum: 0.0]
      [Object Copy (ms): Min: 28.7, Avg: 31.4, Max: 33.4, Diff: 4.7, Sum: 125.5]
      [Termination (ms): Min: 0.0, Avg: 0.2, Max: 0.7, Diff: 0.7, Sum: 1.0]
         [Termination Attempts: Min: 3, Avg: 11.2, Max: 15, Diff: 12, Sum: 45]
      [GC Worker Other (ms): Min: 0.0, Avg: 0.0, Max: 0.0, Diff: 0.0, Sum: 0.1]
      [GC Worker Total (ms): Min: 47.9, Avg: 49.2, Max: 50.6, Diff: 2.7, Sum: 197.0]
      [GC Worker End (ms): Min: 21588895.4, Avg: 21588895.5, Max: 21588895.5, Diff: 0.0]
   [Code Root Fixup: 0.0 ms]
   [Code Root Purge: 0.0 ms]
   [String Dedup Fixup: 3.5 ms, GC Workers: 4]
      [Queue Fixup (ms): Min: 0.0, Avg: 0.0, Max: 0.0, Diff: 0.0, Sum: 0.0]
      [Table Fixup (ms): Min: 0.0, Avg: 2.6, Max: 3.5, Diff: 3.5, Sum: 10.3]
   [Clear CT: 0.3 ms]
   [Other: 15.2 ms]
      [Choose CSet: 0.0 ms]
      [Ref Proc: 7.8 ms]
      [Ref Enq: 0.0 ms]
      [Redirty Cards: 0.0 ms]
      [Humongous Register: 4.0 ms]
      [Humongous Reclaim: 0.1 ms]
      [Free CSet: 1.5 ms]
   [Eden: 774.0M(774.0M)->0.0B(2066.0M) Survivors: 18.0M->22.0M Heap: 1900.0M(6278.0M)->1122.8M(6278.0M)]
 [Times: user=0.13 sys=0.02, real=0.07 secs] 
2021-03-08T16:43:44.206+0800: 21588.911: Total time for which application threads were stopped: 0.0825599 seconds, Stopping threads took: 0.0023805 seconds
2021-03-08T16:43:44.207+0800: 21588.911: [GC concurrent-string-deduplication, 8064.0B->3696.0B(4368.0B), avg 63.2%, 0.0001493 secs]
   [Last Exec: 0.0001493 secs, Idle: 3.9701440 secs, Blocked: 0/0.0000000 secs]
      [Inspected:             152]
         [Skipped:              0(  0.0%)]
         [Hashed:             110( 72.4%)]
         [Known:                0(  0.0%)]
         [New:                152(100.0%)   8064.0B]
      [Deduplicated:          110( 72.4%)   4368.0B( 54.2%)]
         [Young:              110(100.0%)   4368.0B(100.0%)]
         [Old:                  0(  0.0%)      0.0B(  0.0%)]
   [Total Exec: 2619/1.6826174 secs, Idle: 2619/21581.1121845 secs, Blocked: 32/5.5883972 secs]
      [Inspected:         2609806]
         [Skipped:              0(  0.0%)]
         [Hashed:         2024357( 77.6%)]
         [Known:            34940(  1.3%)]
         [New:            2574866( 98.7%)    141.9M]
      [Deduplicated:      1979387( 76.9%)     89.7M( 63.2%)]
         [Young:           834647( 42.2%)     39.8M( 44.4%)]
         [Old:            1144740( 57.8%)     49.9M( 55.6%)]
   [Table]
      [Memory Usage: 2237.1K]
      [Size: 65536, Min: 1024, Max: 16777216]
      [Entries: 71109, Load: 108.5%, Cached: 2494, Added: 629926, Removed: 558817]
      [Resize Count: 6, Shrink Threshold: 43690(66.7%), Grow Threshold: 131072(200.0%)]
      [Rehash Count: 0, Rehash Threshold: 120, Hash Seed: 0x0]
      [Age Threshold: 3]
   [Queue]
      [Dropped: 0]
[GC concurrent-string-deduplication, deleted 0 entries, 0.0000008 secs]
2021-03-08T16:43:49.230+0800: 21593.934: Total time for which application threads were stopped: 0.0188310 seconds, Stopping threads took: 0.0133303 seconds
2021-03-08T16:43:52.239+0800: 21596.943: Total time for which application threads were stopped: 0.0083302 seconds, Stopping threads took: 0.0022284 seconds
2021-03-08T16:43:55.107+0800: 21599.811: [GC pause (G1 Evacuation Pause) (young), 0.0941823 secs]
   [Parallel Time: 79.8 ms, GC Workers: 4]
      [GC Worker Start (ms): Min: 21599814.6, Avg: 21599817.9, Max: 21599820.3, Diff: 5.8]
      [Ext Root Scanning (ms): Min: 5.4, Avg: 9.5, Max: 16.2, Diff: 10.8, Sum: 37.9]
      [Update RS (ms): Min: 1.7, Avg: 9.8, Max: 20.3, Diff: 18.6, Sum: 39.2]
         [Processed Buffers: Min: 37, Avg: 62.2, Max: 87, Diff: 50, Sum: 249]
      [Scan RS (ms): Min: 0.2, Avg: 0.4, Max: 0.5, Diff: 0.3, Sum: 1.7]
      [Code Root Scanning (ms): Min: 0.0, Avg: 0.0, Max: 0.0, Diff: 0.0, Sum: 0.1]
      [Object Copy (ms): Min: 47.9, Avg: 56.6, Max: 59.6, Diff: 11.8, Sum: 226.3]
      [Termination (ms): Min: 0.0, Avg: 0.1, Max: 0.2, Diff: 0.2, Sum: 0.5]
         [Termination Attempts: Min: 1, Avg: 15.2, Max: 28, Diff: 27, Sum: 61]
      [GC Worker Other (ms): Min: 0.0, Avg: 0.0, Max: 0.0, Diff: 0.0, Sum: 0.2]
      [GC Worker Total (ms): Min: 74.0, Avg: 76.5, Max: 79.7, Diff: 5.8, Sum: 305.8]
      [GC Worker End (ms): Min: 21599894.3, Avg: 21599894.3, Max: 21599894.3, Diff: 0.0]
   [Code Root Fixup: 0.0 ms]
   [Code Root Purge: 0.0 ms]
   [String Dedup Fixup: 4.8 ms, GC Workers: 4]
      [Queue Fixup (ms): Min: 0.0, Avg: 0.0, Max: 0.0, Diff: 0.0, Sum: 0.0]
      [Table Fixup (ms): Min: 0.0, Avg: 2.4, Max: 4.8, Diff: 4.8, Sum: 9.5]
   [Clear CT: 1.0 ms]
   [Other: 8.5 ms]
      [Choose CSet: 0.0 ms]
      [Ref Proc: 0.2 ms]
      [Ref Enq: 0.0 ms]
      [Redirty Cards: 0.0 ms]
      [Humongous Register: 2.8 ms]
      [Humongous Reclaim: 0.2 ms]
      [Free CSet: 3.5 ms]
   [Eden: 2066.0M(2066.0M)->0.0B(282.0M) Survivors: 22.0M->36.0M Heap: 3213.3M(6278.0M)->1138.0M(6278.0M)]
 [Times: user=0.19 sys=0.02, real=0.09 secs] 
2021-03-08T16:43:55.202+0800: 21599.906: Total time for which application threads were stopped: 0.0989969 seconds, Stopping threads took: 0.0003858 seconds
2021-03-08T16:43:55.202+0800: 21599.906: [GC concurrent-string-deduplication, 6352.0B->2904.0B(3448.0B), avg 63.2%, 0.0000836 secs]
   [Last Exec: 0.0000836 secs, Idle: 10.9950492 secs, Blocked: 0/0.0000000 secs]
      [Inspected:             115]
         [Skipped:              0(  0.0%)]
         [Hashed:              82( 71.3%)]
         [Known:                0(  0.0%)]
         [New:                115(100.0%)   6352.0B]
      [Deduplicated:           82( 71.3%)   3448.0B( 54.3%)]
         [Young:               82(100.0%)   3448.0B(100.0%)]
         [Old:                  0(  0.0%)      0.0B(  0.0%)]
   [Total Exec: 2620/1.6827011 secs, Idle: 2620/21592.1072337 secs, Blocked: 32/5.5883972 secs]
      [Inspected:         2609921]
         [Skipped:              0(  0.0%)]
         [Hashed:         2024439( 77.6%)]
         [Known:            34940(  1.3%)]
         [New:            2574981( 98.7%)    141.9M]
      [Deduplicated:      1979469( 76.9%)     89.7M( 63.2%)]
         [Young:           834729( 42.2%)     39.8M( 44.4%)]
         [Old:            1144740( 57.8%)     49.9M( 55.6%)]
   [Table]
      [Memory Usage: 2237.1K]
      [Size: 65536, Min: 1024, Max: 16777216]
      [Entries: 71142, Load: 108.6%, Cached: 2461, Added: 629959, Removed: 558817]
      [Resize Count: 6, Shrink Threshold: 43690(66.7%), Grow Threshold: 131072(200.0%)]
      [Rehash Count: 0, Rehash Threshold: 120, Hash Seed: 0x0]
      [Age Threshold: 3]
   [Queue]
      [Dropped: 0]
[GC concurrent-string-deduplication, deleted 0 entries, 0.0000009 secs]
2021-03-08T16:43:56.204+0800: 21600.908: [GC pause (G1 Evacuation Pause) (young), 0.1381548 secs]
   [Parallel Time: 122.6 ms, GC Workers: 4]
      [GC Worker Start (ms): Min: 21600909.7, Avg: 21600925.7, Max: 21600942.2, Diff: 32.6]
      [Ext Root Scanning (ms): Min: 0.2, Avg: 13.4, Max: 33.8, Diff: 33.6, Sum: 53.7]
      [Update RS (ms): Min: 0.0, Avg: 8.7, Max: 20.3, Diff: 20.3, Sum: 34.9]
         [Processed Buffers: Min: 0, Avg: 19.5, Max: 39, Diff: 39, Sum: 78]
      [Scan RS (ms): Min: 0.0, Avg: 0.1, Max: 0.2, Diff: 0.2, Sum: 0.2]
      [Code Root Scanning (ms): Min: 0.0, Avg: 0.0, Max: 0.0, Diff: 0.0, Sum: 0.0]
      [Object Copy (ms): Min: 56.7, Avg: 66.6, Max: 73.7, Diff: 17.0, Sum: 266.6]
      [Termination (ms): Min: 0.0, Avg: 5.4, Max: 15.1, Diff: 15.1, Sum: 21.6]
         [Termination Attempts: Min: 1, Avg: 42.0, Max: 62, Diff: 61, Sum: 168]
      [GC Worker Other (ms): Min: 0.0, Avg: 0.0, Max: 0.1, Diff: 0.0, Sum: 0.1]
      [GC Worker Total (ms): Min: 75.0, Avg: 94.3, Max: 114.0, Diff: 39.0, Sum: 377.2]
      [GC Worker End (ms): Min: 21601017.3, Avg: 21601020.0, Max: 21601028.3, Diff: 11.0]
   [Code Root Fixup: 0.0 ms]
   [Code Root Purge: 0.0 ms]
   [String Dedup Fixup: 9.9 ms, GC Workers: 4]
      [Queue Fixup (ms): Min: 0.0, Avg: 0.0, Max: 0.0, Diff: 0.0, Sum: 0.0]
      [Table Fixup (ms): Min: 0.0, Avg: 2.1, Max: 7.1, Diff: 7.1, Sum: 8.6]
   [Clear CT: 0.2 ms]
   [Other: 5.4 ms]
      [Choose CSet: 0.0 ms]
      [Ref Proc: 2.2 ms]
      [Ref Enq: 0.0 ms]
      [Redirty Cards: 0.1 ms]
      [Humongous Register: 0.4 ms]
      [Humongous Reclaim: 0.1 ms]
      [Free CSet: 0.6 ms]
   [Eden: 282.0M(282.0M)->0.0B(3746.0M) Survivors: 36.0M->20.0M Heap: 1424.5M(6278.0M)->1139.3M(6278.0M)]
 [Times: user=0.17 sys=0.01, real=0.13 secs] 
2021-03-08T16:43:56.343+0800: 21601.047: Total time for which application threads were stopped: 0.1441929 seconds, Stopping threads took: 0.0004179 seconds
2021-03-08T16:43:56.346+0800: 21601.050: [GC concurrent-string-deduplication, 14.6K->8832.0B(6072.0B), avg 63.2%, 0.0001963 secs]
   [Last Exec: 0.0001963 secs, Idle: 1.1440737 secs, Blocked: 0/0.0000000 secs]
      [Inspected:             252]
         [Skipped:              0(  0.0%)]
         [Hashed:             152( 60.3%)]
         [Known:                0(  0.0%)]
         [New:                252(100.0%)     14.6K]
      [Deduplicated:          151( 59.9%)   6072.0B( 40.7%)]
         [Young:                0(  0.0%)      0.0B(  0.0%)]
         [Old:                151(100.0%)   6072.0B(100.0%)]
   [Total Exec: 2621/1.6828974 secs, Idle: 2621/21593.2513075 secs, Blocked: 32/5.5883972 secs]
      [Inspected:         2610173]
         [Skipped:              0(  0.0%)]
         [Hashed:         2024591( 77.6%)]
         [Known:            34940(  1.3%)]
         [New:            2575233( 98.7%)    142.0M]
      [Deduplicated:      1979620( 76.9%)     89.7M( 63.2%)]
         [Young:           834729( 42.2%)     39.8M( 44.4%)]
         [Old:            1144891( 57.8%)     49.9M( 55.6%)]
   [Table]
      [Memory Usage: 2237.1K]
      [Size: 65536, Min: 1024, Max: 16777216]
      [Entries: 71243, Load: 108.7%, Cached: 2360, Added: 630060, Removed: 558817]
      [Resize Count: 6, Shrink Threshold: 43690(66.7%), Grow Threshold: 131072(200.0%)]
      [Rehash Count: 0, Rehash Threshold: 120, Hash Seed: 0x0]
      [Age Threshold: 3]
   [Queue]
      [Dropped: 0]
[GC concurrent-string-deduplication, deleted 0 entries, 0.0000009 secs]
2021-03-08T16:43:56.802+0800: 21601.506: Total time for which application threads were stopped: 0.0042621 seconds, Stopping threads took: 0.0004277 seconds
2021-03-08T16:43:57.806+0800: 21602.511: Total time for which application threads were stopped: 0.0042672 seconds, Stopping threads took: 0.0005049 seconds
2021-03-08T16:44:01.823+0800: 21606.527: Total time for which application threads were stopped: 0.0209141 seconds, Stopping threads took: 0.0129048 seconds
2021-03-08T16:44:01.844+0800: 21606.548: Total time for which application threads were stopped: 0.0044560 seconds, Stopping threads took: 0.0003783 seconds
2021-03-08T16:44:14.208+0800: 21618.912: [GC pause (G1 Evacuation Pause) (young), 0.2467149 secs]
   [Parallel Time: 203.8 ms, GC Workers: 4]
      [GC Worker Start (ms): Min: 21618914.6, Avg: 21618917.5, Max: 21618919.2, Diff: 4.6]
      [Ext Root Scanning (ms): Min: 21.7, Avg: 27.2, Max: 33.9, Diff: 12.2, Sum: 108.9]
      [Update RS (ms): Min: 46.8, Avg: 51.3, Max: 55.7, Diff: 8.8, Sum: 205.2]
         [Processed Buffers: Min: 55, Avg: 78.8, Max: 139, Diff: 84, Sum: 315]
      [Scan RS (ms): Min: 0.2, Avg: 5.5, Max: 16.6, Diff: 16.4, Sum: 21.9]
      [Code Root Scanning (ms): Min: 0.0, Avg: 0.0, Max: 0.1, Diff: 0.1, Sum: 0.1]
      [Object Copy (ms): Min: 106.9, Avg: 116.2, Max: 121.0, Diff: 14.1, Sum: 464.6]
      [Termination (ms): Min: 0.3, Avg: 0.5, Max: 0.9, Diff: 0.6, Sum: 2.0]
         [Termination Attempts: Min: 15, Avg: 35.0, Max: 60, Diff: 45, Sum: 140]
      [GC Worker Other (ms): Min: 0.0, Avg: 0.1, Max: 0.2, Diff: 0.2, Sum: 0.3]
      [GC Worker Total (ms): Min: 198.9, Avg: 200.7, Max: 203.6, Diff: 4.8, Sum: 803.0]
      [GC Worker End (ms): Min: 21619118.1, Avg: 21619118.2, Max: 21619118.3, Diff: 0.2]
   [Code Root Fixup: 0.0 ms]
   [Code Root Purge: 0.0 ms]
   [String Dedup Fixup: 23.0 ms, GC Workers: 4]
      [Queue Fixup (ms): Min: 0.0, Avg: 0.0, Max: 0.0, Diff: 0.0, Sum: 0.0]
      [Table Fixup (ms): Min: 0.0, Avg: 7.1, Max: 21.4, Diff: 21.4, Sum: 28.6]
   [Clear CT: 6.9 ms]
   [Other: 12.9 ms]
      [Choose CSet: 0.0 ms]
      [Ref Proc: 2.3 ms]
      [Ref Enq: 0.0 ms]
      [Redirty Cards: 0.3 ms]
      [Humongous Register: 1.5 ms]
      [Humongous Reclaim: 0.2 ms]
      [Free CSet: 7.0 ms]
   [Eden: 3746.0M(3746.0M)->0.0B(250.0M) Survivors: 20.0M->62.0M Heap: 4911.9M(6278.0M)->1181.6M(6278.0M)]
 [Times: user=0.29 sys=0.06, real=0.25 secs] 
2021-03-08T16:44:14.456+0800: 21619.160: Total time for which application threads were stopped: 0.2705164 seconds, Stopping threads took: 0.0152412 seconds
2021-03-08T16:44:14.456+0800: 21619.160: [GC concurrent-string-deduplication, 47.7K->24.1K(23.7K), avg 63.2%, 0.0004928 secs]
   [Last Exec: 0.0004928 secs, Idle: 18.1093801 secs, Blocked: 0/0.0000000 secs]
      [Inspected:             866]
         [Skipped:              0(  0.0%)]
         [Hashed:             595( 68.7%)]
         [Known:                0(  0.0%)]
         [New:                866(100.0%)     47.7K]
      [Deduplicated:          587( 67.8%)     23.7K( 49.5%)]
         [Young:              587(100.0%)     23.7K(100.0%)]
         [Old:                  0(  0.0%)      0.0B(  0.0%)]
   [Total Exec: 2622/1.6833902 secs, Idle: 2622/21611.3606875 secs, Blocked: 32/5.5883972 secs]
      [Inspected:         2611039]
         [Skipped:              0(  0.0%)]
         [Hashed:         2025186( 77.6%)]
         [Known:            34940(  1.3%)]
         [New:            2576099( 98.7%)    142.0M]
      [Deduplicated:      1980207( 76.9%)     89.7M( 63.2%)]
         [Young:           835316( 42.2%)     39.8M( 44.4%)]
         [Old:            1144891( 57.8%)     49.9M( 55.6%)]
   [Table]
      [Memory Usage: 2237.1K]
      [Size: 65536, Min: 1024, Max: 16777216]
      [Entries: 71522, Load: 109.1%, Cached: 2081, Added: 630339, Removed: 558817]
      [Resize Count: 6, Shrink Threshold: 43690(66.7%), Grow Threshold: 131072(200.0%)]
      [Rehash Count: 0, Rehash Threshold: 120, Hash Seed: 0x0]
      [Age Threshold: 3]
   [Queue]
      [Dropped: 0]
[GC concurrent-string-deduplication, deleted 0 entries, 0.0000008 secs]
2021-03-08T16:44:15.157+0800: 21619.861: [GC pause (G1 Evacuation Pause) (young), 0.1572179 secs]
   [Parallel Time: 133.1 ms, GC Workers: 4]
      [GC Worker Start (ms): Min: 21619862.3, Avg: 21619871.5, Max: 21619893.0, Diff: 30.8]
      [Ext Root Scanning (ms): Min: 0.2, Avg: 9.8, Max: 14.6, Diff: 14.4, Sum: 39.2]
      [Update RS (ms): Min: 0.0, Avg: 0.9, Max: 1.8, Diff: 1.8, Sum: 3.4]
         [Processed Buffers: Min: 0, Avg: 12.8, Max: 26, Diff: 26, Sum: 51]
      [Scan RS (ms): Min: 0.0, Avg: 0.1, Max: 0.1, Diff: 0.1, Sum: 0.3]
      [Code Root Scanning (ms): Min: 0.0, Avg: 0.0, Max: 0.0, Diff: 0.0, Sum: 0.0]
      [Object Copy (ms): Min: 99.6, Avg: 111.1, Max: 116.7, Diff: 17.1, Sum: 444.3]
      [Termination (ms): Min: 0.0, Avg: 1.1, Max: 1.5, Diff: 1.5, Sum: 4.4]
         [Termination Attempts: Min: 1, Avg: 3.2, Max: 5, Diff: 4, Sum: 13]
      [GC Worker Other (ms): Min: 0.0, Avg: 0.0, Max: 0.0, Diff: 0.0, Sum: 0.1]
      [GC Worker Total (ms): Min: 101.4, Avg: 122.9, Max: 132.1, Diff: 30.8, Sum: 491.7]
      [GC Worker End (ms): Min: 21619994.4, Avg: 21619994.4, Max: 21619994.4, Diff: 0.0]
   [Code Root Fixup: 0.0 ms]
   [Code Root Purge: 0.0 ms]
   [String Dedup Fixup: 5.5 ms, GC Workers: 4]
      [Queue Fixup (ms): Min: 0.0, Avg: 0.0, Max: 0.0, Diff: 0.0, Sum: 0.0]
      [Table Fixup (ms): Min: 0.0, Avg: 1.5, Max: 2.1, Diff: 2.1, Sum: 6.1]
   [Clear CT: 11.9 ms]
   [Other: 6.7 ms]
      [Choose CSet: 0.0 ms]
      [Ref Proc: 0.1 ms]
      [Ref Enq: 0.0 ms]
      [Redirty Cards: 4.0 ms]
      [Humongous Register: 0.2 ms]
      [Humongous Reclaim: 0.1 ms]
      [Free CSet: 0.6 ms]
   [Eden: 250.0M(250.0M)->0.0B(3760.0M) Survivors: 62.0M->6144.0K Heap: 1431.6M(6278.0M)->1180.9M(6278.0M)]
 [Times: user=0.24 sys=0.02, real=0.16 secs] 
2021-03-08T16:44:15.315+0800: 21620.019: Total time for which application threads were stopped: 0.1620766 seconds, Stopping threads took: 0.0004022 seconds
2021-03-08T16:44:15.316+0800: 21620.020: [GC concurrent-string-deduplication, 90.9K->44.0K(46.9K), avg 63.2%, 0.0008363 secs]
   [Last Exec: 0.0008363 secs, Idle: 0.8583917 secs, Blocked: 0/0.0000000 secs]
      [Inspected:            1673]
         [Skipped:              0(  0.0%)]
         [Hashed:            1166( 69.7%)]
         [Known:                0(  0.0%)]
         [New:               1673(100.0%)     90.9K]
      [Deduplicated:         1152( 68.9%)     46.9K( 51.6%)]
         [Young:                0(  0.0%)      0.0B(  0.0%)]
         [Old:               1152(100.0%)     46.9K(100.0%)]
   [Total Exec: 2623/1.6842265 secs, Idle: 2623/21612.2190793 secs, Blocked: 32/5.5883972 secs]
      [Inspected:         2612712]
         [Skipped:              0(  0.0%)]
         [Hashed:         2026352( 77.6%)]
         [Known:            34940(  1.3%)]
         [New:            2577772( 98.7%)    142.1M]
      [Deduplicated:      1981359( 76.9%)     89.8M( 63.2%)]
         [Young:           835316( 42.2%)     39.8M( 44.4%)]
         [Old:            1146043( 57.8%)     49.9M( 55.6%)]
   [Table]
      [Memory Usage: 2237.1K]
      [Size: 65536, Min: 1024, Max: 16777216]
      [Entries: 72043, Load: 109.9%, Cached: 1560, Added: 630860, Removed: 558817]
      [Resize Count: 6, Shrink Threshold: 43690(66.7%), Grow Threshold: 131072(200.0%)]
      [Rehash Count: 0, Rehash Threshold: 120, Hash Seed: 0x0]
      [Age Threshold: 3]
   [Queue]
      [Dropped: 0]
[GC concurrent-string-deduplication, deleted 0 entries, 0.0000012 secs]
2021-03-08T16:44:22.330+0800: 21627.034: Total time for which application threads were stopped: 0.0104303 seconds, Stopping threads took: 0.0023285 seconds
2021-03-08T16:44:24.334+0800: 21629.038: Total time for which application threads were stopped: 0.0040412 seconds, Stopping threads took: 0.0004727 seconds
2021-03-08T16:44:27.785+0800: 21632.489: Total time for which application threads were stopped: 0.0176023 seconds, Stopping threads took: 0.0092407 seconds
2021-03-08T16:44:27.789+0800: 21632.493: Total time for which application threads were stopped: 0.0035072 seconds, Stopping threads took: 0.0001206 seconds
2021-03-08T16:44:29.818+0800: 21634.522: [GC pause (G1 Evacuation Pause) (young), 0.1485722 secs]
   [Parallel Time: 133.7 ms, GC Workers: 4]
      [GC Worker Start (ms): Min: 21634523.9, Avg: 21634525.9, Max: 21634528.5, Diff: 4.6]
      [Ext Root Scanning (ms): Min: 9.8, Avg: 15.3, Max: 19.9, Diff: 10.1, Sum: 61.1]
      [Update RS (ms): Min: 59.3, Avg: 68.6, Max: 74.2, Diff: 15.0, Sum: 274.3]
         [Processed Buffers: Min: 73, Avg: 111.2, Max: 145, Diff: 72, Sum: 445]
      [Scan RS (ms): Min: 0.2, Avg: 0.7, Max: 1.6, Diff: 1.4, Sum: 2.9]
      [Code Root Scanning (ms): Min: 0.0, Avg: 0.0, Max: 0.1, Diff: 0.1, Sum: 0.1]
      [Object Copy (ms): Min: 40.7, Avg: 45.0, Max: 47.9, Diff: 7.2, Sum: 180.1]
      [Termination (ms): Min: 0.0, Avg: 0.6, Max: 1.0, Diff: 1.0, Sum: 2.6]
         [Termination Attempts: Min: 1, Avg: 49.2, Max: 95, Diff: 94, Sum: 197]
      [GC Worker Other (ms): Min: 0.0, Avg: 0.1, Max: 0.2, Diff: 0.2, Sum: 0.4]
      [GC Worker Total (ms): Min: 127.9, Avg: 130.3, Max: 132.3, Diff: 4.4, Sum: 521.4]
      [GC Worker End (ms): Min: 21634656.2, Avg: 21634656.2, Max: 21634656.4, Diff: 0.2]
   [Code Root Fixup: 0.0 ms]
   [Code Root Purge: 0.0 ms]
   [String Dedup Fixup: 2.6 ms, GC Workers: 4]
      [Queue Fixup (ms): Min: 0.0, Avg: 0.0, Max: 0.0, Diff: 0.0, Sum: 0.0]
      [Table Fixup (ms): Min: 2.5, Avg: 2.5, Max: 2.5, Diff: 0.1, Sum: 10.1]
   [Clear CT: 2.9 ms]
   [Other: 9.4 ms]
      [Choose CSet: 0.0 ms]
      [Ref Proc: 0.3 ms]
      [Ref Enq: 0.0 ms]
      [Redirty Cards: 0.1 ms]
      [Humongous Register: 1.6 ms]
      [Humongous Reclaim: 0.2 ms]
      [Free CSet: 5.9 ms]
   [Eden: 3760.0M(3760.0M)->0.0B(3742.0M) Survivors: 6144.0K->24.0M Heap: 4966.5M(6278.0M)->1199.4M(6278.0M)]
 [Times: user=0.21 sys=0.04, real=0.15 secs] 
2021-03-08T16:44:29.967+0800: 21634.671: Total time for which application threads were stopped: 0.1534256 seconds, Stopping threads took: 0.0003946 seconds
2021-03-08T16:44:47.037+0800: 21651.742: [GC pause (G1 Evacuation Pause) (young), 0.1283076 secs]
   [Parallel Time: 98.8 ms, GC Workers: 4]
      [GC Worker Start (ms): Min: 21651743.5, Avg: 21651753.1, Max: 21651756.3, Diff: 12.8]
      [Ext Root Scanning (ms): Min: 7.2, Avg: 14.1, Max: 22.4, Diff: 15.2, Sum: 56.5]
      [Update RS (ms): Min: 4.6, Avg: 18.4, Max: 28.5, Diff: 23.9, Sum: 73.4]
         [Processed Buffers: Min: 18, Avg: 69.5, Max: 122, Diff: 104, Sum: 278]
      [Scan RS (ms): Min: 0.4, Avg: 0.8, Max: 1.1, Diff: 0.7, Sum: 3.1]
      [Code Root Scanning (ms): Min: 0.0, Avg: 0.0, Max: 0.0, Diff: 0.0, Sum: 0.1]
      [Object Copy (ms): Min: 44.1, Avg: 50.4, Max: 53.5, Diff: 9.5, Sum: 201.6]
      [Termination (ms): Min: 0.0, Avg: 1.4, Max: 2.0, Diff: 1.9, Sum: 5.7]
         [Termination Attempts: Min: 1, Avg: 27.8, Max: 40, Diff: 39, Sum: 111]
      [GC Worker Other (ms): Min: 0.0, Avg: 1.0, Max: 4.0, Diff: 4.0, Sum: 4.2]
      [GC Worker Total (ms): Min: 82.0, Avg: 86.2, Max: 94.8, Diff: 12.8, Sum: 344.7]
      [GC Worker End (ms): Min: 21651838.3, Avg: 21651839.3, Max: 21651842.2, Diff: 4.0]
   [Code Root Fixup: 0.0 ms]
   [Code Root Purge: 0.0 ms]
   [String Dedup Fixup: 8.1 ms, GC Workers: 4]
      [Queue Fixup (ms): Min: 0.0, Avg: 0.0, Max: 0.0, Diff: 0.0, Sum: 0.0]
      [Table Fixup (ms): Min: 0.2, Avg: 2.5, Max: 4.3, Diff: 4.1, Sum: 10.2]
   [Clear CT: 8.2 ms]
   [Other: 13.1 ms]
      [Choose CSet: 0.0 ms]
      [Ref Proc: 4.2 ms]
      [Ref Enq: 0.0 ms]
      [Redirty Cards: 0.1 ms]
      [Humongous Register: 1.4 ms]
      [Humongous Reclaim: 0.2 ms]
      [Free CSet: 5.7 ms]
   [Eden: 3742.0M(3742.0M)->0.0B(2320.0M) Survivors: 24.0M->40.0M Heap: 4967.6M(6278.0M)->1215.2M(6278.0M)]
 [Times: user=0.22 sys=0.03, real=0.13 secs] 
2021-03-08T16:44:47.166+0800: 21651.871: Total time for which application threads were stopped: 0.1604106 seconds, Stopping threads took: 0.0242447 seconds
2021-03-08T16:44:47.166+0800: 21651.871: [GC concurrent-string-deduplication, 176.0B->0.0B(176.0B), avg 63.2%, 0.0000147 secs]
   [Last Exec: 0.0000147 secs, Idle: 31.8508335 secs, Blocked: 0/0.0000000 secs]
      [Inspected:               5]
         [Skipped:              0(  0.0%)]
         [Hashed:               5(100.0%)]
         [Known:                0(  0.0%)]
         [New:                  5(100.0%)    176.0B]
      [Deduplicated:            5(100.0%)    176.0B(100.0%)]
         [Young:                5(100.0%)    176.0B(100.0%)]
         [Old:                  0(  0.0%)      0.0B(  0.0%)]
   [Total Exec: 2624/1.6842413 secs, Idle: 2624/21644.0699128 secs, Blocked: 32/5.5883972 secs]
      [Inspected:         2612717]
         [Skipped:              0(  0.0%)]
         [Hashed:         2026357( 77.6%)]
         [Known:            34940(  1.3%)]
         [New:            2577777( 98.7%)    142.1M]
      [Deduplicated:      1981364( 76.9%)     89.8M( 63.2%)]
         [Young:           835321( 42.2%)     39.8M( 44.4%)]
         [Old:            1146043( 57.8%)     49.9M( 55.6%)]
   [Table]
      [Memory Usage: 2237.1K]
      [Size: 65536, Min: 1024, Max: 16777216]
      [Entries: 72043, Load: 109.9%, Cached: 1560, Added: 630860, Removed: 558817]
      [Resize Count: 6, Shrink Threshold: 43690(66.7%), Grow Threshold: 131072(200.0%)]
      [Rehash Count: 0, Rehash Threshold: 120, Hash Seed: 0x0]
      [Age Threshold: 3]
   [Queue]
      [Dropped: 0]
[GC concurrent-string-deduplication, deleted 0 entries, 0.0000009 secs]
2021-03-08T16:44:57.724+0800: 21662.428: [GC pause (G1 Evacuation Pause) (young), 0.1231270 secs]
   [Parallel Time: 100.2 ms, GC Workers: 4]
      [GC Worker Start (ms): Min: 21662431.2, Avg: 21662433.5, Max: 21662435.9, Diff: 4.7]
      [Ext Root Scanning (ms): Min: 6.9, Avg: 15.3, Max: 22.2, Diff: 15.3, Sum: 61.3]
      [Update RS (ms): Min: 6.6, Avg: 13.5, Max: 23.9, Diff: 17.3, Sum: 54.0]
         [Processed Buffers: Min: 3, Avg: 50.2, Max: 86, Diff: 83, Sum: 201]
      [Scan RS (ms): Min: 0.2, Avg: 4.7, Max: 17.2, Diff: 17.0, Sum: 18.7]
      [Code Root Scanning (ms): Min: 0.0, Avg: 0.0, Max: 0.0, Diff: 0.0, Sum: 0.1]
      [Object Copy (ms): Min: 48.5, Avg: 58.5, Max: 65.4, Diff: 16.9, Sum: 234.2]
      [Termination (ms): Min: 0.2, Avg: 0.2, Max: 0.3, Diff: 0.1, Sum: 1.0]
         [Termination Attempts: Min: 254, Avg: 326.0, Max: 413, Diff: 159, Sum: 1304]
      [GC Worker Other (ms): Min: 0.0, Avg: 0.9, Max: 3.4, Diff: 3.4, Sum: 3.6]
      [GC Worker Total (ms): Min: 90.0, Avg: 93.2, Max: 98.1, Diff: 8.1, Sum: 372.7]
      [GC Worker End (ms): Min: 21662525.8, Avg: 21662526.7, Max: 21662529.2, Diff: 3.4]
   [Code Root Fixup: 0.0 ms]
   [Code Root Purge: 0.0 ms]
   [String Dedup Fixup: 5.7 ms, GC Workers: 4]
      [Queue Fixup (ms): Min: 0.0, Avg: 0.0, Max: 0.0, Diff: 0.0, Sum: 0.0]
      [Table Fixup (ms): Min: 2.1, Avg: 2.9, Max: 3.2, Diff: 1.1, Sum: 11.6]
   [Clear CT: 0.8 ms]
   [Other: 16.4 ms]
      [Choose CSet: 0.0 ms]
      [Ref Proc: 3.6 ms]
      [Ref Enq: 0.0 ms]
      [Redirty Cards: 4.8 ms]
      [Humongous Register: 2.2 ms]
      [Humongous Reclaim: 0.2 ms]
      [Free CSet: 3.9 ms]
   [Eden: 2320.0M(2320.0M)->0.0B(2670.0M) Survivors: 40.0M->48.0M Heap: 3553.5M(6278.0M)->1224.3M(6278.0M)]
 [Times: user=0.24 sys=0.03, real=0.13 secs] 
2021-03-08T16:44:57.848+0800: 21662.552: Total time for which application threads were stopped: 0.1332353 seconds, Stopping threads took: 0.0022279 seconds
2021-03-08T16:44:57.849+0800: 21662.553: [GC concurrent-string-deduplication, 67.5K->35.7K(31.7K), avg 63.2%, 0.0006787 secs]
   [Last Exec: 0.0006787 secs, Idle: 10.6815092 secs, Blocked: 0/0.0000000 secs]
      [Inspected:            1243]
         [Skipped:              0(  0.0%)]
         [Hashed:             829( 66.7%)]
         [Known:                0(  0.0%)]
         [New:               1243(100.0%)     67.5K]
      [Deduplicated:          826( 66.5%)     31.7K( 47.0%)]
         [Young:              826(100.0%)     31.7K(100.0%)]
         [Old:                  0(  0.0%)      0.0B(  0.0%)]
   [Total Exec: 2625/1.6849200 secs, Idle: 2625/21654.7514220 secs, Blocked: 32/5.5883972 secs]
      [Inspected:         2613960]
         [Skipped:              0(  0.0%)]
         [Hashed:         2027186( 77.6%)]
         [Known:            34940(  1.3%)]
         [New:            2579020( 98.7%)    142.2M]
      [Deduplicated:      1982190( 76.9%)     89.8M( 63.2%)]
         [Young:           836147( 42.2%)     39.9M( 44.4%)]
         [Old:            1146043( 57.8%)     49.9M( 55.6%)]
   [Table]
      [Memory Usage: 2237.1K]
      [Size: 65536, Min: 1024, Max: 16777216]
      [Entries: 72460, Load: 110.6%, Cached: 1143, Added: 631277, Removed: 558817]
      [Resize Count: 6, Shrink Threshold: 43690(66.7%), Grow Threshold: 131072(200.0%)]
      [Rehash Count: 0, Rehash Threshold: 120, Hash Seed: 0x0]
      [Age Threshold: 3]
   [Queue]
      [Dropped: 0]
[GC concurrent-string-deduplication, deleted 0 entries, 0.0000011 secs]
2021-03-08T16:44:58.097+0800: 21662.801: Total time for which application threads were stopped: 0.0043073 seconds, Stopping threads took: 0.0004040 seconds
2021-03-08T16:44:58.101+0800: 21662.805: Total time for which application threads were stopped: 0.0037936 seconds, Stopping threads took: 0.0001283 seconds
2021-03-08T16:45:14.236+0800: 21678.940: [GC pause (G1 Evacuation Pause) (young), 0.1276814 secs]
   [Parallel Time: 104.4 ms, GC Workers: 4]
      [GC Worker Start (ms): Min: 21678942.9, Avg: 21678948.1, Max: 21678959.8, Diff: 17.0]
      [Ext Root Scanning (ms): Min: 0.2, Avg: 8.5, Max: 12.7, Diff: 12.5, Sum: 33.9]
      [Update RS (ms): Min: 10.3, Avg: 12.2, Max: 13.2, Diff: 2.8, Sum: 48.8]
         [Processed Buffers: Min: 39, Avg: 77.5, Max: 110, Diff: 71, Sum: 310]
      [Scan RS (ms): Min: 0.1, Avg: 0.7, Max: 1.4, Diff: 1.3, Sum: 2.9]
      [Code Root Scanning (ms): Min: 0.0, Avg: 0.0, Max: 0.0, Diff: 0.0, Sum: 0.1]
      [Object Copy (ms): Min: 73.1, Avg: 74.7, Max: 76.9, Diff: 3.8, Sum: 298.7]
      [Termination (ms): Min: 0.1, Avg: 2.0, Max: 2.7, Diff: 2.6, Sum: 8.1]
         [Termination Attempts: Min: 98, Avg: 101.0, Max: 107, Diff: 9, Sum: 404]
      [GC Worker Other (ms): Min: 0.0, Avg: 0.1, Max: 0.1, Diff: 0.1, Sum: 0.3]
      [GC Worker Total (ms): Min: 86.4, Avg: 98.2, Max: 103.4, Diff: 16.9, Sum: 392.7]
      [GC Worker End (ms): Min: 21679046.2, Avg: 21679046.2, Max: 21679046.3, Diff: 0.1]
   [Code Root Fixup: 0.0 ms]
   [Code Root Purge: 0.0 ms]
   [String Dedup Fixup: 2.6 ms, GC Workers: 4]
      [Queue Fixup (ms): Min: 0.0, Avg: 0.0, Max: 0.0, Diff: 0.0, Sum: 0.0]
      [Table Fixup (ms): Min: 2.5, Avg: 2.6, Max: 2.6, Diff: 0.1, Sum: 10.2]
   [Clear CT: 0.8 ms]
   [Other: 19.7 ms]
      [Choose CSet: 0.0 ms]
      [Ref Proc: 12.1 ms]
      [Ref Enq: 0.0 ms]
      [Redirty Cards: 0.1 ms]
      [Humongous Register: 1.8 ms]
      [Humongous Reclaim: 0.2 ms]
      [Free CSet: 4.0 ms]
   [Eden: 2670.0M(2670.0M)->0.0B(1904.0M) Survivors: 48.0M->62.0M Heap: 3923.9M(6278.0M)->1238.6M(6278.0M)]
 [Times: user=0.30 sys=0.05, real=0.13 secs] 
2021-03-08T16:45:14.365+0800: 21679.069: Total time for which application threads were stopped: 0.1381887 seconds, Stopping threads took: 0.0026777 seconds
2021-03-08T16:45:14.365+0800: 21679.069: [GC concurrent-string-deduplication, 52.6K->32.2K(20.4K), avg 63.2%, 0.0005096 secs]
   [Last Exec: 0.0005096 secs, Idle: 16.5159109 secs, Blocked: 0/0.0000000 secs]
      [Inspected:             884]
         [Skipped:              0(  0.0%)]
         [Hashed:             510( 57.7%)]
         [Known:                0(  0.0%)]
         [New:                884(100.0%)     52.6K]
      [Deduplicated:          509( 57.6%)     20.4K( 38.8%)]
         [Young:              509(100.0%)     20.4K(100.0%)]
         [Old:                  0(  0.0%)      0.0B(  0.0%)]
   [Total Exec: 2626/1.6854296 secs, Idle: 2626/21671.2673329 secs, Blocked: 32/5.5883972 secs]
      [Inspected:         2614844]
         [Skipped:              0(  0.0%)]
         [Hashed:         2027696( 77.5%)]
         [Known:            34940(  1.3%)]
         [New:            2579904( 98.7%)    142.2M]
      [Deduplicated:      1982699( 76.9%)     89.8M( 63.2%)]
         [Young:           836656( 42.2%)     39.9M( 44.4%)]
         [Old:            1146043( 57.8%)     49.9M( 55.6%)]
   [Table]
      [Memory Usage: 2237.1K]
      [Size: 65536, Min: 1024, Max: 16777216]
      [Entries: 72835, Load: 111.1%, Cached: 768, Added: 631652, Removed: 558817]
      [Resize Count: 6, Shrink Threshold: 43690(66.7%), Grow Threshold: 131072(200.0%)]
      [Rehash Count: 0, Rehash Threshold: 120, Hash Seed: 0x0]
      [Age Threshold: 3]
   [Queue]
      [Dropped: 0]
[GC concurrent-string-deduplication, deleted 0 entries, 0.0000009 secs]
2021-03-08T16:45:16.372+0800: 21681.076: Total time for which application threads were stopped: 0.0074393 seconds, Stopping threads took: 0.0036506 seconds
2021-03-08T16:45:21.564+0800: 21686.268: Total time for which application threads were stopped: 0.0152360 seconds, Stopping threads took: 0.0075948 seconds
2021-03-08T16:45:21.571+0800: 21686.275: Total time for which application threads were stopped: 0.0045750 seconds, Stopping threads took: 0.0004696 seconds
2021-03-08T16:45:22.571+0800: 21687.275: Total time for which application threads were stopped: 0.0043609 seconds, Stopping threads took: 0.0004211 seconds
2021-03-08T16:45:22.575+0800: 21687.280: Total time for which application threads were stopped: 0.0043762 seconds, Stopping threads took: 0.0001194 seconds
2021-03-08T16:45:22.581+0800: 21687.285: Total time for which application threads were stopped: 0.0050293 seconds, Stopping threads took: 0.0001330 seconds
2021-03-08T16:45:22.601+0800: 21687.305: Total time for which application threads were stopped: 0.0050372 seconds, Stopping threads took: 0.0011629 seconds
2021-03-08T16:45:22.605+0800: 21687.309: Total time for which application threads were stopped: 0.0035414 seconds, Stopping threads took: 0.0001373 seconds
2021-03-08T16:45:22.610+0800: 21687.314: Total time for which application threads were stopped: 0.0040898 seconds, Stopping threads took: 0.0001884 seconds
2021-03-08T16:45:22.614+0800: 21687.318: Total time for which application threads were stopped: 0.0036446 seconds, Stopping threads took: 0.0001774 seconds
2021-03-08T16:45:22.678+0800: 21687.382: Total time for which application threads were stopped: 0.0197862 seconds, Stopping threads took: 0.0006889 seconds
2021-03-08T16:45:22.705+0800: 21687.409: Total time for which application threads were stopped: 0.0147952 seconds, Stopping threads took: 0.0018771 seconds
2021-03-08T16:45:22.710+0800: 21687.415: Total time for which application threads were stopped: 0.0037458 seconds, Stopping threads took: 0.0001416 seconds
2021-03-08T16:45:22.741+0800: 21687.445: Total time for which application threads were stopped: 0.0106624 seconds, Stopping threads took: 0.0070367 seconds
2021-03-08T16:45:22.786+0800: 21687.491: Total time for which application threads were stopped: 0.0160280 seconds, Stopping threads took: 0.0024581 seconds
2021-03-08T16:45:22.806+0800: 21687.510: Total time for which application threads were stopped: 0.0175249 seconds, Stopping threads took: 0.0013069 seconds
2021-03-08T16:45:22.820+0800: 21687.524: Total time for which application threads were stopped: 0.0133288 seconds, Stopping threads took: 0.0001262 seconds
2021-03-08T16:45:22.824+0800: 21687.528: Total time for which application threads were stopped: 0.0039312 seconds, Stopping threads took: 0.0003282 seconds
2021-03-08T16:45:24.127+0800: 21688.831: Total time for which application threads were stopped: 0.0039490 seconds, Stopping threads took: 0.0003825 seconds
2021-03-08T16:45:24.218+0800: 21688.922: Total time for which application threads were stopped: 0.0039562 seconds, Stopping threads took: 0.0004286 seconds
2021-03-08T16:45:25.222+0800: 21689.926: Total time for which application threads were stopped: 0.0040567 seconds, Stopping threads took: 0.0004053 seconds
2021-03-08T16:45:25.742+0800: 21690.447: [GC pause (G1 Evacuation Pause) (young), 0.5190937 secs]
   [Parallel Time: 480.0 ms, GC Workers: 4]
      [GC Worker Start (ms): Min: 21690449.3, Avg: 21690449.4, Max: 21690449.6, Diff: 0.3]
      [Ext Root Scanning (ms): Min: 11.1, Avg: 14.5, Max: 18.3, Diff: 7.2, Sum: 57.9]
      [Update RS (ms): Min: 43.0, Avg: 46.8, Max: 49.3, Diff: 6.3, Sum: 187.1]
         [Processed Buffers: Min: 9, Avg: 38.5, Max: 78, Diff: 69, Sum: 154]
      [Scan RS (ms): Min: 0.1, Avg: 0.4, Max: 0.5, Diff: 0.4, Sum: 1.6]
      [Code Root Scanning (ms): Min: 0.0, Avg: 0.0, Max: 0.0, Diff: 0.0, Sum: 0.1]
      [Object Copy (ms): Min: 413.9, Avg: 416.5, Max: 418.7, Diff: 4.8, Sum: 1666.0]
      [Termination (ms): Min: 0.0, Avg: 1.3, Max: 1.8, Diff: 1.8, Sum: 5.3]
         [Termination Attempts: Min: 1, Avg: 5.2, Max: 9, Diff: 8, Sum: 21]
      [GC Worker Other (ms): Min: 0.0, Avg: 0.0, Max: 0.0, Diff: 0.0, Sum: 0.1]
      [GC Worker Total (ms): Min: 479.3, Avg: 479.5, Max: 479.6, Diff: 0.3, Sum: 1918.0]
      [GC Worker End (ms): Min: 21690928.9, Avg: 21690928.9, Max: 21690928.9, Diff: 0.0]
   [Code Root Fixup: 0.0 ms]
   [Code Root Purge: 0.0 ms]
   [String Dedup Fixup: 4.1 ms, GC Workers: 4]
      [Queue Fixup (ms): Min: 0.0, Avg: 0.0, Max: 0.0, Diff: 0.0, Sum: 0.1]
      [Table Fixup (ms): Min: 3.0, Avg: 3.0, Max: 3.1, Diff: 0.1, Sum: 12.1]
   [Clear CT: 21.0 ms]
   [Other: 14.0 ms]
      [Choose CSet: 0.0 ms]
      [Ref Proc: 0.1 ms]
      [Ref Enq: 0.0 ms]
      [Redirty Cards: 5.7 ms]
      [Humongous Register: 2.2 ms]
      [Humongous Reclaim: 0.1 ms]
      [Free CSet: 3.7 ms]
   [Eden: 1904.0M(1904.0M)->0.0B(66.0M) Survivors: 62.0M->246.0M Heap: 3152.6M(6278.0M)->1506.9M(6278.0M)]
 [Times: user=1.32 sys=0.17, real=0.52 secs] 
2021-03-08T16:45:26.262+0800: 21690.966: Total time for which application threads were stopped: 0.5237949 seconds, Stopping threads took: 0.0003872 seconds
2021-03-08T16:45:26.264+0800: 21690.969: [GC concurrent-string-deduplication, 160.9K->24.1K(136.7K), avg 63.2%, 0.0014566 secs]
   [Last Exec: 0.0014566 secs, Idle: 11.8978051 secs, Blocked: 0/0.0000000 secs]
      [Inspected:            3816]
         [Skipped:              0(  0.0%)]
         [Hashed:            3534( 92.6%)]
         [Known:                0(  0.0%)]
         [New:               3816(100.0%)    160.9K]
      [Deduplicated:         3535( 92.6%)    136.7K( 85.0%)]
         [Young:              250(  7.1%)     10.0K(  7.3%)]
         [Old:               3285( 92.9%)    126.7K( 92.7%)]
   [Total Exec: 2627/1.6868862 secs, Idle: 2627/21683.1651380 secs, Blocked: 32/5.5883972 secs]
      [Inspected:         2618660]
         [Skipped:              0(  0.0%)]
         [Hashed:         2031230( 77.6%)]
         [Known:            34940(  1.3%)]
         [New:            2583720( 98.7%)    142.4M]
      [Deduplicated:      1986234( 76.9%)     90.0M( 63.2%)]
         [Young:           836906( 42.1%)     39.9M( 44.4%)]
         [Old:            1149328( 57.9%)     50.1M( 55.6%)]
   [Table]
      [Memory Usage: 2237.1K]
      [Size: 65536, Min: 1024, Max: 16777216]
      [Entries: 73117, Load: 111.6%, Cached: 486, Added: 631934, Removed: 558817]
      [Resize Count: 6, Shrink Threshold: 43690(66.7%), Grow Threshold: 131072(200.0%)]
      [Rehash Count: 0, Rehash Threshold: 120, Hash Seed: 0x0]
      [Age Threshold: 3]
   [Queue]
      [Dropped: 0]
[GC concurrent-string-deduplication, deleted 0 entries, 0.0000007 secs]
2021-03-08T16:45:26.812+0800: 21691.517: [GC pause (G1 Evacuation Pause) (young), 0.4249392 secs]
   [Parallel Time: 416.8 ms, GC Workers: 4]
      [GC Worker Start (ms): Min: 21691517.5, Avg: 21691528.8, Max: 21691535.5, Diff: 18.0]
      [Ext Root Scanning (ms): Min: 0.2, Avg: 3.5, Max: 13.1, Diff: 12.9, Sum: 13.9]
      [Update RS (ms): Min: 33.7, Avg: 36.8, Max: 38.0, Diff: 4.3, Sum: 147.2]
         [Processed Buffers: Min: 58, Avg: 68.8, Max: 81, Diff: 23, Sum: 275]
      [Scan RS (ms): Min: 0.0, Avg: 0.1, Max: 0.2, Diff: 0.2, Sum: 0.2]
      [Code Root Scanning (ms): Min: 0.0, Avg: 0.0, Max: 0.0, Diff: 0.0, Sum: 0.0]
      [Object Copy (ms): Min: 364.8, Avg: 365.1, Max: 365.6, Diff: 0.9, Sum: 1460.5]
      [Termination (ms): Min: 0.0, Avg: 0.0, Max: 0.1, Diff: 0.0, Sum: 0.2]
         [Termination Attempts: Min: 16, Avg: 18.2, Max: 20, Diff: 4, Sum: 73]
      [GC Worker Other (ms): Min: 0.0, Avg: 0.0, Max: 0.0, Diff: 0.0, Sum: 0.1]
      [GC Worker Total (ms): Min: 398.8, Avg: 405.5, Max: 416.8, Diff: 18.0, Sum: 1622.0]
      [GC Worker End (ms): Min: 21691934.3, Avg: 21691934.3, Max: 21691934.3, Diff: 0.0]
   [Code Root Fixup: 0.0 ms]
   [Code Root Purge: 0.0 ms]
   [String Dedup Fixup: 4.4 ms, GC Workers: 4]
      [Queue Fixup (ms): Min: 0.0, Avg: 0.0, Max: 0.0, Diff: 0.0, Sum: 0.1]
      [Table Fixup (ms): Min: 1.7, Avg: 2.4, Max: 4.4, Diff: 2.7, Sum: 9.5]
   [Clear CT: 0.1 ms]
   [Other: 3.6 ms]
      [Choose CSet: 0.0 ms]
      [Ref Proc: 0.1 ms]
      [Ref Enq: 0.0 ms]
      [Redirty Cards: 0.8 ms]
      [Humongous Register: 0.2 ms]
      [Humongous Reclaim: 0.1 ms]
      [Free CSet: 0.7 ms]
   [Eden: 66.0M(66.0M)->0.0B(288.0M) Survivors: 246.0M->24.0M Heap: 1572.9M(6278.0M)->1531.3M(6278.0M)]
 [Times: user=1.25 sys=0.06, real=0.43 secs] 
2021-03-08T16:45:27.238+0800: 21691.942: Total time for which application threads were stopped: 0.4297129 seconds, Stopping threads took: 0.0003482 seconds
2021-03-08T16:45:27.243+0800: 21691.947: [GC concurrent-string-deduplication, 220.6K->44.0K(176.6K), avg 63.2%, 0.0021236 secs]
   [Last Exec: 0.0021236 secs, Idle: 0.9759300 secs, Blocked: 0/0.0000000 secs]
      [Inspected:            4941]
         [Skipped:              0(  0.0%)]
         [Hashed:            4450( 90.1%)]
         [Known:                1(  0.0%)]
         [New:               4940(100.0%)    220.6K]
      [Deduplicated:         4436( 89.8%)    176.6K( 80.0%)]
         [Young:                0(  0.0%)      0.0B(  0.0%)]
         [Old:               4436(100.0%)    176.6K(100.0%)]
   [Total Exec: 2628/1.6890098 secs, Idle: 2628/21684.1410680 secs, Blocked: 32/5.5883972 secs]
      [Inspected:         2623601]
         [Skipped:              0(  0.0%)]
         [Hashed:         2035680( 77.6%)]
         [Known:            34941(  1.3%)]
         [New:            2588660( 98.7%)    142.6M]
      [Deduplicated:      1990670( 76.9%)     90.1M( 63.2%)]
         [Young:           836906( 42.0%)     39.9M( 44.3%)]
         [Old:            1153764( 58.0%)     50.2M( 55.7%)]
   [Table]
      [Memory Usage: 2237.5K]
      [Size: 65536, Min: 1024, Max: 16777216]
      [Entries: 73621, Load: 112.3%, Cached: 0, Added: 632438, Removed: 558817]
      [Resize Count: 6, Shrink Threshold: 43690(66.7%), Grow Threshold: 131072(200.0%)]
      [Rehash Count: 0, Rehash Threshold: 120, Hash Seed: 0x0]
      [Age Threshold: 3]
   [Queue]
      [Dropped: 0]
[GC concurrent-string-deduplication, deleted 0 entries, 0.0000008 secs]
2021-03-08T16:45:28.599+0800: 21693.303: Total time for which application threads were stopped: 0.0053760 seconds, Stopping threads took: 0.0003751 seconds
2021-03-08T16:45:28.603+0800: 21693.307: Total time for which application threads were stopped: 0.0038382 seconds, Stopping threads took: 0.0001468 seconds
2021-03-08T16:45:29.687+0800: 21694.391: [GC pause (G1 Evacuation Pause) (young), 0.2670820 secs]
   [Parallel Time: 232.2 ms, GC Workers: 4]
      [GC Worker Start (ms): Min: 21694392.1, Avg: 21694392.2, Max: 21694392.5, Diff: 0.3]
      [Ext Root Scanning (ms): Min: 11.8, Avg: 15.6, Max: 25.0, Diff: 13.2, Sum: 62.4]
      [Update RS (ms): Min: 35.3, Avg: 51.6, Max: 63.2, Diff: 27.9, Sum: 206.3]
         [Processed Buffers: Min: 41, Avg: 77.2, Max: 116, Diff: 75, Sum: 309]
      [Scan RS (ms): Min: 0.0, Avg: 0.1, Max: 0.1, Diff: 0.1, Sum: 0.3]
      [Code Root Scanning (ms): Min: 0.0, Avg: 0.0, Max: 0.0, Diff: 0.0, Sum: 0.0]
      [Object Copy (ms): Min: 156.0, Avg: 162.5, Max: 168.9, Diff: 12.9, Sum: 649.8]
      [Termination (ms): Min: 0.0, Avg: 1.3, Max: 1.7, Diff: 1.7, Sum: 5.1]
         [Termination Attempts: Min: 10, Avg: 16.5, Max: 26, Diff: 16, Sum: 66]
      [GC Worker Other (ms): Min: 0.0, Avg: 0.0, Max: 0.1, Diff: 0.0, Sum: 0.2]
      [GC Worker Total (ms): Min: 230.8, Avg: 231.0, Max: 231.1, Diff: 0.3, Sum: 924.1]
      [GC Worker End (ms): Min: 21694623.2, Avg: 21694623.3, Max: 21694623.3, Diff: 0.0]
   [Code Root Fixup: 0.1 ms]
   [Code Root Purge: 0.0 ms]
   [String Dedup Fixup: 6.0 ms, GC Workers: 4]
      [Queue Fixup (ms): Min: 0.0, Avg: 0.0, Max: 0.0, Diff: 0.0, Sum: 0.1]
      [Table Fixup (ms): Min: 0.0, Avg: 1.6, Max: 2.2, Diff: 2.2, Sum: 6.4]
   [Clear CT: 6.9 ms]
   [Other: 21.9 ms]
      [Choose CSet: 0.0 ms]
      [Ref Proc: 8.9 ms]
      [Ref Enq: 0.0 ms]
      [Redirty Cards: 10.1 ms]
      [Humongous Register: 0.3 ms]
      [Humongous Reclaim: 0.1 ms]
      [Free CSet: 0.8 ms]
   [Eden: 288.0M(288.0M)->0.0B(272.0M) Survivors: 24.0M->40.0M Heap: 1822.3M(6278.0M)->1637.8M(6278.0M)]
 [Times: user=0.64 sys=0.03, real=0.27 secs] 
2021-03-08T16:45:29.955+0800: 21694.659: Total time for which application threads were stopped: 0.2723157 seconds, Stopping threads took: 0.0004236 seconds
2021-03-08T16:45:29.956+0800: 21694.661: [GC concurrent-string-deduplication, 134.1K->0.0B(134.1K), avg 63.3%, 0.0013622 secs]
   [Last Exec: 0.0013622 secs, Idle: 2.7122913 secs, Blocked: 0/0.0000000 secs]
      [Inspected:            3465]
         [Skipped:              0(  0.0%)]
         [Hashed:            3465(100.0%)]
         [Known:                0(  0.0%)]
         [New:               3465(100.0%)    134.1K]
      [Deduplicated:         3465(100.0%)    134.1K(100.0%)]
         [Young:                0(  0.0%)      0.0B(  0.0%)]
         [Old:               3465(100.0%)    134.1K(100.0%)]
   [Total Exec: 2629/1.6903720 secs, Idle: 2629/21686.8533593 secs, Blocked: 32/5.5883972 secs]
      [Inspected:         2627066]
         [Skipped:              0(  0.0%)]
         [Hashed:         2039145( 77.6%)]
         [Known:            34941(  1.3%)]
         [New:            2592125( 98.7%)    142.7M]
      [Deduplicated:      1994135( 76.9%)     90.3M( 63.3%)]
         [Young:           836906( 42.0%)     39.9M( 44.2%)]
         [Old:            1157229( 58.0%)     50.4M( 55.8%)]
   [Table]
      [Memory Usage: 2237.5K]
      [Size: 65536, Min: 1024, Max: 16777216]
      [Entries: 73621, Load: 112.3%, Cached: 0, Added: 632438, Removed: 558817]
      [Resize Count: 6, Shrink Threshold: 43690(66.7%), Grow Threshold: 131072(200.0%)]
      [Rehash Count: 0, Rehash Threshold: 120, Hash Seed: 0x0]
      [Age Threshold: 3]
   [Queue]
      [Dropped: 0]
[GC concurrent-string-deduplication, deleted 0 entries, 0.0000010 secs]
2021-03-08T16:45:30.655+0800: 21695.359: [GC pause (G1 Evacuation Pause) (young), 0.2295645 secs]
   [Parallel Time: 183.3 ms, GC Workers: 4]
      [GC Worker Start (ms): Min: 21695359.8, Avg: 21695363.2, Max: 21695364.4, Diff: 4.6]
      [Ext Root Scanning (ms): Min: 2.8, Avg: 12.8, Max: 22.5, Diff: 19.7, Sum: 51.0]
      [Update RS (ms): Min: 57.2, Avg: 62.1, Max: 66.8, Diff: 9.7, Sum: 248.5]
         [Processed Buffers: Min: 68, Avg: 79.5, Max: 90, Diff: 22, Sum: 318]
      [Scan RS (ms): Min: 0.0, Avg: 0.1, Max: 0.2, Diff: 0.2, Sum: 0.2]
      [Code Root Scanning (ms): Min: 0.0, Avg: 0.0, Max: 0.0, Diff: 0.0, Sum: 0.0]
      [Object Copy (ms): Min: 99.9, Avg: 104.6, Max: 108.4, Diff: 8.5, Sum: 418.4]
      [Termination (ms): Min: 0.0, Avg: 0.2, Max: 0.3, Diff: 0.3, Sum: 0.8]
         [Termination Attempts: Min: 2, Avg: 75.8, Max: 115, Diff: 113, Sum: 303]
      [GC Worker Other (ms): Min: 0.0, Avg: 0.0, Max: 0.0, Diff: 0.0, Sum: 0.1]
      [GC Worker Total (ms): Min: 178.6, Avg: 179.8, Max: 183.2, Diff: 4.6, Sum: 719.1]
      [GC Worker End (ms): Min: 21695542.9, Avg: 21695543.0, Max: 21695543.0, Diff: 0.0]
   [Code Root Fixup: 0.0 ms]
   [Code Root Purge: 0.0 ms]
   [String Dedup Fixup: 3.4 ms, GC Workers: 4]
      [Queue Fixup (ms): Min: 0.0, Avg: 0.0, Max: 0.0, Diff: 0.0, Sum: 0.0]
      [Table Fixup (ms): Min: 0.0, Avg: 1.7, Max: 3.3, Diff: 3.3, Sum: 6.7]
   [Clear CT: 0.1 ms]
   [Other: 42.7 ms]
      [Choose CSet: 0.0 ms]
      [Ref Proc: 4.3 ms]
      [Ref Enq: 0.0 ms]
      [Redirty Cards: 35.4 ms]
      [Humongous Register: 0.3 ms]
      [Humongous Reclaim: 0.1 ms]
      [Free CSet: 0.6 ms]
   [Eden: 272.0M(272.0M)->0.0B(284.0M) Survivors: 40.0M->28.0M Heap: 1909.8M(6278.0M)->1663.6M(6278.0M)]
 [Times: user=0.38 sys=0.00, real=0.23 secs] 
2021-03-08T16:45:30.885+0800: 21695.589: Total time for which application threads were stopped: 0.2385234 seconds, Stopping threads took: 0.0003522 seconds
2021-03-08T16:45:30.886+0800: 21695.590: [GC concurrent-string-deduplication, 64.3K->0.0B(64.3K), avg 63.3%, 0.0007050 secs]
   [Last Exec: 0.0007050 secs, Idle: 0.9286709 secs, Blocked: 0/0.0000000 secs]
      [Inspected:            1675]
         [Skipped:              0(  0.0%)]
         [Hashed:            1675(100.0%)]
         [Known:                0(  0.0%)]
         [New:               1675(100.0%)     64.3K]
      [Deduplicated:         1675(100.0%)     64.3K(100.0%)]
         [Young:                0(  0.0%)      0.0B(  0.0%)]
         [Old:               1675(100.0%)     64.3K(100.0%)]
   [Total Exec: 2630/1.6910770 secs, Idle: 2630/21687.7820303 secs, Blocked: 32/5.5883972 secs]
      [Inspected:         2628741]
         [Skipped:              0(  0.0%)]
         [Hashed:         2040820( 77.6%)]
         [Known:            34941(  1.3%)]
         [New:            2593800( 98.7%)    142.8M]
      [Deduplicated:      1995810( 76.9%)     90.3M( 63.3%)]
         [Young:           836906( 41.9%)     39.9M( 44.2%)]
         [Old:            1158904( 58.1%)     50.4M( 55.8%)]
   [Table]
      [Memory Usage: 2237.5K]
      [Size: 65536, Min: 1024, Max: 16777216]
      [Entries: 73621, Load: 112.3%, Cached: 0, Added: 632438, Removed: 558817]
      [Resize Count: 6, Shrink Threshold: 43690(66.7%), Grow Threshold: 131072(200.0%)]
      [Rehash Count: 0, Rehash Threshold: 120, Hash Seed: 0x0]
      [Age Threshold: 3]
   [Queue]
      [Dropped: 0]
[GC concurrent-string-deduplication, deleted 0 entries, 0.0000009 secs]
2021-03-08T16:45:33.340+0800: 21698.045: [GC pause (G1 Evacuation Pause) (young), 0.1986641 secs]
   [Parallel Time: 185.5 ms, GC Workers: 4]
      [GC Worker Start (ms): Min: 21698048.4, Avg: 21698052.0, Max: 21698054.8, Diff: 6.3]
      [Ext Root Scanning (ms): Min: 8.1, Avg: 12.4, Max: 15.9, Diff: 7.8, Sum: 49.5]
      [Update RS (ms): Min: 3.7, Avg: 14.5, Max: 26.0, Diff: 22.4, Sum: 58.1]
         [Processed Buffers: Min: 26, Avg: 37.0, Max: 50, Diff: 24, Sum: 148]
      [Scan RS (ms): Min: 0.0, Avg: 0.1, Max: 0.2, Diff: 0.1, Sum: 0.3]
      [Code Root Scanning (ms): Min: 0.0, Avg: 0.0, Max: 0.0, Diff: 0.0, Sum: 0.0]
      [Object Copy (ms): Min: 144.7, Avg: 154.9, Max: 167.2, Diff: 22.4, Sum: 619.5]
      [Termination (ms): Min: 0.0, Avg: 0.0, Max: 0.0, Diff: 0.0, Sum: 0.0]
         [Termination Attempts: Min: 11, Avg: 16.8, Max: 21, Diff: 10, Sum: 67]
      [GC Worker Other (ms): Min: 0.0, Avg: 0.0, Max: 0.0, Diff: 0.0, Sum: 0.1]
      [GC Worker Total (ms): Min: 179.1, Avg: 181.9, Max: 185.5, Diff: 6.3, Sum: 727.6]
      [GC Worker End (ms): Min: 21698233.9, Avg: 21698233.9, Max: 21698233.9, Diff: 0.0]
   [Code Root Fixup: 0.0 ms]
   [Code Root Purge: 0.0 ms]
   [String Dedup Fixup: 4.5 ms, GC Workers: 4]
      [Queue Fixup (ms): Min: 0.0, Avg: 0.0, Max: 0.0, Diff: 0.0, Sum: 0.1]
      [Table Fixup (ms): Min: 0.0, Avg: 3.2, Max: 4.3, Diff: 4.3, Sum: 12.8]
   [Clear CT: 0.2 ms]
   [Other: 8.5 ms]
      [Choose CSet: 0.0 ms]
      [Ref Proc: 1.5 ms]
      [Ref Enq: 0.0 ms]
      [Redirty Cards: 1.3 ms]
      [Humongous Register: 3.2 ms]
      [Humongous Reclaim: 0.1 ms]
      [Free CSet: 0.7 ms]
   [Eden: 284.0M(284.0M)->0.0B(272.0M) Survivors: 28.0M->40.0M Heap: 1949.2M(6278.0M)->1764.7M(6278.0M)]
 [Times: user=0.53 sys=0.03, real=0.20 secs] 
2021-03-08T16:45:33.540+0800: 21698.244: Total time for which application threads were stopped: 0.2106223 seconds, Stopping threads took: 0.0026309 seconds
2021-03-08T16:45:33.543+0800: 21698.248: [GC concurrent-string-deduplication, 120.4K->88.0B(120.4K), avg 63.3%, 0.0012849 secs]
   [Last Exec: 0.0012849 secs, Idle: 2.6561477 secs, Blocked: 0/0.0000000 secs]
      [Inspected:            3132]
         [Skipped:              0(  0.0%)]
         [Hashed:            3132(100.0%)]
         [Known:                0(  0.0%)]
         [New:               3132(100.0%)    120.4K]
      [Deduplicated:         3131(100.0%)    120.4K( 99.9%)]
         [Young:                0(  0.0%)      0.0B(  0.0%)]
         [Old:               3131(100.0%)    120.4K(100.0%)]
   [Total Exec: 2631/1.6923619 secs, Idle: 2631/21690.4381780 secs, Blocked: 32/5.5883972 secs]
      [Inspected:         2631873]
         [Skipped:              0(  0.0%)]
         [Hashed:         2043952( 77.7%)]
         [Known:            34941(  1.3%)]
         [New:            2596932( 98.7%)    142.9M]
      [Deduplicated:      1998941( 77.0%)     90.5M( 63.3%)]
         [Young:           836906( 41.9%)     39.9M( 44.1%)]
         [Old:            1162035( 58.1%)     50.5M( 55.9%)]
   [Table]
      [Memory Usage: 2237.5K]
      [Size: 65536, Min: 1024, Max: 16777216]
      [Entries: 73622, Load: 112.3%, Cached: 0, Added: 632439, Removed: 558817]
      [Resize Count: 6, Shrink Threshold: 43690(66.7%), Grow Threshold: 131072(200.0%)]
      [Rehash Count: 0, Rehash Threshold: 120, Hash Seed: 0x0]
      [Age Threshold: 3]
   [Queue]
      [Dropped: 0]
[GC concurrent-string-deduplication, deleted 0 entries, 0.0000010 secs]
2021-03-08T16:45:34.597+0800: 21699.301: Total time for which application threads were stopped: 0.0048674 seconds, Stopping threads took: 0.0003843 seconds
2021-03-08T16:45:34.601+0800: 21699.305: Total time for which application threads were stopped: 0.0037579 seconds, Stopping threads took: 0.0001462 seconds
2021-03-08T16:45:34.612+0800: 21699.316: Total time for which application threads were stopped: 0.0040240 seconds, Stopping threads took: 0.0004119 seconds
2021-03-08T16:45:34.616+0800: 21699.320: Total time for which application threads were stopped: 0.0036204 seconds, Stopping threads took: 0.0001712 seconds
2021-03-08T16:45:34.633+0800: 21699.337: Total time for which application threads were stopped: 0.0169829 seconds, Stopping threads took: 0.0001126 seconds
2021-03-08T16:45:34.831+0800: 21699.535: Total time for which application threads were stopped: 0.0053533 seconds, Stopping threads took: 0.0003757 seconds
2021-03-08T16:45:34.836+0800: 21699.540: Total time for which application threads were stopped: 0.0040495 seconds, Stopping threads took: 0.0001673 seconds
2021-03-08T16:45:35.032+0800: 21699.736: Total time for which application threads were stopped: 0.0040451 seconds, Stopping threads took: 0.0003632 seconds
2021-03-08T16:45:35.047+0800: 21699.751: Total time for which application threads were stopped: 0.0117735 seconds, Stopping threads took: 0.0003897 seconds
2021-03-08T16:45:35.051+0800: 21699.755: Total time for which application threads were stopped: 0.0038137 seconds, Stopping threads took: 0.0001422 seconds
2021-03-08T16:45:35.697+0800: 21700.401: [GC pause (G1 Evacuation Pause) (young), 0.1661309 secs]
   [Parallel Time: 161.2 ms, GC Workers: 4]
      [GC Worker Start (ms): Min: 21700404.1, Avg: 21700409.5, Max: 21700411.5, Diff: 7.4]
      [Ext Root Scanning (ms): Min: 4.6, Avg: 14.0, Max: 18.3, Diff: 13.6, Sum: 55.9]
      [Update RS (ms): Min: 31.1, Avg: 40.2, Max: 57.2, Diff: 26.1, Sum: 160.7]
         [Processed Buffers: Min: 49, Avg: 71.8, Max: 114, Diff: 65, Sum: 287]
      [Scan RS (ms): Min: 0.0, Avg: 0.1, Max: 0.1, Diff: 0.1, Sum: 0.2]
      [Code Root Scanning (ms): Min: 0.0, Avg: 0.0, Max: 0.0, Diff: 0.0, Sum: 0.0]
      [Object Copy (ms): Min: 89.8, Avg: 94.2, Max: 95.9, Diff: 6.1, Sum: 376.8]
      [Termination (ms): Min: 0.0, Avg: 5.1, Max: 6.8, Diff: 6.8, Sum: 20.2]
         [Termination Attempts: Min: 1, Avg: 6.0, Max: 8, Diff: 7, Sum: 24]
      [GC Worker Other (ms): Min: 0.0, Avg: 0.0, Max: 0.0, Diff: 0.0, Sum: 0.1]
      [GC Worker Total (ms): Min: 151.5, Avg: 153.5, Max: 158.9, Diff: 7.3, Sum: 613.9]
      [GC Worker End (ms): Min: 21700563.0, Avg: 21700563.0, Max: 21700563.0, Diff: 0.0]
   [Code Root Fixup: 0.0 ms]
   [Code Root Purge: 0.0 ms]
   [String Dedup Fixup: 2.2 ms, GC Workers: 4]
      [Queue Fixup (ms): Min: 0.0, Avg: 0.0, Max: 0.0, Diff: 0.0, Sum: 0.0]
      [Table Fixup (ms): Min: 0.0, Avg: 1.6, Max: 2.1, Diff: 2.1, Sum: 6.2]
   [Clear CT: 0.1 ms]
   [Other: 2.6 ms]
      [Choose CSet: 0.0 ms]
      [Ref Proc: 0.3 ms]
      [Ref Enq: 0.0 ms]
      [Redirty Cards: 0.1 ms]
      [Humongous Register: 0.2 ms]
      [Humongous Reclaim: 0.1 ms]
      [Free CSet: 0.5 ms]
   [Eden: 272.0M(272.0M)->0.0B(284.0M) Survivors: 40.0M->38.0M Heap: 2036.7M(6278.0M)->1801.2M(6278.0M)]
 [Times: user=0.41 sys=0.02, real=0.16 secs] 
2021-03-08T16:45:35.864+0800: 21700.568: Total time for which application threads were stopped: 0.1708642 seconds, Stopping threads took: 0.0004333 seconds
2021-03-08T16:45:35.866+0800: 21700.570: [GC concurrent-string-deduplication, 54.0K->0.0B(54.0K), avg 63.3%, 0.0005672 secs]
   [Last Exec: 0.0005672 secs, Idle: 2.3216503 secs, Blocked: 0/0.0000000 secs]
      [Inspected:            1389]
         [Skipped:              0(  0.0%)]
         [Hashed:            1389(100.0%)]
         [Known:                0(  0.0%)]
         [New:               1389(100.0%)     54.0K]
      [Deduplicated:         1389(100.0%)     54.0K(100.0%)]
         [Young:                0(  0.0%)      0.0B(  0.0%)]
         [Old:               1389(100.0%)     54.0K(100.0%)]
   [Total Exec: 2632/1.6929291 secs, Idle: 2632/21692.7598283 secs, Blocked: 32/5.5883972 secs]
      [Inspected:         2633262]
         [Skipped:              0(  0.0%)]
         [Hashed:         2045341( 77.7%)]
         [Known:            34941(  1.3%)]
         [New:            2598321( 98.7%)    142.9M]
      [Deduplicated:      2000330( 77.0%)     90.5M( 63.3%)]
         [Young:           836906( 41.8%)     39.9M( 44.1%)]
         [Old:            1163424( 58.2%)     50.6M( 55.9%)]
   [Table]
      [Memory Usage: 2237.5K]
      [Size: 65536, Min: 1024, Max: 16777216]
      [Entries: 73622, Load: 112.3%, Cached: 0, Added: 632439, Removed: 558817]
      [Resize Count: 6, Shrink Threshold: 43690(66.7%), Grow Threshold: 131072(200.0%)]
      [Rehash Count: 0, Rehash Threshold: 120, Hash Seed: 0x0]
      [Age Threshold: 3]
   [Queue]
      [Dropped: 0]
[GC concurrent-string-deduplication, deleted 0 entries, 0.0000009 secs]
2021-03-08T16:45:36.511+0800: 21701.216: [GC pause (G1 Evacuation Pause) (young), 0.1143674 secs]
   [Parallel Time: 104.3 ms, GC Workers: 4]
      [GC Worker Start (ms): Min: 21701216.3, Avg: 21701217.1, Max: 21701217.5, Diff: 1.2]
      [Ext Root Scanning (ms): Min: 9.6, Avg: 20.7, Max: 41.1, Diff: 31.6, Sum: 82.8]
      [Update RS (ms): Min: 4.6, Avg: 28.5, Max: 45.4, Diff: 40.7, Sum: 113.8]
         [Processed Buffers: Min: 24, Avg: 36.8, Max: 49, Diff: 25, Sum: 147]
      [Scan RS (ms): Min: 0.0, Avg: 0.0, Max: 0.1, Diff: 0.1, Sum: 0.2]
      [Code Root Scanning (ms): Min: 0.0, Avg: 0.0, Max: 0.0, Diff: 0.0, Sum: 0.0]
      [Object Copy (ms): Min: 48.2, Avg: 54.1, Max: 57.1, Diff: 9.0, Sum: 216.4]
      [Termination (ms): Min: 0.0, Avg: 0.1, Max: 0.2, Diff: 0.2, Sum: 0.5]
         [Termination Attempts: Min: 1, Avg: 4.5, Max: 6, Diff: 5, Sum: 18]
      [GC Worker Other (ms): Min: 0.0, Avg: 0.0, Max: 0.0, Diff: 0.0, Sum: 0.1]
      [GC Worker Total (ms): Min: 103.0, Avg: 103.5, Max: 104.2, Diff: 1.2, Sum: 413.8]
      [GC Worker End (ms): Min: 21701320.5, Avg: 21701320.5, Max: 21701320.6, Diff: 0.1]
   [Code Root Fixup: 0.0 ms]
   [Code Root Purge: 0.0 ms]
   [String Dedup Fixup: 3.3 ms, GC Workers: 4]
      [Queue Fixup (ms): Min: 0.0, Avg: 0.0, Max: 0.0, Diff: 0.0, Sum: 0.0]
      [Table Fixup (ms): Min: 0.0, Avg: 1.6, Max: 3.1, Diff: 3.1, Sum: 6.2]
   [Clear CT: 1.9 ms]
   [Other: 4.9 ms]
      [Choose CSet: 0.0 ms]
      [Ref Proc: 0.2 ms]
      [Ref Enq: 0.0 ms]
      [Redirty Cards: 2.3 ms]
      [Humongous Register: 0.2 ms]
      [Humongous Reclaim: 0.1 ms]
      [Free CSet: 0.5 ms]
   [Eden: 284.0M(284.0M)->0.0B(504.0M) Survivors: 38.0M->4096.0K Heap: 2085.2M(6278.0M)->1804.5M(6278.0M)]
 [Times: user=0.20 sys=0.01, real=0.12 secs] 
2021-03-08T16:45:36.627+0800: 21701.331: Total time for which application threads were stopped: 0.1191264 seconds, Stopping threads took: 0.0004742 seconds
2021-03-08T16:45:36.627+0800: 21701.331: [GC concurrent-string-deduplication, 60.4K->3608.0B(56.9K), avg 63.3%, 0.0006518 secs]
   [Last Exec: 0.0006518 secs, Idle: 0.7608672 secs, Blocked: 0/0.0000000 secs]
      [Inspected:            1456]
         [Skipped:              0(  0.0%)]
         [Hashed:            1451( 99.7%)]
         [Known:                0(  0.0%)]
         [New:               1456(100.0%)     60.4K]
      [Deduplicated:         1435( 98.6%)     56.9K( 94.2%)]
         [Young:                0(  0.0%)      0.0B(  0.0%)]
         [Old:               1435(100.0%)     56.9K(100.0%)]
   [Total Exec: 2633/1.6935809 secs, Idle: 2633/21693.5206955 secs, Blocked: 32/5.5883972 secs]
      [Inspected:         2634718]
         [Skipped:              0(  0.0%)]
         [Hashed:         2046792( 77.7%)]
         [Known:            34941(  1.3%)]
         [New:            2599777( 98.7%)    143.0M]
      [Deduplicated:      2001765( 77.0%)     90.6M( 63.3%)]
         [Young:           836906( 41.8%)     39.9M( 44.1%)]
         [Old:            1164859( 58.2%)     50.7M( 55.9%)]
   [Table]
      [Memory Usage: 2238.0K]
      [Size: 65536, Min: 1024, Max: 16777216]
      [Entries: 73643, Load: 112.4%, Cached: 0, Added: 632460, Removed: 558817]
      [Resize Count: 6, Shrink Threshold: 43690(66.7%), Grow Threshold: 131072(200.0%)]
      [Rehash Count: 0, Rehash Threshold: 120, Hash Seed: 0x0]
      [Age Threshold: 3]
   [Queue]
      [Dropped: 0]
[GC concurrent-string-deduplication, deleted 0 entries, 0.0000010 secs]
2021-03-08T16:45:37.685+0800: 21702.390: [GC pause (G1 Evacuation Pause) (young), 0.0571787 secs]
   [Parallel Time: 46.9 ms, GC Workers: 4]
      [GC Worker Start (ms): Min: 21702390.2, Avg: 21702390.3, Max: 21702390.7, Diff: 0.5]
      [Ext Root Scanning (ms): Min: 6.4, Avg: 10.9, Max: 23.1, Diff: 16.7, Sum: 43.8]
      [Update RS (ms): Min: 7.2, Avg: 22.9, Max: 31.9, Diff: 24.7, Sum: 91.7]
         [Processed Buffers: Min: 43, Avg: 56.8, Max: 74, Diff: 31, Sum: 227]
      [Scan RS (ms): Min: 0.0, Avg: 0.1, Max: 0.3, Diff: 0.2, Sum: 0.3]
      [Code Root Scanning (ms): Min: 0.0, Avg: 0.0, Max: 0.0, Diff: 0.0, Sum: 0.0]
      [Object Copy (ms): Min: 7.8, Avg: 12.6, Max: 16.2, Diff: 8.4, Sum: 50.6]
      [Termination (ms): Min: 0.0, Avg: 0.1, Max: 0.2, Diff: 0.2, Sum: 0.4]
         [Termination Attempts: Min: 1, Avg: 14.8, Max: 33, Diff: 32, Sum: 59]
      [GC Worker Other (ms): Min: 0.0, Avg: 0.0, Max: 0.0, Diff: 0.0, Sum: 0.1]
      [GC Worker Total (ms): Min: 46.3, Avg: 46.7, Max: 46.9, Diff: 0.5, Sum: 186.9]
      [GC Worker End (ms): Min: 21702437.0, Avg: 21702437.0, Max: 21702437.0, Diff: 0.0]
   [Code Root Fixup: 0.0 ms]
   [Code Root Purge: 0.0 ms]
   [String Dedup Fixup: 3.1 ms, GC Workers: 4]
      [Queue Fixup (ms): Min: 0.0, Avg: 0.0, Max: 0.0, Diff: 0.0, Sum: 0.0]
      [Table Fixup (ms): Min: 0.0, Avg: 1.5, Max: 3.0, Diff: 3.0, Sum: 6.1]
   [Clear CT: 0.2 ms]
   [Other: 7.0 ms]
      [Choose CSet: 0.0 ms]
      [Ref Proc: 0.2 ms]
      [Ref Enq: 0.0 ms]
      [Redirty Cards: 0.0 ms]
      [Humongous Register: 0.2 ms]
      [Humongous Reclaim: 0.1 ms]
      [Free CSet: 5.0 ms]
   [Eden: 504.0M(504.0M)->0.0B(300.0M) Survivors: 4096.0K->12.0M Heap: 2317.8M(6278.0M)->1812.3M(6278.0M)]
 [Times: user=0.09 sys=0.01, real=0.05 secs] 
2021-03-08T16:45:37.743+0800: 21702.447: Total time for which application threads were stopped: 0.0619464 seconds, Stopping threads took: 0.0003994 seconds
2021-03-08T16:45:39.487+0800: 21704.191: [GC pause (G1 Evacuation Pause) (young), 0.0189347 secs]
   [Parallel Time: 15.0 ms, GC Workers: 4]
      [GC Worker Start (ms): Min: 21704191.5, Avg: 21704191.5, Max: 21704191.5, Diff: 0.0]
      [Ext Root Scanning (ms): Min: 3.0, Avg: 3.1, Max: 3.2, Diff: 0.2, Sum: 12.3]
      [Update RS (ms): Min: 2.6, Avg: 2.6, Max: 2.7, Diff: 0.1, Sum: 10.6]
         [Processed Buffers: Min: 19, Avg: 30.2, Max: 42, Diff: 23, Sum: 121]
      [Scan RS (ms): Min: 0.0, Avg: 0.0, Max: 0.1, Diff: 0.1, Sum: 0.2]
      [Code Root Scanning (ms): Min: 0.0, Avg: 0.0, Max: 0.0, Diff: 0.0, Sum: 0.0]
      [Object Copy (ms): Min: 9.1, Avg: 9.1, Max: 9.2, Diff: 0.1, Sum: 36.5]
      [Termination (ms): Min: 0.0, Avg: 0.0, Max: 0.0, Diff: 0.0, Sum: 0.0]
         [Termination Attempts: Min: 8, Avg: 10.2, Max: 14, Diff: 6, Sum: 41]
      [GC Worker Other (ms): Min: 0.0, Avg: 0.0, Max: 0.0, Diff: 0.0, Sum: 0.1]
      [GC Worker Total (ms): Min: 14.9, Avg: 14.9, Max: 15.0, Diff: 0.0, Sum: 59.7]
      [GC Worker End (ms): Min: 21704206.4, Avg: 21704206.4, Max: 21704206.5, Diff: 0.0]
   [Code Root Fixup: 0.0 ms]
   [Code Root Purge: 0.0 ms]
   [String Dedup Fixup: 1.6 ms, GC Workers: 4]
      [Queue Fixup (ms): Min: 0.0, Avg: 0.0, Max: 0.0, Diff: 0.0, Sum: 0.0]
      [Table Fixup (ms): Min: 1.5, Avg: 1.5, Max: 1.5, Diff: 0.0, Sum: 6.1]
   [Clear CT: 0.1 ms]
   [Other: 2.3 ms]
      [Choose CSet: 0.0 ms]
      [Ref Proc: 0.1 ms]
      [Ref Enq: 0.0 ms]
      [Redirty Cards: 0.0 ms]
      [Humongous Register: 0.2 ms]
      [Humongous Reclaim: 0.1 ms]
      [Free CSet: 0.5 ms]
   [Eden: 300.0M(300.0M)->0.0B(398.0M) Survivors: 12.0M->14.0M Heap: 2121.8M(6278.0M)->1814.8M(6278.0M)]
 [Times: user=0.07 sys=0.00, real=0.02 secs] 
2021-03-08T16:45:39.506+0800: 21704.211: Total time for which application threads were stopped: 0.0289678 seconds, Stopping threads took: 0.0057389 seconds
2021-03-08T16:45:39.506+0800: 21704.211: [GC concurrent-string-deduplication, 11.1K->5456.0B(5872.0B), avg 63.3%, 0.0001085 secs]
   [Last Exec: 0.0001085 secs, Idle: 2.8790576 secs, Blocked: 0/0.0000000 secs]
      [Inspected:             216]
         [Skipped:              0(  0.0%)]
         [Hashed:             154( 71.3%)]
         [Known:                0(  0.0%)]
         [New:                216(100.0%)     11.1K]
      [Deduplicated:          154( 71.3%)   5872.0B( 51.8%)]
         [Young:              154(100.0%)   5872.0B(100.0%)]
         [Old:                  0(  0.0%)      0.0B(  0.0%)]
   [Total Exec: 2634/1.6936894 secs, Idle: 2634/21696.3997531 secs, Blocked: 32/5.5883972 secs]
      [Inspected:         2634934]
         [Skipped:              0(  0.0%)]
         [Hashed:         2046946( 77.7%)]
         [Known:            34941(  1.3%)]
         [New:            2599993( 98.7%)    143.0M]
      [Deduplicated:      2001919( 77.0%)     90.6M( 63.3%)]
         [Young:           837060( 41.8%)     39.9M( 44.1%)]
         [Old:            1164859( 58.2%)     50.7M( 55.9%)]
   [Table]
      [Memory Usage: 2239.5K]
      [Size: 65536, Min: 1024, Max: 16777216]
      [Entries: 73705, Load: 112.5%, Cached: 0, Added: 632522, Removed: 558817]
      [Resize Count: 6, Shrink Threshold: 43690(66.7%), Grow Threshold: 131072(200.0%)]
      [Rehash Count: 0, Rehash Threshold: 120, Hash Seed: 0x0]
      [Age Threshold: 3]
   [Queue]
      [Dropped: 0]
[GC concurrent-string-deduplication, deleted 0 entries, 0.0000008 secs]
2021-03-08T16:45:40.432+0800: 21705.136: Total time for which application threads were stopped: 0.0042660 seconds, Stopping threads took: 0.0004244 seconds
2021-03-08T16:45:40.436+0800: 21705.140: Total time for which application threads were stopped: 0.0040044 seconds, Stopping threads took: 0.0004237 seconds
2021-03-08T16:45:40.441+0800: 21705.146: Total time for which application threads were stopped: 0.0055218 seconds, Stopping threads took: 0.0001261 seconds
2021-03-08T16:45:40.446+0800: 21705.150: Total time for which application threads were stopped: 0.0042369 seconds, Stopping threads took: 0.0003112 seconds
2021-03-08T16:45:40.450+0800: 21705.154: Total time for which application threads were stopped: 0.0037825 seconds, Stopping threads took: 0.0002033 seconds
2021-03-08T16:45:40.573+0800: 21705.277: [GC pause (G1 Evacuation Pause) (young), 0.0280310 secs]
   [Parallel Time: 23.2 ms, GC Workers: 4]
      [GC Worker Start (ms): Min: 21705278.1, Avg: 21705278.3, Max: 21705278.7, Diff: 0.7]
      [Ext Root Scanning (ms): Min: 5.0, Avg: 8.8, Max: 19.7, Diff: 14.6, Sum: 35.3]
      [Update RS (ms): Min: 0.0, Avg: 0.8, Max: 1.1, Diff: 1.1, Sum: 3.0]
         [Processed Buffers: Min: 0, Avg: 10.8, Max: 27, Diff: 27, Sum: 43]
      [Scan RS (ms): Min: 0.0, Avg: 0.1, Max: 0.1, Diff: 0.1, Sum: 0.3]
      [Code Root Scanning (ms): Min: 0.0, Avg: 0.0, Max: 0.0, Diff: 0.0, Sum: 0.0]
      [Object Copy (ms): Min: 2.5, Avg: 13.0, Max: 16.7, Diff: 14.3, Sum: 52.0]
      [Termination (ms): Min: 0.0, Avg: 0.0, Max: 0.0, Diff: 0.0, Sum: 0.1]
         [Termination Attempts: Min: 12, Avg: 14.8, Max: 21, Diff: 9, Sum: 59]
      [GC Worker Other (ms): Min: 0.0, Avg: 0.0, Max: 0.0, Diff: 0.0, Sum: 0.1]
      [GC Worker Total (ms): Min: 22.2, Avg: 22.7, Max: 22.9, Diff: 0.6, Sum: 90.7]
      [GC Worker End (ms): Min: 21705300.9, Avg: 21705300.9, Max: 21705301.0, Diff: 0.0]
   [Code Root Fixup: 0.0 ms]
   [Code Root Purge: 0.0 ms]
   [String Dedup Fixup: 1.7 ms, GC Workers: 4]
      [Queue Fixup (ms): Min: 0.0, Avg: 0.0, Max: 0.0, Diff: 0.0, Sum: 0.0]
      [Table Fixup (ms): Min: 1.5, Avg: 1.5, Max: 1.5, Diff: 0.0, Sum: 6.1]
   [Clear CT: 0.1 ms]
   [Other: 3.0 ms]
      [Choose CSet: 0.0 ms]
      [Ref Proc: 0.6 ms]
      [Ref Enq: 0.0 ms]
      [Redirty Cards: 0.0 ms]
      [Humongous Register: 0.2 ms]
      [Humongous Reclaim: 0.1 ms]
      [Free CSet: 0.6 ms]
   [Eden: 398.0M(398.0M)->0.0B(644.0M) Survivors: 14.0M->16.0M Heap: 2212.8M(6278.0M)->1816.0M(6278.0M)]
 [Times: user=0.07 sys=0.01, real=0.03 secs] 
2021-03-08T16:45:40.602+0800: 21705.306: Total time for which application threads were stopped: 0.0327052 seconds, Stopping threads took: 0.0003567 seconds
2021-03-08T16:45:40.602+0800: 21705.306: [GC concurrent-string-deduplication, 11.4K->7040.0B(4632.0B), avg 63.3%, 0.0001034 secs]
   [Last Exec: 0.0001034 secs, Idle: 1.0953126 secs, Blocked: 0/0.0000000 secs]
      [Inspected:             196]
         [Skipped:              0(  0.0%)]
         [Hashed:             116( 59.2%)]
         [Known:                0(  0.0%)]
         [New:                196(100.0%)     11.4K]
      [Deduplicated:          116( 59.2%)   4632.0B( 39.7%)]
         [Young:              116(100.0%)   4632.0B(100.0%)]
         [Old:                  0(  0.0%)      0.0B(  0.0%)]
   [Total Exec: 2635/1.6937927 secs, Idle: 2635/21697.4950657 secs, Blocked: 32/5.5883972 secs]
      [Inspected:         2635130]
         [Skipped:              0(  0.0%)]
         [Hashed:         2047062( 77.7%)]
         [Known:            34941(  1.3%)]
         [New:            2600189( 98.7%)    143.0M]
      [Deduplicated:      2002035( 77.0%)     90.6M( 63.3%)]
         [Young:           837176( 41.8%)     39.9M( 44.1%)]
         [Old:            1164859( 58.2%)     50.7M( 55.9%)]
   [Table]
      [Memory Usage: 2241.3K]
      [Size: 65536, Min: 1024, Max: 16777216]
      [Entries: 73785, Load: 112.6%, Cached: 0, Added: 632602, Removed: 558817]
      [Resize Count: 6, Shrink Threshold: 43690(66.7%), Grow Threshold: 131072(200.0%)]
      [Rehash Count: 0, Rehash Threshold: 120, Hash Seed: 0x0]
      [Age Threshold: 3]
   [Queue]
      [Dropped: 0]
[GC concurrent-string-deduplication, deleted 0 entries, 0.0000008 secs]
2021-03-08T16:45:42.237+0800: 21706.942: [GC pause (G1 Evacuation Pause) (young), 0.0644414 secs]
   [Parallel Time: 43.0 ms, GC Workers: 4]
      [GC Worker Start (ms): Min: 21706942.3, Avg: 21706942.5, Max: 21706943.0, Diff: 0.7]
      [Ext Root Scanning (ms): Min: 4.7, Avg: 8.5, Max: 19.5, Diff: 14.8, Sum: 33.9]
      [Update RS (ms): Min: 0.0, Avg: 5.5, Max: 7.9, Diff: 7.9, Sum: 22.0]
         [Processed Buffers: Min: 0, Avg: 49.2, Max: 84, Diff: 84, Sum: 197]
      [Scan RS (ms): Min: 0.0, Avg: 0.1, Max: 0.2, Diff: 0.2, Sum: 0.5]
      [Code Root Scanning (ms): Min: 0.0, Avg: 0.0, Max: 0.0, Diff: 0.0, Sum: 0.0]
      [Object Copy (ms): Min: 17.5, Avg: 24.5, Max: 27.1, Diff: 9.6, Sum: 98.0]
      [Termination (ms): Min: 0.0, Avg: 0.0, Max: 0.0, Diff: 0.0, Sum: 0.0]
         [Termination Attempts: Min: 1, Avg: 1.0, Max: 1, Diff: 0, Sum: 4]
      [GC Worker Other (ms): Min: 0.0, Avg: 0.4, Max: 1.5, Diff: 1.4, Sum: 1.5]
      [GC Worker Total (ms): Min: 38.5, Avg: 39.0, Max: 39.2, Diff: 0.7, Sum: 156.0]
      [GC Worker End (ms): Min: 21706981.5, Avg: 21706981.5, Max: 21706981.5, Diff: 0.0]
   [Code Root Fixup: 0.0 ms]
   [Code Root Purge: 0.0 ms]
   [String Dedup Fixup: 3.8 ms, GC Workers: 4]
      [Queue Fixup (ms): Min: 0.0, Avg: 0.0, Max: 0.0, Diff: 0.0, Sum: 0.0]
      [Table Fixup (ms): Min: 0.0, Avg: 1.7, Max: 3.5, Diff: 3.5, Sum: 7.0]
   [Clear CT: 0.4 ms]
   [Other: 17.2 ms]
      [Choose CSet: 0.0 ms]
      [Ref Proc: 14.1 ms]
      [Ref Enq: 0.0 ms]
      [Redirty Cards: 0.3 ms]
      [Humongous Register: 0.2 ms]
      [Humongous Reclaim: 0.1 ms]
      [Free CSet: 0.9 ms]
   [Eden: 644.0M(644.0M)->0.0B(290.0M) Survivors: 16.0M->22.0M Heap: 2479.2M(6278.0M)->1820.8M(6278.0M)]
 [Times: user=0.12 sys=0.01, real=0.06 secs] 
2021-03-08T16:45:42.302+0800: 21707.007: Total time for which application threads were stopped: 0.0690835 seconds, Stopping threads took: 0.0003495 seconds
2021-03-08T16:45:42.305+0800: 21707.009: [GC concurrent-string-deduplication, 2224.0B->1144.0B(1080.0B), avg 63.3%, 0.0000366 secs]
   [Last Exec: 0.0000366 secs, Idle: 1.7030282 secs, Blocked: 0/0.0000000 secs]
      [Inspected:              40]
         [Skipped:              0(  0.0%)]
         [Hashed:              28( 70.0%)]
         [Known:                0(  0.0%)]
         [New:                 40(100.0%)   2224.0B]
      [Deduplicated:           27( 67.5%)   1080.0B( 48.6%)]
         [Young:               27(100.0%)   1080.0B(100.0%)]
         [Old:                  0(  0.0%)      0.0B(  0.0%)]
   [Total Exec: 2636/1.6938294 secs, Idle: 2636/21699.1980940 secs, Blocked: 32/5.5883972 secs]
      [Inspected:         2635170]
         [Skipped:              0(  0.0%)]
         [Hashed:         2047090( 77.7%)]
         [Known:            34941(  1.3%)]
         [New:            2600229( 98.7%)    143.0M]
      [Deduplicated:      2002062( 77.0%)     90.6M( 63.3%)]
         [Young:           837203( 41.8%)     39.9M( 44.1%)]
         [Old:            1164859( 58.2%)     50.7M( 55.9%)]
   [Table]
      [Memory Usage: 2241.6K]
      [Size: 65536, Min: 1024, Max: 16777216]
      [Entries: 73798, Load: 112.6%, Cached: 0, Added: 632615, Removed: 558817]
      [Resize Count: 6, Shrink Threshold: 43690(66.7%), Grow Threshold: 131072(200.0%)]
      [Rehash Count: 0, Rehash Threshold: 120, Hash Seed: 0x0]
      [Age Threshold: 3]
   [Queue]
      [Dropped: 0]
[GC concurrent-string-deduplication, deleted 0 entries, 0.0000008 secs]
2021-03-08T16:45:43.054+0800: 21707.758: [GC pause (G1 Evacuation Pause) (young), 0.0302246 secs]
   [Parallel Time: 20.5 ms, GC Workers: 4]
      [GC Worker Start (ms): Min: 21707762.9, Avg: 21707762.9, Max: 21707763.0, Diff: 0.1]
      [Ext Root Scanning (ms): Min: 4.0, Avg: 4.2, Max: 4.4, Diff: 0.4, Sum: 16.7]
      [Update RS (ms): Min: 2.7, Avg: 2.9, Max: 2.9, Diff: 0.3, Sum: 11.4]
         [Processed Buffers: Min: 23, Avg: 27.2, Max: 34, Diff: 11, Sum: 109]
      [Scan RS (ms): Min: 0.1, Avg: 0.1, Max: 0.1, Diff: 0.0, Sum: 0.3]
      [Code Root Scanning (ms): Min: 0.0, Avg: 0.0, Max: 0.0, Diff: 0.0, Sum: 0.0]
      [Object Copy (ms): Min: 12.5, Avg: 12.7, Max: 13.1, Diff: 0.6, Sum: 50.8]
      [Termination (ms): Min: 0.0, Avg: 0.5, Max: 0.7, Diff: 0.7, Sum: 2.0]
         [Termination Attempts: Min: 1, Avg: 3.0, Max: 6, Diff: 5, Sum: 12]
      [GC Worker Other (ms): Min: 0.0, Avg: 0.0, Max: 0.0, Diff: 0.0, Sum: 0.1]
      [GC Worker Total (ms): Min: 20.3, Avg: 20.3, Max: 20.3, Diff: 0.0, Sum: 81.3]
      [GC Worker End (ms): Min: 21707783.2, Avg: 21707783.3, Max: 21707783.3, Diff: 0.0]
   [Code Root Fixup: 0.0 ms]
   [Code Root Purge: 0.0 ms]
   [String Dedup Fixup: 3.1 ms, GC Workers: 4]
      [Queue Fixup (ms): Min: 0.0, Avg: 0.0, Max: 0.0, Diff: 0.0, Sum: 0.0]
      [Table Fixup (ms): Min: 0.0, Avg: 2.3, Max: 3.1, Diff: 3.1, Sum: 9.1]
   [Clear CT: 0.1 ms]
   [Other: 6.4 ms]
      [Choose CSet: 0.0 ms]
      [Ref Proc: 0.1 ms]
      [Ref Enq: 0.0 ms]
      [Redirty Cards: 0.0 ms]
      [Humongous Register: 3.3 ms]
      [Humongous Reclaim: 0.1 ms]
      [Free CSet: 0.8 ms]
   [Eden: 290.0M(290.0M)->0.0B(294.0M) Survivors: 22.0M->18.0M Heap: 2120.2M(6278.0M)->1818.3M(6278.0M)]
 [Times: user=0.08 sys=0.02, real=0.03 secs] 
2021-03-08T16:45:43.085+0800: 21707.789: Total time for which application threads were stopped: 0.0393553 seconds, Stopping threads took: 0.0020065 seconds
2021-03-08T16:45:43.085+0800: 21707.789: [GC concurrent-string-deduplication, 7936.0B->4000.0B(3936.0B), avg 63.3%, 0.0000813 secs]
   [Last Exec: 0.0000813 secs, Idle: 0.7800438 secs, Blocked: 0/0.0000000 secs]
      [Inspected:             139]
         [Skipped:              0(  0.0%)]
         [Hashed:              98( 70.5%)]
         [Known:                0(  0.0%)]
         [New:                139(100.0%)   7936.0B]
      [Deduplicated:           96( 69.1%)   3936.0B( 49.6%)]
         [Young:               96(100.0%)   3936.0B(100.0%)]
         [Old:                  0(  0.0%)      0.0B(  0.0%)]
   [Total Exec: 2637/1.6939107 secs, Idle: 2637/21699.9781378 secs, Blocked: 32/5.5883972 secs]
      [Inspected:         2635309]
         [Skipped:              0(  0.0%)]
         [Hashed:         2047188( 77.7%)]
         [Known:            34941(  1.3%)]
         [New:            2600368( 98.7%)    143.0M]
      [Deduplicated:      2002158( 77.0%)     90.6M( 63.3%)]
         [Young:           837299( 41.8%)     39.9M( 44.1%)]
         [Old:            1164859( 58.2%)     50.7M( 55.9%)]
   [Table]
      [Memory Usage: 2242.6K]
      [Size: 65536, Min: 1024, Max: 16777216]
      [Entries: 73841, Load: 112.7%, Cached: 0, Added: 632658, Removed: 558817]
      [Resize Count: 6, Shrink Threshold: 43690(66.7%), Grow Threshold: 131072(200.0%)]
      [Rehash Count: 0, Rehash Threshold: 120, Hash Seed: 0x0]
      [Age Threshold: 3]
   [Queue]
      [Dropped: 0]
[GC concurrent-string-deduplication, deleted 0 entries, 0.0000006 secs]
2021-03-08T16:45:43.643+0800: 21708.348: [GC pause (G1 Evacuation Pause) (young), 0.0456009 secs]
   [Parallel Time: 39.1 ms, GC Workers: 4]
      [GC Worker Start (ms): Min: 21708348.9, Avg: 21708361.8, Max: 21708372.6, Diff: 23.7]
      [Ext Root Scanning (ms): Min: 0.1, Avg: 3.8, Max: 12.8, Diff: 12.7, Sum: 15.2]
      [Update RS (ms): Min: 0.0, Avg: 5.0, Max: 9.9, Diff: 9.9, Sum: 20.1]
         [Processed Buffers: Min: 0, Avg: 29.0, Max: 69, Diff: 69, Sum: 116]
      [Scan RS (ms): Min: 0.0, Avg: 0.1, Max: 0.2, Diff: 0.2, Sum: 0.2]
      [Code Root Scanning (ms): Min: 0.0, Avg: 0.0, Max: 0.0, Diff: 0.0, Sum: 0.0]
      [Object Copy (ms): Min: 12.6, Avg: 14.8, Max: 16.9, Diff: 4.3, Sum: 59.1]
      [Termination (ms): Min: 0.0, Avg: 0.0, Max: 0.0, Diff: 0.0, Sum: 0.0]
         [Termination Attempts: Min: 10, Avg: 20.5, Max: 26, Diff: 16, Sum: 82]
      [GC Worker Other (ms): Min: 0.0, Avg: 0.0, Max: 0.1, Diff: 0.1, Sum: 0.2]
      [GC Worker Total (ms): Min: 12.9, Avg: 23.7, Max: 36.6, Diff: 23.7, Sum: 94.9]
      [GC Worker End (ms): Min: 21708385.5, Avg: 21708385.5, Max: 21708385.5, Diff: 0.0]
   [Code Root Fixup: 0.0 ms]
   [Code Root Purge: 0.0 ms]
   [String Dedup Fixup: 2.2 ms, GC Workers: 4]
      [Queue Fixup (ms): Min: 0.0, Avg: 0.0, Max: 0.0, Diff: 0.0, Sum: 0.0]
      [Table Fixup (ms): Min: 1.9, Avg: 2.0, Max: 2.1, Diff: 0.2, Sum: 7.9]
   [Clear CT: 0.1 ms]
   [Other: 4.2 ms]
      [Choose CSet: 0.0 ms]
      [Ref Proc: 1.9 ms]
      [Ref Enq: 0.0 ms]
      [Redirty Cards: 0.0 ms]
      [Humongous Register: 0.3 ms]
      [Humongous Reclaim: 0.1 ms]
      [Free CSet: 0.6 ms]
   [Eden: 294.0M(294.0M)->0.0B(288.0M) Survivors: 18.0M->24.0M Heap: 2122.2M(6278.0M)->1824.5M(6278.0M)]
 [Times: user=0.09 sys=0.01, real=0.05 secs] 
2021-03-08T16:45:43.690+0800: 21708.394: Total time for which application threads were stopped: 0.0548186 seconds, Stopping threads took: 0.0006498 seconds
2021-03-08T16:45:43.690+0800: 21708.394: [GC concurrent-string-deduplication, 18.2K->10.2K(8208.0B), avg 63.3%, 0.0001931 secs]
   [Last Exec: 0.0001931 secs, Idle: 0.6043082 secs, Blocked: 0/0.0000000 secs]
      [Inspected:             321]
         [Skipped:              0(  0.0%)]
         [Hashed:             203( 63.2%)]
         [Known:                0(  0.0%)]
         [New:                321(100.0%)     18.2K]
      [Deduplicated:          202( 62.9%)   8208.0B( 44.0%)]
         [Young:              202(100.0%)   8208.0B(100.0%)]
         [Old:                  0(  0.0%)      0.0B(  0.0%)]
   [Total Exec: 2638/1.6941038 secs, Idle: 2638/21700.5824459 secs, Blocked: 32/5.5883972 secs]
      [Inspected:         2635630]
         [Skipped:              0(  0.0%)]
         [Hashed:         2047391( 77.7%)]
         [Known:            34941(  1.3%)]
         [New:            2600689( 98.7%)    143.0M]
      [Deduplicated:      2002360( 77.0%)     90.6M( 63.3%)]
         [Young:           837501( 41.8%)     39.9M( 44.1%)]
         [Old:            1164859( 58.2%)     50.7M( 55.9%)]
   [Table]
      [Memory Usage: 2245.4K]
      [Size: 65536, Min: 1024, Max: 16777216]
      [Entries: 73959, Load: 112.9%, Cached: 0, Added: 632777, Removed: 558818]
      [Resize Count: 6, Shrink Threshold: 43690(66.7%), Grow Threshold: 131072(200.0%)]
      [Rehash Count: 0, Rehash Threshold: 120, Hash Seed: 0x0]
      [Age Threshold: 3]
   [Queue]
      [Dropped: 0]
[GC concurrent-string-deduplication, deleted 0 entries, 0.0000010 secs]
2021-03-08T16:45:44.020+0800: 21708.724: [GC pause (G1 Evacuation Pause) (young), 0.0837833 secs]
   [Parallel Time: 73.8 ms, GC Workers: 4]
      [GC Worker Start (ms): Min: 21708724.9, Avg: 21708737.4, Max: 21708744.3, Diff: 19.3]
      [Ext Root Scanning (ms): Min: 0.1, Avg: 2.9, Max: 11.3, Diff: 11.1, Sum: 11.8]
      [Update RS (ms): Min: 0.0, Avg: 2.6, Max: 8.6, Diff: 8.6, Sum: 10.4]
         [Processed Buffers: Min: 0, Avg: 10.0, Max: 38, Diff: 38, Sum: 40]
      [Scan RS (ms): Min: 0.0, Avg: 0.1, Max: 0.2, Diff: 0.2, Sum: 0.2]
      [Code Root Scanning (ms): Min: 0.0, Avg: 0.0, Max: 0.0, Diff: 0.0, Sum: 0.0]
      [Object Copy (ms): Min: 51.8, Avg: 53.8, Max: 56.9, Diff: 5.1, Sum: 215.4]
      [Termination (ms): Min: 0.0, Avg: 1.7, Max: 2.4, Diff: 2.4, Sum: 6.9]
         [Termination Attempts: Min: 1, Avg: 1.0, Max: 1, Diff: 0, Sum: 4]
      [GC Worker Other (ms): Min: 0.0, Avg: 0.0, Max: 0.0, Diff: 0.0, Sum: 0.1]
      [GC Worker Total (ms): Min: 54.3, Avg: 61.2, Max: 73.6, Diff: 19.3, Sum: 244.6]
      [GC Worker End (ms): Min: 21708798.5, Avg: 21708798.6, Max: 21708798.6, Diff: 0.0]
   [Code Root Fixup: 0.0 ms]
   [Code Root Purge: 0.0 ms]
   [String Dedup Fixup: 5.1 ms, GC Workers: 4]
      [Queue Fixup (ms): Min: 0.0, Avg: 0.0, Max: 0.0, Diff: 0.0, Sum: 0.0]
      [Table Fixup (ms): Min: 0.0, Avg: 1.7, Max: 5.0, Diff: 5.0, Sum: 6.9]
   [Clear CT: 0.1 ms]
   [Other: 4.7 ms]
      [Choose CSet: 0.0 ms]
      [Ref Proc: 2.5 ms]
      [Ref Enq: 0.0 ms]
      [Redirty Cards: 0.1 ms]
      [Humongous Register: 0.2 ms]
      [Humongous Reclaim: 0.1 ms]
      [Free CSet: 0.5 ms]
   [Eden: 288.0M(288.0M)->0.0B(298.0M) Survivors: 24.0M->14.0M Heap: 2112.5M(6278.0M)->1821.3M(6278.0M)]
 [Times: user=0.08 sys=0.00, real=0.09 secs] 
2021-03-08T16:45:44.104+0800: 21708.809: Total time for which application threads were stopped: 0.0884493 seconds, Stopping threads took: 0.0004006 seconds
2021-03-08T16:45:44.105+0800: 21708.809: [GC concurrent-string-deduplication, 6584.0B->3168.0B(3416.0B), avg 63.3%, 0.0000872 secs]
   [Last Exec: 0.0000872 secs, Idle: 0.4145907 secs, Blocked: 0/0.0000000 secs]
      [Inspected:             121]
         [Skipped:              0(  0.0%)]
         [Hashed:              85( 70.2%)]
         [Known:                0(  0.0%)]
         [New:                121(100.0%)   6584.0B]
      [Deduplicated:           85( 70.2%)   3416.0B( 51.9%)]
         [Young:               85(100.0%)   3416.0B(100.0%)]
         [Old:                  0(  0.0%)      0.0B(  0.0%)]
   [Total Exec: 2639/1.6941910 secs, Idle: 2639/21700.9970367 secs, Blocked: 32/5.5883972 secs]
      [Inspected:         2635751]
         [Skipped:              0(  0.0%)]
         [Hashed:         2047476( 77.7%)]
         [Known:            34941(  1.3%)]
         [New:            2600810( 98.7%)    143.1M]
      [Deduplicated:      2002445( 77.0%)     90.6M( 63.3%)]
         [Young:           837586( 41.8%)     39.9M( 44.1%)]
         [Old:            1164859( 58.2%)     50.7M( 55.9%)]
   [Table]
      [Memory Usage: 2246.3K]
      [Size: 65536, Min: 1024, Max: 16777216]
      [Entries: 73995, Load: 112.9%, Cached: 0, Added: 632813, Removed: 558818]
      [Resize Count: 6, Shrink Threshold: 43690(66.7%), Grow Threshold: 131072(200.0%)]
      [Rehash Count: 0, Rehash Threshold: 120, Hash Seed: 0x0]
      [Age Threshold: 3]
   [Queue]
      [Dropped: 0]
[GC concurrent-string-deduplication, deleted 0 entries, 0.0000008 secs]
2021-03-08T16:45:44.438+0800: 21709.142: [GC pause (G1 Evacuation Pause) (young), 0.0606855 secs]
   [Parallel Time: 54.8 ms, GC Workers: 4]
      [GC Worker Start (ms): Min: 21709142.6, Avg: 21709148.4, Max: 21709155.2, Diff: 12.6]
      [Ext Root Scanning (ms): Min: 0.1, Avg: 6.6, Max: 17.0, Diff: 16.9, Sum: 26.4]
      [Update RS (ms): Min: 0.0, Avg: 5.9, Max: 18.1, Diff: 18.1, Sum: 23.7]
         [Processed Buffers: Min: 0, Avg: 14.8, Max: 34, Diff: 34, Sum: 59]
      [Scan RS (ms): Min: 0.0, Avg: 0.0, Max: 0.1, Diff: 0.1, Sum: 0.2]
      [Code Root Scanning (ms): Min: 0.0, Avg: 0.0, Max: 0.0, Diff: 0.0, Sum: 0.0]
      [Object Copy (ms): Min: 26.6, Avg: 34.6, Max: 40.0, Diff: 13.4, Sum: 138.6]
      [Termination (ms): Min: 0.0, Avg: 1.7, Max: 5.6, Diff: 5.6, Sum: 6.8]
         [Termination Attempts: Min: 1, Avg: 3.0, Max: 8, Diff: 7, Sum: 12]
      [GC Worker Other (ms): Min: 0.0, Avg: 0.0, Max: 0.0, Diff: 0.0, Sum: 0.1]
      [GC Worker Total (ms): Min: 42.1, Avg: 48.9, Max: 54.7, Diff: 12.6, Sum: 195.8]
      [GC Worker End (ms): Min: 21709197.4, Avg: 21709197.4, Max: 21709197.4, Diff: 0.0]
   [Code Root Fixup: 0.0 ms]
   [Code Root Purge: 0.0 ms]
   [String Dedup Fixup: 3.3 ms, GC Workers: 4]
      [Queue Fixup (ms): Min: 0.0, Avg: 0.0, Max: 0.0, Diff: 0.0, Sum: 0.0]
      [Table Fixup (ms): Min: 0.0, Avg: 1.9, Max: 3.2, Diff: 3.2, Sum: 7.7]
   [Clear CT: 0.2 ms]
   [Other: 2.5 ms]
      [Choose CSet: 0.0 ms]
      [Ref Proc: 0.2 ms]
      [Ref Enq: 0.0 ms]
      [Redirty Cards: 0.1 ms]
      [Humongous Register: 0.2 ms]
      [Humongous Reclaim: 0.1 ms]
      [Free CSet: 0.5 ms]
   [Eden: 298.0M(298.0M)->0.0B(352.0M) Survivors: 14.0M->16.0M Heap: 2119.3M(6278.0M)->1823.1M(6278.0M)]
 [Times: user=0.08 sys=0.00, real=0.06 secs] 
2021-03-08T16:45:44.499+0800: 21709.203: Total time for which application threads were stopped: 0.0655591 seconds, Stopping threads took: 0.0005816 seconds
2021-03-08T16:45:44.501+0800: 21709.205: [GC concurrent-string-deduplication, 5880.0B->2880.0B(3000.0B), avg 63.3%, 0.0000784 secs]
   [Last Exec: 0.0000784 secs, Idle: 0.3963716 secs, Blocked: 0/0.0000000 secs]
      [Inspected:             106]
         [Skipped:              0(  0.0%)]
         [Hashed:              74( 69.8%)]
         [Known:                0(  0.0%)]
         [New:                106(100.0%)   5880.0B]
      [Deduplicated:           73( 68.9%)   3000.0B( 51.0%)]
         [Young:               73(100.0%)   3000.0B(100.0%)]
         [Old:                  0(  0.0%)      0.0B(  0.0%)]
   [Total Exec: 2640/1.6942694 secs, Idle: 2640/21701.3934083 secs, Blocked: 32/5.5883972 secs]
      [Inspected:         2635857]
         [Skipped:              0(  0.0%)]
         [Hashed:         2047550( 77.7%)]
         [Known:            34941(  1.3%)]
         [New:            2600916( 98.7%)    143.1M]
      [Deduplicated:      2002518( 77.0%)     90.6M( 63.3%)]
         [Young:           837659( 41.8%)     39.9M( 44.1%)]
         [Old:            1164859( 58.2%)     50.7M( 55.9%)]
   [Table]
      [Memory Usage: 2247.0K]
      [Size: 65536, Min: 1024, Max: 16777216]
      [Entries: 74028, Load: 113.0%, Cached: 0, Added: 632846, Removed: 558818]
      [Resize Count: 6, Shrink Threshold: 43690(66.7%), Grow Threshold: 131072(200.0%)]
      [Rehash Count: 0, Rehash Threshold: 120, Hash Seed: 0x0]
      [Age Threshold: 3]
   [Queue]
      [Dropped: 0]
[GC concurrent-string-deduplication, deleted 0 entries, 0.0000006 secs]
2021-03-08T16:45:45.010+0800: 21709.715: [GC pause (G1 Evacuation Pause) (young), 0.0351072 secs]
   [Parallel Time: 30.8 ms, GC Workers: 4]
      [GC Worker Start (ms): Min: 21709715.2, Avg: 21709722.4, Max: 21709741.4, Diff: 26.3]
      [Ext Root Scanning (ms): Min: 0.2, Avg: 6.2, Max: 13.2, Diff: 13.0, Sum: 24.7]
      [Update RS (ms): Min: 0.0, Avg: 0.8, Max: 1.7, Diff: 1.7, Sum: 3.3]
         [Processed Buffers: Min: 0, Avg: 13.0, Max: 46, Diff: 46, Sum: 52]
      [Scan RS (ms): Min: 0.0, Avg: 0.1, Max: 0.3, Diff: 0.3, Sum: 0.5]
      [Code Root Scanning (ms): Min: 0.0, Avg: 0.0, Max: 0.0, Diff: 0.0, Sum: 0.0]
      [Object Copy (ms): Min: 3.4, Avg: 15.8, Max: 22.6, Diff: 19.1, Sum: 63.4]
      [Termination (ms): Min: 0.0, Avg: 0.5, Max: 0.8, Diff: 0.8, Sum: 2.2]
         [Termination Attempts: Min: 1, Avg: 8.8, Max: 15, Diff: 14, Sum: 35]
      [GC Worker Other (ms): Min: 0.0, Avg: 0.0, Max: 0.0, Diff: 0.0, Sum: 0.1]
      [GC Worker Total (ms): Min: 4.5, Avg: 23.5, Max: 30.7, Diff: 26.3, Sum: 94.2]
      [GC Worker End (ms): Min: 21709745.9, Avg: 21709745.9, Max: 21709745.9, Diff: 0.0]
   [Code Root Fixup: 0.0 ms]
   [Code Root Purge: 0.0 ms]
   [String Dedup Fixup: 1.8 ms, GC Workers: 4]
      [Queue Fixup (ms): Min: 0.0, Avg: 0.0, Max: 0.0, Diff: 0.0, Sum: 0.0]
      [Table Fixup (ms): Min: 1.5, Avg: 1.5, Max: 1.6, Diff: 0.1, Sum: 6.2]
   [Clear CT: 0.1 ms]
   [Other: 2.4 ms]
      [Choose CSet: 0.0 ms]
      [Ref Proc: 0.1 ms]
      [Ref Enq: 0.0 ms]
      [Redirty Cards: 0.0 ms]
      [Humongous Register: 0.2 ms]
      [Humongous Reclaim: 0.1 ms]
      [Free CSet: 0.6 ms]
   [Eden: 352.0M(352.0M)->0.0B(598.0M) Survivors: 16.0M->16.0M Heap: 2175.1M(6278.0M)->1821.7M(6278.0M)]
 [Times: user=0.06 sys=0.00, real=0.04 secs] 
2021-03-08T16:45:45.046+0800: 21709.750: Total time for which application threads were stopped: 0.0396049 seconds, Stopping threads took: 0.0003830 seconds
2021-03-08T16:45:45.046+0800: 21709.750: [GC concurrent-string-deduplication, 6128.0B->3080.0B(3048.0B), avg 63.3%, 0.0000747 secs]
   [Last Exec: 0.0000747 secs, Idle: 0.5450037 secs, Blocked: 0/0.0000000 secs]
      [Inspected:             116]
         [Skipped:              0(  0.0%)]
         [Hashed:              81( 69.8%)]
         [Known:                0(  0.0%)]
         [New:                116(100.0%)   6128.0B]
      [Deduplicated:           81( 69.8%)   3048.0B( 49.7%)]
         [Young:               81(100.0%)   3048.0B(100.0%)]
         [Old:                  0(  0.0%)      0.0B(  0.0%)]
   [Total Exec: 2641/1.6943442 secs, Idle: 2641/21701.9384120 secs, Blocked: 32/5.5883972 secs]
      [Inspected:         2635973]
         [Skipped:              0(  0.0%)]
         [Hashed:         2047631( 77.7%)]
         [Known:            34941(  1.3%)]
         [New:            2601032( 98.7%)    143.1M]
      [Deduplicated:      2002599( 77.0%)     90.6M( 63.3%)]
         [Young:           837740( 41.8%)     39.9M( 44.1%)]
         [Old:            1164859( 58.2%)     50.7M( 55.9%)]
   [Table]
      [Memory Usage: 2247.8K]
      [Size: 65536, Min: 1024, Max: 16777216]
      [Entries: 74062, Load: 113.0%, Cached: 0, Added: 632881, Removed: 558819]
      [Resize Count: 6, Shrink Threshold: 43690(66.7%), Grow Threshold: 131072(200.0%)]
      [Rehash Count: 0, Rehash Threshold: 120, Hash Seed: 0x0]
      [Age Threshold: 3]
   [Queue]
      [Dropped: 0]
[GC concurrent-string-deduplication, deleted 0 entries, 0.0000009 secs]
2021-03-08T16:45:46.490+0800: 21711.194: [GC pause (G1 Evacuation Pause) (young), 0.0506966 secs]
   [Parallel Time: 34.9 ms, GC Workers: 4]
      [GC Worker Start (ms): Min: 21711195.0, Avg: 21711195.9, Max: 21711196.8, Diff: 1.8]
      [Ext Root Scanning (ms): Min: 6.7, Avg: 10.0, Max: 11.7, Diff: 5.0, Sum: 39.9]
      [Update RS (ms): Min: 1.8, Avg: 4.5, Max: 12.6, Diff: 10.8, Sum: 18.1]
         [Processed Buffers: Min: 5, Avg: 21.2, Max: 32, Diff: 27, Sum: 85]
      [Scan RS (ms): Min: 0.1, Avg: 0.1, Max: 0.1, Diff: 0.1, Sum: 0.4]
      [Code Root Scanning (ms): Min: 0.0, Avg: 0.0, Max: 0.0, Diff: 0.0, Sum: 0.0]
      [Object Copy (ms): Min: 13.5, Avg: 19.1, Max: 21.0, Diff: 7.5, Sum: 76.2]
      [Termination (ms): Min: 0.0, Avg: 0.2, Max: 0.2, Diff: 0.2, Sum: 0.7]
         [Termination Attempts: Min: 1, Avg: 25.0, Max: 37, Diff: 36, Sum: 100]
      [GC Worker Other (ms): Min: 0.0, Avg: 0.0, Max: 0.0, Diff: 0.0, Sum: 0.1]
      [GC Worker Total (ms): Min: 32.9, Avg: 33.9, Max: 34.7, Diff: 1.8, Sum: 135.4]
      [GC Worker End (ms): Min: 21711229.7, Avg: 21711229.7, Max: 21711229.8, Diff: 0.0]
   [Code Root Fixup: 0.0 ms]
   [Code Root Purge: 0.0 ms]
   [String Dedup Fixup: 4.2 ms, GC Workers: 4]
      [Queue Fixup (ms): Min: 0.0, Avg: 0.0, Max: 0.0, Diff: 0.0, Sum: 0.0]
      [Table Fixup (ms): Min: 0.0, Avg: 2.4, Max: 4.0, Diff: 4.0, Sum: 9.7]
   [Clear CT: 0.3 ms]
   [Other: 11.3 ms]
      [Choose CSet: 0.0 ms]
      [Ref Proc: 8.5 ms]
      [Ref Enq: 0.0 ms]
      [Redirty Cards: 0.1 ms]
      [Humongous Register: 0.2 ms]
      [Humongous Reclaim: 0.1 ms]
      [Free CSet: 1.0 ms]
   [Eden: 598.0M(598.0M)->0.0B(804.0M) Survivors: 16.0M->20.0M Heap: 2424.8M(6278.0M)->1825.5M(6278.0M)]
 [Times: user=0.09 sys=0.00, real=0.05 secs] 
2021-03-08T16:45:46.542+0800: 21711.246: Total time for which application threads were stopped: 0.0555729 seconds, Stopping threads took: 0.0004089 seconds
2021-03-08T16:45:46.542+0800: 21711.246: [GC concurrent-string-deduplication, 3072.0B->1496.0B(1576.0B), avg 63.3%, 0.0000455 secs]
   [Last Exec: 0.0000455 secs, Idle: 1.4953886 secs, Blocked: 0/0.0000000 secs]
      [Inspected:              57]
         [Skipped:              0(  0.0%)]
         [Hashed:              40( 70.2%)]
         [Known:                0(  0.0%)]
         [New:                 57(100.0%)   3072.0B]
      [Deduplicated:           40( 70.2%)   1576.0B( 51.3%)]
         [Young:               40(100.0%)   1576.0B(100.0%)]
         [Old:                  0(  0.0%)      0.0B(  0.0%)]
   [Total Exec: 2642/1.6943896 secs, Idle: 2642/21703.4338005 secs, Blocked: 32/5.5883972 secs]
      [Inspected:         2636030]
         [Skipped:              0(  0.0%)]
         [Hashed:         2047671( 77.7%)]
         [Known:            34941(  1.3%)]
         [New:            2601089( 98.7%)    143.1M]
      [Deduplicated:      2002639( 77.0%)     90.6M( 63.3%)]
         [Young:           837780( 41.8%)     39.9M( 44.1%)]
         [Old:            1164859( 58.2%)     50.7M( 55.9%)]
   [Table]
      [Memory Usage: 2248.2K]
      [Size: 65536, Min: 1024, Max: 16777216]
      [Entries: 74079, Load: 113.0%, Cached: 0, Added: 632898, Removed: 558819]
      [Resize Count: 6, Shrink Threshold: 43690(66.7%), Grow Threshold: 131072(200.0%)]
      [Rehash Count: 0, Rehash Threshold: 120, Hash Seed: 0x0]
      [Age Threshold: 3]
   [Queue]
      [Dropped: 0]
[GC concurrent-string-deduplication, deleted 0 entries, 0.0000009 secs]
2021-03-08T16:45:49.180+0800: 21713.884: [GC pause (G1 Evacuation Pause) (young), 0.0679391 secs]
   [Parallel Time: 56.5 ms, GC Workers: 4]
      [GC Worker Start (ms): Min: 21713887.5, Avg: 21713887.5, Max: 21713887.5, Diff: 0.1]
      [Ext Root Scanning (ms): Min: 7.7, Avg: 8.9, Max: 12.2, Diff: 4.5, Sum: 35.6]
      [Update RS (ms): Min: 5.3, Avg: 8.8, Max: 10.6, Diff: 5.3, Sum: 35.3]
         [Processed Buffers: Min: 26, Avg: 55.0, Max: 83, Diff: 57, Sum: 220]
      [Scan RS (ms): Min: 0.0, Avg: 0.2, Max: 0.2, Diff: 0.2, Sum: 0.6]
      [Code Root Scanning (ms): Min: 0.0, Avg: 0.0, Max: 0.0, Diff: 0.0, Sum: 0.0]
      [Object Copy (ms): Min: 36.9, Avg: 38.0, Max: 38.7, Diff: 1.8, Sum: 152.1]
      [Termination (ms): Min: 0.0, Avg: 0.5, Max: 1.1, Diff: 1.0, Sum: 1.9]
         [Termination Attempts: Min: 13, Avg: 39.0, Max: 77, Diff: 64, Sum: 156]
      [GC Worker Other (ms): Min: 0.0, Avg: 0.0, Max: 0.0, Diff: 0.0, Sum: 0.1]
      [GC Worker Total (ms): Min: 56.4, Avg: 56.4, Max: 56.5, Diff: 0.1, Sum: 225.7]
      [GC Worker End (ms): Min: 21713943.9, Avg: 21713943.9, Max: 21713943.9, Diff: 0.0]
   [Code Root Fixup: 0.0 ms]
   [Code Root Purge: 0.0 ms]
   [String Dedup Fixup: 5.2 ms, GC Workers: 4]
      [Queue Fixup (ms): Min: 0.0, Avg: 0.0, Max: 0.0, Diff: 0.0, Sum: 0.0]
      [Table Fixup (ms): Min: 0.0, Avg: 2.6, Max: 5.2, Diff: 5.2, Sum: 10.2]
   [Clear CT: 0.3 ms]
   [Other: 5.9 ms]
      [Choose CSet: 0.0 ms]
      [Ref Proc: 0.1 ms]
      [Ref Enq: 0.0 ms]
      [Redirty Cards: 0.0 ms]
      [Humongous Register: 2.4 ms]
      [Humongous Reclaim: 0.2 ms]
      [Free CSet: 1.6 ms]
   [Eden: 804.0M(804.0M)->0.0B(292.0M) Survivors: 20.0M->26.0M Heap: 2653.4M(6278.0M)->1834.5M(6278.0M)]
 [Times: user=0.13 sys=0.03, real=0.07 secs] 
2021-03-08T16:45:49.249+0800: 21713.953: Total time for which application threads were stopped: 0.0780267 seconds, Stopping threads took: 0.0021601 seconds
2021-03-08T16:45:49.249+0800: 21713.953: [GC concurrent-string-deduplication, 4768.0B->2728.0B(2040.0B), avg 63.3%, 0.0000727 secs]
   [Last Exec: 0.0000727 secs, Idle: 2.7070396 secs, Blocked: 0/0.0000000 secs]
      [Inspected:              86]
         [Skipped:              0(  0.0%)]
         [Hashed:              55( 64.0%)]
         [Known:                0(  0.0%)]
         [New:                 86(100.0%)   4768.0B]
      [Deduplicated:           55( 64.0%)   2040.0B( 42.8%)]
         [Young:               55(100.0%)   2040.0B(100.0%)]
         [Old:                  0(  0.0%)      0.0B(  0.0%)]
   [Total Exec: 2643/1.6944624 secs, Idle: 2643/21706.1408401 secs, Blocked: 32/5.5883972 secs]
      [Inspected:         2636116]
         [Skipped:              0(  0.0%)]
         [Hashed:         2047726( 77.7%)]
         [Known:            34941(  1.3%)]
         [New:            2601175( 98.7%)    143.1M]
      [Deduplicated:      2002694( 77.0%)     90.6M( 63.3%)]
         [Young:           837835( 41.8%)     39.9M( 44.1%)]
         [Old:            1164859( 58.2%)     50.7M( 55.9%)]
   [Table]
      [Memory Usage: 2249.0K]
      [Size: 65536, Min: 1024, Max: 16777216]
      [Entries: 74110, Load: 113.1%, Cached: 0, Added: 632929, Removed: 558819]
      [Resize Count: 6, Shrink Threshold: 43690(66.7%), Grow Threshold: 131072(200.0%)]
      [Rehash Count: 0, Rehash Threshold: 120, Hash Seed: 0x0]
      [Age Threshold: 3]
   [Queue]
      [Dropped: 0]
[GC concurrent-string-deduplication, deleted 0 entries, 0.0000009 secs]
2021-03-08T16:45:50.433+0800: 21715.138: Total time for which application threads were stopped: 0.0060577 seconds, Stopping threads took: 0.0005443 seconds
2021-03-08T16:45:50.594+0800: 21715.298: [GC pause (G1 Evacuation Pause) (young), 0.0696605 secs]
   [Parallel Time: 64.0 ms, GC Workers: 4]
      [GC Worker Start (ms): Min: 21715299.0, Avg: 21715308.2, Max: 21715316.2, Diff: 17.3]
      [Ext Root Scanning (ms): Min: 0.2, Avg: 10.6, Max: 33.9, Diff: 33.7, Sum: 42.3]
      [Update RS (ms): Min: 0.0, Avg: 1.1, Max: 4.3, Diff: 4.3, Sum: 4.3]
         [Processed Buffers: Min: 0, Avg: 12.8, Max: 51, Diff: 51, Sum: 51]
      [Scan RS (ms): Min: 0.0, Avg: 2.3, Max: 9.1, Diff: 9.1, Sum: 9.2]
      [Code Root Scanning (ms): Min: 0.0, Avg: 0.0, Max: 0.0, Diff: 0.0, Sum: 0.0]
      [Object Copy (ms): Min: 29.3, Avg: 40.2, Max: 47.6, Diff: 18.3, Sum: 160.9]
      [Termination (ms): Min: 0.0, Avg: 0.4, Max: 0.7, Diff: 0.7, Sum: 1.5]
         [Termination Attempts: Min: 1, Avg: 5.5, Max: 13, Diff: 12, Sum: 22]
      [GC Worker Other (ms): Min: 0.0, Avg: 0.0, Max: 0.0, Diff: 0.0, Sum: 0.1]
      [GC Worker Total (ms): Min: 46.5, Avg: 54.6, Max: 63.8, Diff: 17.3, Sum: 218.3]
      [GC Worker End (ms): Min: 21715362.8, Avg: 21715362.8, Max: 21715362.8, Diff: 0.0]
   [Code Root Fixup: 0.0 ms]
   [Code Root Purge: 0.0 ms]
   [String Dedup Fixup: 3.1 ms, GC Workers: 4]
      [Queue Fixup (ms): Min: 0.0, Avg: 0.0, Max: 0.0, Diff: 0.0, Sum: 0.0]
      [Table Fixup (ms): Min: 0.0, Avg: 1.5, Max: 3.1, Diff: 3.1, Sum: 6.1]
   [Clear CT: 0.1 ms]
   [Other: 2.4 ms]
      [Choose CSet: 0.0 ms]
      [Ref Proc: 0.2 ms]
      [Ref Enq: 0.0 ms]
      [Redirty Cards: 0.1 ms]
      [Humongous Register: 0.2 ms]
      [Humongous Reclaim: 0.1 ms]
      [Free CSet: 0.5 ms]
   [Eden: 292.0M(292.0M)->0.0B(664.0M) Survivors: 26.0M->20.0M Heap: 2126.5M(6278.0M)->1833.9M(6278.0M)]
 [Times: user=0.12 sys=0.00, real=0.07 secs] 
2021-03-08T16:45:50.664+0800: 21715.369: Total time for which application threads were stopped: 0.0743376 seconds, Stopping threads took: 0.0003666 seconds
2021-03-08T16:45:50.665+0800: 21715.369: [GC concurrent-string-deduplication, 18.0K->9984.0B(8480.0B), avg 63.3%, 0.0001595 secs]
   [Last Exec: 0.0001595 secs, Idle: 1.4155292 secs, Blocked: 0/0.0000000 secs]
      [Inspected:             329]
         [Skipped:              0(  0.0%)]
         [Hashed:             216( 65.7%)]
         [Known:                0(  0.0%)]
         [New:                329(100.0%)     18.0K]
      [Deduplicated:          215( 65.3%)   8480.0B( 45.9%)]
         [Young:              215(100.0%)   8480.0B(100.0%)]
         [Old:                  0(  0.0%)      0.0B(  0.0%)]
   [Total Exec: 2644/1.6946218 secs, Idle: 2644/21707.5563693 secs, Blocked: 32/5.5883972 secs]
      [Inspected:         2636445]
         [Skipped:              0(  0.0%)]
         [Hashed:         2047942( 77.7%)]
         [Known:            34941(  1.3%)]
         [New:            2601504( 98.7%)    143.1M]
      [Deduplicated:      2002909( 77.0%)     90.6M( 63.3%)]
         [Young:           838050( 41.8%)     40.0M( 44.1%)]
         [Old:            1164859( 58.2%)     50.7M( 55.9%)]
   [Table]
      [Memory Usage: 2251.6K]
      [Size: 65536, Min: 1024, Max: 16777216]
      [Entries: 74224, Load: 113.3%, Cached: 0, Added: 633043, Removed: 558819]
      [Resize Count: 6, Shrink Threshold: 43690(66.7%), Grow Threshold: 131072(200.0%)]
      [Rehash Count: 0, Rehash Threshold: 120, Hash Seed: 0x0]
      [Age Threshold: 3]
   [Queue]
      [Dropped: 0]
[GC concurrent-string-deduplication, deleted 0 entries, 0.0000008 secs]
2021-03-08T16:45:52.400+0800: 21717.105: [GC pause (G1 Evacuation Pause) (young), 0.0762718 secs]
   [Parallel Time: 69.9 ms, GC Workers: 4]
      [GC Worker Start (ms): Min: 21717105.3, Avg: 21717106.5, Max: 21717107.7, Diff: 2.4]
      [Ext Root Scanning (ms): Min: 5.0, Avg: 11.5, Max: 20.7, Diff: 15.6, Sum: 46.0]
      [Update RS (ms): Min: 0.0, Avg: 10.1, Max: 32.2, Diff: 32.2, Sum: 40.2]
         [Processed Buffers: Min: 0, Avg: 32.2, Max: 66, Diff: 66, Sum: 129]
      [Scan RS (ms): Min: 0.1, Avg: 0.1, Max: 0.2, Diff: 0.1, Sum: 0.5]
      [Code Root Scanning (ms): Min: 0.0, Avg: 0.0, Max: 0.0, Diff: 0.0, Sum: 0.0]
      [Object Copy (ms): Min: 28.3, Avg: 42.8, Max: 49.7, Diff: 21.5, Sum: 171.4]
      [Termination (ms): Min: 0.0, Avg: 2.3, Max: 3.1, Diff: 3.1, Sum: 9.1]
         [Termination Attempts: Min: 1, Avg: 21.2, Max: 42, Diff: 41, Sum: 85]
      [GC Worker Other (ms): Min: 0.0, Avg: 0.0, Max: 0.0, Diff: 0.0, Sum: 0.1]
      [GC Worker Total (ms): Min: 65.6, Avg: 66.8, Max: 68.0, Diff: 2.4, Sum: 267.3]
      [GC Worker End (ms): Min: 21717173.3, Avg: 21717173.3, Max: 21717173.3, Diff: 0.0]
   [Code Root Fixup: 0.0 ms]
   [Code Root Purge: 0.0 ms]
   [String Dedup Fixup: 3.2 ms, GC Workers: 4]
      [Queue Fixup (ms): Min: 0.0, Avg: 0.0, Max: 0.0, Diff: 0.0, Sum: 0.0]
      [Table Fixup (ms): Min: 0.0, Avg: 1.5, Max: 3.1, Diff: 3.1, Sum: 6.2]
   [Clear CT: 0.2 ms]
   [Other: 2.9 ms]
      [Choose CSet: 0.0 ms]
      [Ref Proc: 0.4 ms]
      [Ref Enq: 0.0 ms]
      [Redirty Cards: 0.0 ms]
      [Humongous Register: 0.2 ms]
      [Humongous Reclaim: 0.1 ms]
      [Free CSet: 0.8 ms]
   [Eden: 664.0M(664.0M)->0.0B(772.0M) Survivors: 20.0M->26.0M Heap: 2507.4M(6278.0M)->1839.8M(6278.0M)]
 [Times: user=0.13 sys=0.01, real=0.08 secs] 
2021-03-08T16:45:52.477+0800: 21717.182: Total time for which application threads were stopped: 0.0810273 seconds, Stopping threads took: 0.0003828 seconds
2021-03-08T16:45:52.478+0800: 21717.182: [GC concurrent-string-deduplication, 20.7K->12.0K(8904.0B), avg 63.3%, 0.0002163 secs]
   [Last Exec: 0.0002163 secs, Idle: 1.8127348 secs, Blocked: 0/0.0000000 secs]
      [Inspected:             360]
         [Skipped:              0(  0.0%)]
         [Hashed:             219( 60.8%)]
         [Known:                0(  0.0%)]
         [New:                360(100.0%)     20.7K]
      [Deduplicated:          220( 61.1%)   8904.0B( 42.0%)]
         [Young:              220(100.0%)   8904.0B(100.0%)]
         [Old:                  0(  0.0%)      0.0B(  0.0%)]
   [Total Exec: 2645/1.6948382 secs, Idle: 2645/21709.3691042 secs, Blocked: 32/5.5883972 secs]
      [Inspected:         2636805]
         [Skipped:              0(  0.0%)]
         [Hashed:         2048161( 77.7%)]
         [Known:            34941(  1.3%)]
         [New:            2601864( 98.7%)    143.1M]
      [Deduplicated:      2003129( 77.0%)     90.6M( 63.3%)]
         [Young:           838270( 41.8%)     40.0M( 44.1%)]
         [Old:            1164859( 58.2%)     50.7M( 55.9%)]
   [Table]
      [Memory Usage: 2254.9K]
      [Size: 65536, Min: 1024, Max: 16777216]
      [Entries: 74364, Load: 113.5%, Cached: 0, Added: 633183, Removed: 558819]
      [Resize Count: 6, Shrink Threshold: 43690(66.7%), Grow Threshold: 131072(200.0%)]
      [Rehash Count: 0, Rehash Threshold: 120, Hash Seed: 0x0]
      [Age Threshold: 3]
   [Queue]
      [Dropped: 0]
[GC concurrent-string-deduplication, deleted 0 entries, 0.0000006 secs]
2021-03-08T16:45:53.977+0800: 21718.681: [GC pause (G1 Evacuation Pause) (young), 0.0590651 secs]
   [Parallel Time: 49.0 ms, GC Workers: 4]
      [GC Worker Start (ms): Min: 21718684.9, Avg: 21718685.1, Max: 21718685.6, Diff: 0.7]
      [Ext Root Scanning (ms): Min: 9.9, Avg: 11.7, Max: 16.9, Diff: 7.0, Sum: 46.8]
      [Update RS (ms): Min: 0.0, Avg: 2.2, Max: 2.9, Diff: 2.9, Sum: 8.8]
         [Processed Buffers: Min: 0, Avg: 23.5, Max: 56, Diff: 56, Sum: 94]
      [Scan RS (ms): Min: 0.1, Avg: 0.2, Max: 0.2, Diff: 0.2, Sum: 0.8]
      [Code Root Scanning (ms): Min: 0.0, Avg: 0.0, Max: 0.0, Diff: 0.0, Sum: 0.0]
      [Object Copy (ms): Min: 30.3, Avg: 34.2, Max: 35.6, Diff: 5.3, Sum: 136.9]
      [Termination (ms): Min: 0.0, Avg: 0.2, Max: 0.3, Diff: 0.3, Sum: 0.7]
         [Termination Attempts: Min: 3, Avg: 77.8, Max: 122, Diff: 119, Sum: 311]
      [GC Worker Other (ms): Min: 0.0, Avg: 0.3, Max: 1.0, Diff: 1.0, Sum: 1.1]
      [GC Worker Total (ms): Min: 48.3, Avg: 48.8, Max: 49.0, Diff: 0.7, Sum: 195.1]
      [GC Worker End (ms): Min: 21718733.9, Avg: 21718733.9, Max: 21718733.9, Diff: 0.0]
   [Code Root Fixup: 0.0 ms]
   [Code Root Purge: 0.0 ms]
   [String Dedup Fixup: 2.5 ms, GC Workers: 4]
      [Queue Fixup (ms): Min: 0.0, Avg: 0.0, Max: 0.0, Diff: 0.0, Sum: 0.0]
      [Table Fixup (ms): Min: 2.4, Avg: 2.4, Max: 2.4, Diff: 0.0, Sum: 9.5]
   [Clear CT: 0.3 ms]
   [Other: 7.3 ms]
      [Choose CSet: 0.0 ms]
      [Ref Proc: 0.9 ms]
      [Ref Enq: 0.0 ms]
      [Redirty Cards: 0.0 ms]
      [Humongous Register: 3.3 ms]
      [Humongous Reclaim: 0.1 ms]
      [Free CSet: 1.5 ms]
   [Eden: 772.0M(772.0M)->0.0B(1318.0M) Survivors: 26.0M->28.0M Heap: 2616.5M(6278.0M)->1841.3M(6278.0M)]
 [Times: user=0.13 sys=0.02, real=0.06 secs] 
2021-03-08T16:45:54.037+0800: 21718.741: Total time for which application threads were stopped: 0.0817487 seconds, Stopping threads took: 0.0153444 seconds
2021-03-08T16:45:54.037+0800: 21718.741: [GC concurrent-string-deduplication, 4936.0B->3080.0B(1856.0B), avg 63.3%, 0.0000660 secs]
   [Last Exec: 0.0000660 secs, Idle: 1.5588510 secs, Blocked: 0/0.0000000 secs]
      [Inspected:              82]
         [Skipped:              0(  0.0%)]
         [Hashed:              47( 57.3%)]
         [Known:                0(  0.0%)]
         [New:                 82(100.0%)   4936.0B]
      [Deduplicated:           47( 57.3%)   1856.0B( 37.6%)]
         [Young:               47(100.0%)   1856.0B(100.0%)]
         [Old:                  0(  0.0%)      0.0B(  0.0%)]
   [Total Exec: 2646/1.6949042 secs, Idle: 2646/21710.9279552 secs, Blocked: 32/5.5883972 secs]
      [Inspected:         2636887]
         [Skipped:              0(  0.0%)]
         [Hashed:         2048208( 77.7%)]
         [Known:            34941(  1.3%)]
         [New:            2601946( 98.7%)    143.1M]
      [Deduplicated:      2003176( 77.0%)     90.6M( 63.3%)]
         [Young:           838317( 41.8%)     40.0M( 44.1%)]
         [Old:            1164859( 58.2%)     50.7M( 55.9%)]
   [Table]
      [Memory Usage: 2255.7K]
      [Size: 65536, Min: 1024, Max: 16777216]
      [Entries: 74399, Load: 113.5%, Cached: 0, Added: 633218, Removed: 558819]
      [Resize Count: 6, Shrink Threshold: 43690(66.7%), Grow Threshold: 131072(200.0%)]
      [Rehash Count: 0, Rehash Threshold: 120, Hash Seed: 0x0]
      [Age Threshold: 3]
   [Queue]
      [Dropped: 0]
[GC concurrent-string-deduplication, deleted 0 entries, 0.0000008 secs]
2021-03-08T16:45:59.293+0800: 21723.998: Total time for which application threads were stopped: 0.0073198 seconds, Stopping threads took: 0.0014007 seconds
2021-03-08T16:45:59.297+0800: 21724.002: Total time for which application threads were stopped: 0.0040814 seconds, Stopping threads took: 0.0001533 seconds
2021-03-08T16:46:00.209+0800: 21724.913: [GC pause (G1 Evacuation Pause) (young), 0.0977607 secs]
   [Parallel Time: 71.5 ms, GC Workers: 4]
      [GC Worker Start (ms): Min: 21724913.8, Avg: 21724918.0, Max: 21724922.3, Diff: 8.5]
      [Ext Root Scanning (ms): Min: 0.9, Avg: 11.5, Max: 26.5, Diff: 25.6, Sum: 45.8]
      [Update RS (ms): Min: 0.0, Avg: 7.3, Max: 19.0, Diff: 19.0, Sum: 29.0]
         [Processed Buffers: Min: 0, Avg: 45.5, Max: 89, Diff: 89, Sum: 182]
      [Scan RS (ms): Min: 0.0, Avg: 0.2, Max: 0.4, Diff: 0.4, Sum: 1.0]
      [Code Root Scanning (ms): Min: 0.0, Avg: 0.0, Max: 0.0, Diff: 0.0, Sum: 0.0]
      [Object Copy (ms): Min: 41.7, Avg: 46.7, Max: 51.0, Diff: 9.3, Sum: 187.0]
      [Termination (ms): Min: 0.0, Avg: 0.2, Max: 0.3, Diff: 0.3, Sum: 0.8]
         [Termination Attempts: Min: 1, Avg: 6.0, Max: 11, Diff: 10, Sum: 24]
      [GC Worker Other (ms): Min: 0.0, Avg: 0.0, Max: 0.1, Diff: 0.0, Sum: 0.1]
      [GC Worker Total (ms): Min: 61.7, Avg: 66.0, Max: 70.2, Diff: 8.5, Sum: 263.8]
      [GC Worker End (ms): Min: 21724984.0, Avg: 21724984.0, Max: 21724984.0, Diff: 0.0]
   [Code Root Fixup: 0.0 ms]
   [Code Root Purge: 0.0 ms]
   [String Dedup Fixup: 4.7 ms, GC Workers: 4]
      [Queue Fixup (ms): Min: 0.0, Avg: 0.0, Max: 0.0, Diff: 0.0, Sum: 0.0]
      [Table Fixup (ms): Min: 0.0, Avg: 2.0, Max: 4.2, Diff: 4.2, Sum: 8.0]
   [Clear CT: 2.2 ms]
   [Other: 19.4 ms]
      [Choose CSet: 0.0 ms]
      [Ref Proc: 15.3 ms]
      [Ref Enq: 0.0 ms]
      [Redirty Cards: 0.1 ms]
      [Humongous Register: 0.3 ms]
      [Humongous Reclaim: 0.1 ms]
      [Free CSet: 2.3 ms]
   [Eden: 1318.0M(1318.0M)->0.0B(1462.0M) Survivors: 28.0M->32.0M Heap: 3174.3M(6278.0M)->1846.4M(6278.0M)]
 [Times: user=0.16 sys=0.02, real=0.10 secs] 
2021-03-08T16:46:00.310+0800: 21725.014: Total time for which application threads were stopped: 0.1052733 seconds, Stopping threads took: 0.0004209 seconds
2021-03-08T16:46:00.311+0800: 21725.015: [GC concurrent-string-deduplication, 20.8K->12.3K(8728.0B), avg 63.3%, 0.0002512 secs]
   [Last Exec: 0.0002512 secs, Idle: 6.2735087 secs, Blocked: 0/0.0000000 secs]
      [Inspected:             370]
         [Skipped:              0(  0.0%)]
         [Hashed:             227( 61.4%)]
         [Known:                0(  0.0%)]
         [New:                370(100.0%)     20.8K]
      [Deduplicated:          227( 61.4%)   8728.0B( 41.0%)]
         [Young:              227(100.0%)   8728.0B(100.0%)]
         [Old:                  0(  0.0%)      0.0B(  0.0%)]
   [Total Exec: 2647/1.6951554 secs, Idle: 2647/21717.2014638 secs, Blocked: 32/5.5883972 secs]
      [Inspected:         2637257]
         [Skipped:              0(  0.0%)]
         [Hashed:         2048435( 77.7%)]
         [Known:            34941(  1.3%)]
         [New:            2602316( 98.7%)    143.1M]
      [Deduplicated:      2003403( 77.0%)     90.6M( 63.3%)]
         [Young:           838544( 41.9%)     40.0M( 44.1%)]
         [Old:            1164859( 58.1%)     50.7M( 55.9%)]
   [Table]
      [Memory Usage: 2259.1K]
      [Size: 65536, Min: 1024, Max: 16777216]
      [Entries: 74542, Load: 113.7%, Cached: 0, Added: 633361, Removed: 558819]
      [Resize Count: 6, Shrink Threshold: 43690(66.7%), Grow Threshold: 131072(200.0%)]
      [Rehash Count: 0, Rehash Threshold: 120, Hash Seed: 0x0]
      [Age Threshold: 3]
   [Queue]
      [Dropped: 0]
[GC concurrent-string-deduplication, deleted 0 entries, 0.0000007 secs]
2021-03-08T16:46:08.970+0800: 21733.675: [GC pause (G1 Evacuation Pause) (young), 0.0826384 secs]
   [Parallel Time: 71.1 ms, GC Workers: 4]
      [GC Worker Start (ms): Min: 21733677.8, Avg: 21733677.9, Max: 21733678.2, Diff: 0.4]
      [Ext Root Scanning (ms): Min: 11.5, Avg: 13.2, Max: 17.3, Diff: 5.7, Sum: 52.7]
      [Update RS (ms): Min: 2.3, Avg: 6.7, Max: 9.5, Diff: 7.2, Sum: 26.7]
         [Processed Buffers: Min: 12, Avg: 33.8, Max: 54, Diff: 42, Sum: 135]
      [Scan RS (ms): Min: 0.1, Avg: 0.3, Max: 0.6, Diff: 0.5, Sum: 1.2]
      [Code Root Scanning (ms): Min: 0.0, Avg: 0.0, Max: 0.0, Diff: 0.0, Sum: 0.0]
      [Object Copy (ms): Min: 49.0, Avg: 50.3, Max: 51.3, Diff: 2.3, Sum: 201.1]
      [Termination (ms): Min: 0.0, Avg: 0.3, Max: 0.5, Diff: 0.5, Sum: 1.3]
         [Termination Attempts: Min: 2, Avg: 6.2, Max: 10, Diff: 8, Sum: 25]
      [GC Worker Other (ms): Min: 0.0, Avg: 0.1, Max: 0.1, Diff: 0.0, Sum: 0.2]
      [GC Worker Total (ms): Min: 70.6, Avg: 70.8, Max: 71.0, Diff: 0.4, Sum: 283.4]
      [GC Worker End (ms): Min: 21733748.7, Avg: 21733748.8, Max: 21733748.8, Diff: 0.0]
   [Code Root Fixup: 0.0 ms]
   [Code Root Purge: 0.0 ms]
   [String Dedup Fixup: 3.1 ms, GC Workers: 4]
      [Queue Fixup (ms): Min: 0.0, Avg: 0.0, Max: 0.0, Diff: 0.0, Sum: 0.0]
      [Table Fixup (ms): Min: 2.8, Avg: 2.8, Max: 2.8, Diff: 0.1, Sum: 11.2]
   [Clear CT: 1.5 ms]
   [Other: 6.9 ms]
      [Choose CSet: 0.0 ms]
      [Ref Proc: 0.1 ms]
      [Ref Enq: 0.0 ms]
      [Redirty Cards: 0.0 ms]
      [Humongous Register: 2.7 ms]
      [Humongous Reclaim: 0.1 ms]
      [Free CSet: 2.5 ms]
   [Eden: 1462.0M(1462.0M)->0.0B(2140.0M) Survivors: 32.0M->38.0M Heap: 3316.4M(6278.0M)->1850.5M(6278.0M)]
 [Times: user=0.18 sys=0.03, real=0.08 secs] 
2021-03-08T16:46:09.054+0800: 21733.758: Total time for which application threads were stopped: 0.0984031 seconds, Stopping threads took: 0.0056752 seconds
2021-03-08T16:46:09.054+0800: 21733.758: [GC concurrent-string-deduplication, 11.4K->7512.0B(4136.0B), avg 63.3%, 0.0001453 secs]
   [Last Exec: 0.0001453 secs, Idle: 8.7434257 secs, Blocked: 0/0.0000000 secs]
      [Inspected:             184]
         [Skipped:              0(  0.0%)]
         [Hashed:              99( 53.8%)]
         [Known:                0(  0.0%)]
         [New:                184(100.0%)     11.4K]
      [Deduplicated:           98( 53.3%)   4136.0B( 35.5%)]
         [Young:               98(100.0%)   4136.0B(100.0%)]
         [Old:                  0(  0.0%)      0.0B(  0.0%)]
   [Total Exec: 2648/1.6953007 secs, Idle: 2648/21725.9448895 secs, Blocked: 32/5.5883972 secs]
      [Inspected:         2637441]
         [Skipped:              0(  0.0%)]
         [Hashed:         2048534( 77.7%)]
         [Known:            34941(  1.3%)]
         [New:            2602500( 98.7%)    143.1M]
      [Deduplicated:      2003501( 77.0%)     90.6M( 63.3%)]
         [Young:           838642( 41.9%)     40.0M( 44.1%)]
         [Old:            1164859( 58.1%)     50.7M( 55.9%)]
   [Table]
      [Memory Usage: 2261.1K]
      [Size: 65536, Min: 1024, Max: 16777216]
      [Entries: 74628, Load: 113.9%, Cached: 0, Added: 633447, Removed: 558819]
      [Resize Count: 6, Shrink Threshold: 43690(66.7%), Grow Threshold: 131072(200.0%)]
      [Rehash Count: 0, Rehash Threshold: 120, Hash Seed: 0x0]
      [Age Threshold: 3]
   [Queue]
      [Dropped: 0]
[GC concurrent-string-deduplication, deleted 0 entries, 0.0000009 secs]
2021-03-08T16:46:20.786+0800: 21745.490: [GC pause (G1 Evacuation Pause) (young), 0.0897373 secs]
   [Parallel Time: 76.6 ms, GC Workers: 4]
      [GC Worker Start (ms): Min: 21745492.7, Avg: 21745492.8, Max: 21745492.9, Diff: 0.2]
      [Ext Root Scanning (ms): Min: 4.8, Avg: 5.0, Max: 5.4, Diff: 0.5, Sum: 20.2]
      [Update RS (ms): Min: 6.2, Avg: 6.3, Max: 6.3, Diff: 0.1, Sum: 25.1]
         [Processed Buffers: Min: 18, Avg: 48.5, Max: 63, Diff: 45, Sum: 194]
      [Scan RS (ms): Min: 0.4, Avg: 0.4, Max: 0.5, Diff: 0.0, Sum: 1.8]
      [Code Root Scanning (ms): Min: 0.0, Avg: 0.0, Max: 0.0, Diff: 0.0, Sum: 0.1]
      [Object Copy (ms): Min: 58.9, Avg: 59.2, Max: 59.4, Diff: 0.4, Sum: 236.8]
      [Termination (ms): Min: 0.2, Avg: 0.2, Max: 0.3, Diff: 0.1, Sum: 0.8]
         [Termination Attempts: Min: 200, Avg: 237.2, Max: 261, Diff: 61, Sum: 949]
      [GC Worker Other (ms): Min: 0.1, Avg: 2.9, Max: 3.9, Diff: 3.8, Sum: 11.6]
      [GC Worker Total (ms): Min: 71.3, Avg: 74.1, Max: 75.1, Diff: 3.8, Sum: 296.3]
      [GC Worker End (ms): Min: 21745564.1, Avg: 21745566.9, Max: 21745567.9, Diff: 3.8]
   [Code Root Fixup: 0.0 ms]
   [Code Root Purge: 0.0 ms]
   [String Dedup Fixup: 3.6 ms, GC Workers: 4]
      [Queue Fixup (ms): Min: 0.0, Avg: 0.0, Max: 0.0, Diff: 0.0, Sum: 0.0]
      [Table Fixup (ms): Min: 0.0, Avg: 2.7, Max: 3.6, Diff: 3.6, Sum: 10.6]
   [Clear CT: 0.6 ms]
   [Other: 8.9 ms]
      [Choose CSet: 0.0 ms]
      [Ref Proc: 1.9 ms]
      [Ref Enq: 0.0 ms]
      [Redirty Cards: 0.1 ms]
      [Humongous Register: 1.8 ms]
      [Humongous Reclaim: 0.2 ms]
      [Free CSet: 3.5 ms]
   [Eden: 2140.0M(2140.0M)->0.0B(2174.0M) Survivors: 38.0M->50.0M Heap: 4006.8M(6278.0M)->1863.6M(6278.0M)]
 [Times: user=0.22 sys=0.05, real=0.09 secs] 
2021-03-08T16:46:20.877+0800: 21745.581: Total time for which application threads were stopped: 0.1001001 seconds, Stopping threads took: 0.0021618 seconds
2021-03-08T16:46:20.877+0800: 21745.581: [GC concurrent-string-deduplication, 25.8K->15.1K(10.6K), avg 63.3%, 0.0002958 secs]
   [Last Exec: 0.0002958 secs, Idle: 11.8224172 secs, Blocked: 0/0.0000000 secs]
      [Inspected:             403]
         [Skipped:              0(  0.0%)]
         [Hashed:             229( 56.8%)]
         [Known:                0(  0.0%)]
         [New:                403(100.0%)     25.8K]
      [Deduplicated:          227( 56.3%)     10.6K( 41.3%)]
         [Young:              227(100.0%)     10.6K(100.0%)]
         [Old:                  0(  0.0%)      0.0B(  0.0%)]
   [Total Exec: 2649/1.6955965 secs, Idle: 2649/21737.7673067 secs, Blocked: 32/5.5883972 secs]
      [Inspected:         2637844]
         [Skipped:              0(  0.0%)]
         [Hashed:         2048763( 77.7%)]
         [Known:            34941(  1.3%)]
         [New:            2602903( 98.7%)    143.2M]
      [Deduplicated:      2003728( 77.0%)     90.6M( 63.3%)]
         [Young:           838869( 41.9%)     40.0M( 44.1%)]
         [Old:            1164859( 58.1%)     50.7M( 55.9%)]
   [Table]
      [Memory Usage: 2265.2K]
      [Size: 65536, Min: 1024, Max: 16777216]
      [Entries: 74804, Load: 114.1%, Cached: 0, Added: 633623, Removed: 558819]
      [Resize Count: 6, Shrink Threshold: 43690(66.7%), Grow Threshold: 131072(200.0%)]
      [Rehash Count: 0, Rehash Threshold: 120, Hash Seed: 0x0]
      [Age Threshold: 3]
   [Queue]
      [Dropped: 0]
[GC concurrent-string-deduplication, deleted 0 entries, 0.0000009 secs]
2021-03-08T16:46:24.234+0800: 21748.938: Total time for which application threads were stopped: 0.0125256 seconds, Stopping threads took: 0.0048877 seconds
2021-03-08T16:46:24.629+0800: 21749.333: Total time for which application threads were stopped: 0.0079289 seconds, Stopping threads took: 0.0040944 seconds
2021-03-08T16:46:24.633+0800: 21749.337: Total time for which application threads were stopped: 0.0037534 seconds, Stopping threads took: 0.0001322 seconds
2021-03-08T16:46:24.637+0800: 21749.341: Total time for which application threads were stopped: 0.0038824 seconds, Stopping threads took: 0.0001414 seconds
2021-03-08T16:46:24.641+0800: 21749.345: Total time for which application threads were stopped: 0.0038348 seconds, Stopping threads took: 0.0001230 seconds
2021-03-08T16:46:24.644+0800: 21749.349: Total time for which application threads were stopped: 0.0038020 seconds, Stopping threads took: 0.0001258 seconds
2021-03-08T16:46:24.648+0800: 21749.352: Total time for which application threads were stopped: 0.0036844 seconds, Stopping threads took: 0.0001187 seconds
2021-03-08T16:46:24.652+0800: 21749.356: Total time for which application threads were stopped: 0.0037129 seconds, Stopping threads took: 0.0001601 seconds
2021-03-08T16:46:29.397+0800: 21754.101: Total time for which application threads were stopped: 0.0109640 seconds, Stopping threads took: 0.0023344 seconds
2021-03-08T16:46:29.401+0800: 21754.105: Total time for which application threads were stopped: 0.0040622 seconds, Stopping threads took: 0.0001416 seconds
2021-03-08T16:46:34.427+0800: 21759.131: Total time for which application threads were stopped: 0.0247991 seconds, Stopping threads took: 0.0164082 seconds
2021-03-08T16:46:34.452+0800: 21759.156: Total time for which application threads were stopped: 0.0120101 seconds, Stopping threads took: 0.0079974 seconds
2021-03-08T16:46:34.461+0800: 21759.166: Total time for which application threads were stopped: 0.0043694 seconds, Stopping threads took: 0.0004319 seconds
2021-03-08T16:46:34.515+0800: 21759.220: [GC pause (G1 Evacuation Pause) (young), 0.1962170 secs]
   [Parallel Time: 177.5 ms, GC Workers: 4]
      [GC Worker Start (ms): Min: 21759228.8, Avg: 21759237.1, Max: 21759245.3, Diff: 16.5]
      [Ext Root Scanning (ms): Min: 4.4, Avg: 17.7, Max: 26.1, Diff: 21.7, Sum: 70.9]
      [Update RS (ms): Min: 0.4, Avg: 19.3, Max: 39.2, Diff: 38.8, Sum: 77.2]
         [Processed Buffers: Min: 3, Avg: 52.0, Max: 138, Diff: 135, Sum: 208]
      [Scan RS (ms): Min: 0.2, Avg: 0.5, Max: 0.9, Diff: 0.7, Sum: 2.1]
      [Code Root Scanning (ms): Min: 0.0, Avg: 0.0, Max: 0.0, Diff: 0.0, Sum: 0.1]
      [Object Copy (ms): Min: 116.4, Avg: 130.7, Max: 138.1, Diff: 21.7, Sum: 522.7]
      [Termination (ms): Min: 0.2, Avg: 0.3, Max: 0.4, Diff: 0.2, Sum: 1.3]
         [Termination Attempts: Min: 317, Avg: 359.8, Max: 424, Diff: 107, Sum: 1439]
      [GC Worker Other (ms): Min: 0.0, Avg: 0.1, Max: 0.1, Diff: 0.1, Sum: 0.3]
      [GC Worker Total (ms): Min: 160.5, Avg: 168.6, Max: 176.9, Diff: 16.4, Sum: 674.6]
      [GC Worker End (ms): Min: 21759405.7, Avg: 21759405.7, Max: 21759405.7, Diff: 0.1]
   [Code Root Fixup: 0.0 ms]
   [Code Root Purge: 0.0 ms]
   [String Dedup Fixup: 4.1 ms, GC Workers: 4]
      [Queue Fixup (ms): Min: 0.0, Avg: 0.0, Max: 0.0, Diff: 0.0, Sum: 0.0]
      [Table Fixup (ms): Min: 0.0, Avg: 3.0, Max: 4.1, Diff: 4.1, Sum: 12.1]
   [Clear CT: 0.7 ms]
   [Other: 13.9 ms]
      [Choose CSet: 0.0 ms]
      [Ref Proc: 0.3 ms]
      [Ref Enq: 0.0 ms]
      [Redirty Cards: 0.0 ms]
      [Humongous Register: 4.2 ms]
      [Humongous Reclaim: 0.2 ms]
      [Free CSet: 3.6 ms]
   [Eden: 2174.0M(2174.0M)->0.0B(976.0M) Survivors: 50.0M->70.0M Heap: 4053.9M(6278.0M)->1883.1M(6278.0M)]
 [Times: user=0.32 sys=0.05, real=0.19 secs] 
2021-03-08T16:46:34.712+0800: 21759.417: Total time for which application threads were stopped: 0.2062420 seconds, Stopping threads took: 0.0041438 seconds
2021-03-08T16:46:34.713+0800: 21759.417: [GC concurrent-string-deduplication, 21.7K->12.1K(9824.0B), avg 63.3%, 0.0002884 secs]
   [Last Exec: 0.0002884 secs, Idle: 13.8353976 secs, Blocked: 0/0.0000000 secs]
      [Inspected:             382]
         [Skipped:              0(  0.0%)]
         [Hashed:             242( 63.4%)]
         [Known:                0(  0.0%)]
         [New:                382(100.0%)     21.7K]
      [Deduplicated:          240( 62.8%)   9824.0B( 44.2%)]
         [Young:              240(100.0%)   9824.0B(100.0%)]
         [Old:                  0(  0.0%)      0.0B(  0.0%)]
   [Total Exec: 2650/1.6958849 secs, Idle: 2650/21751.6027043 secs, Blocked: 32/5.5883972 secs]
      [Inspected:         2638226]
         [Skipped:              0(  0.0%)]
         [Hashed:         2049005( 77.7%)]
         [Known:            34941(  1.3%)]
         [New:            2603285( 98.7%)    143.2M]
      [Deduplicated:      2003968( 77.0%)     90.7M( 63.3%)]
         [Young:           839109( 41.9%)     40.0M( 44.1%)]
         [Old:            1164859( 58.1%)     50.7M( 55.9%)]
   [Table]
      [Memory Usage: 2268.5K]
      [Size: 65536, Min: 1024, Max: 16777216]
      [Entries: 74946, Load: 114.4%, Cached: 0, Added: 633765, Removed: 558819]
      [Resize Count: 6, Shrink Threshold: 43690(66.7%), Grow Threshold: 131072(200.0%)]
      [Rehash Count: 0, Rehash Threshold: 120, Hash Seed: 0x0]
      [Age Threshold: 3]
   [Queue]
      [Dropped: 0]
[GC concurrent-string-deduplication, deleted 0 entries, 0.0000008 secs]
2021-03-08T16:46:38.666+0800: 21763.370: [GC pause (G1 Evacuation Pause) (young), 0.1100518 secs]
   [Parallel Time: 79.3 ms, GC Workers: 4]
      [GC Worker Start (ms): Min: 21763371.0, Avg: 21763371.0, Max: 21763371.0, Diff: 0.0]
      [Ext Root Scanning (ms): Min: 2.9, Avg: 3.0, Max: 3.1, Diff: 0.2, Sum: 11.9]
      [Update RS (ms): Min: 1.6, Avg: 1.7, Max: 1.8, Diff: 0.2, Sum: 6.8]
         [Processed Buffers: Min: 10, Avg: 19.0, Max: 36, Diff: 26, Sum: 76]
      [Scan RS (ms): Min: 0.1, Avg: 0.2, Max: 0.2, Diff: 0.1, Sum: 0.6]
      [Code Root Scanning (ms): Min: 0.0, Avg: 0.0, Max: 0.0, Diff: 0.0, Sum: 0.0]
      [Object Copy (ms): Min: 71.0, Avg: 71.1, Max: 71.2, Diff: 0.2, Sum: 284.4]
      [Termination (ms): Min: 0.1, Avg: 0.1, Max: 0.2, Diff: 0.1, Sum: 0.5]
         [Termination Attempts: Min: 96, Avg: 113.8, Max: 141, Diff: 45, Sum: 455]
      [GC Worker Other (ms): Min: 0.0, Avg: 0.0, Max: 0.0, Diff: 0.0, Sum: 0.1]
      [GC Worker Total (ms): Min: 76.1, Avg: 76.1, Max: 76.1, Diff: 0.1, Sum: 304.4]
      [GC Worker End (ms): Min: 21763447.1, Avg: 21763447.1, Max: 21763447.1, Diff: 0.0]
   [Code Root Fixup: 0.0 ms]
   [Code Root Purge: 0.0 ms]
   [String Dedup Fixup: 10.7 ms, GC Workers: 4]
      [Queue Fixup (ms): Min: 0.0, Avg: 0.0, Max: 0.0, Diff: 0.0, Sum: 0.0]
      [Table Fixup (ms): Min: 0.5, Avg: 2.0, Max: 3.6, Diff: 3.2, Sum: 8.1]
   [Clear CT: 3.1 ms]
   [Other: 17.0 ms]
      [Choose CSet: 0.0 ms]
      [Ref Proc: 6.1 ms]
      [Ref Enq: 0.0 ms]
      [Redirty Cards: 7.7 ms]
      [Humongous Register: 0.2 ms]
      [Humongous Reclaim: 0.1 ms]
      [Free CSet: 1.3 ms]
   [Eden: 976.0M(976.0M)->0.0B(2346.0M) Survivors: 70.0M->66.0M Heap: 2861.1M(6278.0M)->1882.1M(6278.0M)]
 [Times: user=0.29 sys=0.02, real=0.11 secs] 
2021-03-08T16:46:38.777+0800: 21763.481: Total time for which application threads were stopped: 0.1151109 seconds, Stopping threads took: 0.0004672 seconds
2021-03-08T16:46:38.777+0800: 21763.482: [GC concurrent-string-deduplication, 41.0K->19.0K(22.0K), avg 63.3%, 0.0004866 secs]
   [Last Exec: 0.0004866 secs, Idle: 4.0641680 secs, Blocked: 0/0.0000000 secs]
      [Inspected:             796]
         [Skipped:              0(  0.0%)]
         [Hashed:             575( 72.2%)]
         [Known:                0(  0.0%)]
         [New:                796(100.0%)     41.0K]
      [Deduplicated:          575( 72.2%)     22.0K( 53.7%)]
         [Young:              575(100.0%)     22.0K(100.0%)]
         [Old:                  0(  0.0%)      0.0B(  0.0%)]
   [Total Exec: 2651/1.6963715 secs, Idle: 2651/21755.6668723 secs, Blocked: 32/5.5883972 secs]
      [Inspected:         2639022]
         [Skipped:              0(  0.0%)]
         [Hashed:         2049580( 77.7%)]
         [Known:            34941(  1.3%)]
         [New:            2604081( 98.7%)    143.2M]
      [Deduplicated:      2004543( 77.0%)     90.7M( 63.3%)]
         [Young:           839684( 41.9%)     40.0M( 44.1%)]
         [Old:            1164859( 58.1%)     50.7M( 55.9%)]
   [Table]
      [Memory Usage: 2273.7K]
      [Size: 65536, Min: 1024, Max: 16777216]
      [Entries: 75167, Load: 114.7%, Cached: 0, Added: 633986, Removed: 558819]
      [Resize Count: 6, Shrink Threshold: 43690(66.7%), Grow Threshold: 131072(200.0%)]
      [Rehash Count: 0, Rehash Threshold: 120, Hash Seed: 0x0]
      [Age Threshold: 3]
   [Queue]
      [Dropped: 0]
[GC concurrent-string-deduplication, deleted 0 entries, 0.0000008 secs]
2021-03-08T16:46:40.454+0800: 21765.159: Total time for which application threads were stopped: 0.0043149 seconds, Stopping threads took: 0.0004451 seconds
2021-03-08T16:46:40.608+0800: 21765.312: Total time for which application threads were stopped: 0.0040944 seconds, Stopping threads took: 0.0004067 seconds
2021-03-08T16:46:41.073+0800: 21765.778: Total time for which application threads were stopped: 0.0080420 seconds, Stopping threads took: 0.0003810 seconds
2021-03-08T16:46:48.852+0800: 21773.556: [GC pause (G1 Evacuation Pause) (young), 0.1191283 secs]
   [Parallel Time: 107.4 ms, GC Workers: 4]
      [GC Worker Start (ms): Min: 21773558.9, Avg: 21773561.5, Max: 21773564.3, Diff: 5.4]
      [Ext Root Scanning (ms): Min: 4.3, Avg: 8.3, Max: 9.9, Diff: 5.6, Sum: 33.2]
      [Update RS (ms): Min: 1.5, Avg: 5.6, Max: 7.0, Diff: 5.5, Sum: 22.3]
         [Processed Buffers: Min: 15, Avg: 51.5, Max: 68, Diff: 53, Sum: 206]
      [Scan RS (ms): Min: 0.5, Avg: 0.5, Max: 0.5, Diff: 0.0, Sum: 1.9]
      [Code Root Scanning (ms): Min: 0.0, Avg: 0.0, Max: 0.0, Diff: 0.0, Sum: 0.1]
      [Object Copy (ms): Min: 90.1, Avg: 90.2, Max: 90.6, Diff: 0.6, Sum: 361.0]
      [Termination (ms): Min: 0.0, Avg: 0.1, Max: 0.1, Diff: 0.0, Sum: 0.2]
         [Termination Attempts: Min: 48, Avg: 56.2, Max: 63, Diff: 15, Sum: 225]
      [GC Worker Other (ms): Min: 0.0, Avg: 0.1, Max: 0.1, Diff: 0.0, Sum: 0.2]
      [GC Worker Total (ms): Min: 102.0, Avg: 104.7, Max: 107.4, Diff: 5.4, Sum: 418.9]
      [GC Worker End (ms): Min: 21773666.2, Avg: 21773666.3, Max: 21773666.3, Diff: 0.0]
   [Code Root Fixup: 0.0 ms]
   [Code Root Purge: 0.0 ms]
   [String Dedup Fixup: 2.8 ms, GC Workers: 4]
      [Queue Fixup (ms): Min: 0.0, Avg: 0.0, Max: 0.0, Diff: 0.0, Sum: 0.0]
      [Table Fixup (ms): Min: 2.7, Avg: 2.7, Max: 2.8, Diff: 0.1, Sum: 10.9]
   [Clear CT: 0.7 ms]
   [Other: 8.1 ms]
      [Choose CSet: 0.0 ms]
      [Ref Proc: 0.1 ms]
      [Ref Enq: 0.0 ms]
      [Redirty Cards: 0.0 ms]
      [Humongous Register: 2.3 ms]
      [Humongous Reclaim: 0.2 ms]
      [Free CSet: 4.0 ms]
   [Eden: 2346.0M(2346.0M)->0.0B(2024.0M) Survivors: 66.0M->86.0M Heap: 4245.9M(6278.0M)->1902.6M(6278.0M)]
 [Times: user=0.38 sys=0.04, real=0.12 secs] 
2021-03-08T16:46:48.972+0800: 21773.676: Total time for which application threads were stopped: 0.1296026 seconds, Stopping threads took: 0.0023100 seconds
2021-03-08T16:46:48.972+0800: 21773.676: [GC concurrent-string-deduplication, 40.2K->18.0K(22.2K), avg 63.3%, 0.0004936 secs]
   [Last Exec: 0.0004936 secs, Idle: 10.1942396 secs, Blocked: 0/0.0000000 secs]
      [Inspected:             736]
         [Skipped:              0(  0.0%)]
         [Hashed:             531( 72.1%)]
         [Known:                0(  0.0%)]
         [New:                736(100.0%)     40.2K]
      [Deduplicated:          530( 72.0%)     22.2K( 55.2%)]
         [Young:              530(100.0%)     22.2K(100.0%)]
         [Old:                  0(  0.0%)      0.0B(  0.0%)]
   [Total Exec: 2652/1.6968651 secs, Idle: 2652/21765.8611119 secs, Blocked: 32/5.5883972 secs]
      [Inspected:         2639758]
         [Skipped:              0(  0.0%)]
         [Hashed:         2050111( 77.7%)]
         [Known:            34941(  1.3%)]
         [New:            2604817( 98.7%)    143.3M]
      [Deduplicated:      2005073( 77.0%)     90.7M( 63.3%)]
         [Young:           840214( 41.9%)     40.0M( 44.1%)]
         [Old:            1164859( 58.1%)     50.7M( 55.9%)]
   [Table]
      [Memory Usage: 2278.6K]
      [Size: 65536, Min: 1024, Max: 16777216]
      [Entries: 75373, Load: 115.0%, Cached: 0, Added: 634192, Removed: 558819]
      [Resize Count: 6, Shrink Threshold: 43690(66.7%), Grow Threshold: 131072(200.0%)]
      [Rehash Count: 0, Rehash Threshold: 120, Hash Seed: 0x0]
      [Age Threshold: 3]
   [Queue]
      [Dropped: 0]
[GC concurrent-string-deduplication, deleted 0 entries, 0.0000012 secs]
2021-03-08T16:46:57.110+0800: 21781.814: [GC pause (G1 Evacuation Pause) (young), 0.1184460 secs]
   [Parallel Time: 112.0 ms, GC Workers: 4]
      [GC Worker Start (ms): Min: 21781815.2, Avg: 21781816.7, Max: 21781818.2, Diff: 2.9]
      [Ext Root Scanning (ms): Min: 3.7, Avg: 5.5, Max: 7.1, Diff: 3.4, Sum: 21.8]
      [Update RS (ms): Min: 5.6, Avg: 5.7, Max: 5.8, Diff: 0.2, Sum: 22.9]
         [Processed Buffers: Min: 47, Avg: 55.2, Max: 62, Diff: 15, Sum: 221]
      [Scan RS (ms): Min: 0.3, Avg: 0.4, Max: 0.4, Diff: 0.1, Sum: 1.5]
      [Code Root Scanning (ms): Min: 0.0, Avg: 0.0, Max: 0.0, Diff: 0.0, Sum: 0.1]
      [Object Copy (ms): Min: 98.5, Avg: 98.7, Max: 98.9, Diff: 0.3, Sum: 394.6]
      [Termination (ms): Min: 0.1, Avg: 0.1, Max: 0.2, Diff: 0.1, Sum: 0.6]
         [Termination Attempts: Min: 154, Avg: 194.0, Max: 231, Diff: 77, Sum: 776]
      [GC Worker Other (ms): Min: 0.0, Avg: 0.1, Max: 0.1, Diff: 0.0, Sum: 0.3]
      [GC Worker Total (ms): Min: 109.0, Avg: 110.4, Max: 111.9, Diff: 2.9, Sum: 441.7]
      [GC Worker End (ms): Min: 21781927.1, Avg: 21781927.1, Max: 21781927.2, Diff: 0.0]
   [Code Root Fixup: 0.0 ms]
   [Code Root Purge: 0.0 ms]
   [String Dedup Fixup: 2.0 ms, GC Workers: 4]
      [Queue Fixup (ms): Min: 0.0, Avg: 0.0, Max: 0.0, Diff: 0.0, Sum: 0.0]
      [Table Fixup (ms): Min: 1.9, Avg: 1.9, Max: 2.0, Diff: 0.1, Sum: 7.8]
   [Clear CT: 0.4 ms]
   [Other: 4.1 ms]
      [Choose CSet: 0.0 ms]
      [Ref Proc: 0.1 ms]
      [Ref Enq: 0.0 ms]
      [Redirty Cards: 0.0 ms]
      [Humongous Register: 0.3 ms]
      [Humongous Reclaim: 0.1 ms]
      [Free CSet: 2.1 ms]
   [Eden: 2024.0M(2024.0M)->0.0B(2768.0M) Survivors: 86.0M->92.0M Heap: 3948.0M(6278.0M)->1907.9M(6278.0M)]
 [Times: user=0.41 sys=0.03, real=0.12 secs] 
2021-03-08T16:46:57.229+0800: 21781.934: Total time for which application threads were stopped: 0.1238255 seconds, Stopping threads took: 0.0007166 seconds
2021-03-08T16:46:57.230+0800: 21781.934: [GC concurrent-string-deduplication, 11.5K->8536.0B(3216.0B), avg 63.3%, 0.0001211 secs]
   [Last Exec: 0.0001211 secs, Idle: 8.2570134 secs, Blocked: 0/0.0000000 secs]
      [Inspected:             178]
         [Skipped:              0(  0.0%)]
         [Hashed:              81( 45.5%)]
         [Known:                0(  0.0%)]
         [New:                178(100.0%)     11.5K]
      [Deduplicated:           81( 45.5%)   3216.0B( 27.4%)]
         [Young:               81(100.0%)   3216.0B(100.0%)]
         [Old:                  0(  0.0%)      0.0B(  0.0%)]
   [Total Exec: 2653/1.6969862 secs, Idle: 2653/21774.1181253 secs, Blocked: 32/5.5883972 secs]
      [Inspected:         2639936]
         [Skipped:              0(  0.0%)]
         [Hashed:         2050192( 77.7%)]
         [Known:            34941(  1.3%)]
         [New:            2604995( 98.7%)    143.3M]
      [Deduplicated:      2005154( 77.0%)     90.7M( 63.3%)]
         [Young:           840295( 41.9%)     40.0M( 44.1%)]
         [Old:            1164859( 58.1%)     50.7M( 55.9%)]
   [Table]
      [Memory Usage: 2280.8K]
      [Size: 65536, Min: 1024, Max: 16777216]
      [Entries: 75468, Load: 115.2%, Cached: 0, Added: 634289, Removed: 558821]
      [Resize Count: 6, Shrink Threshold: 43690(66.7%), Grow Threshold: 131072(200.0%)]
      [Rehash Count: 0, Rehash Threshold: 120, Hash Seed: 0x0]
      [Age Threshold: 3]
   [Queue]
      [Dropped: 0]
[GC concurrent-string-deduplication, deleted 0 entries, 0.0000008 secs]
2021-03-08T16:47:00.125+0800: 21784.830: Total time for which application threads were stopped: 0.0128583 seconds, Stopping threads took: 0.0057945 seconds
2021-03-08T16:47:00.129+0800: 21784.834: Total time for which application threads were stopped: 0.0035933 seconds, Stopping threads took: 0.0001212 seconds
2021-03-08T16:47:07.560+0800: 21792.264: [GC pause (G1 Evacuation Pause) (young), 0.1462276 secs]
   [Parallel Time: 134.0 ms, GC Workers: 4]
      [GC Worker Start (ms): Min: 21792265.8, Avg: 21792266.8, Max: 21792268.1, Diff: 2.3]
      [Ext Root Scanning (ms): Min: 5.1, Avg: 6.5, Max: 7.7, Diff: 2.7, Sum: 25.9]
      [Update RS (ms): Min: 7.9, Avg: 8.0, Max: 8.3, Diff: 0.4, Sum: 32.2]
         [Processed Buffers: Min: 39, Avg: 56.0, Max: 73, Diff: 34, Sum: 224]
      [Scan RS (ms): Min: 0.4, Avg: 0.7, Max: 0.9, Diff: 0.4, Sum: 2.8]
      [Code Root Scanning (ms): Min: 0.0, Avg: 0.0, Max: 0.0, Diff: 0.0, Sum: 0.1]
      [Object Copy (ms): Min: 117.3, Avg: 117.5, Max: 117.6, Diff: 0.3, Sum: 470.0]
      [Termination (ms): Min: 0.1, Avg: 0.1, Max: 0.1, Diff: 0.0, Sum: 0.5]
         [Termination Attempts: Min: 104, Avg: 107.8, Max: 113, Diff: 9, Sum: 431]
      [GC Worker Other (ms): Min: 0.1, Avg: 0.1, Max: 0.1, Diff: 0.1, Sum: 0.3]
      [GC Worker Total (ms): Min: 131.7, Avg: 133.0, Max: 133.9, Diff: 2.3, Sum: 531.8]
      [GC Worker End (ms): Min: 21792399.7, Avg: 21792399.7, Max: 21792399.8, Diff: 0.0]
   [Code Root Fixup: 0.0 ms]
   [Code Root Purge: 0.0 ms]
   [String Dedup Fixup: 4.0 ms, GC Workers: 4]
      [Queue Fixup (ms): Min: 0.0, Avg: 0.0, Max: 0.0, Diff: 0.0, Sum: 0.0]
      [Table Fixup (ms): Min: 2.7, Avg: 3.0, Max: 3.9, Diff: 1.3, Sum: 12.0]
   [Clear CT: 0.6 ms]
   [Other: 7.6 ms]
      [Choose CSet: 0.0 ms]
      [Ref Proc: 0.1 ms]
      [Ref Enq: 0.0 ms]
      [Redirty Cards: 0.1 ms]
      [Humongous Register: 1.4 ms]
      [Humongous Reclaim: 0.2 ms]
      [Free CSet: 4.4 ms]
   [Eden: 2768.0M(2768.0M)->0.0B(2438.0M) Survivors: 92.0M->110.0M Heap: 4694.7M(6278.0M)->1926.2M(6278.0M)]
 [Times: user=0.46 sys=0.08, real=0.15 secs] 
2021-03-08T16:47:07.707+0800: 21792.411: Total time for which application threads were stopped: 0.1516200 seconds, Stopping threads took: 0.0004195 seconds
2021-03-08T16:47:07.707+0800: 21792.411: [GC concurrent-string-deduplication, 31.5K->17.5K(14.0K), avg 63.3%, 0.0003659 secs]
   [Last Exec: 0.0003659 secs, Idle: 10.4771352 secs, Blocked: 0/0.0000000 secs]
      [Inspected:             561]
         [Skipped:              0(  0.0%)]
         [Hashed:             357( 63.6%)]
         [Known:                0(  0.0%)]
         [New:                561(100.0%)     31.5K]
      [Deduplicated:          357( 63.6%)     14.0K( 44.3%)]
         [Young:              357(100.0%)     14.0K(100.0%)]
         [Old:                  0(  0.0%)      0.0B(  0.0%)]
   [Total Exec: 2654/1.6973521 secs, Idle: 2654/21784.5952605 secs, Blocked: 32/5.5883972 secs]
      [Inspected:         2640497]
         [Skipped:              0(  0.0%)]
         [Hashed:         2050549( 77.7%)]
         [Known:            34941(  1.3%)]
         [New:            2605556( 98.7%)    143.3M]
      [Deduplicated:      2005511( 77.0%)     90.7M( 63.3%)]
         [Young:           840652( 41.9%)     40.1M( 44.2%)]
         [Old:            1164859( 58.1%)     50.7M( 55.8%)]
   [Table]
      [Memory Usage: 2285.6K]
      [Size: 65536, Min: 1024, Max: 16777216]
      [Entries: 75672, Load: 115.5%, Cached: 0, Added: 634493, Removed: 558821]
      [Resize Count: 6, Shrink Threshold: 43690(66.7%), Grow Threshold: 131072(200.0%)]
      [Rehash Count: 0, Rehash Threshold: 120, Hash Seed: 0x0]
      [Age Threshold: 3]
   [Queue]
      [Dropped: 0]
[GC concurrent-string-deduplication, deleted 0 entries, 0.0000008 secs]
2021-03-08T16:47:17.080+0800: 21801.784: [GC pause (G1 Evacuation Pause) (young), 0.1571289 secs]
   [Parallel Time: 146.7 ms, GC Workers: 4]
      [GC Worker Start (ms): Min: 21801786.0, Avg: 21801786.0, Max: 21801786.0, Diff: 0.1]
      [Ext Root Scanning (ms): Min: 3.9, Avg: 5.2, Max: 5.7, Diff: 1.9, Sum: 20.6]
      [Update RS (ms): Min: 6.8, Avg: 6.9, Max: 7.0, Diff: 0.2, Sum: 27.6]
         [Processed Buffers: Min: 54, Avg: 59.5, Max: 63, Diff: 9, Sum: 238]
      [Scan RS (ms): Min: 0.5, Avg: 0.5, Max: 0.5, Diff: 0.0, Sum: 2.1]
      [Code Root Scanning (ms): Min: 0.0, Avg: 0.0, Max: 0.0, Diff: 0.0, Sum: 0.1]
      [Object Copy (ms): Min: 133.3, Avg: 133.5, Max: 133.6, Diff: 0.3, Sum: 533.9]
      [Termination (ms): Min: 0.1, Avg: 0.1, Max: 0.1, Diff: 0.0, Sum: 0.3]
         [Termination Attempts: Min: 63, Avg: 72.0, Max: 87, Diff: 24, Sum: 288]
      [GC Worker Other (ms): Min: 0.1, Avg: 0.5, Max: 1.6, Diff: 1.5, Sum: 1.9]
      [GC Worker Total (ms): Min: 146.6, Avg: 146.6, Max: 146.7, Diff: 0.1, Sum: 586.5]
      [GC Worker End (ms): Min: 21801932.6, Avg: 21801932.6, Max: 21801932.6, Diff: 0.0]
   [Code Root Fixup: 0.0 ms]
   [Code Root Purge: 0.0 ms]
   [String Dedup Fixup: 2.8 ms, GC Workers: 4]
      [Queue Fixup (ms): Min: 0.0, Avg: 0.0, Max: 0.0, Diff: 0.0, Sum: 0.0]
      [Table Fixup (ms): Min: 2.6, Avg: 2.7, Max: 2.7, Diff: 0.1, Sum: 10.7]
   [Clear CT: 0.6 ms]
   [Other: 7.0 ms]
      [Choose CSet: 0.0 ms]
      [Ref Proc: 0.1 ms]
      [Ref Enq: 0.0 ms]
      [Redirty Cards: 0.0 ms]
      [Humongous Register: 1.6 ms]
      [Humongous Reclaim: 0.2 ms]
      [Free CSet: 3.8 ms]
   [Eden: 2438.0M(2438.0M)->0.0B(1786.0M) Survivors: 110.0M->130.0M Heap: 4386.7M(6278.0M)->1946.8M(6278.0M)]
 [Times: user=0.53 sys=0.07, real=0.16 secs] 
2021-03-08T16:47:17.238+0800: 21801.942: Total time for which application threads were stopped: 0.1668987 seconds, Stopping threads took: 0.0021699 seconds
2021-03-08T16:47:17.238+0800: 21801.942: [GC concurrent-string-deduplication, 44.5K->25.5K(19.0K), avg 63.3%, 0.0003820 secs]
   [Last Exec: 0.0003820 secs, Idle: 9.5304197 secs, Blocked: 0/0.0000000 secs]
      [Inspected:             759]
         [Skipped:              0(  0.0%)]
         [Hashed:             468( 61.7%)]
         [Known:                0(  0.0%)]
         [New:                759(100.0%)     44.5K]
      [Deduplicated:          466( 61.4%)     19.0K( 42.8%)]
         [Young:              466(100.0%)     19.0K(100.0%)]
         [Old:                  0(  0.0%)      0.0B(  0.0%)]
   [Total Exec: 2655/1.6977341 secs, Idle: 2655/21794.1256802 secs, Blocked: 32/5.5883972 secs]
      [Inspected:         2641256]
         [Skipped:              0(  0.0%)]
         [Hashed:         2051017( 77.7%)]
         [Known:            34941(  1.3%)]
         [New:            2606315( 98.7%)    143.4M]
      [Deduplicated:      2005977( 77.0%)     90.7M( 63.3%)]
         [Young:           841118( 41.9%)     40.1M( 44.2%)]
         [Old:            1164859( 58.1%)     50.7M( 55.8%)]
   [Table]
      [Memory Usage: 2292.4K]
      [Size: 65536, Min: 1024, Max: 16777216]
      [Entries: 75965, Load: 115.9%, Cached: 0, Added: 634786, Removed: 558821]
      [Resize Count: 6, Shrink Threshold: 43690(66.7%), Grow Threshold: 131072(200.0%)]
      [Rehash Count: 0, Rehash Threshold: 120, Hash Seed: 0x0]
      [Age Threshold: 3]
   [Queue]
      [Dropped: 0]
[GC concurrent-string-deduplication, deleted 0 entries, 0.0000007 secs]
2021-03-08T16:47:30.231+0800: 21814.935: [GC pause (G1 Evacuation Pause) (young), 0.1515697 secs]
   [Parallel Time: 140.8 ms, GC Workers: 4]
      [GC Worker Start (ms): Min: 21814938.1, Avg: 21814938.2, Max: 21814938.4, Diff: 0.4]
      [Ext Root Scanning (ms): Min: 6.2, Avg: 6.6, Max: 7.1, Diff: 0.8, Sum: 26.4]
      [Update RS (ms): Min: 2.5, Avg: 2.7, Max: 2.7, Diff: 0.3, Sum: 10.6]
         [Processed Buffers: Min: 18, Avg: 26.5, Max: 32, Diff: 14, Sum: 106]
      [Scan RS (ms): Min: 0.3, Avg: 0.4, Max: 0.4, Diff: 0.0, Sum: 1.4]
      [Code Root Scanning (ms): Min: 0.0, Avg: 0.0, Max: 0.0, Diff: 0.0, Sum: 0.0]
      [Object Copy (ms): Min: 130.7, Avg: 130.9, Max: 131.3, Diff: 0.6, Sum: 523.6]
      [Termination (ms): Min: 0.1, Avg: 0.1, Max: 0.1, Diff: 0.0, Sum: 0.4]
         [Termination Attempts: Min: 128, Avg: 144.2, Max: 157, Diff: 29, Sum: 577]
      [GC Worker Other (ms): Min: 0.0, Avg: 0.0, Max: 0.1, Diff: 0.0, Sum: 0.2]
      [GC Worker Total (ms): Min: 140.4, Avg: 140.6, Max: 140.8, Diff: 0.4, Sum: 562.6]
      [GC Worker End (ms): Min: 21815078.8, Avg: 21815078.8, Max: 21815078.8, Diff: 0.0]
   [Code Root Fixup: 0.0 ms]
   [Code Root Purge: 0.0 ms]
   [String Dedup Fixup: 2.8 ms, GC Workers: 4]
      [Queue Fixup (ms): Min: 0.0, Avg: 0.0, Max: 0.0, Diff: 0.0, Sum: 0.0]
      [Table Fixup (ms): Min: 2.7, Avg: 2.7, Max: 2.8, Diff: 0.0, Sum: 11.0]
   [Clear CT: 0.7 ms]
   [Other: 7.3 ms]
      [Choose CSet: 0.0 ms]
      [Ref Proc: 0.1 ms]
      [Ref Enq: 0.0 ms]
      [Redirty Cards: 0.3 ms]
      [Humongous Register: 2.4 ms]
      [Humongous Reclaim: 0.1 ms]
      [Free CSet: 3.0 ms]
   [Eden: 1786.0M(1786.0M)->0.0B(3582.0M) Survivors: 130.0M->112.0M Heap: 3737.8M(6278.0M)->1945.0M(6278.0M)]
 [Times: user=0.49 sys=0.08, real=0.15 secs] 
2021-03-08T16:47:30.383+0800: 21815.087: Total time for which application threads were stopped: 0.1621307 seconds, Stopping threads took: 0.0029631 seconds
2021-03-08T16:47:30.387+0800: 21815.091: Total time for which application threads were stopped: 0.0036137 seconds, Stopping threads took: 0.0001792 seconds
2021-03-08T16:47:30.390+0800: 21815.095: Total time for which application threads were stopped: 0.0033173 seconds, Stopping threads took: 0.0001824 seconds
2021-03-08T16:47:30.391+0800: 21815.096: [GC concurrent-string-deduplication, 58.4K->33.1K(25.4K), avg 63.3%, 0.0006513 secs]
   [Last Exec: 0.0006513 secs, Idle: 13.1452069 secs, Blocked: 2/0.0075000 secs]
      [Inspected:            1034]
         [Skipped:              0(  0.0%)]
         [Hashed:             649( 62.8%)]
         [Known:                0(  0.0%)]
         [New:               1034(100.0%)     58.4K]
      [Deduplicated:          649( 62.8%)     25.4K( 43.4%)]
         [Young:              649(100.0%)     25.4K(100.0%)]
         [Old:                  0(  0.0%)      0.0B(  0.0%)]
   [Total Exec: 2656/1.6983854 secs, Idle: 2656/21807.2708870 secs, Blocked: 34/5.5958972 secs]
      [Inspected:         2642290]
         [Skipped:              0(  0.0%)]
         [Hashed:         2051666( 77.6%)]
         [Known:            34941(  1.3%)]
         [New:            2607349( 98.7%)    143.4M]
      [Deduplicated:      2006626( 77.0%)     90.8M( 63.3%)]
         [Young:           841767( 41.9%)     40.1M( 44.2%)]
         [Old:            1164859( 58.1%)     50.7M( 55.8%)]
   [Table]
      [Memory Usage: 2301.4K]
      [Size: 65536, Min: 1024, Max: 16777216]
      [Entries: 76349, Load: 116.5%, Cached: 0, Added: 635171, Removed: 558822]
      [Resize Count: 6, Shrink Threshold: 43690(66.7%), Grow Threshold: 131072(200.0%)]
      [Rehash Count: 0, Rehash Threshold: 120, Hash Seed: 0x0]
      [Age Threshold: 3]
   [Queue]
      [Dropped: 0]
[GC concurrent-string-deduplication, deleted 0 entries, 0.0000009 secs]
2021-03-08T16:47:49.216+0800: 21833.920: [GC pause (G1 Evacuation Pause) (young), 0.2296399 secs]
   [Parallel Time: 210.2 ms, GC Workers: 4]
      [GC Worker Start (ms): Min: 21833922.0, Avg: 21833922.1, Max: 21833922.5, Diff: 0.5]
      [Ext Root Scanning (ms): Min: 8.6, Avg: 11.1, Max: 13.8, Diff: 5.3, Sum: 44.3]
      [Update RS (ms): Min: 24.0, Avg: 32.2, Max: 45.6, Diff: 21.6, Sum: 129.0]
         [Processed Buffers: Min: 40, Avg: 100.2, Max: 187, Diff: 147, Sum: 401]
      [Scan RS (ms): Min: 0.3, Avg: 0.7, Max: 1.2, Diff: 0.9, Sum: 3.0]
      [Code Root Scanning (ms): Min: 0.0, Avg: 0.0, Max: 0.0, Diff: 0.0, Sum: 0.1]
      [Object Copy (ms): Min: 154.4, Avg: 165.5, Max: 171.7, Diff: 17.3, Sum: 662.1]
      [Termination (ms): Min: 0.0, Avg: 0.1, Max: 0.1, Diff: 0.1, Sum: 0.3]
         [Termination Attempts: Min: 52, Avg: 59.5, Max: 64, Diff: 12, Sum: 238]
      [GC Worker Other (ms): Min: 0.1, Avg: 0.1, Max: 0.2, Diff: 0.1, Sum: 0.5]
      [GC Worker Total (ms): Min: 209.4, Avg: 209.8, Max: 210.0, Diff: 0.6, Sum: 839.2]
      [GC Worker End (ms): Min: 21834131.9, Avg: 21834131.9, Max: 21834132.0, Diff: 0.1]
   [Code Root Fixup: 0.0 ms]
   [Code Root Purge: 0.0 ms]
   [String Dedup Fixup: 8.8 ms, GC Workers: 4]
      [Queue Fixup (ms): Min: 0.0, Avg: 0.0, Max: 0.0, Diff: 0.0, Sum: 0.0]
      [Table Fixup (ms): Min: 0.2, Avg: 3.0, Max: 4.0, Diff: 3.9, Sum: 11.8]
   [Clear CT: 1.3 ms]
   [Other: 9.3 ms]
      [Choose CSet: 0.0 ms]
      [Ref Proc: 0.3 ms]
      [Ref Enq: 0.0 ms]
      [Redirty Cards: 0.5 ms]
      [Humongous Register: 1.0 ms]
      [Humongous Reclaim: 0.3 ms]
      [Free CSet: 5.7 ms]
   [Eden: 3582.0M(3582.0M)->0.0B(1308.0M) Survivors: 112.0M->136.0M Heap: 5566.3M(6278.0M)->1968.9M(6278.0M)]
 [Times: user=0.58 sys=0.08, real=0.23 secs] 
2021-03-08T16:47:49.447+0800: 21834.151: Total time for which application threads were stopped: 0.2394658 seconds, Stopping threads took: 0.0020440 seconds
2021-03-08T16:47:49.447+0800: 21834.151: [GC concurrent-string-deduplication, 48.0K->27.3K(20.7K), avg 63.3%, 0.0005071 secs]
   [Last Exec: 0.0005071 secs, Idle: 19.0552663 secs, Blocked: 0/0.0000000 secs]
      [Inspected:             854]
         [Skipped:              0(  0.0%)]
         [Hashed:             536( 62.8%)]
         [Known:                0(  0.0%)]
         [New:                854(100.0%)     48.0K]
      [Deduplicated:          536( 62.8%)     20.7K( 43.1%)]
         [Young:              536(100.0%)     20.7K(100.0%)]
         [Old:                  0(  0.0%)      0.0B(  0.0%)]
   [Total Exec: 2657/1.6988925 secs, Idle: 2657/21826.3261534 secs, Blocked: 34/5.5958972 secs]
      [Inspected:         2643144]
         [Skipped:              0(  0.0%)]
         [Hashed:         2052202( 77.6%)]
         [Known:            34941(  1.3%)]
         [New:            2608203( 98.7%)    143.5M]
      [Deduplicated:      2007162( 77.0%)     90.8M( 63.3%)]
         [Young:           842303( 42.0%)     40.1M( 44.2%)]
         [Old:            1164859( 58.0%)     50.7M( 55.8%)]
   [Table]
      [Memory Usage: 2308.8K]
      [Size: 65536, Min: 1024, Max: 16777216]
      [Entries: 76665, Load: 117.0%, Cached: 0, Added: 635489, Removed: 558824]
      [Resize Count: 6, Shrink Threshold: 43690(66.7%), Grow Threshold: 131072(200.0%)]
      [Rehash Count: 0, Rehash Threshold: 120, Hash Seed: 0x0]
      [Age Threshold: 3]
   [Queue]
      [Dropped: 0]
[GC concurrent-string-deduplication, deleted 0 entries, 0.0000008 secs]
2021-03-08T16:47:56.034+0800: 21840.738: [GC pause (G1 Evacuation Pause) (young), 0.2237820 secs]
   [Parallel Time: 211.5 ms, GC Workers: 4]
      [GC Worker Start (ms): Min: 21840742.9, Avg: 21840746.6, Max: 21840748.1, Diff: 5.2]
      [Ext Root Scanning (ms): Min: 13.0, Avg: 19.1, Max: 31.4, Diff: 18.4, Sum: 76.4]
      [Update RS (ms): Min: 0.0, Avg: 4.0, Max: 5.9, Diff: 5.9, Sum: 16.0]
         [Processed Buffers: Min: 0, Avg: 36.0, Max: 57, Diff: 57, Sum: 144]
      [Scan RS (ms): Min: 0.1, Avg: 0.3, Max: 0.5, Diff: 0.5, Sum: 1.3]
      [Code Root Scanning (ms): Min: 0.0, Avg: 0.0, Max: 0.0, Diff: 0.0, Sum: 0.0]
      [Object Copy (ms): Min: 167.8, Avg: 177.4, Max: 180.6, Diff: 12.8, Sum: 709.7]
      [Termination (ms): Min: 0.1, Avg: 0.1, Max: 0.1, Diff: 0.0, Sum: 0.3]
         [Termination Attempts: Min: 99, Avg: 111.2, Max: 118, Diff: 19, Sum: 445]
      [GC Worker Other (ms): Min: 0.0, Avg: 1.7, Max: 6.7, Diff: 6.7, Sum: 6.9]
      [GC Worker Total (ms): Min: 199.5, Avg: 202.6, Max: 206.4, Diff: 6.9, Sum: 810.6]
      [GC Worker End (ms): Min: 21840947.6, Avg: 21840949.3, Max: 21840954.3, Diff: 6.7]
   [Code Root Fixup: 0.0 ms]
   [Code Root Purge: 0.0 ms]
   [String Dedup Fixup: 3.1 ms, GC Workers: 4]
      [Queue Fixup (ms): Min: 0.0, Avg: 0.0, Max: 0.0, Diff: 0.0, Sum: 0.0]
      [Table Fixup (ms): Min: 3.0, Avg: 3.0, Max: 3.1, Diff: 0.1, Sum: 12.1]
   [Clear CT: 0.5 ms]
   [Other: 8.7 ms]
      [Choose CSet: 0.0 ms]
      [Ref Proc: 0.3 ms]
      [Ref Enq: 0.0 ms]
      [Redirty Cards: 0.2 ms]
      [Humongous Register: 3.9 ms]
      [Humongous Reclaim: 0.1 ms]
      [Free CSet: 2.5 ms]
   [Eden: 1308.0M(1308.0M)->0.0B(3564.0M) Survivors: 136.0M->98.0M Heap: 3287.4M(6278.0M)->1976.9M(6278.0M)]
 [Times: user=0.57 sys=0.05, real=0.22 secs] 
2021-03-08T16:47:56.259+0800: 21840.963: Total time for which application threads were stopped: 0.2339066 seconds, Stopping threads took: 0.0023825 seconds
2021-03-08T16:47:56.259+0800: 21840.963: [GC concurrent-string-deduplication, 23.1K->11.8K(11.2K), avg 63.3%, 0.0003144 secs]
   [Last Exec: 0.0003144 secs, Idle: 6.8113439 secs, Blocked: 0/0.0000000 secs]
      [Inspected:             433]
         [Skipped:              0(  0.0%)]
         [Hashed:             295( 68.1%)]
         [Known:                0(  0.0%)]
         [New:                433(100.0%)     23.1K]
      [Deduplicated:          295( 68.1%)     11.2K( 48.8%)]
         [Young:              295(100.0%)     11.2K(100.0%)]
         [Old:                  0(  0.0%)      0.0B(  0.0%)]
   [Total Exec: 2658/1.6992069 secs, Idle: 2658/21833.1374972 secs, Blocked: 34/5.5958972 secs]
      [Inspected:         2643577]
         [Skipped:              0(  0.0%)]
         [Hashed:         2052497( 77.6%)]
         [Known:            34941(  1.3%)]
         [New:            2608636( 98.7%)    143.5M]
      [Deduplicated:      2007457( 77.0%)     90.8M( 63.3%)]
         [Young:           842598( 42.0%)     40.1M( 44.2%)]
         [Old:            1164859( 58.0%)     50.7M( 55.8%)]
   [Table]
      [Memory Usage: 2312.1K]
      [Size: 65536, Min: 1024, Max: 16777216]
      [Entries: 76803, Load: 117.2%, Cached: 0, Added: 635627, Removed: 558824]
      [Resize Count: 6, Shrink Threshold: 43690(66.7%), Grow Threshold: 131072(200.0%)]
      [Rehash Count: 0, Rehash Threshold: 120, Hash Seed: 0x0]
      [Age Threshold: 3]
   [Queue]
      [Dropped: 0]
[GC concurrent-string-deduplication, deleted 0 entries, 0.0000006 secs]
2021-03-08T16:47:58.263+0800: 21842.967: Total time for which application threads were stopped: 0.0042866 seconds, Stopping threads took: 0.0004424 seconds
2021-03-08T16:48:00.581+0800: 21845.285: Total time for which application threads were stopped: 0.0042496 seconds, Stopping threads took: 0.0003808 seconds
2021-03-08T16:48:00.585+0800: 21845.289: Total time for which application threads were stopped: 0.0036910 seconds, Stopping threads took: 0.0002106 seconds
2021-03-08T16:48:13.429+0800: 21858.133: [GC pause (G1 Evacuation Pause) (young), 0.2153466 secs]
   [Parallel Time: 182.3 ms, GC Workers: 4]
      [GC Worker Start (ms): Min: 21858134.4, Avg: 21858137.0, Max: 21858139.3, Diff: 4.9]
      [Ext Root Scanning (ms): Min: 6.4, Avg: 11.8, Max: 17.5, Diff: 11.1, Sum: 47.2]
      [Update RS (ms): Min: 13.9, Avg: 18.0, Max: 20.7, Diff: 6.8, Sum: 72.2]
         [Processed Buffers: Min: 33, Avg: 71.0, Max: 120, Diff: 87, Sum: 284]
      [Scan RS (ms): Min: 0.1, Avg: 1.5, Max: 3.9, Diff: 3.7, Sum: 5.8]
      [Code Root Scanning (ms): Min: 0.0, Avg: 0.0, Max: 0.0, Diff: 0.0, Sum: 0.1]
      [Object Copy (ms): Min: 130.6, Avg: 136.4, Max: 149.4, Diff: 18.7, Sum: 545.8]
      [Termination (ms): Min: 0.1, Avg: 11.8, Max: 15.7, Diff: 15.7, Sum: 47.1]
         [Termination Attempts: Min: 15, Avg: 24.2, Max: 30, Diff: 15, Sum: 97]
      [GC Worker Other (ms): Min: 0.1, Avg: 0.1, Max: 0.1, Diff: 0.1, Sum: 0.3]
      [GC Worker Total (ms): Min: 177.3, Avg: 179.6, Max: 182.2, Diff: 4.8, Sum: 718.5]
      [GC Worker End (ms): Min: 21858316.6, Avg: 21858316.6, Max: 21858316.7, Diff: 0.1]
   [Code Root Fixup: 0.1 ms]
   [Code Root Purge: 0.0 ms]
   [String Dedup Fixup: 12.6 ms, GC Workers: 4]
      [Queue Fixup (ms): Min: 0.0, Avg: 0.0, Max: 0.0, Diff: 0.0, Sum: 0.0]
      [Table Fixup (ms): Min: 2.8, Avg: 2.8, Max: 2.8, Diff: 0.1, Sum: 11.2]
   [Clear CT: 1.5 ms]
   [Other: 18.9 ms]
      [Choose CSet: 0.0 ms]
      [Ref Proc: 0.1 ms]
      [Ref Enq: 0.0 ms]
      [Redirty Cards: 9.5 ms]
      [Humongous Register: 1.0 ms]
      [Humongous Reclaim: 0.3 ms]
      [Free CSet: 6.4 ms]
   [Eden: 3564.0M(3564.0M)->0.0B(3540.0M) Survivors: 98.0M->110.0M Heap: 5565.7M(6278.0M)->1988.8M(6278.0M)]
 [Times: user=0.52 sys=0.07, real=0.22 secs] 
2021-03-08T16:48:13.645+0800: 21858.349: Total time for which application threads were stopped: 0.2251439 seconds, Stopping threads took: 0.0020167 seconds
2021-03-08T16:48:13.646+0800: 21858.350: [GC concurrent-string-deduplication, 74.5K->45.4K(29.1K), avg 63.3%, 0.0007840 secs]
   [Last Exec: 0.0007840 secs, Idle: 17.3857515 secs, Blocked: 0/0.0000000 secs]
      [Inspected:            1276]
         [Skipped:              0(  0.0%)]
         [Hashed:             747( 58.5%)]
         [Known:                0(  0.0%)]
         [New:               1276(100.0%)     74.5K]
      [Deduplicated:          748( 58.6%)     29.1K( 39.1%)]
         [Young:              748(100.0%)     29.1K(100.0%)]
         [Old:                  0(  0.0%)      0.0B(  0.0%)]
   [Total Exec: 2659/1.6999910 secs, Idle: 2659/21850.5232488 secs, Blocked: 34/5.5958972 secs]
      [Inspected:         2644853]
         [Skipped:              0(  0.0%)]
         [Hashed:         2053244( 77.6%)]
         [Known:            34941(  1.3%)]
         [New:            2609912( 98.7%)    143.6M]
      [Deduplicated:      2008205( 76.9%)     90.8M( 63.3%)]
         [Young:           843346( 42.0%)     40.2M( 44.2%)]
         [Old:            1164859( 58.0%)     50.7M( 55.8%)]
   [Table]
      [Memory Usage: 2324.4K]
      [Size: 65536, Min: 1024, Max: 16777216]
      [Entries: 77331, Load: 118.0%, Cached: 0, Added: 636155, Removed: 558824]
      [Resize Count: 6, Shrink Threshold: 43690(66.7%), Grow Threshold: 131072(200.0%)]
      [Rehash Count: 0, Rehash Threshold: 120, Hash Seed: 0x0]
      [Age Threshold: 3]
   [Queue]
      [Dropped: 0]
[GC concurrent-string-deduplication, deleted 0 entries, 0.0000009 secs]
2021-03-08T16:48:28.713+0800: 21873.417: [GC pause (G1 Evacuation Pause) (young), 0.1913957 secs]
   [Parallel Time: 178.4 ms, GC Workers: 4]
      [GC Worker Start (ms): Min: 21873418.9, Avg: 21873423.0, Max: 21873424.3, Diff: 5.5]
      [Ext Root Scanning (ms): Min: 11.3, Avg: 18.0, Max: 24.5, Diff: 13.2, Sum: 72.0]
      [Update RS (ms): Min: 4.5, Avg: 11.8, Max: 14.2, Diff: 9.7, Sum: 47.3]
         [Processed Buffers: Min: 58, Avg: 96.5, Max: 134, Diff: 76, Sum: 386]
      [Scan RS (ms): Min: 0.7, Avg: 0.8, Max: 0.8, Diff: 0.1, Sum: 3.0]
      [Code Root Scanning (ms): Min: 0.0, Avg: 0.0, Max: 0.0, Diff: 0.0, Sum: 0.1]
      [Object Copy (ms): Min: 142.0, Avg: 143.4, Max: 146.4, Diff: 4.4, Sum: 573.4]
      [Termination (ms): Min: 0.2, Avg: 0.2, Max: 0.3, Diff: 0.2, Sum: 0.8]
         [Termination Attempts: Min: 170, Avg: 203.2, Max: 225, Diff: 55, Sum: 813]
      [GC Worker Other (ms): Min: 0.0, Avg: 0.1, Max: 0.1, Diff: 0.0, Sum: 0.2]
      [GC Worker Total (ms): Min: 172.8, Avg: 174.2, Max: 178.3, Diff: 5.5, Sum: 696.8]
      [GC Worker End (ms): Min: 21873597.1, Avg: 21873597.2, Max: 21873597.2, Diff: 0.0]
   [Code Root Fixup: 0.0 ms]
   [Code Root Purge: 0.0 ms]
   [String Dedup Fixup: 2.9 ms, GC Workers: 4]
      [Queue Fixup (ms): Min: 0.0, Avg: 0.0, Max: 0.0, Diff: 0.0, Sum: 0.0]
      [Table Fixup (ms): Min: 2.7, Avg: 2.7, Max: 2.8, Diff: 0.1, Sum: 10.8]
   [Clear CT: 1.5 ms]
   [Other: 8.6 ms]
      [Choose CSet: 0.0 ms]
      [Ref Proc: 0.1 ms]
      [Ref Enq: 0.0 ms]
      [Redirty Cards: 0.0 ms]
      [Humongous Register: 1.1 ms]
      [Humongous Reclaim: 0.3 ms]
      [Free CSet: 5.6 ms]
   [Eden: 3540.0M(3540.0M)->0.0B(1588.0M) Survivors: 110.0M->132.0M Heap: 5568.6M(6278.0M)->2011.0M(6278.0M)]
 [Times: user=0.55 sys=0.08, real=0.20 secs] 
2021-03-08T16:48:28.905+0800: 21873.609: Total time for which application threads were stopped: 0.2018684 seconds, Stopping threads took: 0.0021120 seconds
2021-03-08T16:48:28.906+0800: 21873.610: [GC concurrent-string-deduplication, 35.2K->16.9K(18.2K), avg 63.3%, 0.0004144 secs]
   [Last Exec: 0.0004144 secs, Idle: 15.2595330 secs, Blocked: 0/0.0000000 secs]
      [Inspected:             675]
         [Skipped:              0(  0.0%)]
         [Hashed:             477( 70.7%)]
         [Known:                0(  0.0%)]
         [New:                675(100.0%)     35.2K]
      [Deduplicated:          478( 70.8%)     18.2K( 51.9%)]
         [Young:              478(100.0%)     18.2K(100.0%)]
         [Old:                  0(  0.0%)      0.0B(  0.0%)]
   [Total Exec: 2660/1.7004054 secs, Idle: 2660/21865.7827818 secs, Blocked: 34/5.5958972 secs]
      [Inspected:         2645528]
         [Skipped:              0(  0.0%)]
         [Hashed:         2053721( 77.6%)]
         [Known:            34941(  1.3%)]
         [New:            2610587( 98.7%)    143.6M]
      [Deduplicated:      2008683( 76.9%)     90.8M( 63.3%)]
         [Young:           843824( 42.0%)     40.2M( 44.2%)]
         [Old:            1164859( 58.0%)     50.7M( 55.8%)]
   [Table]
      [Memory Usage: 2329.1K]
      [Size: 65536, Min: 1024, Max: 16777216]
      [Entries: 77528, Load: 118.3%, Cached: 0, Added: 636352, Removed: 558824]
      [Resize Count: 6, Shrink Threshold: 43690(66.7%), Grow Threshold: 131072(200.0%)]
      [Rehash Count: 0, Rehash Threshold: 120, Hash Seed: 0x0]
      [Age Threshold: 3]
   [Queue]
      [Dropped: 0]
[GC concurrent-string-deduplication, deleted 0 entries, 0.0000007 secs]
2021-03-08T16:48:31.200+0800: 21875.904: Total time for which application threads were stopped: 0.0051774 seconds, Stopping threads took: 0.0005044 seconds
2021-03-08T16:48:31.220+0800: 21875.924: Total time for which application threads were stopped: 0.0199904 seconds, Stopping threads took: 0.0003017 seconds
2021-03-08T16:48:38.884+0800: 21883.589: [GC pause (G1 Evacuation Pause) (young), 0.1759978 secs]
   [Parallel Time: 165.8 ms, GC Workers: 4]
      [GC Worker Start (ms): Min: 21883591.6, Avg: 21883596.8, Max: 21883600.3, Diff: 8.7]
      [Ext Root Scanning (ms): Min: 3.3, Avg: 6.9, Max: 12.2, Diff: 8.9, Sum: 27.5]
      [Update RS (ms): Min: 6.0, Avg: 6.1, Max: 6.1, Diff: 0.1, Sum: 24.4]
         [Processed Buffers: Min: 28, Avg: 40.2, Max: 52, Diff: 24, Sum: 161]
      [Scan RS (ms): Min: 0.3, Avg: 0.4, Max: 0.4, Diff: 0.0, Sum: 1.4]
      [Code Root Scanning (ms): Min: 0.0, Avg: 0.0, Max: 0.0, Diff: 0.0, Sum: 0.0]
      [Object Copy (ms): Min: 147.0, Avg: 147.1, Max: 147.4, Diff: 0.4, Sum: 588.6]
      [Termination (ms): Min: 0.0, Avg: 0.0, Max: 0.0, Diff: 0.0, Sum: 0.1]
         [Termination Attempts: Min: 17, Avg: 18.8, Max: 21, Diff: 4, Sum: 75]
      [GC Worker Other (ms): Min: 0.0, Avg: 0.1, Max: 0.1, Diff: 0.0, Sum: 0.3]
      [GC Worker Total (ms): Min: 157.1, Avg: 160.6, Max: 165.7, Diff: 8.7, Sum: 642.3]
      [GC Worker End (ms): Min: 21883757.3, Avg: 21883757.3, Max: 21883757.4, Diff: 0.0]
   [Code Root Fixup: 0.0 ms]
   [Code Root Purge: 0.0 ms]
   [String Dedup Fixup: 2.9 ms, GC Workers: 4]
      [Queue Fixup (ms): Min: 0.0, Avg: 0.0, Max: 0.0, Diff: 0.0, Sum: 0.0]
      [Table Fixup (ms): Min: 2.7, Avg: 2.8, Max: 2.8, Diff: 0.1, Sum: 11.1]
   [Clear CT: 0.3 ms]
   [Other: 7.0 ms]
      [Choose CSet: 0.0 ms]
      [Ref Proc: 0.1 ms]
      [Ref Enq: 0.0 ms]
      [Redirty Cards: 0.1 ms]
      [Humongous Register: 2.5 ms]
      [Humongous Reclaim: 0.1 ms]
      [Free CSet: 2.8 ms]
   [Eden: 1588.0M(1588.0M)->0.0B(3500.0M) Survivors: 132.0M->116.0M Heap: 3610.5M(6278.0M)->2022.8M(6278.0M)]
 [Times: user=0.58 sys=0.06, real=0.17 secs] 
2021-03-08T16:48:39.061+0800: 21883.765: Total time for which application threads were stopped: 0.1959210 seconds, Stopping threads took: 0.0129642 seconds
2021-03-08T16:48:39.062+0800: 21883.766: [GC concurrent-string-deduplication, 61.1K->34.5K(26.7K), avg 63.2%, 0.0005780 secs]
   [Last Exec: 0.0005780 secs, Idle: 10.1553667 secs, Blocked: 0/0.0000000 secs]
      [Inspected:            1095]
         [Skipped:              0(  0.0%)]
         [Hashed:             694( 63.4%)]
         [Known:                0(  0.0%)]
         [New:               1095(100.0%)     61.1K]
      [Deduplicated:          694( 63.4%)     26.7K( 43.6%)]
         [Young:              694(100.0%)     26.7K(100.0%)]
         [Old:                  0(  0.0%)      0.0B(  0.0%)]
   [Total Exec: 2661/1.7009833 secs, Idle: 2661/21875.9381485 secs, Blocked: 34/5.5958972 secs]
      [Inspected:         2646623]
         [Skipped:              0(  0.0%)]
         [Hashed:         2054415( 77.6%)]
         [Known:            34941(  1.3%)]
         [New:            2611682( 98.7%)    143.7M]
      [Deduplicated:      2009377( 76.9%)     90.9M( 63.2%)]
         [Young:           844518( 42.0%)     40.2M( 44.2%)]
         [Old:            1164859( 58.0%)     50.7M( 55.8%)]
   [Table]
      [Memory Usage: 2338.5K]
      [Size: 65536, Min: 1024, Max: 16777216]
      [Entries: 77929, Load: 118.9%, Cached: 0, Added: 636753, Removed: 558824]
      [Resize Count: 6, Shrink Threshold: 43690(66.7%), Grow Threshold: 131072(200.0%)]
      [Rehash Count: 0, Rehash Threshold: 120, Hash Seed: 0x0]
      [Age Threshold: 3]
   [Queue]
      [Dropped: 0]
[GC concurrent-string-deduplication, deleted 0 entries, 0.0000009 secs]
2021-03-08T16:48:55.751+0800: 21900.455: [GC pause (G1 Evacuation Pause) (young), 0.1857621 secs]
   [Parallel Time: 171.8 ms, GC Workers: 4]
      [GC Worker Start (ms): Min: 21900457.7, Avg: 21900460.0, Max: 21900462.2, Diff: 4.6]
      [Ext Root Scanning (ms): Min: 4.0, Avg: 7.5, Max: 10.2, Diff: 6.3, Sum: 29.9]
      [Update RS (ms): Min: 11.9, Avg: 15.2, Max: 16.3, Diff: 4.4, Sum: 60.9]
         [Processed Buffers: Min: 31, Avg: 79.8, Max: 103, Diff: 72, Sum: 319]
      [Scan RS (ms): Min: 0.7, Avg: 0.7, Max: 0.8, Diff: 0.0, Sum: 3.0]
      [Code Root Scanning (ms): Min: 0.0, Avg: 0.0, Max: 0.0, Diff: 0.0, Sum: 0.1]
      [Object Copy (ms): Min: 144.1, Avg: 145.9, Max: 150.4, Diff: 6.3, Sum: 583.6]
      [Termination (ms): Min: 0.0, Avg: 0.0, Max: 0.0, Diff: 0.0, Sum: 0.2]
         [Termination Attempts: Min: 49, Avg: 66.0, Max: 81, Diff: 32, Sum: 264]
      [GC Worker Other (ms): Min: 0.1, Avg: 0.1, Max: 0.1, Diff: 0.1, Sum: 0.4]
      [GC Worker Total (ms): Min: 167.2, Avg: 169.5, Max: 171.8, Diff: 4.6, Sum: 677.9]
      [GC Worker End (ms): Min: 21900629.4, Avg: 21900629.4, Max: 21900629.5, Diff: 0.1]
   [Code Root Fixup: 0.0 ms]
   [Code Root Purge: 0.0 ms]
   [String Dedup Fixup: 3.5 ms, GC Workers: 4]
      [Queue Fixup (ms): Min: 0.0, Avg: 0.0, Max: 0.0, Diff: 0.0, Sum: 0.0]
      [Table Fixup (ms): Min: 2.9, Avg: 2.9, Max: 3.0, Diff: 0.1, Sum: 11.8]
   [Clear CT: 1.0 ms]
   [Other: 9.4 ms]
      [Choose CSet: 0.0 ms]
      [Ref Proc: 0.1 ms]
      [Ref Enq: 0.0 ms]
      [Redirty Cards: 0.3 ms]
      [Humongous Register: 1.6 ms]
      [Humongous Reclaim: 0.2 ms]
      [Free CSet: 5.7 ms]
   [Eden: 3500.0M(3500.0M)->0.0B(3472.0M) Survivors: 116.0M->130.0M Heap: 5549.5M(6278.0M)->2036.2M(6278.0M)]
 [Times: user=0.55 sys=0.09, real=0.19 secs] 
2021-03-08T16:48:55.938+0800: 21900.642: Total time for which application threads were stopped: 0.1957925 seconds, Stopping threads took: 0.0022421 seconds
2021-03-08T16:48:55.939+0800: 21900.643: [GC concurrent-string-deduplication, 81.9K->41.9K(40.1K), avg 63.2%, 0.0008802 secs]
   [Last Exec: 0.0008802 secs, Idle: 16.8759891 secs, Blocked: 0/0.0000000 secs]
      [Inspected:            1476]
         [Skipped:              0(  0.0%)]
         [Hashed:             988( 66.9%)]
         [Known:                0(  0.0%)]
         [New:               1476(100.0%)     81.9K]
      [Deduplicated:          989( 67.0%)     40.1K( 48.9%)]
         [Young:              989(100.0%)     40.1K(100.0%)]
         [Old:                  0(  0.0%)      0.0B(  0.0%)]
   [Total Exec: 2662/1.7018636 secs, Idle: 2662/21892.8141376 secs, Blocked: 34/5.5958972 secs]
      [Inspected:         2648099]
         [Skipped:              0(  0.0%)]
         [Hashed:         2055403( 77.6%)]
         [Known:            34941(  1.3%)]
         [New:            2613158( 98.7%)    143.7M]
      [Deduplicated:      2010366( 76.9%)     90.9M( 63.2%)]
         [Young:           845507( 42.1%)     40.2M( 44.3%)]
         [Old:            1164859( 57.9%)     50.7M( 55.7%)]
   [Table]
      [Memory Usage: 2349.9K]
      [Size: 65536, Min: 1024, Max: 16777216]
      [Entries: 78416, Load: 119.7%, Cached: 0, Added: 637240, Removed: 558824]
      [Resize Count: 6, Shrink Threshold: 43690(66.7%), Grow Threshold: 131072(200.0%)]
      [Rehash Count: 0, Rehash Threshold: 120, Hash Seed: 0x0]
      [Age Threshold: 3]
   [Queue]
      [Dropped: 0]
[GC concurrent-string-deduplication, deleted 0 entries, 0.0000009 secs]
2021-03-08T16:49:01.453+0800: 21906.157: Total time for which application threads were stopped: 0.0078153 seconds, Stopping threads took: 0.0039460 seconds
2021-03-08T16:49:05.458+0800: 21910.162: Total time for which application threads were stopped: 0.0039869 seconds, Stopping threads took: 0.0003542 seconds
2021-03-08T16:49:06.457+0800: 21911.162: Total time for which application threads were stopped: 0.0042036 seconds, Stopping threads took: 0.0004773 seconds
2021-03-08T16:49:06.466+0800: 21911.170: Total time for which application threads were stopped: 0.0087403 seconds, Stopping threads took: 0.0002411 seconds
2021-03-08T16:49:14.104+0800: 21918.808: [GC pause (G1 Evacuation Pause) (young), 0.1799692 secs]
   [Parallel Time: 167.5 ms, GC Workers: 4]
      [GC Worker Start (ms): Min: 21918809.3, Avg: 21918809.3, Max: 21918809.4, Diff: 0.1]
      [Ext Root Scanning (ms): Min: 4.6, Avg: 4.8, Max: 5.1, Diff: 0.5, Sum: 19.1]
      [Update RS (ms): Min: 9.3, Avg: 9.3, Max: 9.3, Diff: 0.0, Sum: 37.1]
         [Processed Buffers: Min: 68, Avg: 72.2, Max: 79, Diff: 11, Sum: 289]
      [Scan RS (ms): Min: 0.7, Avg: 0.8, Max: 0.8, Diff: 0.1, Sum: 3.1]
      [Code Root Scanning (ms): Min: 0.0, Avg: 0.0, Max: 0.0, Diff: 0.0, Sum: 0.1]
      [Object Copy (ms): Min: 152.2, Avg: 152.5, Max: 152.7, Diff: 0.4, Sum: 609.9]
      [Termination (ms): Min: 0.0, Avg: 0.0, Max: 0.0, Diff: 0.0, Sum: 0.0]
         [Termination Attempts: Min: 10, Avg: 13.5, Max: 16, Diff: 6, Sum: 54]
      [GC Worker Other (ms): Min: 0.0, Avg: 0.1, Max: 0.1, Diff: 0.1, Sum: 0.2]
      [GC Worker Total (ms): Min: 167.4, Avg: 167.4, Max: 167.4, Diff: 0.1, Sum: 669.6]
      [GC Worker End (ms): Min: 21918976.7, Avg: 21918976.7, Max: 21918976.7, Diff: 0.0]
   [Code Root Fixup: 0.0 ms]
   [Code Root Purge: 0.0 ms]
   [String Dedup Fixup: 3.0 ms, GC Workers: 4]
      [Queue Fixup (ms): Min: 0.0, Avg: 0.0, Max: 0.0, Diff: 0.0, Sum: 0.0]
      [Table Fixup (ms): Min: 2.9, Avg: 3.0, Max: 3.0, Diff: 0.1, Sum: 11.9]
   [Clear CT: 1.0 ms]
   [Other: 8.4 ms]
      [Choose CSet: 0.0 ms]
      [Ref Proc: 0.2 ms]
      [Ref Enq: 0.0 ms]
      [Redirty Cards: 0.0 ms]
      [Humongous Register: 1.0 ms]
      [Humongous Reclaim: 0.2 ms]
      [Free CSet: 5.6 ms]
   [Eden: 3472.0M(3472.0M)->0.0B(3424.0M) Survivors: 130.0M->154.0M Heap: 5534.6M(6278.0M)->2060.0M(6278.0M)]
 [Times: user=0.60 sys=0.09, real=0.18 secs] 
2021-03-08T16:49:14.284+0800: 21918.988: Total time for which application threads were stopped: 0.1887610 seconds, Stopping threads took: 0.0019851 seconds
2021-03-08T16:49:14.285+0800: 21918.989: [GC concurrent-string-deduplication, 40.4K->22.3K(18.1K), avg 63.2%, 0.0004933 secs]
   [Last Exec: 0.0004933 secs, Idle: 18.3454782 secs, Blocked: 0/0.0000000 secs]
      [Inspected:             739]
         [Skipped:              0(  0.0%)]
         [Hashed:             480( 65.0%)]
         [Known:                0(  0.0%)]
         [New:                739(100.0%)     40.4K]
      [Deduplicated:          479( 64.8%)     18.1K( 44.8%)]
         [Young:              479(100.0%)     18.1K(100.0%)]
         [Old:                  0(  0.0%)      0.0B(  0.0%)]
   [Total Exec: 2663/1.7023569 secs, Idle: 2663/21911.1596159 secs, Blocked: 34/5.5958972 secs]
      [Inspected:         2648838]
         [Skipped:              0(  0.0%)]
         [Hashed:         2055883( 77.6%)]
         [Known:            34941(  1.3%)]
         [New:            2613897( 98.7%)    143.8M]
      [Deduplicated:      2010845( 76.9%)     90.9M( 63.2%)]
         [Young:           845986( 42.1%)     40.3M( 44.3%)]
         [Old:            1164859( 57.9%)     50.7M( 55.7%)]
   [Table]
      [Memory Usage: 2356.0K]
      [Size: 65536, Min: 1024, Max: 16777216]
      [Entries: 78676, Load: 120.1%, Cached: 0, Added: 637500, Removed: 558824]
      [Resize Count: 6, Shrink Threshold: 43690(66.7%), Grow Threshold: 131072(200.0%)]
      [Rehash Count: 0, Rehash Threshold: 120, Hash Seed: 0x0]
      [Age Threshold: 3]
   [Queue]
      [Dropped: 0]
[GC concurrent-string-deduplication, deleted 0 entries, 0.0000008 secs]
2021-03-08T16:49:32.155+0800: 21936.859: Total time for which application threads were stopped: 0.0232617 seconds, Stopping threads took: 0.0021600 seconds
2021-03-08T16:49:32.158+0800: 21936.862: Total time for which application threads were stopped: 0.0035562 seconds, Stopping threads took: 0.0001690 seconds
2021-03-08T16:49:32.791+0800: 21937.496: [GC pause (G1 Evacuation Pause) (young), 0.2023758 secs]
   [Parallel Time: 190.3 ms, GC Workers: 4]
      [GC Worker Start (ms): Min: 21937497.7, Avg: 21937498.8, Max: 21937499.7, Diff: 2.0]
      [Ext Root Scanning (ms): Min: 5.2, Avg: 6.2, Max: 7.6, Diff: 2.4, Sum: 24.8]
      [Update RS (ms): Min: 8.5, Avg: 8.6, Max: 8.7, Diff: 0.2, Sum: 34.3]
         [Processed Buffers: Min: 68, Avg: 72.2, Max: 78, Diff: 10, Sum: 289]
      [Scan RS (ms): Min: 0.6, Avg: 0.7, Max: 0.8, Diff: 0.2, Sum: 2.8]
      [Code Root Scanning (ms): Min: 0.0, Avg: 0.0, Max: 0.0, Diff: 0.0, Sum: 0.1]
      [Object Copy (ms): Min: 173.3, Avg: 173.5, Max: 173.8, Diff: 0.5, Sum: 694.1]
      [Termination (ms): Min: 0.0, Avg: 0.0, Max: 0.0, Diff: 0.0, Sum: 0.0]
         [Termination Attempts: Min: 10, Avg: 12.8, Max: 14, Diff: 4, Sum: 51]
      [GC Worker Other (ms): Min: 0.0, Avg: 0.1, Max: 0.1, Diff: 0.0, Sum: 0.2]
      [GC Worker Total (ms): Min: 188.2, Avg: 189.1, Max: 190.2, Diff: 2.0, Sum: 756.3]
      [GC Worker End (ms): Min: 21937687.9, Avg: 21937687.9, Max: 21937687.9, Diff: 0.0]
   [Code Root Fixup: 0.0 ms]
   [Code Root Purge: 0.0 ms]
   [String Dedup Fixup: 2.9 ms, GC Workers: 4]
      [Queue Fixup (ms): Min: 0.0, Avg: 0.0, Max: 0.0, Diff: 0.0, Sum: 0.0]
      [Table Fixup (ms): Min: 2.8, Avg: 2.8, Max: 2.9, Diff: 0.1, Sum: 11.3]
   [Clear CT: 0.8 ms]
   [Other: 8.3 ms]
      [Choose CSet: 0.0 ms]
      [Ref Proc: 0.1 ms]
      [Ref Enq: 0.0 ms]
      [Redirty Cards: 0.0 ms]
      [Humongous Register: 1.6 ms]
      [Humongous Reclaim: 0.2 ms]
      [Free CSet: 5.1 ms]
   [Eden: 3424.0M(3424.0M)->0.0B(3226.0M) Survivors: 154.0M->170.0M Heap: 5510.7M(6278.0M)->2076.1M(6278.0M)]
 [Times: user=0.67 sys=0.09, real=0.21 secs] 
2021-03-08T16:49:32.994+0800: 21937.699: Total time for which application threads were stopped: 0.2069567 seconds, Stopping threads took: 0.0003661 seconds
2021-03-08T16:49:32.995+0800: 21937.699: [GC concurrent-string-deduplication, 61.4K->34.7K(26.7K), avg 63.2%, 0.0007871 secs]
   [Last Exec: 0.0007871 secs, Idle: 18.7097511 secs, Blocked: 0/0.0000000 secs]
      [Inspected:            1098]
         [Skipped:              0(  0.0%)]
         [Hashed:             694( 63.2%)]
         [Known:                0(  0.0%)]
         [New:               1098(100.0%)     61.4K]
      [Deduplicated:          694( 63.2%)     26.7K( 43.4%)]
         [Young:              694(100.0%)     26.7K(100.0%)]
         [Old:                  0(  0.0%)      0.0B(  0.0%)]
   [Total Exec: 2664/1.7031440 secs, Idle: 2664/21929.8693670 secs, Blocked: 34/5.5958972 secs]
      [Inspected:         2649936]
         [Skipped:              0(  0.0%)]
         [Hashed:         2056577( 77.6%)]
         [Known:            34941(  1.3%)]
         [New:            2614995( 98.7%)    143.8M]
      [Deduplicated:      2011539( 76.9%)     90.9M( 63.2%)]
         [Young:           846680( 42.1%)     40.3M( 44.3%)]
         [Old:            1164859( 57.9%)     50.7M( 55.7%)]
   [Table]
      [Memory Usage: 2365.4K]
      [Size: 65536, Min: 1024, Max: 16777216]
      [Entries: 79080, Load: 120.7%, Cached: 0, Added: 637904, Removed: 558824]
      [Resize Count: 6, Shrink Threshold: 43690(66.7%), Grow Threshold: 131072(200.0%)]
      [Rehash Count: 0, Rehash Threshold: 120, Hash Seed: 0x0]
      [Age Threshold: 3]
   [Queue]
      [Dropped: 0]
[GC concurrent-string-deduplication, deleted 0 entries, 0.0000006 secs]
2021-03-08T16:49:48.230+0800: 21952.934: [GC pause (G1 Evacuation Pause) (young), 0.2205912 secs]
   [Parallel Time: 209.2 ms, GC Workers: 4]
      [GC Worker Start (ms): Min: 21952935.7, Avg: 21952935.8, Max: 21952935.8, Diff: 0.1]
      [Ext Root Scanning (ms): Min: 7.2, Avg: 7.3, Max: 7.5, Diff: 0.3, Sum: 29.1]
      [Update RS (ms): Min: 5.0, Avg: 5.5, Max: 5.7, Diff: 0.7, Sum: 22.0]
         [Processed Buffers: Min: 40, Avg: 49.8, Max: 56, Diff: 16, Sum: 199]
      [Scan RS (ms): Min: 0.7, Avg: 0.7, Max: 0.7, Diff: 0.0, Sum: 2.7]
      [Code Root Scanning (ms): Min: 0.0, Avg: 0.0, Max: 0.0, Diff: 0.0, Sum: 0.1]
      [Object Copy (ms): Min: 195.4, Avg: 195.5, Max: 195.7, Diff: 0.3, Sum: 782.1]
      [Termination (ms): Min: 0.0, Avg: 0.0, Max: 0.0, Diff: 0.0, Sum: 0.1]
         [Termination Attempts: Min: 48, Avg: 56.2, Max: 66, Diff: 18, Sum: 225]
      [GC Worker Other (ms): Min: 0.0, Avg: 0.1, Max: 0.1, Diff: 0.0, Sum: 0.2]
      [GC Worker Total (ms): Min: 209.0, Avg: 209.1, Max: 209.1, Diff: 0.1, Sum: 836.2]
      [GC Worker End (ms): Min: 21953144.8, Avg: 21953144.8, Max: 21953144.8, Diff: 0.0]
   [Code Root Fixup: 0.0 ms]
   [Code Root Purge: 0.0 ms]
   [String Dedup Fixup: 3.0 ms, GC Workers: 4]
      [Queue Fixup (ms): Min: 0.0, Avg: 0.0, Max: 0.0, Diff: 0.0, Sum: 0.0]
      [Table Fixup (ms): Min: 2.8, Avg: 2.9, Max: 2.9, Diff: 0.1, Sum: 11.5]
   [Clear CT: 0.8 ms]
   [Other: 7.7 ms]
      [Choose CSet: 0.0 ms]
      [Ref Proc: 0.1 ms]
      [Ref Enq: 0.0 ms]
      [Redirty Cards: 0.0 ms]
      [Humongous Register: 1.1 ms]
      [Humongous Reclaim: 0.2 ms]
      [Free CSet: 4.8 ms]
   [Eden: 3226.0M(3226.0M)->0.0B(2728.0M) Survivors: 170.0M->188.0M Heap: 5319.2M(6278.0M)->2095.0M(6278.0M)]
 [Times: user=0.74 sys=0.11, real=0.22 secs] 
2021-03-08T16:49:48.451+0800: 21953.155: Total time for which application threads were stopped: 0.2303003 seconds, Stopping threads took: 0.0021969 seconds
2021-03-08T16:49:48.453+0800: 21953.157: [GC concurrent-string-deduplication, 66.5K->31.5K(35.0K), avg 63.2%, 0.0006809 secs]
   [Last Exec: 0.0006809 secs, Idle: 15.4569875 secs, Blocked: 0/0.0000000 secs]
      [Inspected:            1277]
         [Skipped:              0(  0.0%)]
         [Hashed:             912( 71.4%)]
         [Known:                0(  0.0%)]
         [New:               1277(100.0%)     66.5K]
      [Deduplicated:          909( 71.2%)     35.0K( 52.6%)]
         [Young:              909(100.0%)     35.0K(100.0%)]
         [Old:                  0(  0.0%)      0.0B(  0.0%)]
   [Total Exec: 2665/1.7038249 secs, Idle: 2665/21945.3263545 secs, Blocked: 34/5.5958972 secs]
      [Inspected:         2651213]
         [Skipped:              0(  0.0%)]
         [Hashed:         2057489( 77.6%)]
         [Known:            34941(  1.3%)]
         [New:            2616272( 98.7%)    143.9M]
      [Deduplicated:      2012448( 76.9%)     91.0M( 63.2%)]
         [Young:           847589( 42.1%)     40.3M( 44.3%)]
         [Old:            1164859( 57.9%)     50.7M( 55.7%)]
   [Table]
      [Memory Usage: 2374.1K]
      [Size: 65536, Min: 1024, Max: 16777216]
      [Entries: 79448, Load: 121.2%, Cached: 0, Added: 638272, Removed: 558824]
      [Resize Count: 6, Shrink Threshold: 43690(66.7%), Grow Threshold: 131072(200.0%)]
      [Rehash Count: 0, Rehash Threshold: 120, Hash Seed: 0x0]
      [Age Threshold: 3]
   [Queue]
      [Dropped: 0]
[GC concurrent-string-deduplication, deleted 0 entries, 0.0000007 secs]
2021-03-08T16:49:58.410+0800: 21963.114: [GC pause (G1 Evacuation Pause) (young), 0.2888333 secs]
   [Parallel Time: 277.1 ms, GC Workers: 4]
      [GC Worker Start (ms): Min: 21963116.3, Avg: 21963119.8, Max: 21963121.1, Diff: 4.8]
      [Ext Root Scanning (ms): Min: 9.3, Avg: 11.8, Max: 13.6, Diff: 4.4, Sum: 47.2]
      [Update RS (ms): Min: 13.6, Avg: 18.9, Max: 27.0, Diff: 13.4, Sum: 75.4]
         [Processed Buffers: Min: 64, Avg: 72.5, Max: 83, Diff: 19, Sum: 290]
      [Scan RS (ms): Min: 0.1, Avg: 0.6, Max: 1.0, Diff: 0.9, Sum: 2.4]
      [Code Root Scanning (ms): Min: 0.0, Avg: 0.0, Max: 0.0, Diff: 0.0, Sum: 0.1]
      [Object Copy (ms): Min: 235.9, Avg: 242.2, Max: 245.6, Diff: 9.7, Sum: 969.0]
      [Termination (ms): Min: 0.0, Avg: 0.0, Max: 0.0, Diff: 0.0, Sum: 0.0]
         [Termination Attempts: Min: 6, Avg: 9.0, Max: 13, Diff: 7, Sum: 36]
      [GC Worker Other (ms): Min: 0.0, Avg: 0.1, Max: 0.1, Diff: 0.0, Sum: 0.2]
      [GC Worker Total (ms): Min: 272.2, Avg: 273.6, Max: 277.0, Diff: 4.8, Sum: 1094.3]
      [GC Worker End (ms): Min: 21963393.3, Avg: 21963393.3, Max: 21963393.4, Diff: 0.0]
   [Code Root Fixup: 0.0 ms]
   [Code Root Purge: 0.0 ms]
   [String Dedup Fixup: 3.0 ms, GC Workers: 4]
      [Queue Fixup (ms): Min: 0.0, Avg: 0.0, Max: 0.0, Diff: 0.0, Sum: 0.0]
      [Table Fixup (ms): Min: 2.9, Avg: 2.9, Max: 3.0, Diff: 0.1, Sum: 11.6]
   [Clear CT: 0.6 ms]
   [Other: 8.1 ms]
      [Choose CSet: 0.0 ms]
      [Ref Proc: 0.1 ms]
      [Ref Enq: 0.0 ms]
      [Redirty Cards: 0.1 ms]
      [Humongous Register: 1.4 ms]
      [Humongous Reclaim: 0.2 ms]
      [Free CSet: 4.4 ms]
   [Eden: 2728.0M(2728.0M)->0.0B(928.0M) Survivors: 188.0M->188.0M Heap: 4853.1M(6278.0M)->2112.2M(6278.0M)]
 [Times: user=0.81 sys=0.10, real=0.29 secs] 
2021-03-08T16:49:58.699+0800: 21963.403: Total time for which application threads were stopped: 0.3005882 seconds, Stopping threads took: 0.0020908 seconds
2021-03-08T16:49:58.700+0800: 21963.404: [GC concurrent-string-deduplication, 57.8K->32.4K(25.4K), avg 63.2%, 0.0006445 secs]
   [Last Exec: 0.0006445 secs, Idle: 10.2461600 secs, Blocked: 0/0.0000000 secs]
      [Inspected:            1020]
         [Skipped:              0(  0.0%)]
         [Hashed:             642( 62.9%)]
         [Known:                0(  0.0%)]
         [New:               1020(100.0%)     57.8K]
      [Deduplicated:          643( 63.0%)     25.4K( 43.9%)]
         [Young:              643(100.0%)     25.4K(100.0%)]
         [Old:                  0(  0.0%)      0.0B(  0.0%)]
   [Total Exec: 2666/1.7044694 secs, Idle: 2666/21955.5725145 secs, Blocked: 34/5.5958972 secs]
      [Inspected:         2652233]
         [Skipped:              0(  0.0%)]
         [Hashed:         2058131( 77.6%)]
         [Known:            34941(  1.3%)]
         [New:            2617292( 98.7%)    144.0M]
      [Deduplicated:      2013091( 76.9%)     91.0M( 63.2%)]
         [Young:           848232( 42.1%)     40.3M( 44.3%)]
         [Old:            1164859( 57.9%)     50.7M( 55.7%)]
   [Table]
      [Memory Usage: 2382.9K]
      [Size: 65536, Min: 1024, Max: 16777216]
      [Entries: 79825, Load: 121.8%, Cached: 0, Added: 638649, Removed: 558824]
      [Resize Count: 6, Shrink Threshold: 43690(66.7%), Grow Threshold: 131072(200.0%)]
      [Rehash Count: 0, Rehash Threshold: 120, Hash Seed: 0x0]
      [Age Threshold: 3]
   [Queue]
      [Dropped: 0]
[GC concurrent-string-deduplication, deleted 0 entries, 0.0000008 secs]
2021-03-08T16:50:02.091+0800: 21966.795: [GC pause (G1 Evacuation Pause) (young), 0.2310022 secs]
   [Parallel Time: 217.8 ms, GC Workers: 4]
      [GC Worker Start (ms): Min: 21966798.2, Avg: 21966798.3, Max: 21966798.7, Diff: 0.5]
      [Ext Root Scanning (ms): Min: 11.6, Avg: 13.5, Max: 14.5, Diff: 2.9, Sum: 54.2]
      [Update RS (ms): Min: 9.1, Avg: 9.6, Max: 11.2, Diff: 2.1, Sum: 38.5]
         [Processed Buffers: Min: 46, Avg: 51.0, Max: 58, Diff: 12, Sum: 204]
      [Scan RS (ms): Min: 0.2, Avg: 0.2, Max: 0.2, Diff: 0.0, Sum: 0.9]
      [Code Root Scanning (ms): Min: 0.0, Avg: 0.0, Max: 0.0, Diff: 0.0, Sum: 0.0]
      [Object Copy (ms): Min: 193.8, Avg: 194.1, Max: 194.6, Diff: 0.8, Sum: 776.4]
      [Termination (ms): Min: 0.0, Avg: 0.0, Max: 0.0, Diff: 0.0, Sum: 0.1]
         [Termination Attempts: Min: 41, Avg: 52.5, Max: 66, Diff: 25, Sum: 210]
      [GC Worker Other (ms): Min: 0.0, Avg: 0.0, Max: 0.0, Diff: 0.0, Sum: 0.1]
      [GC Worker Total (ms): Min: 217.1, Avg: 217.6, Max: 217.7, Diff: 0.6, Sum: 870.2]
      [GC Worker End (ms): Min: 21967015.9, Avg: 21967015.9, Max: 21967015.9, Diff: 0.0]
   [Code Root Fixup: 0.0 ms]
   [Code Root Purge: 0.0 ms]
   [String Dedup Fixup: 5.2 ms, GC Workers: 4]
      [Queue Fixup (ms): Min: 0.0, Avg: 0.0, Max: 0.0, Diff: 0.0, Sum: 0.0]
      [Table Fixup (ms): Min: 3.8, Avg: 4.2, Max: 5.1, Diff: 1.3, Sum: 16.6]
   [Clear CT: 0.3 ms]
   [Other: 7.8 ms]
      [Choose CSet: 0.0 ms]
      [Ref Proc: 0.2 ms]
      [Ref Enq: 0.0 ms]
      [Redirty Cards: 0.3 ms]
      [Humongous Register: 2.2 ms]
      [Humongous Reclaim: 0.2 ms]
      [Free CSet: 2.6 ms]
   [Eden: 928.0M(928.0M)->0.0B(3460.0M) Survivors: 188.0M->62.0M Heap: 3053.1M(6278.0M)->2117.4M(6278.0M)]
 [Times: user=0.75 sys=0.08, real=0.23 secs] 
2021-03-08T16:50:02.323+0800: 21967.027: Total time for which application threads were stopped: 0.2409874 seconds, Stopping threads took: 0.0022564 seconds
2021-03-08T16:50:02.324+0800: 21967.028: [GC concurrent-string-deduplication, 59.0K->35.4K(23.6K), avg 63.2%, 0.0006395 secs]
   [Last Exec: 0.0006395 secs, Idle: 3.6230568 secs, Blocked: 0/0.0000000 secs]
      [Inspected:            1015]
         [Skipped:              0(  0.0%)]
         [Hashed:             604( 59.5%)]
         [Known:                0(  0.0%)]
         [New:               1015(100.0%)     59.0K]
      [Deduplicated:          603( 59.4%)     23.6K( 40.1%)]
         [Young:              603(100.0%)     23.6K(100.0%)]
         [Old:                  0(  0.0%)      0.0B(  0.0%)]
   [Total Exec: 2667/1.7051089 secs, Idle: 2667/21959.1955713 secs, Blocked: 34/5.5958972 secs]
      [Inspected:         2653248]
         [Skipped:              0(  0.0%)]
         [Hashed:         2058735( 77.6%)]
         [Known:            34941(  1.3%)]
         [New:            2618307( 98.7%)    144.0M]
      [Deduplicated:      2013694( 76.9%)     91.0M( 63.2%)]
         [Young:           848835( 42.2%)     40.4M( 44.3%)]
         [Old:            1164859( 57.8%)     50.7M( 55.7%)]
   [Table]
      [Memory Usage: 2392.6K]
      [Size: 65536, Min: 1024, Max: 16777216]
      [Entries: 80237, Load: 122.4%, Cached: 0, Added: 639061, Removed: 558824]
      [Resize Count: 6, Shrink Threshold: 43690(66.7%), Grow Threshold: 131072(200.0%)]
      [Rehash Count: 0, Rehash Threshold: 120, Hash Seed: 0x0]
      [Age Threshold: 3]
   [Queue]
      [Dropped: 0]
[GC concurrent-string-deduplication, deleted 0 entries, 0.0000006 secs]
2021-03-08T16:50:02.423+0800: 21967.127: Total time for which application threads were stopped: 0.0039831 seconds, Stopping threads took: 0.0003376 seconds
2021-03-08T16:50:02.426+0800: 21967.130: Total time for which application threads were stopped: 0.0034048 seconds, Stopping threads took: 0.0001180 seconds
2021-03-08T16:50:22.018+0800: 21986.722: [GC pause (G1 Evacuation Pause) (young), 0.1418438 secs]
   [Parallel Time: 128.8 ms, GC Workers: 4]
      [GC Worker Start (ms): Min: 21986724.4, Avg: 21986724.5, Max: 21986724.8, Diff: 0.4]
      [Ext Root Scanning (ms): Min: 11.4, Avg: 12.4, Max: 12.9, Diff: 1.6, Sum: 49.7]
      [Update RS (ms): Min: 30.0, Avg: 30.1, Max: 30.4, Diff: 0.4, Sum: 120.4]
         [Processed Buffers: Min: 104, Avg: 112.0, Max: 125, Diff: 21, Sum: 448]
      [Scan RS (ms): Min: 0.7, Avg: 0.7, Max: 0.8, Diff: 0.1, Sum: 3.0]
      [Code Root Scanning (ms): Min: 0.0, Avg: 0.0, Max: 0.0, Diff: 0.0, Sum: 0.1]
      [Object Copy (ms): Min: 84.7, Avg: 85.0, Max: 85.9, Diff: 1.2, Sum: 340.1]
      [Termination (ms): Min: 0.0, Avg: 0.0, Max: 0.0, Diff: 0.0, Sum: 0.0]
         [Termination Attempts: Min: 6, Avg: 8.5, Max: 10, Diff: 4, Sum: 34]
      [GC Worker Other (ms): Min: 0.1, Avg: 0.1, Max: 0.1, Diff: 0.0, Sum: 0.3]
      [GC Worker Total (ms): Min: 128.1, Avg: 128.4, Max: 128.5, Diff: 0.4, Sum: 513.6]
      [GC Worker End (ms): Min: 21986852.9, Avg: 21986852.9, Max: 21986852.9, Diff: 0.0]
   [Code Root Fixup: 0.0 ms]
   [Code Root Purge: 0.0 ms]
   [String Dedup Fixup: 3.2 ms, GC Workers: 4]
      [Queue Fixup (ms): Min: 0.0, Avg: 0.0, Max: 0.0, Diff: 0.0, Sum: 0.0]
      [Table Fixup (ms): Min: 2.9, Avg: 2.9, Max: 3.0, Diff: 0.1, Sum: 11.8]
   [Clear CT: 0.9 ms]
   [Other: 8.9 ms]
      [Choose CSet: 0.0 ms]
      [Ref Proc: 0.1 ms]
      [Ref Enq: 0.0 ms]
      [Redirty Cards: 0.0 ms]
      [Humongous Register: 1.7 ms]
      [Humongous Reclaim: 0.2 ms]
      [Free CSet: 5.4 ms]
   [Eden: 3460.0M(3460.0M)->0.0B(3420.0M) Survivors: 62.0M->82.0M Heap: 5599.5M(6278.0M)->2137.2M(6278.0M)]
 [Times: user=0.44 sys=0.05, real=0.14 secs] 
2021-03-08T16:50:22.160+0800: 21986.865: Total time for which application threads were stopped: 0.1518321 seconds, Stopping threads took: 0.0021217 seconds
2021-03-08T16:50:22.161+0800: 21986.866: [GC concurrent-string-deduplication, 68.5K->36.4K(32.1K), avg 63.2%, 0.0008820 secs]
   [Last Exec: 0.0008820 secs, Idle: 19.8368114 secs, Blocked: 0/0.0000000 secs]
      [Inspected:            1235]
         [Skipped:              0(  0.0%)]
         [Hashed:             816( 66.1%)]
         [Known:                0(  0.0%)]
         [New:               1235(100.0%)     68.5K]
      [Deduplicated:          815( 66.0%)     32.1K( 46.8%)]
         [Young:              815(100.0%)     32.1K(100.0%)]
         [Old:                  0(  0.0%)      0.0B(  0.0%)]
   [Total Exec: 2668/1.7059909 secs, Idle: 2668/21979.0323827 secs, Blocked: 34/5.5958972 secs]
      [Inspected:         2654483]
         [Skipped:              0(  0.0%)]
         [Hashed:         2059551( 77.6%)]
         [Known:            34941(  1.3%)]
         [New:            2619542( 98.7%)    144.1M]
      [Deduplicated:      2014509( 76.9%)     91.1M( 63.2%)]
         [Young:           849650( 42.2%)     40.4M( 44.4%)]
         [Old:            1164859( 57.8%)     50.7M( 55.6%)]
   [Table]
      [Memory Usage: 2402.4K]
      [Size: 65536, Min: 1024, Max: 16777216]
      [Entries: 80657, Load: 123.1%, Cached: 0, Added: 639481, Removed: 558824]
      [Resize Count: 6, Shrink Threshold: 43690(66.7%), Grow Threshold: 131072(200.0%)]
      [Rehash Count: 0, Rehash Threshold: 120, Hash Seed: 0x0]
      [Age Threshold: 3]
   [Queue]
      [Dropped: 0]
[GC concurrent-string-deduplication, deleted 0 entries, 0.0000005 secs]
2021-03-08T16:50:32.170+0800: 21996.875: Total time for which application threads were stopped: 0.0091447 seconds, Stopping threads took: 0.0022428 seconds
2021-03-08T16:50:32.613+0800: 21997.317: Total time for which application threads were stopped: 0.0039291 seconds, Stopping threads took: 0.0004301 seconds
2021-03-08T16:50:32.616+0800: 21997.320: Total time for which application threads were stopped: 0.0031796 seconds, Stopping threads took: 0.0001821 seconds
2021-03-08T16:50:33.884+0800: 21998.588: [GC pause (G1 Evacuation Pause) (young), 0.1236871 secs]
   [Parallel Time: 110.5 ms, GC Workers: 4]
      [GC Worker Start (ms): Min: 21998589.4, Avg: 21998589.5, Max: 21998589.8, Diff: 0.3]
      [Ext Root Scanning (ms): Min: 6.3, Avg: 7.1, Max: 9.2, Diff: 3.0, Sum: 28.5]
      [Update RS (ms): Min: 7.6, Avg: 10.1, Max: 11.3, Diff: 3.8, Sum: 40.5]
         [Processed Buffers: Min: 56, Avg: 69.2, Max: 83, Diff: 27, Sum: 277]
      [Scan RS (ms): Min: 0.4, Avg: 0.7, Max: 0.8, Diff: 0.5, Sum: 2.8]
      [Code Root Scanning (ms): Min: 0.0, Avg: 0.0, Max: 0.0, Diff: 0.0, Sum: 0.1]
      [Object Copy (ms): Min: 92.2, Avg: 92.3, Max: 92.4, Diff: 0.2, Sum: 369.3]
      [Termination (ms): Min: 0.0, Avg: 0.0, Max: 0.0, Diff: 0.0, Sum: 0.1]
         [Termination Attempts: Min: 13, Avg: 18.8, Max: 25, Diff: 12, Sum: 75]
      [GC Worker Other (ms): Min: 0.0, Avg: 0.0, Max: 0.1, Diff: 0.0, Sum: 0.2]
      [GC Worker Total (ms): Min: 110.1, Avg: 110.4, Max: 110.4, Diff: 0.3, Sum: 441.4]
      [GC Worker End (ms): Min: 21998699.9, Avg: 21998699.9, Max: 21998699.9, Diff: 0.0]
   [Code Root Fixup: 0.0 ms]
   [Code Root Purge: 0.0 ms]
   [String Dedup Fixup: 2.8 ms, GC Workers: 4]
      [Queue Fixup (ms): Min: 0.0, Avg: 0.0, Max: 0.0, Diff: 0.0, Sum: 0.0]
      [Table Fixup (ms): Min: 2.8, Avg: 2.8, Max: 2.8, Diff: 0.0, Sum: 11.3]
   [Clear CT: 0.9 ms]
   [Other: 9.4 ms]
      [Choose CSet: 0.0 ms]
      [Ref Proc: 0.1 ms]
      [Ref Enq: 0.0 ms]
      [Redirty Cards: 1.6 ms]
      [Humongous Register: 1.0 ms]
      [Humongous Reclaim: 0.2 ms]
      [Free CSet: 5.0 ms]
   [Eden: 3420.0M(3420.0M)->0.0B(3404.0M) Survivors: 82.0M->90.0M Heap: 5582.8M(6278.0M)->2145.3M(6278.0M)]
 [Times: user=0.39 sys=0.06, real=0.13 secs] 
2021-03-08T16:50:34.008+0800: 21998.712: Total time for which application threads were stopped: 0.1286315 seconds, Stopping threads took: 0.0004363 seconds
2021-03-08T16:50:34.008+0800: 21998.712: [GC concurrent-string-deduplication, 15.7K->7480.0B(8576.0B), avg 63.2%, 0.0001985 secs]
   [Last Exec: 0.0001985 secs, Idle: 11.8465577 secs, Blocked: 0/0.0000000 secs]
      [Inspected:             298]
         [Skipped:              0(  0.0%)]
         [Hashed:             213( 71.5%)]
         [Known:                0(  0.0%)]
         [New:                298(100.0%)     15.7K]
      [Deduplicated:          213( 71.5%)   8576.0B( 53.4%)]
         [Young:              213(100.0%)   8576.0B(100.0%)]
         [Old:                  0(  0.0%)      0.0B(  0.0%)]
   [Total Exec: 2669/1.7061894 secs, Idle: 2669/21990.8789404 secs, Blocked: 34/5.5958972 secs]
      [Inspected:         2654781]
         [Skipped:              0(  0.0%)]
         [Hashed:         2059764( 77.6%)]
         [Known:            34941(  1.3%)]
         [New:            2619840( 98.7%)    144.1M]
      [Deduplicated:      2014722( 76.9%)     91.1M( 63.2%)]
         [Young:           849863( 42.2%)     40.4M( 44.4%)]
         [Old:            1164859( 57.8%)     50.7M( 55.6%)]
   [Table]
      [Memory Usage: 2404.3K]
      [Size: 65536, Min: 1024, Max: 16777216]
      [Entries: 80740, Load: 123.2%, Cached: 0, Added: 639566, Removed: 558826]
      [Resize Count: 6, Shrink Threshold: 43690(66.7%), Grow Threshold: 131072(200.0%)]
      [Rehash Count: 0, Rehash Threshold: 120, Hash Seed: 0x0]
      [Age Threshold: 3]
   [Queue]
      [Dropped: 0]
[GC concurrent-string-deduplication, deleted 0 entries, 0.0000009 secs]
2021-03-08T16:50:50.002+0800: 22014.706: [GC pause (G1 Evacuation Pause) (young), 0.1427390 secs]
   [Parallel Time: 131.3 ms, GC Workers: 4]
      [GC Worker Start (ms): Min: 22014707.6, Avg: 22014707.7, Max: 22014708.1, Diff: 0.5]
      [Ext Root Scanning (ms): Min: 6.0, Avg: 6.2, Max: 6.5, Diff: 0.5, Sum: 25.0]
      [Update RS (ms): Min: 10.3, Avg: 10.4, Max: 10.5, Diff: 0.1, Sum: 41.7]
         [Processed Buffers: Min: 85, Avg: 95.2, Max: 103, Diff: 18, Sum: 381]
      [Scan RS (ms): Min: 0.8, Avg: 0.8, Max: 0.8, Diff: 0.1, Sum: 3.1]
      [Code Root Scanning (ms): Min: 0.0, Avg: 0.0, Max: 0.0, Diff: 0.0, Sum: 0.1]
      [Object Copy (ms): Min: 113.4, Avg: 113.6, Max: 113.9, Diff: 0.5, Sum: 454.4]
      [Termination (ms): Min: 0.0, Avg: 0.0, Max: 0.0, Diff: 0.0, Sum: 0.1]
         [Termination Attempts: Min: 36, Avg: 38.5, Max: 41, Diff: 5, Sum: 154]
      [GC Worker Other (ms): Min: 0.0, Avg: 0.1, Max: 0.1, Diff: 0.0, Sum: 0.2]
      [GC Worker Total (ms): Min: 130.8, Avg: 131.1, Max: 131.3, Diff: 0.5, Sum: 524.5]
      [GC Worker End (ms): Min: 22014838.8, Avg: 22014838.8, Max: 22014838.9, Diff: 0.0]
   [Code Root Fixup: 0.0 ms]
   [Code Root Purge: 0.0 ms]
   [String Dedup Fixup: 3.0 ms, GC Workers: 4]
      [Queue Fixup (ms): Min: 0.0, Avg: 0.0, Max: 0.0, Diff: 0.0, Sum: 0.0]
      [Table Fixup (ms): Min: 2.8, Avg: 2.9, Max: 2.9, Diff: 0.1, Sum: 11.4]
   [Clear CT: 0.7 ms]
   [Other: 7.7 ms]
      [Choose CSet: 0.0 ms]
      [Ref Proc: 0.1 ms]
      [Ref Enq: 0.0 ms]
      [Redirty Cards: 0.1 ms]
      [Humongous Register: 1.0 ms]
      [Humongous Reclaim: 0.3 ms]
      [Free CSet: 5.0 ms]
   [Eden: 3404.0M(3404.0M)->0.0B(3360.0M) Survivors: 90.0M->112.0M Heap: 5590.4M(6278.0M)->2166.8M(6278.0M)]
 [Times: user=0.47 sys=0.06, real=0.15 secs] 
2021-03-08T16:50:50.145+0800: 22014.849: Total time for which application threads were stopped: 0.1524093 seconds, Stopping threads took: 0.0021067 seconds
2021-03-08T16:50:50.146+0800: 22014.850: [GC concurrent-string-deduplication, 68.5K->33.1K(35.4K), avg 63.2%, 0.0006929 secs]
   [Last Exec: 0.0006929 secs, Idle: 16.1369883 secs, Blocked: 0/0.0000000 secs]
      [Inspected:            1309]
         [Skipped:              0(  0.0%)]
         [Hashed:             924( 70.6%)]
         [Known:                0(  0.0%)]
         [New:               1309(100.0%)     68.5K]
      [Deduplicated:          924( 70.6%)     35.4K( 51.7%)]
         [Young:              924(100.0%)     35.4K(100.0%)]
         [Old:                  0(  0.0%)      0.0B(  0.0%)]
   [Total Exec: 2670/1.7068824 secs, Idle: 2670/22007.0159286 secs, Blocked: 34/5.5958972 secs]
      [Inspected:         2656090]
         [Skipped:              0(  0.0%)]
         [Hashed:         2060688( 77.6%)]
         [Known:            34941(  1.3%)]
         [New:            2621149( 98.7%)    144.2M]
      [Deduplicated:      2015646( 76.9%)     91.1M( 63.2%)]
         [Young:           850787( 42.2%)     40.4M( 44.4%)]
         [Old:            1164859( 57.8%)     50.7M( 55.6%)]
   [Table]
      [Memory Usage: 2413.4K]
      [Size: 65536, Min: 1024, Max: 16777216]
      [Entries: 81125, Load: 123.8%, Cached: 0, Added: 639951, Removed: 558826]
      [Resize Count: 6, Shrink Threshold: 43690(66.7%), Grow Threshold: 131072(200.0%)]
      [Rehash Count: 0, Rehash Threshold: 120, Hash Seed: 0x0]
      [Age Threshold: 3]
   [Queue]
      [Dropped: 0]
[GC concurrent-string-deduplication, deleted 0 entries, 0.0000009 secs]
2021-03-08T16:51:02.945+0800: 22027.649: Total time for which application threads were stopped: 0.0093718 seconds, Stopping threads took: 0.0022093 seconds
2021-03-08T16:51:02.949+0800: 22027.653: Total time for which application threads were stopped: 0.0036255 seconds, Stopping threads took: 0.0001547 seconds
2021-03-08T16:51:07.668+0800: 22032.372: [GC pause (G1 Evacuation Pause) (young), 0.1855332 secs]
   [Parallel Time: 174.1 ms, GC Workers: 4]
      [GC Worker Start (ms): Min: 22032373.4, Avg: 22032375.6, Max: 22032377.9, Diff: 4.5]
      [Ext Root Scanning (ms): Min: 7.2, Avg: 16.0, Max: 26.0, Diff: 18.8, Sum: 63.9]
      [Update RS (ms): Min: 0.9, Avg: 11.5, Max: 25.6, Diff: 24.6, Sum: 45.8]
         [Processed Buffers: Min: 26, Avg: 67.0, Max: 131, Diff: 105, Sum: 268]
      [Scan RS (ms): Min: 0.3, Avg: 0.7, Max: 1.0, Diff: 0.7, Sum: 2.8]
      [Code Root Scanning (ms): Min: 0.0, Avg: 0.0, Max: 0.0, Diff: 0.0, Sum: 0.1]
      [Object Copy (ms): Min: 136.3, Avg: 143.5, Max: 146.0, Diff: 9.7, Sum: 573.9]
      [Termination (ms): Min: 0.1, Avg: 0.1, Max: 0.1, Diff: 0.0, Sum: 0.2]
         [Termination Attempts: Min: 64, Avg: 73.0, Max: 80, Diff: 16, Sum: 292]
      [GC Worker Other (ms): Min: 0.0, Avg: 0.1, Max: 0.1, Diff: 0.0, Sum: 0.2]
      [GC Worker Total (ms): Min: 169.5, Avg: 171.7, Max: 174.0, Diff: 4.5, Sum: 686.9]
      [GC Worker End (ms): Min: 22032547.3, Avg: 22032547.4, Max: 22032547.4, Diff: 0.0]
   [Code Root Fixup: 0.0 ms]
   [Code Root Purge: 0.0 ms]
   [String Dedup Fixup: 2.9 ms, GC Workers: 4]
      [Queue Fixup (ms): Min: 0.0, Avg: 0.0, Max: 0.0, Diff: 0.0, Sum: 0.0]
      [Table Fixup (ms): Min: 2.9, Avg: 2.9, Max: 2.9, Diff: 0.0, Sum: 11.5]
   [Clear CT: 0.8 ms]
   [Other: 7.7 ms]
      [Choose CSet: 0.0 ms]
      [Ref Proc: 0.1 ms]
      [Ref Enq: 0.0 ms]
      [Redirty Cards: 0.1 ms]
      [Humongous Register: 1.0 ms]
      [Humongous Reclaim: 0.2 ms]
      [Free CSet: 5.0 ms]
   [Eden: 3360.0M(3360.0M)->0.0B(3324.0M) Survivors: 112.0M->130.0M Heap: 5551.0M(6278.0M)->2186.3M(6278.0M)]
 [Times: user=0.54 sys=0.08, real=0.18 secs] 
2021-03-08T16:51:07.854+0800: 22032.558: Total time for which application threads were stopped: 0.1916623 seconds, Stopping threads took: 0.0003490 seconds
2021-03-08T16:51:07.855+0800: 22032.559: [GC concurrent-string-deduplication, 72.3K->35.8K(36.5K), avg 63.2%, 0.0010348 secs]
   [Last Exec: 0.0010348 secs, Idle: 17.7077591 secs, Blocked: 0/0.0000000 secs]
      [Inspected:            1380]
         [Skipped:              0(  0.0%)]
         [Hashed:             964( 69.9%)]
         [Known:                0(  0.0%)]
         [New:               1380(100.0%)     72.3K]
      [Deduplicated:          964( 69.9%)     36.5K( 50.5%)]
         [Young:              964(100.0%)     36.5K(100.0%)]
         [Old:                  0(  0.0%)      0.0B(  0.0%)]
   [Total Exec: 2671/1.7079172 secs, Idle: 2671/22024.7236878 secs, Blocked: 34/5.5958972 secs]
      [Inspected:         2657470]
         [Skipped:              0(  0.0%)]
         [Hashed:         2061652( 77.6%)]
         [Known:            34941(  1.3%)]
         [New:            2622529( 98.7%)    144.2M]
      [Deduplicated:      2016610( 76.9%)     91.1M( 63.2%)]
         [Young:           851751( 42.2%)     40.5M( 44.4%)]
         [Old:            1164859( 57.8%)     50.7M( 55.6%)]
   [Table]
      [Memory Usage: 2423.1K]
      [Size: 65536, Min: 1024, Max: 16777216]
      [Entries: 81541, Load: 124.4%, Cached: 0, Added: 640367, Removed: 558826]
      [Resize Count: 6, Shrink Threshold: 43690(66.7%), Grow Threshold: 131072(200.0%)]
      [Rehash Count: 0, Rehash Threshold: 120, Hash Seed: 0x0]
      [Age Threshold: 3]
   [Queue]
      [Dropped: 0]
[GC concurrent-string-deduplication, deleted 0 entries, 0.0000011 secs]
2021-03-08T16:51:15.896+0800: 22040.600: Total time for which application threads were stopped: 0.0090275 seconds, Stopping threads took: 0.0021212 seconds
2021-03-08T16:51:15.899+0800: 22040.603: Total time for which application threads were stopped: 0.0032302 seconds, Stopping threads took: 0.0001238 seconds
2021-03-08T16:51:15.903+0800: 22040.607: Total time for which application threads were stopped: 0.0030786 seconds, Stopping threads took: 0.0001399 seconds
2021-03-08T16:51:15.905+0800: 22040.609: Total time for which application threads were stopped: 0.0026721 seconds, Stopping threads took: 0.0000997 seconds
2021-03-08T16:51:15.908+0800: 22040.612: Total time for which application threads were stopped: 0.0025960 seconds, Stopping threads took: 0.0000984 seconds
2021-03-08T16:51:16.188+0800: 22040.892: Total time for which application threads were stopped: 0.0039677 seconds, Stopping threads took: 0.0004459 seconds
2021-03-08T16:51:16.195+0800: 22040.899: Total time for which application threads were stopped: 0.0038543 seconds, Stopping threads took: 0.0004108 seconds
2021-03-08T16:51:16.200+0800: 22040.905: Total time for which application threads were stopped: 0.0047431 seconds, Stopping threads took: 0.0005265 seconds
2021-03-08T16:51:16.421+0800: 22041.125: Total time for which application threads were stopped: 0.0053438 seconds, Stopping threads took: 0.0004305 seconds
2021-03-08T16:51:16.426+0800: 22041.130: Total time for which application threads were stopped: 0.0037722 seconds, Stopping threads took: 0.0002586 seconds
2021-03-08T16:51:16.430+0800: 22041.134: Total time for which application threads were stopped: 0.0033958 seconds, Stopping threads took: 0.0001587 seconds
2021-03-08T16:51:17.461+0800: 22042.165: Total time for which application threads were stopped: 0.0046816 seconds, Stopping threads took: 0.0005072 seconds
2021-03-08T16:51:23.013+0800: 22047.717: [GC pause (G1 Evacuation Pause) (young), 0.6344192 secs]
   [Parallel Time: 622.6 ms, GC Workers: 4]
      [GC Worker Start (ms): Min: 22047718.8, Avg: 22047723.6, Max: 22047730.8, Diff: 12.0]
      [Ext Root Scanning (ms): Min: 3.3, Avg: 12.8, Max: 20.0, Diff: 16.7, Sum: 51.2]
      [Update RS (ms): Min: 39.5, Avg: 46.1, Max: 48.3, Diff: 8.8, Sum: 184.4]
         [Processed Buffers: Min: 40, Avg: 87.8, Max: 112, Diff: 72, Sum: 351]
      [Scan RS (ms): Min: 0.7, Avg: 0.7, Max: 0.7, Diff: 0.0, Sum: 2.8]
      [Code Root Scanning (ms): Min: 0.0, Avg: 0.0, Max: 0.0, Diff: 0.0, Sum: 0.1]
      [Object Copy (ms): Min: 557.6, Avg: 557.8, Max: 558.1, Diff: 0.5, Sum: 2231.3]
      [Termination (ms): Min: 0.2, Avg: 0.2, Max: 0.3, Diff: 0.1, Sum: 0.9]
         [Termination Attempts: Min: 178, Avg: 219.5, Max: 248, Diff: 70, Sum: 878]
      [GC Worker Other (ms): Min: 0.0, Avg: 0.0, Max: 0.1, Diff: 0.0, Sum: 0.2]
      [GC Worker Total (ms): Min: 610.5, Avg: 617.7, Max: 622.5, Diff: 12.1, Sum: 2471.0]
      [GC Worker End (ms): Min: 22048341.3, Avg: 22048341.3, Max: 22048341.3, Diff: 0.0]
   [Code Root Fixup: 0.0 ms]
   [Code Root Purge: 0.0 ms]
   [String Dedup Fixup: 2.9 ms, GC Workers: 4]
      [Queue Fixup (ms): Min: 0.0, Avg: 0.0, Max: 0.0, Diff: 0.0, Sum: 0.1]
      [Table Fixup (ms): Min: 2.8, Avg: 2.8, Max: 2.9, Diff: 0.1, Sum: 11.3]
   [Clear CT: 0.8 ms]
   [Other: 8.1 ms]
      [Choose CSet: 0.0 ms]
      [Ref Proc: 0.1 ms]
      [Ref Enq: 0.0 ms]
      [Redirty Cards: 0.2 ms]
      [Humongous Register: 1.0 ms]
      [Humongous Reclaim: 0.2 ms]
      [Free CSet: 5.0 ms]
   [Eden: 3324.0M(3324.0M)->0.0B(2048.0K) Survivors: 130.0M->432.0M Heap: 5545.5M(6278.0M)->2598.1M(6278.0M)]
 [Times: user=2.15 sys=0.28, real=0.64 secs] 
2021-03-08T16:51:23.648+0800: 22048.352: Total time for which application threads were stopped: 0.6394314 seconds, Stopping threads took: 0.0003694 seconds
2021-03-08T16:51:23.650+0800: 22048.355: [GC concurrent-string-deduplication, 224.6K->28.7K(196.0K), avg 63.2%, 0.0022204 secs]
   [Last Exec: 0.0022204 secs, Idle: 15.7932534 secs, Blocked: 0/0.0000000 secs]
      [Inspected:            5407]
         [Skipped:              0(  0.0%)]
         [Hashed:            5074( 93.8%)]
         [Known:                0(  0.0%)]
         [New:               5407(100.0%)    224.6K]
      [Deduplicated:         5073( 93.8%)    196.0K( 87.2%)]
         [Young:              603( 11.9%)     24.2K( 12.3%)]
         [Old:               4470( 88.1%)    171.8K( 87.7%)]
   [Total Exec: 2672/1.7101376 secs, Idle: 2672/22040.5169412 secs, Blocked: 34/5.5958972 secs]
      [Inspected:         2662877]
         [Skipped:              0(  0.0%)]
         [Hashed:         2066726( 77.6%)]
         [Known:            34941(  1.3%)]
         [New:            2627936( 98.7%)    144.4M]
      [Deduplicated:      2021683( 76.9%)     91.3M( 63.2%)]
         [Young:           852354( 42.2%)     40.5M( 44.3%)]
         [Old:            1169329( 57.8%)     50.8M( 55.7%)]
   [Table]
      [Memory Usage: 2431.0K]
      [Size: 65536, Min: 1024, Max: 16777216]
      [Entries: 81878, Load: 124.9%, Cached: 0, Added: 640704, Removed: 558826]
      [Resize Count: 6, Shrink Threshold: 43690(66.7%), Grow Threshold: 131072(200.0%)]
      [Rehash Count: 0, Rehash Threshold: 120, Hash Seed: 0x0]
      [Age Threshold: 3]
   [Queue]
      [Dropped: 0]
[GC concurrent-string-deduplication, deleted 0 entries, 0.0000007 secs]
2021-03-08T16:51:23.670+0800: 22048.374: [GC pause (G1 Evacuation Pause) (young), 0.5094944 secs]
   [Parallel Time: 503.7 ms, GC Workers: 4]
      [GC Worker Start (ms): Min: 22048374.6, Avg: 22048374.6, Max: 22048374.6, Diff: 0.0]
      [Ext Root Scanning (ms): Min: 2.7, Avg: 2.9, Max: 3.1, Diff: 0.3, Sum: 11.5]
      [Update RS (ms): Min: 41.7, Avg: 41.9, Max: 42.0, Diff: 0.2, Sum: 167.4]
         [Processed Buffers: Min: 87, Avg: 95.8, Max: 115, Diff: 28, Sum: 383]
      [Scan RS (ms): Min: 0.0, Avg: 0.1, Max: 0.1, Diff: 0.1, Sum: 0.3]
      [Code Root Scanning (ms): Min: 0.0, Avg: 0.0, Max: 0.0, Diff: 0.0, Sum: 0.0]
      [Object Copy (ms): Min: 458.8, Avg: 458.8, Max: 458.9, Diff: 0.1, Sum: 1835.3]
      [Termination (ms): Min: 0.0, Avg: 0.0, Max: 0.0, Diff: 0.0, Sum: 0.0]
         [Termination Attempts: Min: 2, Avg: 4.2, Max: 5, Diff: 3, Sum: 17]
      [GC Worker Other (ms): Min: 0.0, Avg: 0.0, Max: 0.0, Diff: 0.0, Sum: 0.1]
      [GC Worker Total (ms): Min: 503.7, Avg: 503.7, Max: 503.7, Diff: 0.0, Sum: 2014.7]
      [GC Worker End (ms): Min: 22048878.3, Avg: 22048878.3, Max: 22048878.3, Diff: 0.0]
   [Code Root Fixup: 0.0 ms]
   [Code Root Purge: 0.0 ms]
   [String Dedup Fixup: 1.9 ms, GC Workers: 4]
      [Queue Fixup (ms): Min: 0.0, Avg: 0.0, Max: 0.1, Diff: 0.0, Sum: 0.2]
      [Table Fixup (ms): Min: 1.8, Avg: 1.8, Max: 1.9, Diff: 0.0, Sum: 7.4]
   [Clear CT: 0.1 ms]
   [Other: 3.7 ms]
      [Choose CSet: 0.0 ms]
      [Ref Proc: 0.1 ms]
      [Ref Enq: 0.0 ms]
      [Redirty Cards: 1.2 ms]
      [Humongous Register: 0.2 ms]
      [Humongous Reclaim: 0.1 ms]
      [Free CSet: 0.8 ms]
   [Eden: 2048.0K(2048.0K)->0.0B(658.0M) Survivors: 432.0M->2048.0K Heap: 2600.1M(6278.0M)->2601.0M(6278.0M)]
 [Times: user=1.97 sys=0.06, real=0.51 secs] 
2021-03-08T16:51:24.180+0800: 22048.884: Total time for which application threads were stopped: 0.5141787 seconds, Stopping threads took: 0.0003928 seconds
2021-03-08T16:51:24.184+0800: 22048.889: [GC concurrent-string-deduplication, 436.8K->61.6K(375.2K), avg 63.3%, 0.0044135 secs]
   [Last Exec: 0.0044135 secs, Idle: 0.5293802 secs, Blocked: 0/0.0000000 secs]
      [Inspected:           10226]
         [Skipped:              0(  0.0%)]
         [Hashed:            9533( 93.2%)]
         [Known:                3(  0.0%)]
         [New:              10223(100.0%)    436.8K]
      [Deduplicated:         9519( 93.1%)    375.2K( 85.9%)]
         [Young:                0(  0.0%)      0.0B(  0.0%)]
         [Old:               9519(100.0%)    375.2K(100.0%)]
   [Total Exec: 2673/1.7145511 secs, Idle: 2673/22041.0463214 secs, Blocked: 34/5.5958972 secs]
      [Inspected:         2673103]
         [Skipped:              0(  0.0%)]
         [Hashed:         2076259( 77.7%)]
         [Known:            34944(  1.3%)]
         [New:            2638159( 98.7%)    144.9M]
      [Deduplicated:      2031202( 77.0%)     91.7M( 63.3%)]
         [Young:           852354( 42.0%)     40.5M( 44.2%)]
         [Old:            1178848( 58.0%)     51.2M( 55.8%)]
   [Table]
      [Memory Usage: 2447.5K]
      [Size: 65536, Min: 1024, Max: 16777216]
      [Entries: 82582, Load: 126.0%, Cached: 0, Added: 641408, Removed: 558826]
      [Resize Count: 6, Shrink Threshold: 43690(66.7%), Grow Threshold: 131072(200.0%)]
      [Rehash Count: 0, Rehash Threshold: 120, Hash Seed: 0x0]
      [Age Threshold: 3]
   [Queue]
      [Dropped: 0]
[GC concurrent-string-deduplication, deleted 0 entries, 0.0000007 secs]
2021-03-08T16:51:27.989+0800: 22052.693: Total time for which application threads were stopped: 0.0057598 seconds, Stopping threads took: 0.0006551 seconds
2021-03-08T16:51:27.994+0800: 22052.698: Total time for which application threads were stopped: 0.0039475 seconds, Stopping threads took: 0.0002016 seconds
2021-03-08T16:51:27.997+0800: 22052.702: Total time for which application threads were stopped: 0.0037041 seconds, Stopping threads took: 0.0001165 seconds
2021-03-08T16:51:28.001+0800: 22052.706: Total time for which application threads were stopped: 0.0037610 seconds, Stopping threads took: 0.0001404 seconds
2021-03-08T16:51:28.005+0800: 22052.710: Total time for which application threads were stopped: 0.0038854 seconds, Stopping threads took: 0.0001263 seconds
2021-03-08T16:51:28.083+0800: 22052.787: Total time for which application threads were stopped: 0.0040601 seconds, Stopping threads took: 0.0003663 seconds
2021-03-08T16:51:28.087+0800: 22052.791: Total time for which application threads were stopped: 0.0035517 seconds, Stopping threads took: 0.0001625 seconds
2021-03-08T16:51:28.243+0800: 22052.947: Total time for which application threads were stopped: 0.0042382 seconds, Stopping threads took: 0.0003773 seconds
2021-03-08T16:51:28.253+0800: 22052.957: Total time for which application threads were stopped: 0.0042081 seconds, Stopping threads took: 0.0004203 seconds
2021-03-08T16:51:28.257+0800: 22052.961: Total time for which application threads were stopped: 0.0037570 seconds, Stopping threads took: 0.0002008 seconds
2021-03-08T16:51:28.429+0800: 22053.133: [GC pause (G1 Evacuation Pause) (young), 0.2380186 secs]
   [Parallel Time: 233.0 ms, GC Workers: 4]
      [GC Worker Start (ms): Min: 22053133.9, Avg: 22053134.0, Max: 22053134.0, Diff: 0.0]
      [Ext Root Scanning (ms): Min: 6.2, Avg: 6.5, Max: 7.0, Diff: 0.8, Sum: 25.9]
      [Update RS (ms): Min: 37.1, Avg: 37.7, Max: 38.3, Diff: 1.2, Sum: 150.6]
         [Processed Buffers: Min: 38, Avg: 90.2, Max: 147, Diff: 109, Sum: 361]
      [Scan RS (ms): Min: 0.0, Avg: 0.1, Max: 0.3, Diff: 0.3, Sum: 0.4]
      [Code Root Scanning (ms): Min: 0.0, Avg: 0.0, Max: 0.0, Diff: 0.0, Sum: 0.0]
      [Object Copy (ms): Min: 188.2, Avg: 188.7, Max: 189.0, Diff: 0.7, Sum: 754.6]
      [Termination (ms): Min: 0.0, Avg: 0.0, Max: 0.0, Diff: 0.0, Sum: 0.1]
         [Termination Attempts: Min: 25, Avg: 28.5, Max: 32, Diff: 7, Sum: 114]
      [GC Worker Other (ms): Min: 0.0, Avg: 0.0, Max: 0.1, Diff: 0.0, Sum: 0.2]
      [GC Worker Total (ms): Min: 232.9, Avg: 233.0, Max: 233.0, Diff: 0.0, Sum: 931.8]
      [GC Worker End (ms): Min: 22053366.9, Avg: 22053366.9, Max: 22053366.9, Diff: 0.0]
   [Code Root Fixup: 0.0 ms]
   [Code Root Purge: 0.0 ms]
   [String Dedup Fixup: 1.8 ms, GC Workers: 4]
      [Queue Fixup (ms): Min: 0.0, Avg: 0.0, Max: 0.0, Diff: 0.0, Sum: 0.0]
      [Table Fixup (ms): Min: 1.7, Avg: 1.8, Max: 1.8, Diff: 0.1, Sum: 7.0]
   [Clear CT: 0.1 ms]
   [Other: 3.0 ms]
      [Choose CSet: 0.0 ms]
      [Ref Proc: 0.1 ms]
      [Ref Enq: 0.0 ms]
      [Redirty Cards: 0.2 ms]
      [Humongous Register: 0.2 ms]
      [Humongous Reclaim: 0.1 ms]
      [Free CSet: 0.8 ms]
   [Eden: 658.0M(658.0M)->0.0B(376.0M) Survivors: 2048.0K->84.0M Heap: 3263.6M(6278.0M)->2751.1M(6278.0M)]
 [Times: user=0.70 sys=0.05, real=0.24 secs] 
2021-03-08T16:51:28.668+0800: 22053.372: Total time for which application threads were stopped: 0.2467558 seconds, Stopping threads took: 0.0003990 seconds
2021-03-08T16:51:28.669+0800: 22053.373: [GC concurrent-string-deduplication, 87.7K->536.0B(87.2K), avg 63.3%, 0.0007981 secs]
   [Last Exec: 0.0007981 secs, Idle: 4.4833014 secs, Blocked: 0/0.0000000 secs]
      [Inspected:            2209]
         [Skipped:              0(  0.0%)]
         [Hashed:            2209(100.0%)]
         [Known:                0(  0.0%)]
         [New:               2209(100.0%)     87.7K]
      [Deduplicated:         2208(100.0%)     87.2K( 99.4%)]
         [Young:                0(  0.0%)      0.0B(  0.0%)]
         [Old:               2208(100.0%)     87.2K(100.0%)]
   [Total Exec: 2674/1.7153492 secs, Idle: 2674/22045.5296228 secs, Blocked: 34/5.5958972 secs]
      [Inspected:         2675312]
         [Skipped:              0(  0.0%)]
         [Hashed:         2078468( 77.7%)]
         [Known:            34944(  1.3%)]
         [New:            2640368( 98.7%)    145.0M]
      [Deduplicated:      2033410( 77.0%)     91.8M( 63.3%)]
         [Young:           852354( 41.9%)     40.5M( 44.1%)]
         [Old:            1181056( 58.1%)     51.3M( 55.9%)]
   [Table]
      [Memory Usage: 2447.5K]
      [Size: 65536, Min: 1024, Max: 16777216]
      [Entries: 82583, Load: 126.0%, Cached: 0, Added: 641409, Removed: 558826]
      [Resize Count: 6, Shrink Threshold: 43690(66.7%), Grow Threshold: 131072(200.0%)]
      [Rehash Count: 0, Rehash Threshold: 120, Hash Seed: 0x0]
      [Age Threshold: 3]
   [Queue]
      [Dropped: 0]
[GC concurrent-string-deduplication, deleted 0 entries, 0.0000009 secs]
2021-03-08T16:51:28.676+0800: 22053.380: Total time for which application threads were stopped: 0.0040765 seconds, Stopping threads took: 0.0004032 seconds
2021-03-08T16:51:28.679+0800: 22053.383: Total time for which application threads were stopped: 0.0033113 seconds, Stopping threads took: 0.0001509 seconds
2021-03-08T16:51:28.682+0800: 22053.386: Total time for which application threads were stopped: 0.0032240 seconds, Stopping threads took: 0.0001516 seconds
2021-03-08T16:51:28.686+0800: 22053.390: Total time for which application threads were stopped: 0.0034985 seconds, Stopping threads took: 0.0001780 seconds
2021-03-08T16:51:28.689+0800: 22053.394: Total time for which application threads were stopped: 0.0035972 seconds, Stopping threads took: 0.0001530 seconds
2021-03-08T16:51:28.693+0800: 22053.397: Total time for which application threads were stopped: 0.0032252 seconds, Stopping threads took: 0.0001478 seconds
2021-03-08T16:51:28.696+0800: 22053.400: Total time for which application threads were stopped: 0.0030073 seconds, Stopping threads took: 0.0001251 seconds
2021-03-08T16:51:29.392+0800: 22054.097: Total time for which application threads were stopped: 0.0043171 seconds, Stopping threads took: 0.0003869 seconds
2021-03-08T16:51:29.396+0800: 22054.100: Total time for which application threads were stopped: 0.0038462 seconds, Stopping threads took: 0.0002198 seconds
2021-03-08T16:51:31.530+0800: 22056.234: [GC pause (G1 Evacuation Pause) (young), 0.1439697 secs]
   [Parallel Time: 133.9 ms, GC Workers: 4]
      [GC Worker Start (ms): Min: 22056239.3, Avg: 22056244.0, Max: 22056245.6, Diff: 6.3]
      [Ext Root Scanning (ms): Min: 6.1, Avg: 14.1, Max: 25.4, Diff: 19.3, Sum: 56.4]
      [Update RS (ms): Min: 24.3, Avg: 26.0, Max: 29.8, Diff: 5.5, Sum: 104.0]
         [Processed Buffers: Min: 56, Avg: 76.2, Max: 94, Diff: 38, Sum: 305]
      [Scan RS (ms): Min: 0.0, Avg: 0.1, Max: 0.1, Diff: 0.1, Sum: 0.3]
      [Code Root Scanning (ms): Min: 0.0, Avg: 0.0, Max: 0.0, Diff: 0.0, Sum: 0.0]
      [Object Copy (ms): Min: 81.6, Avg: 86.5, Max: 94.1, Diff: 12.5, Sum: 346.1]
      [Termination (ms): Min: 0.0, Avg: 0.1, Max: 0.1, Diff: 0.1, Sum: 0.3]
         [Termination Attempts: Min: 1, Avg: 49.0, Max: 81, Diff: 80, Sum: 196]
      [GC Worker Other (ms): Min: 0.0, Avg: 0.0, Max: 0.0, Diff: 0.0, Sum: 0.1]
      [GC Worker Total (ms): Min: 125.2, Avg: 126.8, Max: 131.5, Diff: 6.4, Sum: 507.2]
      [GC Worker End (ms): Min: 22056370.8, Avg: 22056370.8, Max: 22056370.8, Diff: 0.0]
   [Code Root Fixup: 0.0 ms]
   [Code Root Purge: 0.0 ms]
   [String Dedup Fixup: 3.9 ms, GC Workers: 4]
      [Queue Fixup (ms): Min: 0.0, Avg: 0.0, Max: 0.0, Diff: 0.0, Sum: 0.1]
      [Table Fixup (ms): Min: 0.0, Avg: 2.9, Max: 3.8, Diff: 3.8, Sum: 11.5]
   [Clear CT: 0.1 ms]
   [Other: 6.0 ms]
      [Choose CSet: 0.0 ms]
      [Ref Proc: 0.2 ms]
      [Ref Enq: 0.0 ms]
      [Redirty Cards: 0.2 ms]
      [Humongous Register: 3.0 ms]
      [Humongous Reclaim: 0.1 ms]
      [Free CSet: 1.0 ms]
   [Eden: 376.0M(376.0M)->0.0B(950.0M) Survivors: 84.0M->2048.0K Heap: 3128.7M(6278.0M)->2752.2M(6278.0M)]
 [Times: user=0.41 sys=0.02, real=0.15 secs] 
2021-03-08T16:51:31.675+0800: 22056.379: Total time for which application threads were stopped: 0.1658915 seconds, Stopping threads took: 0.0142385 seconds
2021-03-08T16:51:31.676+0800: 22056.380: [GC concurrent-string-deduplication, 161.1K->3488.0B(157.7K), avg 63.3%, 0.0014114 secs]
   [Last Exec: 0.0014114 secs, Idle: 3.0062388 secs, Blocked: 0/0.0000000 secs]
      [Inspected:            4096]
         [Skipped:              0(  0.0%)]
         [Hashed:            4089( 99.8%)]
         [Known:                0(  0.0%)]
         [New:               4096(100.0%)    161.1K]
      [Deduplicated:         4073( 99.4%)    157.7K( 97.9%)]
         [Young:                0(  0.0%)      0.0B(  0.0%)]
         [Old:               4073(100.0%)    157.7K(100.0%)]
   [Total Exec: 2675/1.7167606 secs, Idle: 2675/22048.5358616 secs, Blocked: 34/5.5958972 secs]
      [Inspected:         2679408]
         [Skipped:              0(  0.0%)]
         [Hashed:         2082557( 77.7%)]
         [Known:            34944(  1.3%)]
         [New:            2644464( 98.7%)    145.1M]
      [Deduplicated:      2037483( 77.0%)     91.9M( 63.3%)]
         [Young:           852354( 41.8%)     40.5M( 44.1%)]
         [Old:            1185129( 58.2%)     51.4M( 55.9%)]
   [Table]
      [Memory Usage: 2448.1K]
      [Size: 65536, Min: 1024, Max: 16777216]
      [Entries: 82606, Load: 126.0%, Cached: 0, Added: 641432, Removed: 558826]
      [Resize Count: 6, Shrink Threshold: 43690(66.7%), Grow Threshold: 131072(200.0%)]
      [Rehash Count: 0, Rehash Threshold: 120, Hash Seed: 0x0]
      [Age Threshold: 3]
   [Queue]
      [Dropped: 0]
[GC concurrent-string-deduplication, deleted 0 entries, 0.0000007 secs]
2021-03-08T16:51:33.686+0800: 22058.390: [GC pause (G1 Evacuation Pause) (young), 0.0518408 secs]
   [Parallel Time: 40.2 ms, GC Workers: 4]
      [GC Worker Start (ms): Min: 22058391.0, Avg: 22058399.4, Max: 22058403.2, Diff: 12.2]
      [Ext Root Scanning (ms): Min: 1.2, Avg: 4.8, Max: 12.9, Diff: 11.6, Sum: 19.0]
      [Update RS (ms): Min: 17.2, Avg: 18.1, Max: 19.9, Diff: 2.8, Sum: 72.2]
         [Processed Buffers: Min: 62, Avg: 75.2, Max: 85, Diff: 23, Sum: 301]
      [Scan RS (ms): Min: 0.0, Avg: 0.2, Max: 0.3, Diff: 0.3, Sum: 0.7]
      [Code Root Scanning (ms): Min: 0.0, Avg: 0.0, Max: 0.0, Diff: 0.0, Sum: 0.0]
      [Object Copy (ms): Min: 6.8, Avg: 8.5, Max: 9.3, Diff: 2.5, Sum: 33.9]
      [Termination (ms): Min: 0.0, Avg: 0.1, Max: 0.3, Diff: 0.3, Sum: 0.5]
         [Termination Attempts: Min: 5, Avg: 19.0, Max: 31, Diff: 26, Sum: 76]
      [GC Worker Other (ms): Min: 0.0, Avg: 0.0, Max: 0.1, Diff: 0.0, Sum: 0.2]
      [GC Worker Total (ms): Min: 27.8, Avg: 31.6, Max: 40.0, Diff: 12.2, Sum: 126.6]
      [GC Worker End (ms): Min: 22058431.0, Avg: 22058431.0, Max: 22058431.1, Diff: 0.0]
   [Code Root Fixup: 0.0 ms]
   [Code Root Purge: 0.0 ms]
   [String Dedup Fixup: 2.4 ms, GC Workers: 4]
      [Queue Fixup (ms): Min: 0.0, Avg: 0.0, Max: 0.0, Diff: 0.0, Sum: 0.0]
      [Table Fixup (ms): Min: 1.8, Avg: 2.1, Max: 2.2, Diff: 0.5, Sum: 8.4]
   [Clear CT: 0.2 ms]
   [Other: 9.0 ms]
      [Choose CSet: 0.0 ms]
      [Ref Proc: 0.6 ms]
      [Ref Enq: 0.0 ms]
      [Redirty Cards: 5.2 ms]
      [Humongous Register: 0.3 ms]
      [Humongous Reclaim: 0.2 ms]
      [Free CSet: 1.4 ms]
   [Eden: 950.0M(950.0M)->0.0B(1562.0M) Survivors: 2048.0K->10.0M Heap: 3720.8M(6278.0M)->2759.8M(6278.0M)]
 [Times: user=0.10 sys=0.01, real=0.05 secs] 
2021-03-08T16:51:33.739+0800: 22058.443: Total time for which application threads were stopped: 0.0687494 seconds, Stopping threads took: 0.0122661 seconds
2021-03-08T16:51:34.024+0800: 22058.728: Total time for which application threads were stopped: 0.0042302 seconds, Stopping threads took: 0.0003848 seconds
2021-03-08T16:51:34.401+0800: 22059.105: Total time for which application threads were stopped: 0.0041842 seconds, Stopping threads took: 0.0004339 seconds
2021-03-08T16:51:34.404+0800: 22059.109: Total time for which application threads were stopped: 0.0037213 seconds, Stopping threads took: 0.0001241 seconds
2021-03-08T16:51:34.408+0800: 22059.112: Total time for which application threads were stopped: 0.0036518 seconds, Stopping threads took: 0.0002038 seconds
2021-03-08T16:51:38.374+0800: 22063.078: [GC pause (G1 Humongous Allocation) (young) (initial-mark), 0.0669351 secs]
   [Parallel Time: 53.9 ms, GC Workers: 4]
      [GC Worker Start (ms): Min: 22063079.0, Avg: 22063080.5, Max: 22063082.0, Diff: 3.0]
      [Ext Root Scanning (ms): Min: 9.6, Avg: 17.0, Max: 33.4, Diff: 23.8, Sum: 68.0]
      [Update RS (ms): Min: 0.0, Avg: 9.6, Max: 16.6, Diff: 16.6, Sum: 38.6]
         [Processed Buffers: Min: 0, Avg: 84.5, Max: 173, Diff: 173, Sum: 338]
      [Scan RS (ms): Min: 0.0, Avg: 0.3, Max: 0.4, Diff: 0.4, Sum: 1.1]
      [Code Root Scanning (ms): Min: 0.0, Avg: 0.0, Max: 0.0, Diff: 0.0, Sum: 0.0]
      [Object Copy (ms): Min: 17.1, Avg: 25.1, Max: 28.1, Diff: 11.1, Sum: 100.5]
      [Termination (ms): Min: 0.0, Avg: 0.2, Max: 0.3, Diff: 0.3, Sum: 0.8]
         [Termination Attempts: Min: 1, Avg: 16.0, Max: 35, Diff: 34, Sum: 64]
      [GC Worker Other (ms): Min: 0.0, Avg: 0.0, Max: 0.0, Diff: 0.0, Sum: 0.1]
      [GC Worker Total (ms): Min: 50.8, Avg: 52.3, Max: 53.8, Diff: 3.0, Sum: 209.0]
      [GC Worker End (ms): Min: 22063132.8, Avg: 22063132.8, Max: 22063132.8, Diff: 0.0]
   [Code Root Fixup: 0.0 ms]
   [Code Root Purge: 0.0 ms]
   [String Dedup Fixup: 3.7 ms, GC Workers: 4]
      [Queue Fixup (ms): Min: 0.0, Avg: 0.0, Max: 0.0, Diff: 0.0, Sum: 0.0]
      [Table Fixup (ms): Min: 0.0, Avg: 1.8, Max: 3.7, Diff: 3.7, Sum: 7.3]
   [Clear CT: 0.5 ms]
   [Other: 8.7 ms]
      [Choose CSet: 0.0 ms]
      [Ref Proc: 4.3 ms]
      [Ref Enq: 0.0 ms]
      [Redirty Cards: 0.0 ms]
      [Humongous Register: 0.1 ms]
      [Humongous Reclaim: 0.2 ms]
      [Free CSet: 1.9 ms]
   [Eden: 1556.0M(1562.0M)->0.0B(2612.0M) Survivors: 10.0M->14.0M Heap: 4351.1M(6278.0M)->2768.3M(6278.0M)]
 [Times: user=0.12 sys=0.00, real=0.07 secs] 
2021-03-08T16:51:38.441+0800: 22063.145: Total time for which application threads were stopped: 0.0717872 seconds, Stopping threads took: 0.0003630 seconds
2021-03-08T16:51:38.441+0800: 22063.146: [GC concurrent-string-deduplication, 3072.0B->224.0B(2848.0B), avg 63.3%, 0.0000606 secs]
   [Last Exec: 0.0000606 secs, Idle: 6.7649502 secs, Blocked: 0/0.0000000 secs]
      [Inspected:              31]
         [Skipped:              0(  0.0%)]
         [Hashed:              30( 96.8%)]
         [Known:                0(  0.0%)]
         [New:                 31(100.0%)   3072.0B]
      [Deduplicated:           29( 93.5%)   2848.0B( 92.7%)]
         [Young:               29(100.0%)   2848.0B(100.0%)]
         [Old:                  0(  0.0%)      0.0B(  0.0%)]
   [Total Exec: 2676/1.7168212 secs, Idle: 2676/22055.3008118 secs, Blocked: 34/5.5958972 secs]
2021-03-08T16:51:38.441+0800: 22063.146: [GC concurrent-root-region-scan-start]
      [Inspected:         2679439]
         [Skipped:              0(  0.0%)]
         [Hashed:         2082587( 77.7%)]
         [Known:            34944(  1.3%)]
         [New:            2644495( 98.7%)    145.1M]
      [Deduplicated:      2037512( 77.0%)     91.9M( 63.3%)]
         [Young:           852383( 41.8%)     40.5M( 44.1%)]
         [Old:            1185129( 58.2%)     51.4M( 55.9%)]
   [Table]
      [Memory Usage: 2448.1K]
      [Size: 65536, Min: 1024, Max: 16777216]
      [Entries: 82608, Load: 126.0%, Cached: 0, Added: 641434, Removed: 558826]
      [Resize Count: 6, Shrink Threshold: 43690(66.7%), Grow Threshold: 131072(200.0%)]
      [Rehash Count: 0, Rehash Threshold: 120, Hash Seed: 0x0]
      [Age Threshold: 3]
   [Queue]
      [Dropped: 0]
[GC concurrent-string-deduplication, deleted 0 entries, 0.0000009 secs]
2021-03-08T16:51:38.478+0800: 22063.182: [GC concurrent-root-region-scan-end, 0.0365626 secs]
2021-03-08T16:51:38.478+0800: 22063.182: [GC concurrent-mark-start]
2021-03-08T16:51:41.676+0800: 22066.380: [GC concurrent-mark-end, 3.1977824 secs]
2021-03-08T16:51:41.682+0800: 22066.387: [GC remark 2021-03-08T16:51:41.682+0800: 22066.387: [Finalize Marking, 0.0059868 secs] 2021-03-08T16:51:41.688+0800: 22066.393: [GC ref-proc, 0.0080981 secs] 2021-03-08T16:51:41.697+0800: 22066.401: [Unloading, 0.0556206 secs], 0.0746562 secs]
 [Times: user=0.12 sys=0.03, real=0.08 secs] 
2021-03-08T16:51:41.758+0800: 22066.462: Total time for which application threads were stopped: 0.0818526 seconds, Stopping threads took: 0.0004701 seconds
2021-03-08T16:51:41.763+0800: 22066.467: [GC cleanup 3989M->2484M(6278M), 0.0133981 secs]
 [Times: user=0.03 sys=0.01, real=0.02 secs] 
2021-03-08T16:51:41.777+0800: 22066.481: Total time for which application threads were stopped: 0.0178299 seconds, Stopping threads took: 0.0002418 seconds
2021-03-08T16:51:41.777+0800: 22066.481: [GC concurrent-cleanup-start]
2021-03-08T16:51:41.781+0800: 22066.485: [GC concurrent-cleanup-end, 0.0041631 secs]
2021-03-08T16:51:45.220+0800: 22069.924: [GC pause (G1 Evacuation Pause) (young), 0.0591601 secs]
   [Parallel Time: 47.9 ms, GC Workers: 4]
      [GC Worker Start (ms): Min: 22069926.5, Avg: 22069927.9, Max: 22069928.7, Diff: 2.2]
      [Ext Root Scanning (ms): Min: 6.5, Avg: 7.2, Max: 8.4, Diff: 1.9, Sum: 28.8]
      [Update RS (ms): Min: 7.3, Avg: 7.7, Max: 7.9, Diff: 0.7, Sum: 30.9]
         [Processed Buffers: Min: 50, Avg: 69.2, Max: 84, Diff: 34, Sum: 277]
      [Scan RS (ms): Min: 0.5, Avg: 0.5, Max: 0.6, Diff: 0.1, Sum: 2.2]
      [Code Root Scanning (ms): Min: 0.0, Avg: 0.0, Max: 0.0, Diff: 0.0, Sum: 0.1]
      [Object Copy (ms): Min: 30.7, Avg: 30.8, Max: 31.0, Diff: 0.4, Sum: 123.2]
      [Termination (ms): Min: 0.0, Avg: 0.0, Max: 0.0, Diff: 0.0, Sum: 0.1]
         [Termination Attempts: Min: 19, Avg: 25.0, Max: 30, Diff: 11, Sum: 100]
      [GC Worker Other (ms): Min: 0.1, Avg: 0.1, Max: 0.1, Diff: 0.0, Sum: 0.3]
      [GC Worker Total (ms): Min: 45.6, Avg: 46.4, Max: 47.8, Diff: 2.2, Sum: 185.6]
      [GC Worker End (ms): Min: 22069974.3, Avg: 22069974.3, Max: 22069974.4, Diff: 0.0]
   [Code Root Fixup: 0.0 ms]
   [Code Root Purge: 0.0 ms]
   [String Dedup Fixup: 3.0 ms, GC Workers: 4]
      [Queue Fixup (ms): Min: 0.0, Avg: 0.0, Max: 0.0, Diff: 0.0, Sum: 0.0]
      [Table Fixup (ms): Min: 2.8, Avg: 2.9, Max: 2.9, Diff: 0.1, Sum: 11.5]
   [Clear CT: 0.6 ms]
   [Other: 7.6 ms]
      [Choose CSet: 0.0 ms]
      [Ref Proc: 0.4 ms]
      [Ref Enq: 0.0 ms]
      [Redirty Cards: 0.0 ms]
      [Humongous Register: 2.0 ms]
      [Humongous Reclaim: 0.2 ms]
      [Free CSet: 3.8 ms]
   [Eden: 2612.0M(2612.0M)->0.0B(284.0M) Survivors: 14.0M->28.0M Heap: 3901.4M(6278.0M)->1272.8M(6278.0M)]
 [Times: user=0.17 sys=0.03, real=0.06 secs] 
2021-03-08T16:51:45.280+0800: 22069.984: Total time for which application threads were stopped: 0.0682491 seconds, Stopping threads took: 0.0021923 seconds
2021-03-08T16:51:45.280+0800: 22069.984: [GC concurrent-string-deduplication, 13.2K->6688.0B(6824.0B), avg 63.3%, 0.0001368 secs]
   [Last Exec: 0.0001368 secs, Idle: 6.8383477 secs, Blocked: 0/0.0000000 secs]
      [Inspected:             240]
         [Skipped:              0(  0.0%)]
         [Hashed:             164( 68.3%)]
         [Known:                0(  0.0%)]
         [New:                240(100.0%)     13.2K]
      [Deduplicated:          164( 68.3%)   6824.0B( 50.5%)]
         [Young:              164(100.0%)   6824.0B(100.0%)]
         [Old:                  0(  0.0%)      0.0B(  0.0%)]
   [Total Exec: 2677/1.7169580 secs, Idle: 2677/22062.1391594 secs, Blocked: 34/5.5958972 secs]
      [Inspected:         2679679]
         [Skipped:              0(  0.0%)]
         [Hashed:         2082751( 77.7%)]
         [Known:            34944(  1.3%)]
         [New:            2644735( 98.7%)    145.1M]
      [Deduplicated:      2037676( 77.0%)     91.9M( 63.3%)]
         [Young:           852547( 41.8%)     40.5M( 44.1%)]
         [Old:            1185129( 58.2%)     51.4M( 55.9%)]
   [Table]
      [Memory Usage: 2285.9K]
      [Size: 65536, Min: 1024, Max: 16777216]
      [Entries: 70848, Load: 108.1%, Cached: 4838, Added: 641510, Removed: 570662]
      [Resize Count: 6, Shrink Threshold: 43690(66.7%), Grow Threshold: 131072(200.0%)]
      [Rehash Count: 0, Rehash Threshold: 120, Hash Seed: 0x0]
      [Age Threshold: 3]
   [Queue]
      [Dropped: 0]
[GC concurrent-string-deduplication, deleted 6922 entries, 0.0007597 secs]
2021-03-08T16:51:45.789+0800: 22070.493: [GC pause (G1 Evacuation Pause) (mixed), 0.1452735 secs]
   [Parallel Time: 139.1 ms, GC Workers: 4]
      [GC Worker Start (ms): Min: 22070494.0, Avg: 22070503.4, Max: 22070517.2, Diff: 23.2]
      [Ext Root Scanning (ms): Min: 0.1, Avg: 3.2, Max: 6.4, Diff: 6.3, Sum: 12.8]
      [Update RS (ms): Min: 0.0, Avg: 0.6, Max: 1.3, Diff: 1.3, Sum: 2.5]
         [Processed Buffers: Min: 0, Avg: 15.2, Max: 40, Diff: 40, Sum: 61]
      [Scan RS (ms): Min: 6.0, Avg: 17.7, Max: 24.2, Diff: 18.3, Sum: 70.9]
      [Code Root Scanning (ms): Min: 0.0, Avg: 0.0, Max: 0.0, Diff: 0.0, Sum: 0.1]
      [Object Copy (ms): Min: 105.0, Avg: 108.0, Max: 110.0, Diff: 5.0, Sum: 431.9]
      [Termination (ms): Min: 0.0, Avg: 0.1, Max: 0.2, Diff: 0.1, Sum: 0.4]
         [Termination Attempts: Min: 62, Avg: 91.2, Max: 133, Diff: 71, Sum: 365]
      [GC Worker Other (ms): Min: 0.0, Avg: 0.0, Max: 0.0, Diff: 0.0, Sum: 0.1]
      [GC Worker Total (ms): Min: 115.8, Avg: 129.7, Max: 139.0, Diff: 23.2, Sum: 518.6]
      [GC Worker End (ms): Min: 22070633.0, Avg: 22070633.0, Max: 22070633.1, Diff: 0.0]
   [Code Root Fixup: 0.0 ms]
   [Code Root Purge: 0.0 ms]
   [String Dedup Fixup: 1.7 ms, GC Workers: 4]
      [Queue Fixup (ms): Min: 0.0, Avg: 0.0, Max: 0.0, Diff: 0.0, Sum: 0.0]
      [Table Fixup (ms): Min: 1.6, Avg: 1.6, Max: 1.6, Diff: 0.0, Sum: 6.5]
   [Clear CT: 0.5 ms]
   [Other: 4.0 ms]
      [Choose CSet: 0.4 ms]
      [Ref Proc: 0.1 ms]
      [Ref Enq: 0.0 ms]
      [Redirty Cards: 0.3 ms]
      [Humongous Register: 0.2 ms]
      [Humongous Reclaim: 0.1 ms]
      [Free CSet: 1.5 ms]
   [Eden: 284.0M(284.0M)->0.0B(292.0M) Survivors: 28.0M->20.0M Heap: 1557.8M(6278.0M)->1058.6M(6278.0M)]
 [Times: user=0.42 sys=0.05, real=0.15 secs] 
2021-03-08T16:51:45.935+0800: 22070.639: Total time for which application threads were stopped: 0.1498402 seconds, Stopping threads took: 0.0003926 seconds
2021-03-08T16:51:45.935+0800: 22070.639: [GC concurrent-string-deduplication, 36.3K->22.3K(14.0K), avg 63.3%, 0.0003143 secs]
   [Last Exec: 0.0003143 secs, Idle: 0.6540767 secs, Blocked: 0/0.0000000 secs]
      [Inspected:             622]
         [Skipped:              0(  0.0%)]
         [Hashed:             363( 58.4%)]
         [Known:                0(  0.0%)]
         [New:                622(100.0%)     36.3K]
      [Deduplicated:          362( 58.2%)     14.0K( 38.5%)]
         [Young:                0(  0.0%)      0.0B(  0.0%)]
         [Old:                362(100.0%)     14.0K(100.0%)]
   [Total Exec: 2678/1.7172723 secs, Idle: 2678/22062.7932362 secs, Blocked: 34/5.5958972 secs]
      [Inspected:         2680301]
         [Skipped:              0(  0.0%)]
         [Hashed:         2083114( 77.7%)]
         [Known:            34944(  1.3%)]
         [New:            2645357( 98.7%)    145.2M]
      [Deduplicated:      2038038( 77.0%)     92.0M( 63.3%)]
         [Young:           852547( 41.8%)     40.5M( 44.1%)]
         [Old:            1185491( 58.2%)     51.4M( 55.9%)]
   [Table]
      [Memory Usage: 2284.4K]
      [Size: 65536, Min: 1024, Max: 16777216]
      [Entries: 70970, Load: 108.3%, Cached: 4652, Added: 641770, Removed: 570800]
      [Resize Count: 6, Shrink Threshold: 43690(66.7%), Grow Threshold: 131072(200.0%)]
      [Rehash Count: 0, Rehash Threshold: 120, Hash Seed: 0x0]
      [Age Threshold: 3]
   [Queue]
      [Dropped: 0]
[GC concurrent-string-deduplication, deleted 64 entries, 0.0000109 secs]
2021-03-08T16:51:48.492+0800: 22073.196: [GC pause (G1 Evacuation Pause) (young), 0.0803159 secs]
   [Parallel Time: 75.6 ms, GC Workers: 4]
      [GC Worker Start (ms): Min: 22073196.5, Avg: 22073196.5, Max: 22073196.6, Diff: 0.1]
      [Ext Root Scanning (ms): Min: 3.6, Avg: 3.8, Max: 4.0, Diff: 0.5, Sum: 15.2]
      [Update RS (ms): Min: 51.9, Avg: 52.2, Max: 52.4, Diff: 0.5, Sum: 208.8]
         [Processed Buffers: Min: 95, Avg: 119.8, Max: 146, Diff: 51, Sum: 479]
      [Scan RS (ms): Min: 0.0, Avg: 0.1, Max: 0.1, Diff: 0.1, Sum: 0.3]
      [Code Root Scanning (ms): Min: 0.0, Avg: 0.0, Max: 0.0, Diff: 0.0, Sum: 0.0]
      [Object Copy (ms): Min: 19.2, Avg: 19.4, Max: 19.5, Diff: 0.3, Sum: 77.6]
      [Termination (ms): Min: 0.0, Avg: 0.0, Max: 0.0, Diff: 0.0, Sum: 0.1]
         [Termination Attempts: Min: 22, Avg: 31.2, Max: 37, Diff: 15, Sum: 125]
      [GC Worker Other (ms): Min: 0.0, Avg: 0.0, Max: 0.0, Diff: 0.0, Sum: 0.1]
      [GC Worker Total (ms): Min: 75.4, Avg: 75.5, Max: 75.6, Diff: 0.1, Sum: 302.1]
      [GC Worker End (ms): Min: 22073272.0, Avg: 22073272.0, Max: 22073272.0, Diff: 0.0]
   [Code Root Fixup: 0.0 ms]
   [Code Root Purge: 0.0 ms]
   [String Dedup Fixup: 2.1 ms, GC Workers: 4]
      [Queue Fixup (ms): Min: 0.0, Avg: 0.0, Max: 0.0, Diff: 0.0, Sum: 0.0]
      [Table Fixup (ms): Min: 1.9, Avg: 1.9, Max: 2.0, Diff: 0.1, Sum: 7.7]
   [Clear CT: 0.1 ms]
   [Other: 2.5 ms]
      [Choose CSet: 0.0 ms]
      [Ref Proc: 0.1 ms]
      [Ref Enq: 0.0 ms]
      [Redirty Cards: 0.1 ms]
      [Humongous Register: 0.2 ms]
      [Humongous Reclaim: 0.1 ms]
      [Free CSet: 0.5 ms]
   [Eden: 292.0M(292.0M)->0.0B(296.0M) Survivors: 20.0M->16.0M Heap: 1351.6M(6278.0M)->1055.8M(6278.0M)]
 [Times: user=0.25 sys=0.04, real=0.08 secs] 
2021-03-08T16:51:48.573+0800: 22073.277: Total time for which application threads were stopped: 0.0862054 seconds, Stopping threads took: 0.0003287 seconds
2021-03-08T16:51:48.573+0800: 22073.278: [GC concurrent-string-deduplication, 55.9K->28.0K(27.9K), avg 63.3%, 0.0004564 secs]
   [Last Exec: 0.0004564 secs, Idle: 2.6378539 secs, Blocked: 0/0.0000000 secs]
      [Inspected:            1050]
         [Skipped:              0(  0.0%)]
         [Hashed:             723( 68.9%)]
         [Known:                0(  0.0%)]
         [New:               1050(100.0%)     55.9K]
      [Deduplicated:          724( 69.0%)     27.9K( 49.9%)]
         [Young:              724(100.0%)     27.9K(100.0%)]
         [Old:                  0(  0.0%)      0.0B(  0.0%)]
   [Total Exec: 2679/1.7177287 secs, Idle: 2679/22065.4310901 secs, Blocked: 34/5.5958972 secs]
      [Inspected:         2681351]
         [Skipped:              0(  0.0%)]
         [Hashed:         2083837( 77.7%)]
         [Known:            34944(  1.3%)]
         [New:            2646407( 98.7%)    145.2M]
      [Deduplicated:      2038762( 77.0%)     92.0M( 63.3%)]
         [Young:           853271( 41.9%)     40.5M( 44.1%)]
         [Old:            1185491( 58.1%)     51.4M( 55.9%)]
   [Table]
      [Memory Usage: 2284.4K]
      [Size: 65536, Min: 1024, Max: 16777216]
      [Entries: 71296, Load: 108.8%, Cached: 4326, Added: 642096, Removed: 570800]
      [Resize Count: 6, Shrink Threshold: 43690(66.7%), Grow Threshold: 131072(200.0%)]
      [Rehash Count: 0, Rehash Threshold: 120, Hash Seed: 0x0]
      [Age Threshold: 3]
   [Queue]
      [Dropped: 0]
[GC concurrent-string-deduplication, deleted 0 entries, 0.0000009 secs]
2021-03-08T16:51:49.707+0800: 22074.411: [GC pause (G1 Evacuation Pause) (young), 0.0695652 secs]
   [Parallel Time: 37.8 ms, GC Workers: 4]
      [GC Worker Start (ms): Min: 22074411.5, Avg: 22074412.2, Max: 22074413.4, Diff: 1.9]
      [Ext Root Scanning (ms): Min: 5.8, Avg: 8.5, Max: 14.0, Diff: 8.2, Sum: 33.8]
      [Update RS (ms): Min: 0.0, Avg: 2.7, Max: 3.8, Diff: 3.8, Sum: 10.7]
         [Processed Buffers: Min: 0, Avg: 29.8, Max: 67, Diff: 67, Sum: 119]
      [Scan RS (ms): Min: 0.0, Avg: 0.1, Max: 0.1, Diff: 0.1, Sum: 0.2]
      [Code Root Scanning (ms): Min: 0.0, Avg: 0.0, Max: 0.0, Diff: 0.0, Sum: 0.0]
      [Object Copy (ms): Min: 12.6, Avg: 16.7, Max: 18.3, Diff: 5.7, Sum: 66.6]
      [Termination (ms): Min: 0.0, Avg: 0.0, Max: 0.0, Diff: 0.0, Sum: 0.0]
         [Termination Attempts: Min: 3, Avg: 3.8, Max: 5, Diff: 2, Sum: 15]
      [GC Worker Other (ms): Min: 0.0, Avg: 0.3, Max: 1.0, Diff: 0.9, Sum: 1.0]
      [GC Worker Total (ms): Min: 27.6, Avg: 28.1, Max: 28.5, Diff: 0.9, Sum: 112.3]
      [GC Worker End (ms): Min: 22074440.0, Avg: 22074440.2, Max: 22074440.9, Diff: 0.9]
   [Code Root Fixup: 0.0 ms]
   [Code Root Purge: 0.0 ms]
   [String Dedup Fixup: 10.6 ms, GC Workers: 4]
      [Queue Fixup (ms): Min: 0.0, Avg: 0.0, Max: 0.0, Diff: 0.0, Sum: 0.0]
      [Table Fixup (ms): Min: 0.8, Avg: 2.9, Max: 7.4, Diff: 6.6, Sum: 11.6]
   [Clear CT: 9.0 ms]
   [Other: 12.1 ms]
      [Choose CSet: 0.0 ms]
      [Ref Proc: 6.4 ms]
      [Ref Enq: 0.0 ms]
      [Redirty Cards: 3.3 ms]
      [Humongous Register: 0.3 ms]
      [Humongous Reclaim: 0.1 ms]
      [Free CSet: 0.6 ms]
   [Eden: 296.0M(296.0M)->0.0B(296.0M) Survivors: 16.0M->16.0M Heap: 1361.1M(6278.0M)->1057.1M(6278.0M)]
 [Times: user=0.09 sys=0.01, real=0.07 secs] 
2021-03-08T16:51:49.777+0800: 22074.481: Total time for which application threads were stopped: 0.0751484 seconds, Stopping threads took: 0.0015334 seconds
2021-03-08T16:51:49.777+0800: 22074.481: [GC concurrent-string-deduplication, 1200.0B->704.0B(496.0B), avg 63.3%, 0.0000217 secs]
   [Last Exec: 0.0000217 secs, Idle: 1.2032548 secs, Blocked: 0/0.0000000 secs]
      [Inspected:              20]
         [Skipped:              0(  0.0%)]
         [Hashed:              12( 60.0%)]
         [Known:                0(  0.0%)]
         [New:                 20(100.0%)   1200.0B]
      [Deduplicated:           12( 60.0%)    496.0B( 41.3%)]
         [Young:               12(100.0%)    496.0B(100.0%)]
         [Old:                  0(  0.0%)      0.0B(  0.0%)]
   [Total Exec: 2680/1.7177505 secs, Idle: 2680/22066.6343449 secs, Blocked: 34/5.5958972 secs]
      [Inspected:         2681371]
         [Skipped:              0(  0.0%)]
         [Hashed:         2083849( 77.7%)]
         [Known:            34944(  1.3%)]
         [New:            2646427( 98.7%)    145.2M]
      [Deduplicated:      2038774( 77.0%)     92.0M( 63.3%)]
         [Young:           853283( 41.9%)     40.5M( 44.1%)]
         [Old:            1185491( 58.1%)     51.4M( 55.9%)]
   [Table]
      [Memory Usage: 2284.4K]
      [Size: 65536, Min: 1024, Max: 16777216]
      [Entries: 71304, Load: 108.8%, Cached: 4318, Added: 642104, Removed: 570800]
      [Resize Count: 6, Shrink Threshold: 43690(66.7%), Grow Threshold: 131072(200.0%)]
      [Rehash Count: 0, Rehash Threshold: 120, Hash Seed: 0x0]
      [Age Threshold: 3]
   [Queue]
      [Dropped: 0]
[GC concurrent-string-deduplication, deleted 0 entries, 0.0000013 secs]
2021-03-08T16:51:51.052+0800: 22075.756: [GC pause (G1 Evacuation Pause) (young), 0.0507938 secs]
   [Parallel Time: 32.1 ms, GC Workers: 4]
      [GC Worker Start (ms): Min: 22075770.4, Avg: 22075775.7, Max: 22075779.3, Diff: 8.9]
      [Ext Root Scanning (ms): Min: 6.3, Avg: 10.3, Max: 16.3, Diff: 10.0, Sum: 41.2]
      [Update RS (ms): Min: 0.0, Avg: 0.9, Max: 2.3, Diff: 2.3, Sum: 3.5]
         [Processed Buffers: Min: 0, Avg: 12.0, Max: 44, Diff: 44, Sum: 48]
      [Scan RS (ms): Min: 0.0, Avg: 0.1, Max: 0.2, Diff: 0.2, Sum: 0.3]
      [Code Root Scanning (ms): Min: 0.0, Avg: 0.0, Max: 0.0, Diff: 0.0, Sum: 0.0]
      [Object Copy (ms): Min: 15.1, Avg: 15.4, Max: 15.7, Diff: 0.5, Sum: 61.7]
      [Termination (ms): Min: 0.0, Avg: 0.0, Max: 0.0, Diff: 0.0, Sum: 0.0]
         [Termination Attempts: Min: 10, Avg: 20.2, Max: 37, Diff: 27, Sum: 81]
      [GC Worker Other (ms): Min: 0.0, Avg: 0.0, Max: 0.0, Diff: 0.0, Sum: 0.1]
      [GC Worker Total (ms): Min: 23.2, Avg: 26.7, Max: 32.0, Diff: 8.8, Sum: 106.9]
      [GC Worker End (ms): Min: 22075802.4, Avg: 22075802.5, Max: 22075802.5, Diff: 0.0]
   [Code Root Fixup: 0.0 ms]
   [Code Root Purge: 0.0 ms]
   [String Dedup Fixup: 2.6 ms, GC Workers: 4]
      [Queue Fixup (ms): Min: 0.0, Avg: 0.0, Max: 0.0, Diff: 0.0, Sum: 0.0]
      [Table Fixup (ms): Min: 2.5, Avg: 2.5, Max: 2.6, Diff: 0.1, Sum: 10.0]
   [Clear CT: 0.1 ms]
   [Other: 16.0 ms]
      [Choose CSet: 0.0 ms]
      [Ref Proc: 0.1 ms]
      [Ref Enq: 0.0 ms]
      [Redirty Cards: 0.0 ms]
      [Humongous Register: 3.4 ms]
      [Humongous Reclaim: 0.1 ms]
      [Free CSet: 0.8 ms]
   [Eden: 296.0M(296.0M)->0.0B(296.0M) Survivors: 16.0M->16.0M Heap: 1353.1M(6278.0M)->1056.7M(6278.0M)]
 [Times: user=0.09 sys=0.01, real=0.05 secs] 
2021-03-08T16:51:51.104+0800: 22075.808: Total time for which application threads were stopped: 0.0588618 seconds, Stopping threads took: 0.0020636 seconds
2021-03-08T16:51:51.104+0800: 22075.808: [GC concurrent-string-deduplication, 3504.0B->1848.0B(1656.0B), avg 63.3%, 0.0000361 secs]
   [Last Exec: 0.0000361 secs, Idle: 1.3268961 secs, Blocked: 0/0.0000000 secs]
      [Inspected:              61]
         [Skipped:              0(  0.0%)]
         [Hashed:              40( 65.6%)]
         [Known:                0(  0.0%)]
         [New:                 61(100.0%)   3504.0B]
      [Deduplicated:           40( 65.6%)   1656.0B( 47.3%)]
         [Young:               40(100.0%)   1656.0B(100.0%)]
         [Old:                  0(  0.0%)      0.0B(  0.0%)]
   [Total Exec: 2681/1.7177865 secs, Idle: 2681/22067.9612410 secs, Blocked: 34/5.5958972 secs]
      [Inspected:         2681432]
         [Skipped:              0(  0.0%)]
         [Hashed:         2083889( 77.7%)]
         [Known:            34944(  1.3%)]
         [New:            2646488( 98.7%)    145.2M]
      [Deduplicated:      2038814( 77.0%)     92.0M( 63.3%)]
         [Young:           853323( 41.9%)     40.5M( 44.1%)]
         [Old:            1185491( 58.1%)     51.4M( 55.9%)]
   [Table]
      [Memory Usage: 2284.4K]
      [Size: 65536, Min: 1024, Max: 16777216]
      [Entries: 71325, Load: 108.8%, Cached: 4297, Added: 642125, Removed: 570800]
      [Resize Count: 6, Shrink Threshold: 43690(66.7%), Grow Threshold: 131072(200.0%)]
      [Rehash Count: 0, Rehash Threshold: 120, Hash Seed: 0x0]
      [Age Threshold: 3]
   [Queue]
      [Dropped: 0]
[GC concurrent-string-deduplication, deleted 0 entries, 0.0000009 secs]
2021-03-08T16:51:51.918+0800: 22076.622: [GC pause (G1 Evacuation Pause) (young), 0.0440617 secs]
   [Parallel Time: 39.4 ms, GC Workers: 4]
      [GC Worker Start (ms): Min: 22076622.9, Avg: 22076630.7, Max: 22076637.3, Diff: 14.4]
      [Ext Root Scanning (ms): Min: 0.1, Avg: 9.3, Max: 25.3, Diff: 25.2, Sum: 37.3]
      [Update RS (ms): Min: 0.0, Avg: 3.3, Max: 7.9, Diff: 7.9, Sum: 13.2]
         [Processed Buffers: Min: 0, Avg: 23.0, Max: 48, Diff: 48, Sum: 92]
      [Scan RS (ms): Min: 0.0, Avg: 0.1, Max: 0.1, Diff: 0.1, Sum: 0.2]
      [Code Root Scanning (ms): Min: 0.0, Avg: 0.0, Max: 0.0, Diff: 0.0, Sum: 0.0]
      [Object Copy (ms): Min: 14.0, Avg: 18.8, Max: 21.6, Diff: 7.6, Sum: 75.2]
      [Termination (ms): Min: 0.0, Avg: 0.0, Max: 0.0, Diff: 0.0, Sum: 0.0]
         [Termination Attempts: Min: 4, Avg: 8.0, Max: 11, Diff: 7, Sum: 32]
      [GC Worker Other (ms): Min: 0.0, Avg: 0.0, Max: 0.1, Diff: 0.0, Sum: 0.2]
      [GC Worker Total (ms): Min: 25.0, Avg: 31.5, Max: 39.3, Diff: 14.3, Sum: 126.0]
      [GC Worker End (ms): Min: 22076662.2, Avg: 22076662.2, Max: 22076662.3, Diff: 0.0]
   [Code Root Fixup: 0.0 ms]
   [Code Root Purge: 0.0 ms]
   [String Dedup Fixup: 2.1 ms, GC Workers: 4]
      [Queue Fixup (ms): Min: 0.0, Avg: 0.0, Max: 0.0, Diff: 0.0, Sum: 0.0]
      [Table Fixup (ms): Min: 1.9, Avg: 2.0, Max: 2.0, Diff: 0.1, Sum: 7.9]
   [Clear CT: 0.1 ms]
   [Other: 2.5 ms]
      [Choose CSet: 0.0 ms]
      [Ref Proc: 0.1 ms]
      [Ref Enq: 0.0 ms]
      [Redirty Cards: 0.1 ms]
      [Humongous Register: 0.2 ms]
      [Humongous Reclaim: 0.1 ms]
      [Free CSet: 0.6 ms]
   [Eden: 296.0M(296.0M)->0.0B(342.0M) Survivors: 16.0M->22.0M Heap: 1359.3M(6278.0M)->1062.3M(6278.0M)]
 [Times: user=0.11 sys=0.01, real=0.04 secs] 
2021-03-08T16:51:51.963+0800: 22076.667: Total time for which application threads were stopped: 0.0494147 seconds, Stopping threads took: 0.0007447 seconds
2021-03-08T16:51:51.963+0800: 22076.667: [GC concurrent-string-deduplication, 2808.0B->2728.0B(80.0B), avg 63.3%, 0.0000270 secs]
   [Last Exec: 0.0000270 secs, Idle: 0.8589324 secs, Blocked: 0/0.0000000 secs]
      [Inspected:              32]
         [Skipped:              0(  0.0%)]
         [Hashed:               1(  3.1%)]
         [Known:                0(  0.0%)]
         [New:                 32(100.0%)   2808.0B]
      [Deduplicated:            1(  3.1%)     80.0B(  2.8%)]
         [Young:                1(100.0%)     80.0B(100.0%)]
         [Old:                  0(  0.0%)      0.0B(  0.0%)]
   [Total Exec: 2682/1.7178136 secs, Idle: 2682/22068.8201734 secs, Blocked: 34/5.5958972 secs]
      [Inspected:         2681464]
         [Skipped:              0(  0.0%)]
         [Hashed:         2083890( 77.7%)]
         [Known:            34944(  1.3%)]
         [New:            2646520( 98.7%)    145.2M]
      [Deduplicated:      2038815( 77.0%)     92.0M( 63.3%)]
         [Young:           853324( 41.9%)     40.5M( 44.1%)]
         [Old:            1185491( 58.1%)     51.4M( 55.9%)]
   [Table]
      [Memory Usage: 2284.4K]
      [Size: 65536, Min: 1024, Max: 16777216]
      [Entries: 71356, Load: 108.9%, Cached: 4266, Added: 642156, Removed: 570800]
      [Resize Count: 6, Shrink Threshold: 43690(66.7%), Grow Threshold: 131072(200.0%)]
      [Rehash Count: 0, Rehash Threshold: 120, Hash Seed: 0x0]
      [Age Threshold: 3]
   [Queue]
      [Dropped: 0]
[GC concurrent-string-deduplication, deleted 0 entries, 0.0000008 secs]
2021-03-08T16:51:53.149+0800: 22077.853: [GC pause (G1 Evacuation Pause) (young), 0.0523720 secs]
   [Parallel Time: 47.6 ms, GC Workers: 4]
      [GC Worker Start (ms): Min: 22077853.9, Avg: 22077860.3, Max: 22077862.5, Diff: 8.6]
      [Ext Root Scanning (ms): Min: 0.9, Avg: 3.0, Max: 9.0, Diff: 8.1, Sum: 11.9]
      [Update RS (ms): Min: 1.0, Avg: 1.2, Max: 1.6, Diff: 0.6, Sum: 5.0]
         [Processed Buffers: Min: 2, Avg: 10.0, Max: 20, Diff: 18, Sum: 40]
      [Scan RS (ms): Min: 0.0, Avg: 0.1, Max: 0.1, Diff: 0.1, Sum: 0.2]
      [Code Root Scanning (ms): Min: 0.0, Avg: 0.0, Max: 0.0, Diff: 0.0, Sum: 0.0]
      [Object Copy (ms): Min: 30.0, Avg: 30.4, Max: 31.4, Diff: 1.5, Sum: 121.6]
      [Termination (ms): Min: 0.0, Avg: 2.4, Max: 6.7, Diff: 6.7, Sum: 9.8]
         [Termination Attempts: Min: 1, Avg: 1.0, Max: 1, Diff: 0, Sum: 4]
      [GC Worker Other (ms): Min: 0.0, Avg: 0.0, Max: 0.0, Diff: 0.0, Sum: 0.1]
      [GC Worker Total (ms): Min: 33.7, Avg: 37.1, Max: 42.2, Diff: 8.6, Sum: 148.6]
      [GC Worker End (ms): Min: 22077896.1, Avg: 22077897.4, Max: 22077901.3, Diff: 5.1]
   [Code Root Fixup: 0.0 ms]
   [Code Root Purge: 0.0 ms]
   [String Dedup Fixup: 1.8 ms, GC Workers: 4]
      [Queue Fixup (ms): Min: 0.0, Avg: 0.0, Max: 0.0, Diff: 0.0, Sum: 0.0]
      [Table Fixup (ms): Min: 1.5, Avg: 1.5, Max: 1.6, Diff: 0.1, Sum: 6.1]
   [Clear CT: 0.1 ms]
   [Other: 2.8 ms]
      [Choose CSet: 0.0 ms]
      [Ref Proc: 0.4 ms]
      [Ref Enq: 0.0 ms]
      [Redirty Cards: 0.1 ms]
      [Humongous Register: 0.2 ms]
      [Humongous Reclaim: 0.1 ms]
      [Free CSet: 0.6 ms]
   [Eden: 342.0M(342.0M)->0.0B(1462.0M) Survivors: 22.0M->20.0M Heap: 1405.4M(6278.0M)->1060.4M(6278.0M)]
 [Times: user=0.10 sys=0.00, real=0.05 secs] 
2021-03-08T16:51:53.202+0800: 22077.906: Total time for which application threads were stopped: 0.0567930 seconds, Stopping threads took: 0.0003444 seconds
2021-03-08T16:51:53.202+0800: 22077.906: [GC concurrent-string-deduplication, 1320.0B->1320.0B(0.0B), avg 63.3%, 0.0000213 secs]
   [Last Exec: 0.0000213 secs, Idle: 1.2391059 secs, Blocked: 0/0.0000000 secs]
      [Inspected:              15]
         [Skipped:              0(  0.0%)]
         [Hashed:               0(  0.0%)]
         [Known:                0(  0.0%)]
         [New:                 15(100.0%)   1320.0B]
      [Deduplicated:            0(  0.0%)      0.0B(  0.0%)]
         [Young:                0(  0.0%)      0.0B(  0.0%)]
         [Old:                  0(  0.0%)      0.0B(  0.0%)]
   [Total Exec: 2683/1.7178349 secs, Idle: 2683/22070.0592793 secs, Blocked: 34/5.5958972 secs]
      [Inspected:         2681479]
         [Skipped:              0(  0.0%)]
         [Hashed:         2083890( 77.7%)]
         [Known:            34944(  1.3%)]
         [New:            2646535( 98.7%)    145.2M]
      [Deduplicated:      2038815( 77.0%)     92.0M( 63.3%)]
         [Young:           853324( 41.9%)     40.5M( 44.1%)]
         [Old:            1185491( 58.1%)     51.4M( 55.9%)]
   [Table]
      [Memory Usage: 2284.4K]
      [Size: 65536, Min: 1024, Max: 16777216]
      [Entries: 71371, Load: 108.9%, Cached: 4251, Added: 642171, Removed: 570800]
      [Resize Count: 6, Shrink Threshold: 43690(66.7%), Grow Threshold: 131072(200.0%)]
      [Rehash Count: 0, Rehash Threshold: 120, Hash Seed: 0x0]
      [Age Threshold: 3]
   [Queue]
      [Dropped: 0]
[GC concurrent-string-deduplication, deleted 0 entries, 0.0000009 secs]
2021-03-08T16:51:59.432+0800: 22084.136: [GC pause (G1 Evacuation Pause) (young), 0.0564206 secs]
   [Parallel Time: 42.4 ms, GC Workers: 4]
      [GC Worker Start (ms): Min: 22084136.4, Avg: 22084139.3, Max: 22084148.0, Diff: 11.6]
      [Ext Root Scanning (ms): Min: 0.2, Avg: 3.6, Max: 4.8, Diff: 4.6, Sum: 14.5]
      [Update RS (ms): Min: 0.0, Avg: 3.2, Max: 4.3, Diff: 4.3, Sum: 12.6]
         [Processed Buffers: Min: 0, Avg: 32.5, Max: 52, Diff: 52, Sum: 130]
      [Scan RS (ms): Min: 0.1, Avg: 0.3, Max: 0.4, Diff: 0.3, Sum: 1.1]
      [Code Root Scanning (ms): Min: 0.0, Avg: 0.0, Max: 0.0, Diff: 0.0, Sum: 0.0]
      [Object Copy (ms): Min: 30.3, Avg: 32.3, Max: 33.0, Diff: 2.7, Sum: 129.0]
      [Termination (ms): Min: 0.1, Avg: 0.1, Max: 0.1, Diff: 0.0, Sum: 0.3]
         [Termination Attempts: Min: 84, Avg: 90.2, Max: 98, Diff: 14, Sum: 361]
      [GC Worker Other (ms): Min: 0.0, Avg: 0.1, Max: 0.1, Diff: 0.0, Sum: 0.2]
      [GC Worker Total (ms): Min: 30.8, Avg: 39.4, Max: 42.4, Diff: 11.6, Sum: 157.7]
      [GC Worker End (ms): Min: 22084178.7, Avg: 22084178.7, Max: 22084178.7, Diff: 0.0]
   [Code Root Fixup: 0.1 ms]
   [Code Root Purge: 0.0 ms]
   [String Dedup Fixup: 5.3 ms, GC Workers: 4]
      [Queue Fixup (ms): Min: 0.0, Avg: 0.0, Max: 0.0, Diff: 0.0, Sum: 0.0]
      [Table Fixup (ms): Min: 1.6, Avg: 1.7, Max: 1.7, Diff: 0.0, Sum: 6.6]
   [Clear CT: 4.0 ms]
   [Other: 4.6 ms]
      [Choose CSet: 0.0 ms]
      [Ref Proc: 0.1 ms]
      [Ref Enq: 0.0 ms]
      [Redirty Cards: 0.1 ms]
      [Humongous Register: 0.2 ms]
      [Humongous Reclaim: 0.1 ms]
      [Free CSet: 2.6 ms]
   [Eden: 1462.0M(1462.0M)->0.0B(2508.0M) Survivors: 20.0M->32.0M Heap: 2531.1M(6278.0M)->1071.5M(6278.0M)]
 [Times: user=0.16 sys=0.02, real=0.06 secs] 
2021-03-08T16:51:59.489+0800: 22084.193: Total time for which application threads were stopped: 0.0628848 seconds, Stopping threads took: 0.0004113 seconds
2021-03-08T16:51:59.489+0800: 22084.193: [GC concurrent-string-deduplication, 6136.0B->2904.0B(3232.0B), avg 63.3%, 0.0001022 secs]
   [Last Exec: 0.0001022 secs, Idle: 6.2867086 secs, Blocked: 0/0.0000000 secs]
      [Inspected:             116]
         [Skipped:              0(  0.0%)]
         [Hashed:              83( 71.6%)]
         [Known:                0(  0.0%)]
         [New:                116(100.0%)   6136.0B]
      [Deduplicated:           83( 71.6%)   3232.0B( 52.7%)]
         [Young:               83(100.0%)   3232.0B(100.0%)]
         [Old:                  0(  0.0%)      0.0B(  0.0%)]
   [Total Exec: 2684/1.7179370 secs, Idle: 2684/22076.3459878 secs, Blocked: 34/5.5958972 secs]
      [Inspected:         2681595]
         [Skipped:              0(  0.0%)]
         [Hashed:         2083973( 77.7%)]
         [Known:            34944(  1.3%)]
         [New:            2646651( 98.7%)    145.2M]
      [Deduplicated:      2038898( 77.0%)     92.0M( 63.3%)]
         [Young:           853407( 41.9%)     40.5M( 44.1%)]
         [Old:            1185491( 58.1%)     51.4M( 55.9%)]
   [Table]
      [Memory Usage: 2284.4K]
      [Size: 65536, Min: 1024, Max: 16777216]
      [Entries: 71404, Load: 109.0%, Cached: 4218, Added: 642204, Removed: 570800]
      [Resize Count: 6, Shrink Threshold: 43690(66.7%), Grow Threshold: 131072(200.0%)]
      [Rehash Count: 0, Rehash Threshold: 120, Hash Seed: 0x0]
      [Age Threshold: 3]
   [Queue]
      [Dropped: 0]
[GC concurrent-string-deduplication, deleted 0 entries, 0.0000008 secs]
2021-03-08T16:52:03.851+0800: 22088.555: Total time for which application threads were stopped: 0.0292841 seconds, Stopping threads took: 0.0233720 seconds
2021-03-08T16:52:08.860+0800: 22093.564: Total time for which application threads were stopped: 0.0094075 seconds, Stopping threads took: 0.0023004 seconds
2021-03-08T16:52:11.851+0800: 22096.556: [GC pause (G1 Evacuation Pause) (young), 0.0841402 secs]
   [Parallel Time: 69.3 ms, GC Workers: 4]
      [GC Worker Start (ms): Min: 22096558.1, Avg: 22096558.1, Max: 22096558.1, Diff: 0.1]
      [Ext Root Scanning (ms): Min: 5.3, Avg: 5.5, Max: 6.0, Diff: 0.7, Sum: 22.1]
      [Update RS (ms): Min: 10.1, Avg: 10.2, Max: 10.5, Diff: 0.5, Sum: 40.7]
         [Processed Buffers: Min: 60, Avg: 73.8, Max: 87, Diff: 27, Sum: 295]
      [Scan RS (ms): Min: 0.1, Avg: 0.5, Max: 0.7, Diff: 0.6, Sum: 2.1]
      [Code Root Scanning (ms): Min: 0.0, Avg: 0.0, Max: 0.0, Diff: 0.0, Sum: 0.1]
      [Object Copy (ms): Min: 49.1, Avg: 50.3, Max: 52.7, Diff: 3.6, Sum: 201.1]
      [Termination (ms): Min: 0.2, Avg: 2.6, Max: 3.4, Diff: 3.2, Sum: 10.3]
         [Termination Attempts: Min: 44, Avg: 132.5, Max: 179, Diff: 135, Sum: 530]
      [GC Worker Other (ms): Min: 0.0, Avg: 0.0, Max: 0.0, Diff: 0.0, Sum: 0.1]
      [GC Worker Total (ms): Min: 69.1, Avg: 69.1, Max: 69.2, Diff: 0.1, Sum: 276.5]
      [GC Worker End (ms): Min: 22096627.2, Avg: 22096627.3, Max: 22096627.3, Diff: 0.1]
   [Code Root Fixup: 0.0 ms]
   [Code Root Purge: 0.0 ms]
   [String Dedup Fixup: 5.3 ms, GC Workers: 4]
      [Queue Fixup (ms): Min: 0.0, Avg: 0.0, Max: 0.0, Diff: 0.0, Sum: 0.0]
      [Table Fixup (ms): Min: 0.0, Avg: 2.6, Max: 5.2, Diff: 5.2, Sum: 10.4]
   [Clear CT: 1.1 ms]
   [Other: 8.4 ms]
      [Choose CSet: 0.0 ms]
      [Ref Proc: 0.3 ms]
      [Ref Enq: 0.0 ms]
      [Redirty Cards: 0.1 ms]
      [Humongous Register: 2.0 ms]
      [Humongous Reclaim: 0.2 ms]
      [Free CSet: 4.4 ms]
   [Eden: 2508.0M(2508.0M)->0.0B(1202.0M) Survivors: 32.0M->42.0M Heap: 3607.5M(6278.0M)->1083.1M(6278.0M)]
 [Times: user=0.23 sys=0.04, real=0.09 secs] 
2021-03-08T16:52:11.936+0800: 22096.640: Total time for which application threads were stopped: 0.0889427 seconds, Stopping threads took: 0.0004781 seconds
2021-03-08T16:52:11.939+0800: 22096.643: [GC concurrent-string-deduplication, 9384.0B->4704.0B(4680.0B), avg 63.3%, 0.0001179 secs]
   [Last Exec: 0.0001179 secs, Idle: 12.4500513 secs, Blocked: 0/0.0000000 secs]
      [Inspected:             176]
         [Skipped:              0(  0.0%)]
         [Hashed:             123( 69.9%)]
         [Known:                0(  0.0%)]
         [New:                176(100.0%)   9384.0B]
      [Deduplicated:          122( 69.3%)   4680.0B( 49.9%)]
         [Young:              122(100.0%)   4680.0B(100.0%)]
         [Old:                  0(  0.0%)      0.0B(  0.0%)]
   [Total Exec: 2685/1.7180549 secs, Idle: 2685/22088.7960391 secs, Blocked: 34/5.5958972 secs]
      [Inspected:         2681771]
         [Skipped:              0(  0.0%)]
         [Hashed:         2084096( 77.7%)]
         [Known:            34944(  1.3%)]
         [New:            2646827( 98.7%)    145.2M]
      [Deduplicated:      2039020( 77.0%)     92.0M( 63.3%)]
         [Young:           853529( 41.9%)     40.5M( 44.1%)]
         [Old:            1185491( 58.1%)     51.4M( 55.9%)]
   [Table]
      [Memory Usage: 2284.4K]
      [Size: 65536, Min: 1024, Max: 16777216]
      [Entries: 71458, Load: 109.0%, Cached: 4164, Added: 642258, Removed: 570800]
      [Resize Count: 6, Shrink Threshold: 43690(66.7%), Grow Threshold: 131072(200.0%)]
      [Rehash Count: 0, Rehash Threshold: 120, Hash Seed: 0x0]
      [Age Threshold: 3]
   [Queue]
      [Dropped: 0]
[GC concurrent-string-deduplication, deleted 0 entries, 0.0000012 secs]
2021-03-08T16:52:17.478+0800: 22102.183: Total time for which application threads were stopped: 0.0091874 seconds, Stopping threads took: 0.0022061 seconds
2021-03-08T16:52:18.815+0800: 22103.520: [GC pause (G1 Evacuation Pause) (young), 0.0689037 secs]
   [Parallel Time: 59.1 ms, GC Workers: 4]
      [GC Worker Start (ms): Min: 22103522.8, Avg: 22103522.8, Max: 22103522.9, Diff: 0.0]
      [Ext Root Scanning (ms): Min: 4.5, Avg: 4.6, Max: 4.8, Diff: 0.4, Sum: 18.4]
      [Update RS (ms): Min: 3.5, Avg: 3.5, Max: 3.5, Diff: 0.0, Sum: 13.8]
         [Processed Buffers: Min: 17, Avg: 32.2, Max: 47, Diff: 30, Sum: 129]
      [Scan RS (ms): Min: 0.2, Avg: 0.2, Max: 0.3, Diff: 0.0, Sum: 1.0]
      [Code Root Scanning (ms): Min: 0.0, Avg: 0.0, Max: 0.0, Diff: 0.0, Sum: 0.0]
      [Object Copy (ms): Min: 50.4, Avg: 50.6, Max: 50.7, Diff: 0.4, Sum: 202.3]
      [Termination (ms): Min: 0.0, Avg: 0.0, Max: 0.0, Diff: 0.0, Sum: 0.1]
         [Termination Attempts: Min: 40, Avg: 43.8, Max: 53, Diff: 13, Sum: 175]
      [GC Worker Other (ms): Min: 0.0, Avg: 0.0, Max: 0.1, Diff: 0.0, Sum: 0.2]
      [GC Worker Total (ms): Min: 58.9, Avg: 59.0, Max: 59.0, Diff: 0.0, Sum: 235.8]
      [GC Worker End (ms): Min: 22103581.8, Avg: 22103581.8, Max: 22103581.8, Diff: 0.0]
   [Code Root Fixup: 0.0 ms]
   [Code Root Purge: 0.0 ms]
   [String Dedup Fixup: 2.8 ms, GC Workers: 4]
      [Queue Fixup (ms): Min: 0.0, Avg: 0.0, Max: 0.0, Diff: 0.0, Sum: 0.0]
      [Table Fixup (ms): Min: 2.7, Avg: 2.8, Max: 2.8, Diff: 0.1, Sum: 11.1]
   [Clear CT: 0.3 ms]
   [Other: 6.7 ms]
      [Choose CSet: 0.0 ms]
      [Ref Proc: 0.1 ms]
      [Ref Enq: 0.0 ms]
      [Redirty Cards: 0.0 ms]
      [Humongous Register: 2.8 ms]
      [Humongous Reclaim: 0.1 ms]
      [Free CSet: 2.2 ms]
   [Eden: 1202.0M(1202.0M)->0.0B(2174.0M) Survivors: 42.0M->50.0M Heap: 2293.7M(6278.0M)->1090.5M(6278.0M)]
 [Times: user=0.22 sys=0.03, real=0.07 secs] 
2021-03-08T16:52:18.885+0800: 22103.589: Total time for which application threads were stopped: 0.0736368 seconds, Stopping threads took: 0.0003867 seconds
2021-03-08T16:52:18.885+0800: 22103.589: [GC concurrent-string-deduplication, 27.2K->15.3K(11.9K), avg 63.3%, 0.0002678 secs]
   [Last Exec: 0.0002678 secs, Idle: 6.9456787 secs, Blocked: 0/0.0000000 secs]
      [Inspected:             453]
         [Skipped:              0(  0.0%)]
         [Hashed:             289( 63.8%)]
         [Known:                0(  0.0%)]
         [New:                453(100.0%)     27.2K]
      [Deduplicated:          276( 60.9%)     11.9K( 43.7%)]
         [Young:              276(100.0%)     11.9K(100.0%)]
         [Old:                  0(  0.0%)      0.0B(  0.0%)]
   [Total Exec: 2686/1.7183227 secs, Idle: 2686/22095.7417178 secs, Blocked: 34/5.5958972 secs]
      [Inspected:         2682224]
         [Skipped:              0(  0.0%)]
         [Hashed:         2084385( 77.7%)]
         [Known:            34944(  1.3%)]
         [New:            2647280( 98.7%)    145.3M]
      [Deduplicated:      2039296( 77.0%)     92.0M( 63.3%)]
         [Young:           853805( 41.9%)     40.6M( 44.1%)]
         [Old:            1185491( 58.1%)     51.4M( 55.9%)]
   [Table]
      [Memory Usage: 2284.4K]
      [Size: 65536, Min: 1024, Max: 16777216]
      [Entries: 71635, Load: 109.3%, Cached: 3987, Added: 642435, Removed: 570800]
      [Resize Count: 6, Shrink Threshold: 43690(66.7%), Grow Threshold: 131072(200.0%)]
      [Rehash Count: 0, Rehash Threshold: 120, Hash Seed: 0x0]
      [Age Threshold: 3]
   [Queue]
      [Dropped: 0]
[GC concurrent-string-deduplication, deleted 0 entries, 0.0000008 secs]
2021-03-08T16:52:30.804+0800: 22115.508: [GC pause (G1 Evacuation Pause) (young), 0.0772299 secs]
   [Parallel Time: 66.8 ms, GC Workers: 4]
      [GC Worker Start (ms): Min: 22115511.0, Avg: 22115511.0, Max: 22115511.0, Diff: 0.1]
      [Ext Root Scanning (ms): Min: 4.3, Avg: 4.4, Max: 4.6, Diff: 0.4, Sum: 17.6]
      [Update RS (ms): Min: 6.2, Avg: 6.2, Max: 6.3, Diff: 0.1, Sum: 24.8]
         [Processed Buffers: Min: 41, Avg: 50.2, Max: 60, Diff: 19, Sum: 201]
      [Scan RS (ms): Min: 0.4, Avg: 0.4, Max: 0.5, Diff: 0.1, Sum: 1.8]
      [Code Root Scanning (ms): Min: 0.0, Avg: 0.0, Max: 0.0, Diff: 0.0, Sum: 0.1]
      [Object Copy (ms): Min: 55.4, Avg: 55.6, Max: 55.7, Diff: 0.4, Sum: 222.4]
      [Termination (ms): Min: 0.0, Avg: 0.0, Max: 0.0, Diff: 0.0, Sum: 0.0]
         [Termination Attempts: Min: 1, Avg: 2.5, Max: 4, Diff: 3, Sum: 10]
      [GC Worker Other (ms): Min: 0.0, Avg: 0.1, Max: 0.1, Diff: 0.0, Sum: 0.2]
      [GC Worker Total (ms): Min: 66.7, Avg: 66.7, Max: 66.7, Diff: 0.0, Sum: 266.9]
      [GC Worker End (ms): Min: 22115577.7, Avg: 22115577.7, Max: 22115577.8, Diff: 0.0]
   [Code Root Fixup: 0.0 ms]
   [Code Root Purge: 0.0 ms]
   [String Dedup Fixup: 2.8 ms, GC Workers: 4]
      [Queue Fixup (ms): Min: 0.0, Avg: 0.0, Max: 0.0, Diff: 0.0, Sum: 0.0]
      [Table Fixup (ms): Min: 2.7, Avg: 2.8, Max: 2.8, Diff: 0.1, Sum: 11.0]
   [Clear CT: 0.4 ms]
   [Other: 7.2 ms]
      [Choose CSet: 0.0 ms]
      [Ref Proc: 0.1 ms]
      [Ref Enq: 0.0 ms]
      [Redirty Cards: 0.1 ms]
      [Humongous Register: 2.1 ms]
      [Humongous Reclaim: 0.1 ms]
      [Free CSet: 3.4 ms]
   [Eden: 2174.0M(2174.0M)->0.0B(3454.0M) Survivors: 50.0M->58.0M Heap: 3280.5M(6278.0M)->1098.0M(6278.0M)]
 [Times: user=0.24 sys=0.05, real=0.07 secs] 
2021-03-08T16:52:30.882+0800: 22115.586: Total time for which application threads were stopped: 0.0867950 seconds, Stopping threads took: 0.0020861 seconds
2021-03-08T16:52:30.883+0800: 22115.587: [GC concurrent-string-deduplication, 35.4K->19.5K(15.8K), avg 63.3%, 0.0003166 secs]
   [Last Exec: 0.0003166 secs, Idle: 11.9968704 secs, Blocked: 0/0.0000000 secs]
      [Inspected:             621]
         [Skipped:              0(  0.0%)]
         [Hashed:             395( 63.6%)]
         [Known:                0(  0.0%)]
         [New:                621(100.0%)     35.4K]
      [Deduplicated:          392( 63.1%)     15.8K( 44.8%)]
         [Young:              392(100.0%)     15.8K(100.0%)]
         [Old:                  0(  0.0%)      0.0B(  0.0%)]
   [Total Exec: 2687/1.7186393 secs, Idle: 2687/22107.7385883 secs, Blocked: 34/5.5958972 secs]
      [Inspected:         2682845]
         [Skipped:              0(  0.0%)]
         [Hashed:         2084780( 77.7%)]
         [Known:            34944(  1.3%)]
         [New:            2647901( 98.7%)    145.3M]
      [Deduplicated:      2039688( 77.0%)     92.0M( 63.3%)]
         [Young:           854197( 41.9%)     40.6M( 44.1%)]
         [Old:            1185491( 58.1%)     51.4M( 55.9%)]
   [Table]
      [Memory Usage: 2284.4K]
      [Size: 65536, Min: 1024, Max: 16777216]
      [Entries: 71863, Load: 109.7%, Cached: 3759, Added: 642664, Removed: 570801]
      [Resize Count: 6, Shrink Threshold: 43690(66.7%), Grow Threshold: 131072(200.0%)]
      [Rehash Count: 0, Rehash Threshold: 120, Hash Seed: 0x0]
      [Age Threshold: 3]
   [Queue]
      [Dropped: 0]
[GC concurrent-string-deduplication, deleted 0 entries, 0.0000007 secs]
2021-03-08T16:52:34.028+0800: 22118.732: Total time for which application threads were stopped: 0.0037464 seconds, Stopping threads took: 0.0003750 seconds
2021-03-08T16:52:34.061+0800: 22118.765: Total time for which application threads were stopped: 0.0036999 seconds, Stopping threads took: 0.0003788 seconds
2021-03-08T16:52:34.387+0800: 22119.092: Total time for which application threads were stopped: 0.0041411 seconds, Stopping threads took: 0.0003883 seconds
2021-03-08T16:52:34.787+0800: 22119.491: Total time for which application threads were stopped: 0.0041260 seconds, Stopping threads took: 0.0003568 seconds
2021-03-08T16:52:39.393+0800: 22124.097: Total time for which application threads were stopped: 0.0054305 seconds, Stopping threads took: 0.0003557 seconds
2021-03-08T16:52:39.397+0800: 22124.101: Total time for which application threads were stopped: 0.0034985 seconds, Stopping threads took: 0.0001405 seconds
2021-03-08T16:52:52.009+0800: 22136.714: [GC pause (G1 Evacuation Pause) (young), 0.1150634 secs]
   [Parallel Time: 102.1 ms, GC Workers: 4]
      [GC Worker Start (ms): Min: 22136716.0, Avg: 22136718.5, Max: 22136721.0, Diff: 5.0]
      [Ext Root Scanning (ms): Min: 7.0, Avg: 10.4, Max: 13.4, Diff: 6.4, Sum: 41.8]
      [Update RS (ms): Min: 7.5, Avg: 7.9, Max: 9.1, Diff: 1.6, Sum: 31.8]
         [Processed Buffers: Min: 68, Avg: 69.8, Max: 71, Diff: 3, Sum: 279]
      [Scan RS (ms): Min: 0.1, Avg: 0.7, Max: 0.9, Diff: 0.8, Sum: 2.7]
      [Code Root Scanning (ms): Min: 0.0, Avg: 0.0, Max: 0.0, Diff: 0.0, Sum: 0.1]
      [Object Copy (ms): Min: 80.1, Avg: 80.4, Max: 80.7, Diff: 0.6, Sum: 321.5]
      [Termination (ms): Min: 0.0, Avg: 0.0, Max: 0.0, Diff: 0.0, Sum: 0.0]
         [Termination Attempts: Min: 2, Avg: 4.5, Max: 6, Diff: 4, Sum: 18]
      [GC Worker Other (ms): Min: 0.0, Avg: 0.1, Max: 0.1, Diff: 0.0, Sum: 0.2]
      [GC Worker Total (ms): Min: 97.0, Avg: 99.5, Max: 102.0, Diff: 5.0, Sum: 398.1]
      [GC Worker End (ms): Min: 22136818.0, Avg: 22136818.0, Max: 22136818.0, Diff: 0.0]
   [Code Root Fixup: 0.0 ms]
   [Code Root Purge: 0.0 ms]
   [String Dedup Fixup: 2.9 ms, GC Workers: 4]
      [Queue Fixup (ms): Min: 0.0, Avg: 0.0, Max: 0.0, Diff: 0.0, Sum: 0.0]
      [Table Fixup (ms): Min: 2.8, Avg: 2.8, Max: 2.8, Diff: 0.1, Sum: 11.2]
   [Clear CT: 1.1 ms]
   [Other: 9.0 ms]
      [Choose CSet: 0.0 ms]
      [Ref Proc: 0.1 ms]
      [Ref Enq: 0.0 ms]
      [Redirty Cards: 0.1 ms]
      [Humongous Register: 1.6 ms]
      [Humongous Reclaim: 0.2 ms]
      [Free CSet: 5.4 ms]
   [Eden: 3454.0M(3454.0M)->0.0B(3156.0M) Survivors: 58.0M->74.0M Heap: 4580.0M(6278.0M)->1114.0M(6278.0M)]
 [Times: user=0.32 sys=0.06, real=0.12 secs] 
2021-03-08T16:52:52.125+0800: 22136.829: Total time for which application threads were stopped: 0.1250987 seconds, Stopping threads took: 0.0021572 seconds
2021-03-08T16:52:52.126+0800: 22136.830: [GC concurrent-string-deduplication, 27.2K->13.1K(14.0K), avg 63.3%, 0.0003268 secs]
   [Last Exec: 0.0003268 secs, Idle: 21.2430735 secs, Blocked: 0/0.0000000 secs]
      [Inspected:             514]
         [Skipped:              0(  0.0%)]
         [Hashed:             361( 70.2%)]
         [Known:                0(  0.0%)]
         [New:                514(100.0%)     27.2K]
      [Deduplicated:          361( 70.2%)     14.0K( 51.6%)]
         [Young:              361(100.0%)     14.0K(100.0%)]
         [Old:                  0(  0.0%)      0.0B(  0.0%)]
   [Total Exec: 2688/1.7189661 secs, Idle: 2688/22128.9816617 secs, Blocked: 34/5.5958972 secs]
      [Inspected:         2683359]
         [Skipped:              0(  0.0%)]
         [Hashed:         2085141( 77.7%)]
         [Known:            34944(  1.3%)]
         [New:            2648415( 98.7%)    145.3M]
      [Deduplicated:      2040049( 77.0%)     92.0M( 63.3%)]
         [Young:           854558( 41.9%)     40.6M( 44.1%)]
         [Old:            1185491( 58.1%)     51.4M( 55.9%)]
   [Table]
      [Memory Usage: 2284.4K]
      [Size: 65536, Min: 1024, Max: 16777216]
      [Entries: 72016, Load: 109.9%, Cached: 3606, Added: 642817, Removed: 570801]
      [Resize Count: 6, Shrink Threshold: 43690(66.7%), Grow Threshold: 131072(200.0%)]
      [Rehash Count: 0, Rehash Threshold: 120, Hash Seed: 0x0]
      [Age Threshold: 3]
   [Queue]
      [Dropped: 0]
[GC concurrent-string-deduplication, deleted 0 entries, 0.0000009 secs]
2021-03-08T16:53:04.889+0800: 22149.594: Total time for which application threads were stopped: 0.0129143 seconds, Stopping threads took: 0.0056371 seconds
2021-03-08T16:53:04.894+0800: 22149.598: Total time for which application threads were stopped: 0.0037144 seconds, Stopping threads took: 0.0001417 seconds
2021-03-08T16:53:08.338+0800: 22153.043: [GC pause (G1 Evacuation Pause) (young), 0.1570882 secs]
   [Parallel Time: 144.6 ms, GC Workers: 4]
      [GC Worker Start (ms): Min: 22153044.8, Avg: 22153044.8, Max: 22153044.8, Diff: 0.1]
      [Ext Root Scanning (ms): Min: 8.5, Avg: 11.5, Max: 20.1, Diff: 11.5, Sum: 46.2]
      [Update RS (ms): Min: 0.0, Avg: 7.6, Max: 10.5, Diff: 10.5, Sum: 30.5]
         [Processed Buffers: Min: 0, Avg: 57.8, Max: 83, Diff: 83, Sum: 231]
      [Scan RS (ms): Min: 0.1, Avg: 0.6, Max: 0.9, Diff: 0.8, Sum: 2.5]
      [Code Root Scanning (ms): Min: 0.0, Avg: 0.0, Max: 0.0, Diff: 0.0, Sum: 0.1]
      [Object Copy (ms): Min: 124.2, Avg: 124.6, Max: 124.9, Diff: 0.6, Sum: 498.3]
      [Termination (ms): Min: 0.0, Avg: 0.0, Max: 0.0, Diff: 0.0, Sum: 0.1]
         [Termination Attempts: Min: 15, Avg: 24.2, Max: 33, Diff: 18, Sum: 97]
      [GC Worker Other (ms): Min: 0.1, Avg: 0.1, Max: 0.1, Diff: 0.1, Sum: 0.3]
      [GC Worker Total (ms): Min: 144.4, Avg: 144.5, Max: 144.5, Diff: 0.1, Sum: 578.0]
      [GC Worker End (ms): Min: 22153189.3, Avg: 22153189.3, Max: 22153189.3, Diff: 0.0]
   [Code Root Fixup: 0.0 ms]
   [Code Root Purge: 0.0 ms]
   [String Dedup Fixup: 2.8 ms, GC Workers: 4]
      [Queue Fixup (ms): Min: 0.0, Avg: 0.0, Max: 0.0, Diff: 0.0, Sum: 0.0]
      [Table Fixup (ms): Min: 2.7, Avg: 2.7, Max: 2.8, Diff: 0.0, Sum: 11.0]
   [Clear CT: 1.0 ms]
   [Other: 8.6 ms]
      [Choose CSet: 0.0 ms]
      [Ref Proc: 0.2 ms]
      [Ref Enq: 0.0 ms]
      [Redirty Cards: 0.1 ms]
      [Humongous Register: 1.6 ms]
      [Humongous Reclaim: 0.2 ms]
      [Free CSet: 5.1 ms]
   [Eden: 3156.0M(3156.0M)->0.0B(2396.0M) Survivors: 74.0M->98.0M Heap: 4289.8M(6278.0M)->1137.5M(6278.0M)]
 [Times: user=0.43 sys=0.05, real=0.16 secs] 
2021-03-08T16:53:08.496+0800: 22153.200: Total time for which application threads were stopped: 0.1617479 seconds, Stopping threads took: 0.0003961 seconds
2021-03-08T16:53:08.497+0800: 22153.201: [GC concurrent-string-deduplication, 25.8K->12.9K(12.9K), avg 63.3%, 0.0002897 secs]
   [Last Exec: 0.0002897 secs, Idle: 16.3701898 secs, Blocked: 0/0.0000000 secs]
      [Inspected:             474]
         [Skipped:              0(  0.0%)]
         [Hashed:             325( 68.6%)]
         [Known:                0(  0.0%)]
         [New:                474(100.0%)     25.8K]
      [Deduplicated:          322( 67.9%)     12.9K( 50.0%)]
         [Young:              322(100.0%)     12.9K(100.0%)]
         [Old:                  0(  0.0%)      0.0B(  0.0%)]
   [Total Exec: 2689/1.7192558 secs, Idle: 2689/22145.3518515 secs, Blocked: 34/5.5958972 secs]
      [Inspected:         2683833]
         [Skipped:              0(  0.0%)]
         [Hashed:         2085466( 77.7%)]
         [Known:            34944(  1.3%)]
         [New:            2648889( 98.7%)    145.4M]
      [Deduplicated:      2040371( 77.0%)     92.0M( 63.3%)]
         [Young:           854880( 41.9%)     40.6M( 44.1%)]
         [Old:            1185491( 58.1%)     51.4M( 55.9%)]
   [Table]
      [Memory Usage: 2284.4K]
      [Size: 65536, Min: 1024, Max: 16777216]
      [Entries: 72168, Load: 110.1%, Cached: 3454, Added: 642969, Removed: 570801]
      [Resize Count: 6, Shrink Threshold: 43690(66.7%), Grow Threshold: 131072(200.0%)]
      [Rehash Count: 0, Rehash Threshold: 120, Hash Seed: 0x0]
      [Age Threshold: 3]
   [Queue]
      [Dropped: 0]
[GC concurrent-string-deduplication, deleted 0 entries, 0.0000010 secs]
2021-03-08T16:53:21.218+0800: 22165.922: [GC pause (G1 Evacuation Pause) (young), 0.1830582 secs]
   [Parallel Time: 166.1 ms, GC Workers: 4]
      [GC Worker Start (ms): Min: 22165924.7, Avg: 22165927.0, Max: 22165927.8, Diff: 3.0]
      [Ext Root Scanning (ms): Min: 3.0, Avg: 15.1, Max: 23.9, Diff: 20.9, Sum: 60.4]
      [Update RS (ms): Min: 3.4, Avg: 9.1, Max: 14.5, Diff: 11.1, Sum: 36.2]
         [Processed Buffers: Min: 35, Avg: 70.2, Max: 100, Diff: 65, Sum: 281]
      [Scan RS (ms): Min: 0.5, Avg: 0.5, Max: 0.5, Diff: 0.0, Sum: 2.0]
      [Code Root Scanning (ms): Min: 0.0, Avg: 0.0, Max: 0.0, Diff: 0.0, Sum: 0.1]
      [Object Copy (ms): Min: 134.6, Avg: 134.9, Max: 135.2, Diff: 0.6, Sum: 539.4]
      [Termination (ms): Min: 0.0, Avg: 0.0, Max: 0.0, Diff: 0.0, Sum: 0.1]
         [Termination Attempts: Min: 29, Avg: 33.0, Max: 35, Diff: 6, Sum: 132]
      [GC Worker Other (ms): Min: 0.1, Avg: 4.2, Max: 10.0, Diff: 9.9, Sum: 16.7]
      [GC Worker Total (ms): Min: 162.9, Avg: 163.7, Max: 166.0, Diff: 3.1, Sum: 655.0]
      [GC Worker End (ms): Min: 22166090.7, Avg: 22166090.7, Max: 22166090.7, Diff: 0.0]
   [Code Root Fixup: 0.0 ms]
   [Code Root Purge: 0.0 ms]
   [String Dedup Fixup: 5.0 ms, GC Workers: 4]
      [Queue Fixup (ms): Min: 0.0, Avg: 0.0, Max: 0.0, Diff: 0.0, Sum: 0.0]
      [Table Fixup (ms): Min: 4.0, Avg: 4.0, Max: 4.1, Diff: 0.1, Sum: 16.1]
   [Clear CT: 1.3 ms]
   [Other: 10.7 ms]
      [Choose CSet: 0.0 ms]
      [Ref Proc: 0.2 ms]
      [Ref Enq: 0.0 ms]
      [Redirty Cards: 0.7 ms]
      [Humongous Register: 2.1 ms]
      [Humongous Reclaim: 0.4 ms]
      [Free CSet: 4.4 ms]
   [Eden: 2396.0M(2396.0M)->0.0B(1614.0M) Survivors: 98.0M->114.0M Heap: 3560.9M(6278.0M)->1154.4M(6278.0M)]
 [Times: user=0.47 sys=0.08, real=0.18 secs] 
2021-03-08T16:53:21.402+0800: 22166.106: Total time for which application threads were stopped: 0.1957313 seconds, Stopping threads took: 0.0042343 seconds
2021-03-08T16:53:21.402+0800: 22166.107: [GC concurrent-string-deduplication, 66.8K->32.7K(34.1K), avg 63.3%, 0.0006125 secs]
   [Last Exec: 0.0006125 secs, Idle: 12.9052339 secs, Blocked: 0/0.0000000 secs]
      [Inspected:            1279]
         [Skipped:              0(  0.0%)]
         [Hashed:             899( 70.3%)]
         [Known:                0(  0.0%)]
         [New:               1279(100.0%)     66.8K]
      [Deduplicated:          898( 70.2%)     34.1K( 51.0%)]
         [Young:              898(100.0%)     34.1K(100.0%)]
         [Old:                  0(  0.0%)      0.0B(  0.0%)]
   [Total Exec: 2690/1.7198683 secs, Idle: 2690/22158.2570854 secs, Blocked: 34/5.5958972 secs]
      [Inspected:         2685112]
         [Skipped:              0(  0.0%)]
         [Hashed:         2086365( 77.7%)]
         [Known:            34944(  1.3%)]
         [New:            2650168( 98.7%)    145.4M]
      [Deduplicated:      2041269( 77.0%)     92.1M( 63.3%)]
         [Young:           855778( 41.9%)     40.6M( 44.1%)]
         [Old:            1185491( 58.1%)     51.4M( 55.9%)]
   [Table]
      [Memory Usage: 2284.4K]
      [Size: 65536, Min: 1024, Max: 16777216]
      [Entries: 72549, Load: 110.7%, Cached: 3073, Added: 643350, Removed: 570801]
      [Resize Count: 6, Shrink Threshold: 43690(66.7%), Grow Threshold: 131072(200.0%)]
      [Rehash Count: 0, Rehash Threshold: 120, Hash Seed: 0x0]
      [Age Threshold: 3]
   [Queue]
      [Dropped: 0]
[GC concurrent-string-deduplication, deleted 0 entries, 0.0000012 secs]
2021-03-08T16:53:24.076+0800: 22168.781: Total time for which application threads were stopped: 0.0064472 seconds, Stopping threads took: 0.0007295 seconds
2021-03-08T16:53:24.089+0800: 22168.793: Total time for which application threads were stopped: 0.0050975 seconds, Stopping threads took: 0.0009738 seconds
2021-03-08T16:53:33.422+0800: 22178.127: [GC pause (G1 Evacuation Pause) (young), 0.1513379 secs]
   [Parallel Time: 141.0 ms, GC Workers: 4]
      [GC Worker Start (ms): Min: 22178129.6, Avg: 22178130.0, Max: 22178130.1, Diff: 0.5]
      [Ext Root Scanning (ms): Min: 7.9, Avg: 9.0, Max: 11.7, Diff: 3.8, Sum: 36.0]
      [Update RS (ms): Min: 6.1, Avg: 9.3, Max: 10.7, Diff: 4.6, Sum: 37.1]
         [Processed Buffers: Min: 25, Avg: 49.2, Max: 70, Diff: 45, Sum: 197]
      [Scan RS (ms): Min: 0.1, Avg: 0.5, Max: 1.1, Diff: 1.0, Sum: 2.1]
      [Code Root Scanning (ms): Min: 0.0, Avg: 0.0, Max: 0.0, Diff: 0.0, Sum: 0.0]
      [Object Copy (ms): Min: 121.4, Avg: 121.6, Max: 121.7, Diff: 0.3, Sum: 486.3]
      [Termination (ms): Min: 0.0, Avg: 0.0, Max: 0.0, Diff: 0.0, Sum: 0.2]
         [Termination Attempts: Min: 55, Avg: 57.2, Max: 60, Diff: 5, Sum: 229]
      [GC Worker Other (ms): Min: 0.1, Avg: 0.1, Max: 0.1, Diff: 0.0, Sum: 0.3]
      [GC Worker Total (ms): Min: 140.4, Avg: 140.5, Max: 140.9, Diff: 0.5, Sum: 562.1]
      [GC Worker End (ms): Min: 22178270.4, Avg: 22178270.5, Max: 22178270.5, Diff: 0.0]
   [Code Root Fixup: 0.0 ms]
   [Code Root Purge: 0.0 ms]
   [String Dedup Fixup: 2.9 ms, GC Workers: 4]
      [Queue Fixup (ms): Min: 0.0, Avg: 0.0, Max: 0.0, Diff: 0.0, Sum: 0.0]
      [Table Fixup (ms): Min: 2.8, Avg: 2.8, Max: 2.9, Diff: 0.1, Sum: 11.3]
   [Clear CT: 0.4 ms]
   [Other: 7.0 ms]
      [Choose CSet: 0.0 ms]
      [Ref Proc: 0.2 ms]
      [Ref Enq: 0.0 ms]
      [Redirty Cards: 0.1 ms]
      [Humongous Register: 2.5 ms]
      [Humongous Reclaim: 0.1 ms]
      [Free CSet: 2.7 ms]
   [Eden: 1614.0M(1614.0M)->0.0B(3664.0M) Survivors: 114.0M->102.0M Heap: 2784.0M(6278.0M)->1155.5M(6278.0M)]
 [Times: user=0.48 sys=0.06, real=0.16 secs] 
2021-03-08T16:53:33.574+0800: 22178.279: Total time for which application threads were stopped: 0.1614393 seconds, Stopping threads took: 0.0022407 seconds
2021-03-08T16:53:33.575+0800: 22178.279: [GC concurrent-string-deduplication, 63.4K->39.4K(24.0K), avg 63.3%, 0.0004962 secs]
   [Last Exec: 0.0004962 secs, Idle: 12.1718701 secs, Blocked: 0/0.0000000 secs]
      [Inspected:            1069]
         [Skipped:              0(  0.0%)]
         [Hashed:             610( 57.1%)]
         [Known:                0(  0.0%)]
         [New:               1069(100.0%)     63.4K]
      [Deduplicated:          610( 57.1%)     24.0K( 37.9%)]
         [Young:              610(100.0%)     24.0K(100.0%)]
         [Old:                  0(  0.0%)      0.0B(  0.0%)]
   [Total Exec: 2691/1.7203645 secs, Idle: 2691/22170.4289555 secs, Blocked: 34/5.5958972 secs]
      [Inspected:         2686181]
         [Skipped:              0(  0.0%)]
         [Hashed:         2086975( 77.7%)]
         [Known:            34944(  1.3%)]
         [New:            2651237( 98.7%)    145.5M]
      [Deduplicated:      2041879( 77.0%)     92.1M( 63.3%)]
         [Young:           856388( 41.9%)     40.7M( 44.1%)]
         [Old:            1185491( 58.1%)     51.4M( 55.9%)]
   [Table]
      [Memory Usage: 2284.4K]
      [Size: 65536, Min: 1024, Max: 16777216]
      [Entries: 73008, Load: 111.4%, Cached: 2614, Added: 643809, Removed: 570801]
      [Resize Count: 6, Shrink Threshold: 43690(66.7%), Grow Threshold: 131072(200.0%)]
      [Rehash Count: 0, Rehash Threshold: 120, Hash Seed: 0x0]
      [Age Threshold: 3]
   [Queue]
      [Dropped: 0]
[GC concurrent-string-deduplication, deleted 0 entries, 0.0000010 secs]
2021-03-08T16:53:35.174+0800: 22179.878: Total time for which application threads were stopped: 0.0043691 seconds, Stopping threads took: 0.0003913 seconds
2021-03-08T16:53:35.178+0800: 22179.882: Total time for which application threads were stopped: 0.0037991 seconds, Stopping threads took: 0.0001371 seconds
2021-03-08T16:53:45.192+0800: 22189.896: Total time for which application threads were stopped: 0.0090661 seconds, Stopping threads took: 0.0022094 seconds
2021-03-08T16:53:48.295+0800: 22192.999: [GC pause (G1 Evacuation Pause) (young), 0.1927557 secs]
   [Parallel Time: 168.3 ms, GC Workers: 4]
      [GC Worker Start (ms): Min: 22193001.1, Avg: 22193003.1, Max: 22193005.8, Diff: 4.7]
      [Ext Root Scanning (ms): Min: 8.6, Avg: 17.6, Max: 28.4, Diff: 19.8, Sum: 70.3]
      [Update RS (ms): Min: 4.9, Avg: 15.8, Max: 22.0, Diff: 17.0, Sum: 63.2]
         [Processed Buffers: Min: 63, Avg: 99.0, Max: 139, Diff: 76, Sum: 396]
      [Scan RS (ms): Min: 0.3, Avg: 0.8, Max: 1.0, Diff: 0.7, Sum: 3.3]
      [Code Root Scanning (ms): Min: 0.0, Avg: 0.0, Max: 0.0, Diff: 0.0, Sum: 0.1]
      [Object Copy (ms): Min: 125.4, Avg: 130.9, Max: 133.4, Diff: 8.1, Sum: 523.5]
      [Termination (ms): Min: 0.0, Avg: 1.1, Max: 1.4, Diff: 1.4, Sum: 4.3]
         [Termination Attempts: Min: 1, Avg: 10.2, Max: 17, Diff: 16, Sum: 41]
      [GC Worker Other (ms): Min: 0.0, Avg: 0.1, Max: 0.1, Diff: 0.0, Sum: 0.2]
      [GC Worker Total (ms): Min: 163.4, Avg: 166.2, Max: 168.2, Diff: 4.7, Sum: 664.8]
      [GC Worker End (ms): Min: 22193169.3, Avg: 22193169.3, Max: 22193169.4, Diff: 0.1]
   [Code Root Fixup: 0.0 ms]
   [Code Root Purge: 0.0 ms]
   [String Dedup Fixup: 3.4 ms, GC Workers: 4]
      [Queue Fixup (ms): Min: 0.0, Avg: 0.0, Max: 0.0, Diff: 0.0, Sum: 0.0]
      [Table Fixup (ms): Min: 3.2, Avg: 3.3, Max: 3.4, Diff: 0.2, Sum: 13.1]
   [Clear CT: 10.1 ms]
   [Other: 11.0 ms]
      [Choose CSet: 0.0 ms]
      [Ref Proc: 0.2 ms]
      [Ref Enq: 0.0 ms]
      [Redirty Cards: 1.2 ms]
      [Humongous Register: 1.7 ms]
      [Humongous Reclaim: 0.3 ms]
      [Free CSet: 6.2 ms]
   [Eden: 3664.0M(3664.0M)->0.0B(1926.0M) Survivors: 102.0M->118.0M Heap: 4859.4M(6278.0M)->1173.4M(6278.0M)]
 [Times: user=0.51 sys=0.08, real=0.19 secs] 
2021-03-08T16:53:48.491+0800: 22193.195: Total time for which application threads were stopped: 0.2093897 seconds, Stopping threads took: 0.0056691 seconds
2021-03-08T16:53:48.493+0800: 22193.197: [GC concurrent-string-deduplication, 43.8K->21.2K(22.6K), avg 63.3%, 0.0004692 secs]
   [Last Exec: 0.0004692 secs, Idle: 14.9170798 secs, Blocked: 0/0.0000000 secs]
      [Inspected:             834]
         [Skipped:              0(  0.0%)]
         [Hashed:             587( 70.4%)]
         [Known:                0(  0.0%)]
         [New:                834(100.0%)     43.8K]
      [Deduplicated:          587( 70.4%)     22.6K( 51.5%)]
         [Young:              587(100.0%)     22.6K(100.0%)]
         [Old:                  0(  0.0%)      0.0B(  0.0%)]
   [Total Exec: 2692/1.7208337 secs, Idle: 2692/22185.3460353 secs, Blocked: 34/5.5958972 secs]
      [Inspected:         2687015]
         [Skipped:              0(  0.0%)]
         [Hashed:         2087562( 77.7%)]
         [Known:            34944(  1.3%)]
         [New:            2652071( 98.7%)    145.5M]
      [Deduplicated:      2042466( 77.0%)     92.1M( 63.3%)]
         [Young:           856975( 42.0%)     40.7M( 44.2%)]
         [Old:            1185491( 58.0%)     51.4M( 55.8%)]
   [Table]
      [Memory Usage: 2284.4K]
      [Size: 65536, Min: 1024, Max: 16777216]
      [Entries: 73255, Load: 111.8%, Cached: 2367, Added: 644056, Removed: 570801]
      [Resize Count: 6, Shrink Threshold: 43690(66.7%), Grow Threshold: 131072(200.0%)]
      [Rehash Count: 0, Rehash Threshold: 120, Hash Seed: 0x0]
      [Age Threshold: 3]
   [Queue]
      [Dropped: 0]
[GC concurrent-string-deduplication, deleted 0 entries, 0.0000009 secs]
2021-03-08T16:53:57.627+0800: 22202.331: [GC pause (G1 Evacuation Pause) (young), 0.1736645 secs]
   [Parallel Time: 162.5 ms, GC Workers: 4]
      [GC Worker Start (ms): Min: 22202333.9, Avg: 22202333.9, Max: 22202334.0, Diff: 0.1]
      [Ext Root Scanning (ms): Min: 7.0, Avg: 7.6, Max: 8.1, Diff: 1.1, Sum: 30.2]
      [Update RS (ms): Min: 10.0, Avg: 10.3, Max: 10.4, Diff: 0.4, Sum: 41.1]
         [Processed Buffers: Min: 74, Avg: 81.5, Max: 97, Diff: 23, Sum: 326]
      [Scan RS (ms): Min: 0.4, Avg: 0.4, Max: 0.5, Diff: 0.1, Sum: 1.7]
      [Code Root Scanning (ms): Min: 0.0, Avg: 0.0, Max: 0.0, Diff: 0.0, Sum: 0.1]
      [Object Copy (ms): Min: 143.7, Avg: 144.0, Max: 144.3, Diff: 0.6, Sum: 575.8]
      [Termination (ms): Min: 0.0, Avg: 0.0, Max: 0.0, Diff: 0.0, Sum: 0.1]
         [Termination Attempts: Min: 29, Avg: 32.5, Max: 35, Diff: 6, Sum: 130]
      [GC Worker Other (ms): Min: 0.1, Avg: 0.1, Max: 0.1, Diff: 0.0, Sum: 0.3]
      [GC Worker Total (ms): Min: 162.2, Avg: 162.3, Max: 162.4, Diff: 0.1, Sum: 649.3]
      [GC Worker End (ms): Min: 22202496.2, Avg: 22202496.2, Max: 22202496.3, Diff: 0.0]
   [Code Root Fixup: 0.0 ms]
   [Code Root Purge: 0.0 ms]
   [String Dedup Fixup: 3.0 ms, GC Workers: 4]
      [Queue Fixup (ms): Min: 0.0, Avg: 0.0, Max: 0.0, Diff: 0.0, Sum: 0.0]
      [Table Fixup (ms): Min: 2.9, Avg: 2.9, Max: 3.0, Diff: 0.0, Sum: 11.7]
   [Clear CT: 0.5 ms]
   [Other: 7.7 ms]
      [Choose CSet: 0.0 ms]
      [Ref Proc: 0.1 ms]
      [Ref Enq: 0.0 ms]
      [Redirty Cards: 0.1 ms]
      [Humongous Register: 2.2 ms]
      [Humongous Reclaim: 0.2 ms]
      [Free CSet: 3.2 ms]
   [Eden: 1926.0M(1926.0M)->0.0B(982.0M) Survivors: 118.0M->140.0M Heap: 3133.6M(6278.0M)->1193.6M(6278.0M)]
 [Times: user=0.57 sys=0.08, real=0.17 secs] 
2021-03-08T16:53:57.801+0800: 22202.505: Total time for which application threads were stopped: 0.1869437 seconds, Stopping threads took: 0.0053070 seconds
2021-03-08T16:53:57.801+0800: 22202.506: [GC concurrent-string-deduplication, 28.9K->15.4K(13.6K), avg 63.3%, 0.0004522 secs]
   [Last Exec: 0.0004522 secs, Idle: 9.3084228 secs, Blocked: 0/0.0000000 secs]
      [Inspected:             492]
         [Skipped:              0(  0.0%)]
         [Hashed:             318( 64.6%)]
         [Known:                0(  0.0%)]
         [New:                492(100.0%)     28.9K]
      [Deduplicated:          317( 64.4%)     13.6K( 46.9%)]
         [Young:              317(100.0%)     13.6K(100.0%)]
         [Old:                  0(  0.0%)      0.0B(  0.0%)]
   [Total Exec: 2693/1.7212859 secs, Idle: 2693/22194.6544580 secs, Blocked: 34/5.5958972 secs]
      [Inspected:         2687507]
         [Skipped:              0(  0.0%)]
         [Hashed:         2087880( 77.7%)]
         [Known:            34944(  1.3%)]
         [New:            2652563( 98.7%)    145.6M]
      [Deduplicated:      2042783( 77.0%)     92.1M( 63.3%)]
         [Young:           857292( 42.0%)     40.7M( 44.2%)]
         [Old:            1185491( 58.0%)     51.4M( 55.8%)]
   [Table]
      [Memory Usage: 2284.4K]
      [Size: 65536, Min: 1024, Max: 16777216]
      [Entries: 73430, Load: 112.0%, Cached: 2192, Added: 644231, Removed: 570801]
      [Resize Count: 6, Shrink Threshold: 43690(66.7%), Grow Threshold: 131072(200.0%)]
      [Rehash Count: 0, Rehash Threshold: 120, Hash Seed: 0x0]
      [Age Threshold: 3]
   [Queue]
      [Dropped: 0]
[GC concurrent-string-deduplication, deleted 0 entries, 0.0000009 secs]
2021-03-08T16:54:02.062+0800: 22206.766: [GC pause (G1 Evacuation Pause) (young), 0.1961569 secs]
   [Parallel Time: 185.4 ms, GC Workers: 4]
      [GC Worker Start (ms): Min: 22206769.3, Avg: 22206783.5, Max: 22206791.3, Diff: 21.9]
      [Ext Root Scanning (ms): Min: 0.2, Avg: 10.0, Max: 35.0, Diff: 34.8, Sum: 40.2]
      [Update RS (ms): Min: 0.0, Avg: 5.4, Max: 10.1, Diff: 10.1, Sum: 21.5]
         [Processed Buffers: Min: 0, Avg: 26.2, Max: 46, Diff: 46, Sum: 105]
      [Scan RS (ms): Min: 0.0, Avg: 0.3, Max: 0.4, Diff: 0.4, Sum: 1.0]
      [Code Root Scanning (ms): Min: 0.0, Avg: 0.0, Max: 0.0, Diff: 0.0, Sum: 0.0]
      [Object Copy (ms): Min: 150.2, Avg: 155.4, Max: 157.4, Diff: 7.3, Sum: 621.6]
      [Termination (ms): Min: 0.0, Avg: 0.0, Max: 0.0, Diff: 0.0, Sum: 0.0]
         [Termination Attempts: Min: 11, Avg: 17.8, Max: 22, Diff: 11, Sum: 71]
      [GC Worker Other (ms): Min: 0.0, Avg: 0.1, Max: 0.1, Diff: 0.0, Sum: 0.2]
      [GC Worker Total (ms): Min: 163.4, Avg: 171.1, Max: 185.3, Diff: 22.0, Sum: 684.5]
      [GC Worker End (ms): Min: 22206954.6, Avg: 22206954.6, Max: 22206954.7, Diff: 0.0]
   [Code Root Fixup: 0.0 ms]
   [Code Root Purge: 0.0 ms]
   [String Dedup Fixup: 3.8 ms, GC Workers: 4]
      [Queue Fixup (ms): Min: 0.0, Avg: 0.0, Max: 0.0, Diff: 0.0, Sum: 0.0]
      [Table Fixup (ms): Min: 2.9, Avg: 2.9, Max: 3.0, Diff: 0.1, Sum: 11.7]
   [Clear CT: 0.3 ms]
   [Other: 6.6 ms]
      [Choose CSet: 0.0 ms]
      [Ref Proc: 0.1 ms]
      [Ref Enq: 0.0 ms]
      [Redirty Cards: 0.2 ms]
      [Humongous Register: 2.8 ms]
      [Humongous Reclaim: 0.1 ms]
      [Free CSet: 1.9 ms]
   [Eden: 982.0M(982.0M)->0.0B(3702.0M) Survivors: 140.0M->64.0M Heap: 2179.7M(6278.0M)->1199.2M(6278.0M)]
 [Times: user=0.57 sys=0.06, real=0.20 secs] 
2021-03-08T16:54:02.259+0800: 22206.963: Total time for which application threads were stopped: 0.2236788 seconds, Stopping threads took: 0.0176523 seconds
2021-03-08T16:54:02.259+0800: 22206.963: [GC concurrent-string-deduplication, 61.3K->31.3K(30.0K), avg 63.3%, 0.0005369 secs]
   [Last Exec: 0.0005369 secs, Idle: 4.4571062 secs, Blocked: 0/0.0000000 secs]
      [Inspected:            1131]
         [Skipped:              0(  0.0%)]
         [Hashed:             768( 67.9%)]
         [Known:                0(  0.0%)]
         [New:               1131(100.0%)     61.3K]
      [Deduplicated:          766( 67.7%)     30.0K( 49.0%)]
         [Young:              766(100.0%)     30.0K(100.0%)]
         [Old:                  0(  0.0%)      0.0B(  0.0%)]
   [Total Exec: 2694/1.7218229 secs, Idle: 2694/22199.1115642 secs, Blocked: 34/5.5958972 secs]
      [Inspected:         2688638]
         [Skipped:              0(  0.0%)]
         [Hashed:         2088648( 77.7%)]
         [Known:            34944(  1.3%)]
         [New:            2653694( 98.7%)    145.6M]
      [Deduplicated:      2043549( 77.0%)     92.2M( 63.3%)]
         [Young:           858058( 42.0%)     40.7M( 44.2%)]
         [Old:            1185491( 58.0%)     51.4M( 55.8%)]
   [Table]
      [Memory Usage: 2284.4K]
      [Size: 65536, Min: 1024, Max: 16777216]
      [Entries: 73793, Load: 112.6%, Cached: 1829, Added: 644596, Removed: 570803]
      [Resize Count: 6, Shrink Threshold: 43690(66.7%), Grow Threshold: 131072(200.0%)]
      [Rehash Count: 0, Rehash Threshold: 120, Hash Seed: 0x0]
      [Age Threshold: 3]
   [Queue]
      [Dropped: 0]
[GC concurrent-string-deduplication, deleted 0 entries, 0.0000006 secs]
2021-03-08T16:54:05.333+0800: 22210.038: Total time for which application threads were stopped: 0.0040228 seconds, Stopping threads took: 0.0003915 seconds
2021-03-08T16:54:05.337+0800: 22210.041: Total time for which application threads were stopped: 0.0035188 seconds, Stopping threads took: 0.0001824 seconds
2021-03-08T16:54:22.104+0800: 22226.808: [GC pause (G1 Evacuation Pause) (young), 0.1703846 secs]
   [Parallel Time: 140.7 ms, GC Workers: 4]
      [GC Worker Start (ms): Min: 22226810.1, Avg: 22226810.2, Max: 22226810.4, Diff: 0.4]
      [Ext Root Scanning (ms): Min: 9.2, Avg: 9.3, Max: 9.5, Diff: 0.4, Sum: 37.2]
      [Update RS (ms): Min: 35.6, Avg: 35.7, Max: 35.8, Diff: 0.1, Sum: 142.9]
         [Processed Buffers: Min: 86, Avg: 107.2, Max: 131, Diff: 45, Sum: 429]
      [Scan RS (ms): Min: 0.8, Avg: 0.8, Max: 0.9, Diff: 0.1, Sum: 3.4]
      [Code Root Scanning (ms): Min: 0.0, Avg: 0.0, Max: 0.0, Diff: 0.0, Sum: 0.1]
      [Object Copy (ms): Min: 93.0, Avg: 93.1, Max: 93.2, Diff: 0.2, Sum: 372.4]
      [Termination (ms): Min: 0.0, Avg: 0.1, Max: 0.1, Diff: 0.1, Sum: 0.3]
         [Termination Attempts: Min: 69, Avg: 90.0, Max: 111, Diff: 42, Sum: 360]
      [GC Worker Other (ms): Min: 0.1, Avg: 0.8, Max: 1.5, Diff: 1.5, Sum: 3.1]
      [GC Worker Total (ms): Min: 138.9, Avg: 139.8, Max: 140.6, Diff: 1.8, Sum: 559.4]
      [GC Worker End (ms): Min: 22226949.3, Avg: 22226950.0, Max: 22226950.7, Diff: 1.4]
   [Code Root Fixup: 0.0 ms]
   [Code Root Purge: 0.0 ms]
   [String Dedup Fixup: 2.9 ms, GC Workers: 4]
      [Queue Fixup (ms): Min: 0.0, Avg: 0.0, Max: 0.0, Diff: 0.0, Sum: 0.0]
      [Table Fixup (ms): Min: 2.8, Avg: 2.8, Max: 2.8, Diff: 0.0, Sum: 11.1]
   [Clear CT: 2.2 ms]
   [Other: 24.5 ms]
      [Choose CSet: 0.0 ms]
      [Ref Proc: 0.5 ms]
      [Ref Enq: 0.0 ms]
      [Redirty Cards: 14.1 ms]
      [Humongous Register: 1.5 ms]
      [Humongous Reclaim: 0.2 ms]
      [Free CSet: 6.6 ms]
   [Eden: 3702.0M(3702.0M)->0.0B(3684.0M) Survivors: 64.0M->82.0M Heap: 4917.9M(6278.0M)->1217.5M(6278.0M)]
 [Times: user=0.44 sys=0.05, real=0.18 secs] 
2021-03-08T16:54:22.275+0800: 22226.979: Total time for which application threads were stopped: 0.1804333 seconds, Stopping threads took: 0.0022163 seconds
2021-03-08T16:54:22.275+0800: 22226.979: [GC concurrent-string-deduplication, 30.0K->14.4K(15.6K), avg 63.3%, 0.0003258 secs]
   [Last Exec: 0.0003258 secs, Idle: 20.0157096 secs, Blocked: 0/0.0000000 secs]
      [Inspected:             564]
         [Skipped:              0(  0.0%)]
         [Hashed:             396( 70.2%)]
         [Known:                0(  0.0%)]
         [New:                564(100.0%)     30.0K]
      [Deduplicated:          396( 70.2%)     15.6K( 51.9%)]
         [Young:              396(100.0%)     15.6K(100.0%)]
         [Old:                  0(  0.0%)      0.0B(  0.0%)]
   [Total Exec: 2695/1.7221487 secs, Idle: 2695/22219.1272738 secs, Blocked: 34/5.5958972 secs]
      [Inspected:         2689202]
         [Skipped:              0(  0.0%)]
         [Hashed:         2089044( 77.7%)]
         [Known:            34944(  1.3%)]
         [New:            2654258( 98.7%)    145.6M]
      [Deduplicated:      2043945( 77.0%)     92.2M( 63.3%)]
         [Young:           858454( 42.0%)     40.7M( 44.2%)]
         [Old:            1185491( 58.0%)     51.4M( 55.8%)]
   [Table]
      [Memory Usage: 2284.4K]
      [Size: 65536, Min: 1024, Max: 16777216]
      [Entries: 73961, Load: 112.9%, Cached: 1661, Added: 644764, Removed: 570803]
      [Resize Count: 6, Shrink Threshold: 43690(66.7%), Grow Threshold: 131072(200.0%)]
      [Rehash Count: 0, Rehash Threshold: 120, Hash Seed: 0x0]
      [Age Threshold: 3]
   [Queue]
      [Dropped: 0]
[GC concurrent-string-deduplication, deleted 0 entries, 0.0000008 secs]
2021-03-08T16:54:35.977+0800: 22240.681: Total time for which application threads were stopped: 0.0096244 seconds, Stopping threads took: 0.0023916 seconds
2021-03-08T16:54:35.981+0800: 22240.685: Total time for which application threads were stopped: 0.0037622 seconds, Stopping threads took: 0.0001776 seconds
2021-03-08T16:54:35.984+0800: 22240.689: Total time for which application threads were stopped: 0.0035964 seconds, Stopping threads took: 0.0001940 seconds
2021-03-08T16:54:40.590+0800: 22245.294: [GC pause (G1 Evacuation Pause) (young), 0.2742236 secs]
   [Parallel Time: 251.9 ms, GC Workers: 4]
      [GC Worker Start (ms): Min: 22245296.5, Avg: 22245303.7, Max: 22245307.8, Diff: 11.3]
      [Ext Root Scanning (ms): Min: 4.0, Avg: 10.6, Max: 20.5, Diff: 16.5, Sum: 42.5]
      [Update RS (ms): Min: 13.5, Avg: 16.1, Max: 18.4, Diff: 4.9, Sum: 64.3]
         [Processed Buffers: Min: 32, Avg: 70.0, Max: 108, Diff: 76, Sum: 280]
      [Scan RS (ms): Min: 0.8, Avg: 6.0, Max: 13.0, Diff: 12.2, Sum: 24.1]
      [Code Root Scanning (ms): Min: 0.0, Avg: 0.0, Max: 0.1, Diff: 0.1, Sum: 0.1]
      [Object Copy (ms): Min: 202.3, Avg: 209.9, Max: 215.0, Diff: 12.7, Sum: 839.5]
      [Termination (ms): Min: 0.1, Avg: 0.5, Max: 1.4, Diff: 1.3, Sum: 1.8]
         [Termination Attempts: Min: 24, Avg: 62.0, Max: 92, Diff: 68, Sum: 248]
      [GC Worker Other (ms): Min: 0.0, Avg: 0.1, Max: 0.1, Diff: 0.1, Sum: 0.2]
      [GC Worker Total (ms): Min: 239.0, Avg: 243.2, Max: 250.3, Diff: 11.3, Sum: 972.6]
      [GC Worker End (ms): Min: 22245546.8, Avg: 22245546.8, Max: 22245546.8, Diff: 0.0]
   [Code Root Fixup: 0.0 ms]
   [Code Root Purge: 0.0 ms]
   [String Dedup Fixup: 11.9 ms, GC Workers: 4]
      [Queue Fixup (ms): Min: 0.0, Avg: 0.0, Max: 0.0, Diff: 0.0, Sum: 0.0]
      [Table Fixup (ms): Min: 0.0, Avg: 3.0, Max: 11.8, Diff: 11.8, Sum: 11.8]
   [Clear CT: 1.2 ms]
   [Other: 9.2 ms]
      [Choose CSet: 0.0 ms]
      [Ref Proc: 0.2 ms]
      [Ref Enq: 0.0 ms]
      [Redirty Cards: 0.1 ms]
      [Humongous Register: 1.5 ms]
      [Humongous Reclaim: 0.2 ms]
      [Free CSet: 5.8 ms]
   [Eden: 3684.0M(3684.0M)->0.0B(778.0M) Survivors: 82.0M->106.0M Heap: 4927.5M(6278.0M)->1240.7M(6278.0M)]
 [Times: user=0.43 sys=0.09, real=0.28 secs] 
2021-03-08T16:54:40.865+0800: 22245.569: Total time for which application threads were stopped: 0.2846024 seconds, Stopping threads took: 0.0021820 seconds
2021-03-08T16:54:40.865+0800: 22245.570: [GC concurrent-string-deduplication, 17.0K->7688.0B(9712.0B), avg 63.3%, 0.0002323 secs]
   [Last Exec: 0.0002323 secs, Idle: 18.5898439 secs, Blocked: 0/0.0000000 secs]
      [Inspected:             300]
         [Skipped:              0(  0.0%)]
         [Hashed:             213( 71.0%)]
         [Known:                0(  0.0%)]
         [New:                300(100.0%)     17.0K]
      [Deduplicated:          212( 70.7%)   9712.0B( 55.8%)]
         [Young:              212(100.0%)   9712.0B(100.0%)]
         [Old:                  0(  0.0%)      0.0B(  0.0%)]
   [Total Exec: 2696/1.7223810 secs, Idle: 2696/22237.7171178 secs, Blocked: 34/5.5958972 secs]
      [Inspected:         2689502]
         [Skipped:              0(  0.0%)]
         [Hashed:         2089257( 77.7%)]
         [Known:            34944(  1.3%)]
         [New:            2654558( 98.7%)    145.7M]
      [Deduplicated:      2044157( 77.0%)     92.2M( 63.3%)]
         [Young:           858666( 42.0%)     40.7M( 44.2%)]
         [Old:            1185491( 58.0%)     51.4M( 55.8%)]
   [Table]
      [Memory Usage: 2284.4K]
      [Size: 65536, Min: 1024, Max: 16777216]
      [Entries: 74049, Load: 113.0%, Cached: 1573, Added: 644852, Removed: 570803]
      [Resize Count: 6, Shrink Threshold: 43690(66.7%), Grow Threshold: 131072(200.0%)]
      [Rehash Count: 0, Rehash Threshold: 120, Hash Seed: 0x0]
      [Age Threshold: 3]
   [Queue]
      [Dropped: 0]
[GC concurrent-string-deduplication, deleted 0 entries, 0.0000009 secs]
2021-03-08T16:54:47.973+0800: 22252.677: [GC pause (G1 Evacuation Pause) (young), 0.1644372 secs]
   [Parallel Time: 145.9 ms, GC Workers: 4]
      [GC Worker Start (ms): Min: 22252677.9, Avg: 22252685.2, Max: 22252689.4, Diff: 11.5]
      [Ext Root Scanning (ms): Min: 1.1, Avg: 7.4, Max: 13.4, Diff: 12.3, Sum: 29.4]
      [Update RS (ms): Min: 0.0, Avg: 2.0, Max: 3.1, Diff: 3.1, Sum: 8.0]
         [Processed Buffers: Min: 0, Avg: 17.5, Max: 42, Diff: 42, Sum: 70]
      [Scan RS (ms): Min: 0.0, Avg: 0.2, Max: 0.3, Diff: 0.3, Sum: 0.6]
      [Code Root Scanning (ms): Min: 0.0, Avg: 0.0, Max: 0.0, Diff: 0.0, Sum: 0.0]
      [Object Copy (ms): Min: 123.7, Avg: 127.3, Max: 129.8, Diff: 6.1, Sum: 509.1]
      [Termination (ms): Min: 0.0, Avg: 1.6, Max: 2.2, Diff: 2.1, Sum: 6.4]
         [Termination Attempts: Min: 56, Avg: 84.8, Max: 111, Diff: 55, Sum: 339]
      [GC Worker Other (ms): Min: 0.0, Avg: 0.0, Max: 0.0, Diff: 0.0, Sum: 0.1]
      [GC Worker Total (ms): Min: 134.3, Avg: 138.4, Max: 145.7, Diff: 11.5, Sum: 553.6]
      [GC Worker End (ms): Min: 22252823.6, Avg: 22252823.6, Max: 22252823.6, Diff: 0.0]
   [Code Root Fixup: 0.0 ms]
   [Code Root Purge: 0.0 ms]
   [String Dedup Fixup: 4.5 ms, GC Workers: 4]
      [Queue Fixup (ms): Min: 0.0, Avg: 0.0, Max: 0.0, Diff: 0.0, Sum: 0.0]
      [Table Fixup (ms): Min: 1.4, Avg: 1.7, Max: 2.6, Diff: 1.2, Sum: 6.9]
   [Clear CT: 0.2 ms]
   [Other: 13.9 ms]
      [Choose CSet: 0.0 ms]
      [Ref Proc: 6.8 ms]
      [Ref Enq: 0.0 ms]
      [Redirty Cards: 4.0 ms]
      [Humongous Register: 0.2 ms]
      [Humongous Reclaim: 0.1 ms]
      [Free CSet: 1.1 ms]
   [Eden: 778.0M(778.0M)->0.0B(3706.0M) Survivors: 106.0M->60.0M Heap: 2019.7M(6278.0M)->1246.7M(6278.0M)]
 [Times: user=0.47 sys=0.05, real=0.17 secs] 
2021-03-08T16:54:48.138+0800: 22252.842: Total time for which application threads were stopped: 0.1711285 seconds, Stopping threads took: 0.0003741 seconds
2021-03-08T16:54:48.139+0800: 22252.843: [GC concurrent-string-deduplication, 59.8K->33.9K(25.9K), avg 63.3%, 0.0005101 secs]
   [Last Exec: 0.0005101 secs, Idle: 7.2726692 secs, Blocked: 0/0.0000000 secs]
      [Inspected:            1054]
         [Skipped:              0(  0.0%)]
         [Hashed:             660( 62.6%)]
         [Known:                0(  0.0%)]
         [New:               1054(100.0%)     59.8K]
      [Deduplicated:          659( 62.5%)     25.9K( 43.4%)]
         [Young:              659(100.0%)     25.9K(100.0%)]
         [Old:                  0(  0.0%)      0.0B(  0.0%)]
   [Total Exec: 2697/1.7228911 secs, Idle: 2697/22244.9897869 secs, Blocked: 34/5.5958972 secs]
      [Inspected:         2690556]
         [Skipped:              0(  0.0%)]
         [Hashed:         2089917( 77.7%)]
         [Known:            34944(  1.3%)]
         [New:            2655612( 98.7%)    145.7M]
      [Deduplicated:      2044816( 77.0%)     92.2M( 63.3%)]
         [Young:           859325( 42.0%)     40.8M( 44.2%)]
         [Old:            1185491( 58.0%)     51.4M( 55.8%)]
   [Table]
      [Memory Usage: 2284.4K]
      [Size: 65536, Min: 1024, Max: 16777216]
      [Entries: 74444, Load: 113.6%, Cached: 1178, Added: 645247, Removed: 570803]
      [Resize Count: 6, Shrink Threshold: 43690(66.7%), Grow Threshold: 131072(200.0%)]
      [Rehash Count: 0, Rehash Threshold: 120, Hash Seed: 0x0]
      [Age Threshold: 3]
   [Queue]
      [Dropped: 0]
[GC concurrent-string-deduplication, deleted 0 entries, 0.0000008 secs]
2021-03-08T16:55:03.935+0800: 22268.639: [GC pause (G1 Evacuation Pause) (young), 0.1326501 secs]
   [Parallel Time: 119.7 ms, GC Workers: 4]
      [GC Worker Start (ms): Min: 22268640.6, Avg: 22268645.3, Max: 22268646.9, Diff: 6.3]
      [Ext Root Scanning (ms): Min: 5.1, Avg: 6.9, Max: 11.5, Diff: 6.5, Sum: 27.5]
      [Update RS (ms): Min: 15.1, Avg: 15.3, Max: 15.6, Diff: 0.5, Sum: 61.1]
         [Processed Buffers: Min: 74, Avg: 110.5, Max: 139, Diff: 65, Sum: 442]
      [Scan RS (ms): Min: 0.5, Avg: 0.8, Max: 0.9, Diff: 0.4, Sum: 3.3]
      [Code Root Scanning (ms): Min: 0.0, Avg: 0.0, Max: 0.0, Diff: 0.0, Sum: 0.1]
      [Object Copy (ms): Min: 91.7, Avg: 91.8, Max: 92.1, Diff: 0.4, Sum: 367.4]
      [Termination (ms): Min: 0.0, Avg: 0.0, Max: 0.0, Diff: 0.0, Sum: 0.1]
         [Termination Attempts: Min: 29, Avg: 30.0, Max: 31, Diff: 2, Sum: 120]
      [GC Worker Other (ms): Min: 0.1, Avg: 0.1, Max: 0.1, Diff: 0.0, Sum: 0.3]
      [GC Worker Total (ms): Min: 113.3, Avg: 114.9, Max: 119.6, Diff: 6.3, Sum: 459.7]
      [GC Worker End (ms): Min: 22268760.2, Avg: 22268760.3, Max: 22268760.3, Diff: 0.0]
   [Code Root Fixup: 0.0 ms]
   [Code Root Purge: 0.0 ms]
   [String Dedup Fixup: 2.9 ms, GC Workers: 4]
      [Queue Fixup (ms): Min: 0.0, Avg: 0.0, Max: 0.0, Diff: 0.0, Sum: 0.0]
      [Table Fixup (ms): Min: 2.8, Avg: 2.8, Max: 2.9, Diff: 0.1, Sum: 11.3]
   [Clear CT: 0.9 ms]
   [Other: 9.1 ms]
      [Choose CSet: 0.0 ms]
      [Ref Proc: 0.1 ms]
      [Ref Enq: 0.0 ms]
      [Redirty Cards: 0.1 ms]
      [Humongous Register: 1.2 ms]
      [Humongous Reclaim: 0.3 ms]
      [Free CSet: 5.8 ms]
   [Eden: 3706.0M(3706.0M)->0.0B(1788.0M) Survivors: 60.0M->86.0M Heap: 5005.3M(6278.0M)->1273.5M(6278.0M)]
 [Times: user=0.39 sys=0.07, real=0.13 secs] 
2021-03-08T16:55:04.068+0800: 22268.772: Total time for which application threads were stopped: 0.1434699 seconds, Stopping threads took: 0.0021954 seconds
2021-03-08T16:55:04.069+0800: 22268.773: [GC concurrent-string-deduplication, 66.6K->37.0K(29.6K), avg 63.3%, 0.0006193 secs]
   [Last Exec: 0.0006193 secs, Idle: 15.9291602 secs, Blocked: 0/0.0000000 secs]
      [Inspected:            1196]
         [Skipped:              0(  0.0%)]
         [Hashed:             765( 64.0%)]
         [Known:                0(  0.0%)]
         [New:               1196(100.0%)     66.6K]
      [Deduplicated:          764( 63.9%)     29.6K( 44.4%)]
         [Young:              764(100.0%)     29.6K(100.0%)]
         [Old:                  0(  0.0%)      0.0B(  0.0%)]
   [Total Exec: 2698/1.7235104 secs, Idle: 2698/22260.9189471 secs, Blocked: 34/5.5958972 secs]
      [Inspected:         2691752]
         [Skipped:              0(  0.0%)]
         [Hashed:         2090682( 77.7%)]
         [Known:            34944(  1.3%)]
         [New:            2656808( 98.7%)    145.8M]
      [Deduplicated:      2045580( 77.0%)     92.2M( 63.3%)]
         [Young:           860089( 42.0%)     40.8M( 44.2%)]
         [Old:            1185491( 58.0%)     51.4M( 55.8%)]
   [Table]
      [Memory Usage: 2284.4K]
      [Size: 65536, Min: 1024, Max: 16777216]
      [Entries: 74876, Load: 114.3%, Cached: 746, Added: 645679, Removed: 570803]
      [Resize Count: 6, Shrink Threshold: 43690(66.7%), Grow Threshold: 131072(200.0%)]
      [Rehash Count: 0, Rehash Threshold: 120, Hash Seed: 0x0]
      [Age Threshold: 3]
   [Queue]
      [Dropped: 0]
[GC concurrent-string-deduplication, deleted 0 entries, 0.0000007 secs]
2021-03-08T16:55:06.696+0800: 22271.400: Total time for which application threads were stopped: 0.0082856 seconds, Stopping threads took: 0.0004087 seconds
2021-03-08T16:55:06.699+0800: 22271.404: Total time for which application threads were stopped: 0.0036141 seconds, Stopping threads took: 0.0001296 seconds
2021-03-08T16:55:15.166+0800: 22279.870: [GC pause (G1 Evacuation Pause) (young), 0.1219372 secs]
   [Parallel Time: 111.2 ms, GC Workers: 4]
      [GC Worker Start (ms): Min: 22279872.7, Avg: 22279872.7, Max: 22279872.7, Diff: 0.1]
      [Ext Root Scanning (ms): Min: 4.3, Avg: 4.5, Max: 4.8, Diff: 0.5, Sum: 18.1]
      [Update RS (ms): Min: 2.8, Avg: 2.8, Max: 2.9, Diff: 0.0, Sum: 11.4]
         [Processed Buffers: Min: 13, Avg: 27.5, Max: 40, Diff: 27, Sum: 110]
      [Scan RS (ms): Min: 0.4, Avg: 0.4, Max: 0.4, Diff: 0.0, Sum: 1.4]
      [Code Root Scanning (ms): Min: 0.0, Avg: 0.0, Max: 0.0, Diff: 0.0, Sum: 0.0]
      [Object Copy (ms): Min: 103.1, Avg: 103.3, Max: 103.5, Diff: 0.5, Sum: 413.4]
      [Termination (ms): Min: 0.0, Avg: 0.0, Max: 0.0, Diff: 0.0, Sum: 0.1]
         [Termination Attempts: Min: 16, Avg: 22.5, Max: 32, Diff: 16, Sum: 90]
      [GC Worker Other (ms): Min: 0.0, Avg: 0.0, Max: 0.1, Diff: 0.0, Sum: 0.2]
      [GC Worker Total (ms): Min: 111.1, Avg: 111.2, Max: 111.2, Diff: 0.1, Sum: 444.6]
      [GC Worker End (ms): Min: 22279983.8, Avg: 22279983.9, Max: 22279983.9, Diff: 0.0]
   [Code Root Fixup: 0.0 ms]
   [Code Root Purge: 0.0 ms]
   [String Dedup Fixup: 2.9 ms, GC Workers: 4]
      [Queue Fixup (ms): Min: 0.0, Avg: 0.0, Max: 0.0, Diff: 0.0, Sum: 0.0]
      [Table Fixup (ms): Min: 2.8, Avg: 2.9, Max: 2.9, Diff: 0.1, Sum: 11.4]
   [Clear CT: 0.5 ms]
   [Other: 7.3 ms]
      [Choose CSet: 0.0 ms]
      [Ref Proc: 0.1 ms]
      [Ref Enq: 0.0 ms]
      [Redirty Cards: 0.0 ms]
      [Humongous Register: 2.5 ms]
      [Humongous Reclaim: 0.1 ms]
      [Free CSet: 3.1 ms]
   [Eden: 1788.0M(1788.0M)->0.0B(2804.0M) Survivors: 86.0M->98.0M Heap: 3067.6M(6278.0M)->1286.7M(6278.0M)]
 [Times: user=0.40 sys=0.05, real=0.12 secs] 
2021-03-08T16:55:15.288+0800: 22279.992: Total time for which application threads were stopped: 0.1316718 seconds, Stopping threads took: 0.0022078 seconds
2021-03-08T16:55:15.288+0800: 22279.993: [GC concurrent-string-deduplication, 10.8K->6688.0B(4400.0B), avg 63.3%, 0.0001526 secs]
   [Last Exec: 0.0001526 secs, Idle: 11.2195816 secs, Blocked: 0/0.0000000 secs]
      [Inspected:             185]
         [Skipped:              0(  0.0%)]
         [Hashed:             109( 58.9%)]
         [Known:                0(  0.0%)]
         [New:                185(100.0%)     10.8K]
      [Deduplicated:          109( 58.9%)   4400.0B( 39.7%)]
         [Young:              109(100.0%)   4400.0B(100.0%)]
         [Old:                  0(  0.0%)      0.0B(  0.0%)]
   [Total Exec: 2699/1.7236630 secs, Idle: 2699/22272.1385287 secs, Blocked: 34/5.5958972 secs]
      [Inspected:         2691937]
         [Skipped:              0(  0.0%)]
         [Hashed:         2090791( 77.7%)]
         [Known:            34944(  1.3%)]
         [New:            2656993( 98.7%)    145.8M]
      [Deduplicated:      2045689( 77.0%)     92.2M( 63.3%)]
         [Young:           860198( 42.0%)     40.8M( 44.2%)]
         [Old:            1185491( 58.0%)     51.4M( 55.8%)]
   [Table]
      [Memory Usage: 2284.4K]
      [Size: 65536, Min: 1024, Max: 16777216]
      [Entries: 74952, Load: 114.4%, Cached: 670, Added: 645755, Removed: 570803]
      [Resize Count: 6, Shrink Threshold: 43690(66.7%), Grow Threshold: 131072(200.0%)]
      [Rehash Count: 0, Rehash Threshold: 120, Hash Seed: 0x0]
      [Age Threshold: 3]
   [Queue]
      [Dropped: 0]
[GC concurrent-string-deduplication, deleted 0 entries, 0.0000008 secs]
2021-03-08T16:55:31.555+0800: 22296.259: [GC pause (G1 Evacuation Pause) (young), 0.1490284 secs]
   [Parallel Time: 136.5 ms, GC Workers: 4]
      [GC Worker Start (ms): Min: 22296261.2, Avg: 22296261.4, Max: 22296261.4, Diff: 0.2]
      [Ext Root Scanning (ms): Min: 5.3, Avg: 5.5, Max: 5.8, Diff: 0.5, Sum: 22.0]
      [Update RS (ms): Min: 7.5, Avg: 7.7, Max: 7.9, Diff: 0.4, Sum: 30.8]
         [Processed Buffers: Min: 47, Avg: 59.0, Max: 67, Diff: 20, Sum: 236]
      [Scan RS (ms): Min: 0.5, Avg: 0.6, Max: 0.7, Diff: 0.2, Sum: 2.4]
      [Code Root Scanning (ms): Min: 0.0, Avg: 0.0, Max: 0.0, Diff: 0.0, Sum: 0.1]
      [Object Copy (ms): Min: 122.2, Avg: 122.3, Max: 122.4, Diff: 0.3, Sum: 489.4]
      [Termination (ms): Min: 0.0, Avg: 0.0, Max: 0.0, Diff: 0.0, Sum: 0.1]
         [Termination Attempts: Min: 11, Avg: 17.0, Max: 20, Diff: 9, Sum: 68]
      [GC Worker Other (ms): Min: 0.1, Avg: 0.1, Max: 0.1, Diff: 0.1, Sum: 0.3]
      [GC Worker Total (ms): Min: 136.2, Avg: 136.2, Max: 136.4, Diff: 0.2, Sum: 545.0]
      [GC Worker End (ms): Min: 22296397.6, Avg: 22296397.6, Max: 22296397.6, Diff: 0.0]
   [Code Root Fixup: 0.0 ms]
   [Code Root Purge: 0.0 ms]
   [String Dedup Fixup: 3.0 ms, GC Workers: 4]
      [Queue Fixup (ms): Min: 0.0, Avg: 0.0, Max: 0.0, Diff: 0.0, Sum: 0.0]
      [Table Fixup (ms): Min: 2.8, Avg: 2.9, Max: 2.9, Diff: 0.1, Sum: 11.5]
   [Clear CT: 1.0 ms]
   [Other: 8.5 ms]
      [Choose CSet: 0.0 ms]
      [Ref Proc: 0.1 ms]
      [Ref Enq: 0.0 ms]
      [Redirty Cards: 0.1 ms]
      [Humongous Register: 1.9 ms]
      [Humongous Reclaim: 0.2 ms]
      [Free CSet: 4.9 ms]
   [Eden: 2804.0M(2804.0M)->0.0B(1820.0M) Survivors: 98.0M->122.0M Heap: 4110.6M(6278.0M)->1309.2M(6278.0M)]
 [Times: user=0.50 sys=0.06, real=0.14 secs] 
2021-03-08T16:55:31.704+0800: 22296.408: Total time for which application threads were stopped: 0.1589603 seconds, Stopping threads took: 0.0021307 seconds
2021-03-08T16:55:31.705+0800: 22296.409: [GC concurrent-string-deduplication, 87.2K->42.4K(44.9K), avg 63.3%, 0.0007857 secs]
   [Last Exec: 0.0007857 secs, Idle: 16.4158654 secs, Blocked: 0/0.0000000 secs]
      [Inspected:            1626]
         [Skipped:              0(  0.0%)]
         [Hashed:            1132( 69.6%)]
         [Known:                0(  0.0%)]
         [New:               1626(100.0%)     87.2K]
      [Deduplicated:         1133( 69.7%)     44.9K( 51.4%)]
         [Young:             1133(100.0%)     44.9K(100.0%)]
         [Old:                  0(  0.0%)      0.0B(  0.0%)]
   [Total Exec: 2700/1.7244487 secs, Idle: 2700/22288.5543941 secs, Blocked: 34/5.5958972 secs]
      [Inspected:         2693563]
         [Skipped:              0(  0.0%)]
         [Hashed:         2091923( 77.7%)]
         [Known:            34944(  1.3%)]
         [New:            2658619( 98.7%)    145.9M]
      [Deduplicated:      2046822( 77.0%)     92.3M( 63.3%)]
         [Young:           861331( 42.1%)     40.8M( 44.3%)]
         [Old:            1185491( 57.9%)     51.4M( 55.7%)]
   [Table]
      [Memory Usage: 2284.4K]
      [Size: 65536, Min: 1024, Max: 16777216]
      [Entries: 75445, Load: 115.1%, Cached: 177, Added: 646248, Removed: 570803]
      [Resize Count: 6, Shrink Threshold: 43690(66.7%), Grow Threshold: 131072(200.0%)]
      [Rehash Count: 0, Rehash Threshold: 120, Hash Seed: 0x0]
      [Age Threshold: 3]
   [Queue]
      [Dropped: 0]
[GC concurrent-string-deduplication, deleted 0 entries, 0.0000008 secs]
2021-03-08T16:55:37.174+0800: 22301.879: Total time for which application threads were stopped: 0.0107180 seconds, Stopping threads took: 0.0037803 seconds
2021-03-08T16:55:37.180+0800: 22301.885: Total time for which application threads were stopped: 0.0059836 seconds, Stopping threads took: 0.0002650 seconds
2021-03-08T16:55:42.693+0800: 22307.397: [GC pause (G1 Evacuation Pause) (young), 0.1637001 secs]
   [Parallel Time: 152.8 ms, GC Workers: 4]
      [GC Worker Start (ms): Min: 22307399.9, Avg: 22307400.8, Max: 22307401.8, Diff: 1.9]
      [Ext Root Scanning (ms): Min: 5.1, Avg: 6.4, Max: 7.5, Diff: 2.4, Sum: 25.7]
      [Update RS (ms): Min: 3.2, Avg: 3.9, Max: 5.6, Diff: 2.3, Sum: 15.4]
         [Processed Buffers: Min: 13, Avg: 29.2, Max: 36, Diff: 23, Sum: 117]
      [Scan RS (ms): Min: 0.1, Avg: 0.4, Max: 0.5, Diff: 0.5, Sum: 1.7]
      [Code Root Scanning (ms): Min: 0.0, Avg: 0.0, Max: 0.0, Diff: 0.0, Sum: 0.1]
      [Object Copy (ms): Min: 139.3, Avg: 140.8, Max: 141.6, Diff: 2.2, Sum: 563.2]
      [Termination (ms): Min: 0.2, Avg: 0.2, Max: 0.3, Diff: 0.1, Sum: 0.9]
         [Termination Attempts: Min: 224, Avg: 253.2, Max: 277, Diff: 53, Sum: 1013]
      [GC Worker Other (ms): Min: 0.0, Avg: 0.1, Max: 0.1, Diff: 0.0, Sum: 0.2]
      [GC Worker Total (ms): Min: 150.8, Avg: 151.8, Max: 152.7, Diff: 1.9, Sum: 607.2]
      [GC Worker End (ms): Min: 22307552.6, Avg: 22307552.6, Max: 22307552.6, Diff: 0.0]
   [Code Root Fixup: 0.0 ms]
   [Code Root Purge: 0.0 ms]
   [String Dedup Fixup: 3.0 ms, GC Workers: 4]
      [Queue Fixup (ms): Min: 0.0, Avg: 0.0, Max: 0.0, Diff: 0.0, Sum: 0.0]
      [Table Fixup (ms): Min: 2.9, Avg: 2.9, Max: 3.0, Diff: 0.1, Sum: 11.7]
   [Clear CT: 0.5 ms]
   [Other: 7.4 ms]
      [Choose CSet: 0.0 ms]
      [Ref Proc: 0.1 ms]
      [Ref Enq: 0.0 ms]
      [Redirty Cards: 0.1 ms]
      [Humongous Register: 2.4 ms]
      [Humongous Reclaim: 0.1 ms]
      [Free CSet: 3.1 ms]
   [Eden: 1820.0M(1820.0M)->0.0B(2718.0M) Survivors: 122.0M->128.0M Heap: 3136.2M(6278.0M)->1314.9M(6278.0M)]
 [Times: user=0.51 sys=0.09, real=0.17 secs] 
2021-03-08T16:55:42.857+0800: 22307.561: Total time for which application threads were stopped: 0.1720541 seconds, Stopping threads took: 0.0021667 seconds
2021-03-08T16:55:42.858+0800: 22307.562: [GC concurrent-string-deduplication, 37.7K->20.8K(16.9K), avg 63.3%, 0.0003782 secs]
   [Last Exec: 0.0003782 secs, Idle: 11.1521013 secs, Blocked: 0/0.0000000 secs]
      [Inspected:             688]
         [Skipped:              0(  0.0%)]
         [Hashed:             446( 64.8%)]
         [Known:                0(  0.0%)]
         [New:                688(100.0%)     37.7K]
      [Deduplicated:          446( 64.8%)     16.9K( 44.9%)]
         [Young:              446(100.0%)     16.9K(100.0%)]
         [Old:                  0(  0.0%)      0.0B(  0.0%)]
   [Total Exec: 2701/1.7248269 secs, Idle: 2701/22299.7064954 secs, Blocked: 34/5.5958972 secs]
      [Inspected:         2694251]
         [Skipped:              0(  0.0%)]
         [Hashed:         2092369( 77.7%)]
         [Known:            34944(  1.3%)]
         [New:            2659307( 98.7%)    145.9M]
      [Deduplicated:      2047268( 77.0%)     92.3M( 63.3%)]
         [Young:           861777( 42.1%)     40.9M( 44.3%)]
         [Old:            1185491( 57.9%)     51.4M( 55.7%)]
   [Table]
      [Memory Usage: 2285.9K]
      [Size: 65536, Min: 1024, Max: 16777216]
      [Entries: 75687, Load: 115.5%, Cached: 0, Added: 646490, Removed: 570803]
      [Resize Count: 6, Shrink Threshold: 43690(66.7%), Grow Threshold: 131072(200.0%)]
      [Rehash Count: 0, Rehash Threshold: 120, Hash Seed: 0x0]
      [Age Threshold: 3]
   [Queue]
      [Dropped: 0]
[GC concurrent-string-deduplication, deleted 0 entries, 0.0000008 secs]
2021-03-08T16:55:58.889+0800: 22323.594: [GC pause (G1 Evacuation Pause) (young), 0.1997478 secs]
   [Parallel Time: 186.4 ms, GC Workers: 4]
      [GC Worker Start (ms): Min: 22323596.4, Avg: 22323596.6, Max: 22323596.9, Diff: 0.5]
      [Ext Root Scanning (ms): Min: 10.3, Avg: 10.8, Max: 11.8, Diff: 1.5, Sum: 43.3]
      [Update RS (ms): Min: 7.1, Avg: 9.2, Max: 10.1, Diff: 2.9, Sum: 36.9]
         [Processed Buffers: Min: 67, Avg: 77.5, Max: 89, Diff: 22, Sum: 310]
      [Scan RS (ms): Min: 0.6, Avg: 0.6, Max: 0.7, Diff: 0.1, Sum: 2.4]
      [Code Root Scanning (ms): Min: 0.0, Avg: 0.0, Max: 0.0, Diff: 0.0, Sum: 0.1]
      [Object Copy (ms): Min: 163.8, Avg: 164.9, Max: 167.6, Diff: 3.8, Sum: 659.6]
      [Termination (ms): Min: 0.4, Avg: 0.5, Max: 0.6, Diff: 0.2, Sum: 2.0]
         [Termination Attempts: Min: 440, Avg: 474.2, Max: 497, Diff: 57, Sum: 1897]
      [GC Worker Other (ms): Min: 0.0, Avg: 0.1, Max: 0.1, Diff: 0.0, Sum: 0.3]
      [GC Worker Total (ms): Min: 185.8, Avg: 186.1, Max: 186.3, Diff: 0.5, Sum: 744.6]
      [GC Worker End (ms): Min: 22323782.7, Avg: 22323782.7, Max: 22323782.7, Diff: 0.0]
   [Code Root Fixup: 0.0 ms]
   [Code Root Purge: 0.0 ms]
   [String Dedup Fixup: 3.1 ms, GC Workers: 4]
      [Queue Fixup (ms): Min: 0.0, Avg: 0.0, Max: 0.0, Diff: 0.0, Sum: 0.0]
      [Table Fixup (ms): Min: 2.9, Avg: 3.0, Max: 3.1, Diff: 0.1, Sum: 12.0]
   [Clear CT: 0.8 ms]
   [Other: 9.4 ms]
      [Choose CSet: 0.0 ms]
      [Ref Proc: 0.2 ms]
      [Ref Enq: 0.0 ms]
      [Redirty Cards: 0.0 ms]
      [Humongous Register: 2.1 ms]
      [Humongous Reclaim: 0.3 ms]
      [Free CSet: 5.1 ms]
   [Eden: 2718.0M(2718.0M)->0.0B(1894.0M) Survivors: 128.0M->148.0M Heap: 4064.7M(6278.0M)->1336.2M(6278.0M)]
 [Times: user=0.63 sys=0.09, real=0.20 secs] 
2021-03-08T16:55:59.090+0800: 22323.794: Total time for which application threads were stopped: 0.2111483 seconds, Stopping threads took: 0.0025140 seconds
2021-03-08T16:55:59.091+0800: 22323.795: [GC concurrent-string-deduplication, 48.2K->23.5K(24.6K), avg 63.3%, 0.0005659 secs]
   [Last Exec: 0.0005659 secs, Idle: 16.2323833 secs, Blocked: 0/0.0000000 secs]
      [Inspected:             904]
         [Skipped:              0(  0.0%)]
         [Hashed:             628( 69.5%)]
         [Known:                0(  0.0%)]
         [New:                904(100.0%)     48.2K]
      [Deduplicated:          630( 69.7%)     24.6K( 51.1%)]
         [Young:              630(100.0%)     24.6K(100.0%)]
         [Old:                  0(  0.0%)      0.0B(  0.0%)]
   [Total Exec: 2702/1.7253928 secs, Idle: 2702/22315.9388787 secs, Blocked: 34/5.5958972 secs]
      [Inspected:         2695155]
         [Skipped:              0(  0.0%)]
         [Hashed:         2092997( 77.7%)]
         [Known:            34944(  1.3%)]
         [New:            2660211( 98.7%)    146.0M]
      [Deduplicated:      2047898( 77.0%)     92.3M( 63.3%)]
         [Young:           862407( 42.1%)     40.9M( 44.3%)]
         [Old:            1185491( 57.9%)     51.4M( 55.7%)]
   [Table]
      [Memory Usage: 2292.3K]
      [Size: 65536, Min: 1024, Max: 16777216]
      [Entries: 75961, Load: 115.9%, Cached: 0, Added: 646764, Removed: 570803]
      [Resize Count: 6, Shrink Threshold: 43690(66.7%), Grow Threshold: 131072(200.0%)]
      [Rehash Count: 0, Rehash Threshold: 120, Hash Seed: 0x0]
      [Age Threshold: 3]
   [Queue]
      [Dropped: 0]
[GC concurrent-string-deduplication, deleted 0 entries, 0.0000009 secs]
2021-03-08T16:56:07.227+0800: 22331.932: Total time for which application threads were stopped: 0.0043785 seconds, Stopping threads took: 0.0004232 seconds
2021-03-08T16:56:07.236+0800: 22331.940: Total time for which application threads were stopped: 0.0081335 seconds, Stopping threads took: 0.0001304 seconds
2021-03-08T16:56:08.534+0800: 22333.238: [GC pause (G1 Evacuation Pause) (young), 0.2549883 secs]
   [Parallel Time: 249.0 ms, GC Workers: 4]
      [GC Worker Start (ms): Min: 22333238.6, Avg: 22333240.9, Max: 22333243.3, Diff: 4.7]
      [Ext Root Scanning (ms): Min: 4.3, Avg: 13.2, Max: 22.0, Diff: 17.7, Sum: 52.9]
      [Update RS (ms): Min: 1.5, Avg: 18.6, Max: 27.0, Diff: 25.5, Sum: 74.3]
         [Processed Buffers: Min: 40, Avg: 76.5, Max: 154, Diff: 114, Sum: 306]
      [Scan RS (ms): Min: 0.2, Avg: 0.4, Max: 0.6, Diff: 0.5, Sum: 1.6]
      [Code Root Scanning (ms): Min: 0.0, Avg: 0.0, Max: 0.0, Diff: 0.0, Sum: 0.1]
      [Object Copy (ms): Min: 204.0, Avg: 214.2, Max: 220.3, Diff: 16.3, Sum: 856.7]
      [Termination (ms): Min: 0.1, Avg: 0.1, Max: 0.1, Diff: 0.0, Sum: 0.5]
         [Termination Attempts: Min: 100, Avg: 121.0, Max: 135, Diff: 35, Sum: 484]
      [GC Worker Other (ms): Min: 0.0, Avg: 0.1, Max: 0.1, Diff: 0.0, Sum: 0.2]
      [GC Worker Total (ms): Min: 244.2, Avg: 246.5, Max: 248.9, Diff: 4.7, Sum: 986.2]
      [GC Worker End (ms): Min: 22333487.5, Avg: 22333487.5, Max: 22333487.5, Diff: 0.0]
   [Code Root Fixup: 0.0 ms]
   [Code Root Purge: 0.0 ms]
   [String Dedup Fixup: 1.8 ms, GC Workers: 4]
      [Queue Fixup (ms): Min: 0.0, Avg: 0.0, Max: 0.0, Diff: 0.0, Sum: 0.0]
      [Table Fixup (ms): Min: 1.7, Avg: 1.8, Max: 1.8, Diff: 0.1, Sum: 7.0]
   [Clear CT: 0.3 ms]
   [Other: 3.8 ms]
      [Choose CSet: 0.0 ms]
      [Ref Proc: 0.1 ms]
      [Ref Enq: 0.0 ms]
      [Redirty Cards: 0.1 ms]
      [Humongous Register: 0.2 ms]
      [Humongous Reclaim: 0.1 ms]
      [Free CSet: 1.9 ms]
   [Eden: 1894.0M(1894.0M)->0.0B(1600.0M) Survivors: 148.0M->138.0M Heap: 3259.4M(6278.0M)->1354.3M(6278.0M)]
 [Times: user=0.68 sys=0.09, real=0.26 secs] 
2021-03-08T16:56:08.789+0800: 22333.494: Total time for which application threads were stopped: 0.2610240 seconds, Stopping threads took: 0.0004203 seconds
2021-03-08T16:56:08.793+0800: 22333.497: [GC concurrent-string-deduplication, 26.7K->14.5K(12.2K), avg 63.3%, 0.0003042 secs]
   [Last Exec: 0.0003042 secs, Idle: 9.7018349 secs, Blocked: 0/0.0000000 secs]
      [Inspected:             485]
         [Skipped:              0(  0.0%)]
         [Hashed:             316( 65.2%)]
         [Known:                0(  0.0%)]
         [New:                485(100.0%)     26.7K]
      [Deduplicated:          316( 65.2%)     12.2K( 45.6%)]
         [Young:              316(100.0%)     12.2K(100.0%)]
         [Old:                  0(  0.0%)      0.0B(  0.0%)]
   [Total Exec: 2703/1.7256970 secs, Idle: 2703/22325.6407136 secs, Blocked: 34/5.5958972 secs]
      [Inspected:         2695640]
         [Skipped:              0(  0.0%)]
         [Hashed:         2093313( 77.7%)]
         [Known:            34944(  1.3%)]
         [New:            2660696( 98.7%)    146.0M]
      [Deduplicated:      2048214( 77.0%)     92.3M( 63.3%)]
         [Young:           862723( 42.1%)     40.9M( 44.3%)]
         [Old:            1185491( 57.9%)     51.4M( 55.7%)]
   [Table]
      [Memory Usage: 2296.3K]
      [Size: 65536, Min: 1024, Max: 16777216]
      [Entries: 76130, Load: 116.2%, Cached: 0, Added: 646933, Removed: 570803]
      [Resize Count: 6, Shrink Threshold: 43690(66.7%), Grow Threshold: 131072(200.0%)]
      [Rehash Count: 0, Rehash Threshold: 120, Hash Seed: 0x0]
      [Age Threshold: 3]
   [Queue]
      [Dropped: 0]
[GC concurrent-string-deduplication, deleted 0 entries, 0.0000009 secs]
2021-03-08T16:56:16.291+0800: 22340.995: [GC pause (G1 Evacuation Pause) (young), 0.1726332 secs]
   [Parallel Time: 162.5 ms, GC Workers: 4]
      [GC Worker Start (ms): Min: 22340998.2, Avg: 22340999.3, Max: 22341000.5, Diff: 2.3]
      [Ext Root Scanning (ms): Min: 2.8, Avg: 4.0, Max: 5.1, Diff: 2.3, Sum: 15.9]
      [Update RS (ms): Min: 10.2, Avg: 10.3, Max: 10.4, Diff: 0.2, Sum: 41.2]
         [Processed Buffers: Min: 42, Avg: 49.5, Max: 60, Diff: 18, Sum: 198]
      [Scan RS (ms): Min: 0.3, Avg: 0.3, Max: 0.4, Diff: 0.0, Sum: 1.4]
      [Code Root Scanning (ms): Min: 0.0, Avg: 0.0, Max: 0.0, Diff: 0.0, Sum: 0.0]
      [Object Copy (ms): Min: 146.4, Avg: 146.5, Max: 146.7, Diff: 0.3, Sum: 586.1]
      [Termination (ms): Min: 0.1, Avg: 0.1, Max: 0.1, Diff: 0.0, Sum: 0.4]
         [Termination Attempts: Min: 100, Avg: 107.5, Max: 125, Diff: 25, Sum: 430]
      [GC Worker Other (ms): Min: 0.0, Avg: 0.0, Max: 0.0, Diff: 0.0, Sum: 0.2]
      [GC Worker Total (ms): Min: 160.1, Avg: 161.3, Max: 162.4, Diff: 2.3, Sum: 645.1]
      [GC Worker End (ms): Min: 22341160.6, Avg: 22341160.6, Max: 22341160.6, Diff: 0.0]
   [Code Root Fixup: 0.0 ms]
   [Code Root Purge: 0.0 ms]
   [String Dedup Fixup: 2.9 ms, GC Workers: 4]
      [Queue Fixup (ms): Min: 0.0, Avg: 0.0, Max: 0.0, Diff: 0.0, Sum: 0.0]
      [Table Fixup (ms): Min: 2.8, Avg: 2.8, Max: 2.9, Diff: 0.0, Sum: 11.4]
   [Clear CT: 0.3 ms]
   [Other: 6.9 ms]
      [Choose CSet: 0.0 ms]
      [Ref Proc: 0.1 ms]
      [Ref Enq: 0.0 ms]
      [Redirty Cards: 0.1 ms]
      [Humongous Register: 2.3 ms]
      [Humongous Reclaim: 0.1 ms]
      [Free CSet: 2.7 ms]
   [Eden: 1600.0M(1600.0M)->0.0B(3650.0M) Survivors: 138.0M->116.0M Heap: 2963.9M(6278.0M)->1359.9M(6278.0M)]
 [Times: user=0.56 sys=0.10, real=0.18 secs] 
2021-03-08T16:56:16.464+0800: 22341.169: Total time for which application threads were stopped: 0.1812122 seconds, Stopping threads took: 0.0022883 seconds
2021-03-08T16:56:16.465+0800: 22341.169: [GC concurrent-string-deduplication, 43.3K->24.8K(18.5K), avg 63.2%, 0.0003825 secs]
   [Last Exec: 0.0003825 secs, Idle: 7.6715815 secs, Blocked: 0/0.0000000 secs]
      [Inspected:             758]
         [Skipped:              0(  0.0%)]
         [Hashed:             469( 61.9%)]
         [Known:                0(  0.0%)]
         [New:                758(100.0%)     43.3K]
      [Deduplicated:          469( 61.9%)     18.5K( 42.7%)]
         [Young:              469(100.0%)     18.5K(100.0%)]
         [Old:                  0(  0.0%)      0.0B(  0.0%)]
   [Total Exec: 2704/1.7260795 secs, Idle: 2704/22333.3122951 secs, Blocked: 34/5.5958972 secs]
      [Inspected:         2696398]
         [Skipped:              0(  0.0%)]
         [Hashed:         2093782( 77.7%)]
         [Known:            34944(  1.3%)]
         [New:            2661454( 98.7%)    146.0M]
      [Deduplicated:      2048683( 77.0%)     92.4M( 63.2%)]
         [Young:           863192( 42.1%)     40.9M( 44.3%)]
         [Old:            1185491( 57.9%)     51.4M( 55.7%)]
   [Table]
      [Memory Usage: 2303.1K]
      [Size: 65536, Min: 1024, Max: 16777216]
      [Entries: 76419, Load: 116.6%, Cached: 0, Added: 647222, Removed: 570803]
      [Resize Count: 6, Shrink Threshold: 43690(66.7%), Grow Threshold: 131072(200.0%)]
      [Rehash Count: 0, Rehash Threshold: 120, Hash Seed: 0x0]
      [Age Threshold: 3]
   [Queue]
      [Dropped: 0]
[GC concurrent-string-deduplication, deleted 0 entries, 0.0000007 secs]
2021-03-08T16:56:29.395+0800: 22354.100: Total time for which application threads were stopped: 0.0095952 seconds, Stopping threads took: 0.0021487 seconds
2021-03-08T16:56:29.399+0800: 22354.104: Total time for which application threads were stopped: 0.0038624 seconds, Stopping threads took: 0.0001853 seconds
2021-03-08T16:56:34.183+0800: 22358.887: [GC pause (G1 Evacuation Pause) (young), 0.1981735 secs]
   [Parallel Time: 178.8 ms, GC Workers: 4]
      [GC Worker Start (ms): Min: 22358888.7, Avg: 22358888.8, Max: 22358888.9, Diff: 0.2]
      [Ext Root Scanning (ms): Min: 5.9, Avg: 6.1, Max: 6.4, Diff: 0.5, Sum: 24.5]
      [Update RS (ms): Min: 16.1, Avg: 16.2, Max: 16.4, Diff: 0.4, Sum: 65.0]
         [Processed Buffers: Min: 76, Avg: 87.2, Max: 112, Diff: 36, Sum: 349]
      [Scan RS (ms): Min: 0.8, Avg: 0.9, Max: 1.0, Diff: 0.2, Sum: 3.8]
      [Code Root Scanning (ms): Min: 0.0, Avg: 0.0, Max: 0.0, Diff: 0.0, Sum: 0.1]
      [Object Copy (ms): Min: 154.2, Avg: 154.6, Max: 155.4, Diff: 1.1, Sum: 618.2]
      [Termination (ms): Min: 0.0, Avg: 0.6, Max: 0.8, Diff: 0.8, Sum: 2.2]
         [Termination Attempts: Min: 1, Avg: 5.2, Max: 7, Diff: 6, Sum: 21]
      [GC Worker Other (ms): Min: 0.0, Avg: 0.1, Max: 0.1, Diff: 0.0, Sum: 0.3]
      [GC Worker Total (ms): Min: 178.4, Avg: 178.5, Max: 178.6, Diff: 0.2, Sum: 714.1]
      [GC Worker End (ms): Min: 22359067.3, Avg: 22359067.3, Max: 22359067.3, Diff: 0.0]
   [Code Root Fixup: 0.0 ms]
   [Code Root Purge: 0.0 ms]
   [String Dedup Fixup: 3.3 ms, GC Workers: 4]
      [Queue Fixup (ms): Min: 0.0, Avg: 0.0, Max: 0.0, Diff: 0.0, Sum: 0.0]
      [Table Fixup (ms): Min: 3.1, Avg: 3.1, Max: 3.2, Diff: 0.1, Sum: 12.5]
   [Clear CT: 1.1 ms]
   [Other: 15.0 ms]
      [Choose CSet: 0.0 ms]
      [Ref Proc: 0.7 ms]
      [Ref Enq: 0.0 ms]
      [Redirty Cards: 5.2 ms]
      [Humongous Register: 1.3 ms]
      [Humongous Reclaim: 0.2 ms]
      [Free CSet: 5.9 ms]
   [Eden: 3650.0M(3650.0M)->0.0B(3528.0M) Survivors: 116.0M->136.0M Heap: 5037.1M(6278.0M)->1380.6M(6278.0M)]
 [Times: user=0.58 sys=0.09, real=0.20 secs] 
2021-03-08T16:56:34.381+0800: 22359.086: Total time for which application threads were stopped: 0.2084569 seconds, Stopping threads took: 0.0022234 seconds
2021-03-08T16:56:34.382+0800: 22359.086: [GC concurrent-string-deduplication, 48.9K->24.3K(24.5K), avg 63.2%, 0.0005660 secs]
   [Last Exec: 0.0005660 secs, Idle: 17.9165276 secs, Blocked: 0/0.0000000 secs]
      [Inspected:             920]
         [Skipped:              0(  0.0%)]
         [Hashed:             636( 69.1%)]
         [Known:                0(  0.0%)]
         [New:                920(100.0%)     48.9K]
      [Deduplicated:          637( 69.2%)     24.5K( 50.2%)]
         [Young:              637(100.0%)     24.5K(100.0%)]
         [Old:                  0(  0.0%)      0.0B(  0.0%)]
   [Total Exec: 2705/1.7266455 secs, Idle: 2705/22351.2288227 secs, Blocked: 34/5.5958972 secs]
      [Inspected:         2697318]
         [Skipped:              0(  0.0%)]
         [Hashed:         2094418( 77.6%)]
         [Known:            34944(  1.3%)]
         [New:            2662374( 98.7%)    146.1M]
      [Deduplicated:      2049320( 77.0%)     92.4M( 63.2%)]
         [Young:           863829( 42.2%)     40.9M( 44.3%)]
         [Old:            1185491( 57.8%)     51.4M( 55.7%)]
   [Table]
      [Memory Usage: 2309.7K]
      [Size: 65536, Min: 1024, Max: 16777216]
      [Entries: 76702, Load: 117.0%, Cached: 0, Added: 647505, Removed: 570803]
      [Resize Count: 6, Shrink Threshold: 43690(66.7%), Grow Threshold: 131072(200.0%)]
      [Rehash Count: 0, Rehash Threshold: 120, Hash Seed: 0x0]
      [Age Threshold: 3]
   [Queue]
      [Dropped: 0]
[GC concurrent-string-deduplication, deleted 0 entries, 0.0000007 secs]
2021-03-08T16:56:34.404+0800: 22359.108: Total time for which application threads were stopped: 0.0044711 seconds, Stopping threads took: 0.0003862 seconds
2021-03-08T16:56:34.408+0800: 22359.112: Total time for which application threads were stopped: 0.0038362 seconds, Stopping threads took: 0.0001284 seconds
2021-03-08T16:56:34.412+0800: 22359.116: Total time for which application threads were stopped: 0.0037952 seconds, Stopping threads took: 0.0001258 seconds
2021-03-08T16:56:34.416+0800: 22359.120: Total time for which application threads were stopped: 0.0037093 seconds, Stopping threads took: 0.0001287 seconds
2021-03-08T16:56:49.051+0800: 22373.755: [GC pause (G1 Evacuation Pause) (young), 0.2915830 secs]
   [Parallel Time: 276.0 ms, GC Workers: 4]
      [GC Worker Start (ms): Min: 22373757.3, Avg: 22373757.5, Max: 22373757.9, Diff: 0.7]
      [Ext Root Scanning (ms): Min: 8.6, Avg: 11.1, Max: 13.1, Diff: 4.5, Sum: 44.4]
      [Update RS (ms): Min: 13.1, Avg: 15.1, Max: 17.9, Diff: 4.8, Sum: 60.3]
         [Processed Buffers: Min: 18, Avg: 97.5, Max: 165, Diff: 147, Sum: 390]
      [Scan RS (ms): Min: 0.1, Avg: 0.7, Max: 0.9, Diff: 0.8, Sum: 2.9]
      [Code Root Scanning (ms): Min: 0.0, Avg: 0.0, Max: 0.0, Diff: 0.0, Sum: 0.1]
      [Object Copy (ms): Min: 245.5, Avg: 246.7, Max: 248.3, Diff: 2.8, Sum: 986.6]
      [Termination (ms): Min: 0.0, Avg: 1.7, Max: 2.3, Diff: 2.3, Sum: 6.8]
         [Termination Attempts: Min: 1, Avg: 220.5, Max: 320, Diff: 319, Sum: 882]
      [GC Worker Other (ms): Min: 0.0, Avg: 0.0, Max: 0.1, Diff: 0.0, Sum: 0.2]
      [GC Worker Total (ms): Min: 274.9, Avg: 275.3, Max: 275.5, Diff: 0.7, Sum: 1101.4]
      [GC Worker End (ms): Min: 22374032.8, Avg: 22374032.8, Max: 22374032.8, Diff: 0.0]
   [Code Root Fixup: 0.0 ms]
   [Code Root Purge: 0.0 ms]
   [String Dedup Fixup: 4.4 ms, GC Workers: 4]
      [Queue Fixup (ms): Min: 0.0, Avg: 0.0, Max: 0.0, Diff: 0.0, Sum: 0.0]
      [Table Fixup (ms): Min: 2.9, Avg: 3.7, Max: 4.4, Diff: 1.5, Sum: 14.6]
   [Clear CT: 2.0 ms]
   [Other: 9.1 ms]
      [Choose CSet: 0.0 ms]
      [Ref Proc: 0.1 ms]
      [Ref Enq: 0.0 ms]
      [Redirty Cards: 0.1 ms]
      [Humongous Register: 1.2 ms]
      [Humongous Reclaim: 0.3 ms]
      [Free CSet: 5.9 ms]
   [Eden: 3528.0M(3528.0M)->0.0B(150.0M) Survivors: 136.0M->162.0M Heap: 4950.9M(6278.0M)->1406.5M(6278.0M)]
 [Times: user=0.67 sys=0.11, real=0.29 secs] 
2021-03-08T16:56:49.343+0800: 22374.047: Total time for which application threads were stopped: 0.3014843 seconds, Stopping threads took: 0.0021758 seconds
2021-03-08T16:56:49.344+0800: 22374.048: [GC concurrent-string-deduplication, 35.9K->19.1K(16.8K), avg 63.2%, 0.0003880 secs]
   [Last Exec: 0.0003880 secs, Idle: 14.9611450 secs, Blocked: 0/0.0000000 secs]
      [Inspected:             659]
         [Skipped:              0(  0.0%)]
         [Hashed:             437( 66.3%)]
         [Known:                0(  0.0%)]
         [New:                659(100.0%)     35.9K]
      [Deduplicated:          436( 66.2%)     16.8K( 46.9%)]
         [Young:              436(100.0%)     16.8K(100.0%)]
         [Old:                  0(  0.0%)      0.0B(  0.0%)]
   [Total Exec: 2706/1.7270335 secs, Idle: 2706/22366.1899677 secs, Blocked: 34/5.5958972 secs]
      [Inspected:         2697977]
         [Skipped:              0(  0.0%)]
         [Hashed:         2094855( 77.6%)]
         [Known:            34944(  1.3%)]
         [New:            2663033( 98.7%)    146.1M]
      [Deduplicated:      2049756( 77.0%)     92.4M( 63.2%)]
         [Young:           864265( 42.2%)     41.0M( 44.3%)]
         [Old:            1185491( 57.8%)     51.4M( 55.7%)]
   [Table]
      [Memory Usage: 2314.9K]
      [Size: 65536, Min: 1024, Max: 16777216]
      [Entries: 76925, Load: 117.4%, Cached: 0, Added: 647728, Removed: 570803]
      [Resize Count: 6, Shrink Threshold: 43690(66.7%), Grow Threshold: 131072(200.0%)]
      [Rehash Count: 0, Rehash Threshold: 120, Hash Seed: 0x0]
      [Age Threshold: 3]
   [Queue]
      [Dropped: 0]
[GC concurrent-string-deduplication, deleted 0 entries, 0.0000012 secs]
2021-03-08T16:56:49.566+0800: 22374.270: [GC pause (G1 Evacuation Pause) (young), 0.1970687 secs]
   [Parallel Time: 192.3 ms, GC Workers: 4]
      [GC Worker Start (ms): Min: 22374270.3, Avg: 22374270.7, Max: 22374271.2, Diff: 0.9]
      [Ext Root Scanning (ms): Min: 5.5, Avg: 6.1, Max: 6.5, Diff: 1.0, Sum: 24.4]
      [Update RS (ms): Min: 1.0, Avg: 1.0, Max: 1.1, Diff: 0.1, Sum: 4.1]
         [Processed Buffers: Min: 3, Avg: 11.2, Max: 23, Diff: 20, Sum: 45]
      [Scan RS (ms): Min: 0.0, Avg: 0.1, Max: 0.1, Diff: 0.1, Sum: 0.2]
      [Code Root Scanning (ms): Min: 0.0, Avg: 0.0, Max: 0.0, Diff: 0.0, Sum: 0.0]
      [Object Copy (ms): Min: 184.2, Avg: 184.3, Max: 184.4, Diff: 0.2, Sum: 737.4]
      [Termination (ms): Min: 0.4, Avg: 0.4, Max: 0.4, Diff: 0.1, Sum: 1.6]
         [Termination Attempts: Min: 405, Avg: 434.8, Max: 469, Diff: 64, Sum: 1739]
      [GC Worker Other (ms): Min: 0.0, Avg: 0.0, Max: 0.1, Diff: 0.0, Sum: 0.1]
      [GC Worker Total (ms): Min: 191.3, Avg: 191.9, Max: 192.2, Diff: 0.9, Sum: 767.7]
      [GC Worker End (ms): Min: 22374462.6, Avg: 22374462.6, Max: 22374462.6, Diff: 0.0]
   [Code Root Fixup: 0.0 ms]
   [Code Root Purge: 0.0 ms]
   [String Dedup Fixup: 1.8 ms, GC Workers: 4]
      [Queue Fixup (ms): Min: 0.0, Avg: 0.0, Max: 0.0, Diff: 0.0, Sum: 0.1]
      [Table Fixup (ms): Min: 1.8, Avg: 1.8, Max: 1.8, Diff: 0.0, Sum: 7.1]
   [Clear CT: 0.1 ms]
   [Other: 2.8 ms]
      [Choose CSet: 0.0 ms]
      [Ref Proc: 0.1 ms]
      [Ref Enq: 0.0 ms]
      [Redirty Cards: 0.4 ms]
      [Humongous Register: 0.2 ms]
      [Humongous Reclaim: 0.1 ms]
      [Free CSet: 0.7 ms]
   [Eden: 150.0M(150.0M)->0.0B(3762.0M) Survivors: 162.0M->4096.0K Heap: 1556.5M(6278.0M)->1407.2M(6278.0M)]
 [Times: user=0.68 sys=0.04, real=0.19 secs] 
2021-03-08T16:56:49.763+0800: 22374.467: Total time for which application threads were stopped: 0.2036778 seconds, Stopping threads took: 0.0007103 seconds
2021-03-08T16:56:49.765+0800: 22374.469: [GC concurrent-string-deduplication, 133.4K->70.3K(63.2K), avg 63.2%, 0.0013356 secs]
   [Last Exec: 0.0013356 secs, Idle: 0.4195661 secs, Blocked: 0/0.0000000 secs]
      [Inspected:            2409]
         [Skipped:              0(  0.0%)]
         [Hashed:            1591( 66.0%)]
         [Known:                0(  0.0%)]
         [New:               2409(100.0%)    133.4K]
      [Deduplicated:         1590( 66.0%)     63.2K( 47.3%)]
         [Young:                0(  0.0%)      0.0B(  0.0%)]
         [Old:               1590(100.0%)     63.2K(100.0%)]
   [Total Exec: 2707/1.7283691 secs, Idle: 2707/22366.6095337 secs, Blocked: 34/5.5958972 secs]
      [Inspected:         2700386]
         [Skipped:              0(  0.0%)]
         [Hashed:         2096446( 77.6%)]
         [Known:            34944(  1.3%)]
         [New:            2665442( 98.7%)    146.2M]
      [Deduplicated:      2051346( 77.0%)     92.5M( 63.2%)]
         [Young:           864265( 42.1%)     41.0M( 44.3%)]
         [Old:            1187081( 57.9%)     51.5M( 55.7%)]
   [Table]
      [Memory Usage: 2334.1K]
      [Size: 65536, Min: 1024, Max: 16777216]
      [Entries: 77744, Load: 118.6%, Cached: 0, Added: 648547, Removed: 570803]
      [Resize Count: 6, Shrink Threshold: 43690(66.7%), Grow Threshold: 131072(200.0%)]
      [Rehash Count: 0, Rehash Threshold: 120, Hash Seed: 0x0]
      [Age Threshold: 3]
   [Queue]
      [Dropped: 0]
[GC concurrent-string-deduplication, deleted 0 entries, 0.0000007 secs]
2021-03-08T16:57:05.162+0800: 22389.866: [GC pause (G1 Evacuation Pause) (young), 0.1384799 secs]
   [Parallel Time: 106.4 ms, GC Workers: 4]
      [GC Worker Start (ms): Min: 22389869.9, Avg: 22389875.8, Max: 22389880.0, Diff: 10.1]
      [Ext Root Scanning (ms): Min: 10.0, Avg: 13.5, Max: 20.1, Diff: 10.1, Sum: 54.1]
      [Update RS (ms): Min: 55.5, Avg: 55.9, Max: 57.1, Diff: 1.6, Sum: 223.7]
         [Processed Buffers: Min: 123, Avg: 145.8, Max: 173, Diff: 50, Sum: 583]
      [Scan RS (ms): Min: 0.7, Avg: 0.8, Max: 0.8, Diff: 0.2, Sum: 3.1]
      [Code Root Scanning (ms): Min: 0.0, Avg: 0.0, Max: 0.0, Diff: 0.0, Sum: 0.1]
      [Object Copy (ms): Min: 29.1, Avg: 29.5, Max: 30.4, Diff: 1.3, Sum: 117.9]
      [Termination (ms): Min: 0.1, Avg: 0.1, Max: 0.1, Diff: 0.0, Sum: 0.3]
         [Termination Attempts: Min: 98, Avg: 107.2, Max: 114, Diff: 16, Sum: 429]
      [GC Worker Other (ms): Min: 0.0, Avg: 0.1, Max: 0.1, Diff: 0.0, Sum: 0.3]
      [GC Worker Total (ms): Min: 95.7, Avg: 99.9, Max: 105.8, Diff: 10.1, Sum: 399.4]
      [GC Worker End (ms): Min: 22389975.7, Avg: 22389975.7, Max: 22389975.7, Diff: 0.0]
   [Code Root Fixup: 0.0 ms]
   [Code Root Purge: 0.0 ms]
   [String Dedup Fixup: 5.7 ms, GC Workers: 4]
      [Queue Fixup (ms): Min: 0.0, Avg: 0.0, Max: 0.0, Diff: 0.0, Sum: 0.0]
      [Table Fixup (ms): Min: 2.0, Avg: 2.9, Max: 5.4, Diff: 3.4, Sum: 11.5]
   [Clear CT: 7.1 ms]
   [Other: 19.3 ms]
      [Choose CSet: 0.0 ms]
      [Ref Proc: 3.2 ms]
      [Ref Enq: 0.0 ms]
      [Redirty Cards: 0.8 ms]
      [Humongous Register: 3.4 ms]
      [Humongous Reclaim: 0.2 ms]
      [Free CSet: 6.3 ms]
   [Eden: 3762.0M(3762.0M)->0.0B(1022.0M) Survivors: 4096.0K->28.0M Heap: 5194.2M(6278.0M)->1432.7M(6278.0M)]
 [Times: user=0.29 sys=0.05, real=0.14 secs] 
2021-03-08T16:57:05.301+0800: 22390.005: Total time for which application threads were stopped: 0.1510184 seconds, Stopping threads took: 0.0022591 seconds
2021-03-08T16:57:07.830+0800: 22392.534: Total time for which application threads were stopped: 0.0042799 seconds, Stopping threads took: 0.0004835 seconds
2021-03-08T16:57:07.849+0800: 22392.553: Total time for which application threads were stopped: 0.0190082 seconds, Stopping threads took: 0.0002965 seconds
2021-03-08T16:57:11.149+0800: 22395.853: [GC pause (G1 Evacuation Pause) (young), 0.0472164 secs]
   [Parallel Time: 42.5 ms, GC Workers: 4]
      [GC Worker Start (ms): Min: 22395854.1, Avg: 22395854.1, Max: 22395854.1, Diff: 0.0]
      [Ext Root Scanning (ms): Min: 2.7, Avg: 2.8, Max: 3.0, Diff: 0.4, Sum: 11.2]
      [Update RS (ms): Min: 3.1, Avg: 3.3, Max: 3.3, Diff: 0.2, Sum: 13.0]
         [Processed Buffers: Min: 29, Avg: 34.8, Max: 48, Diff: 19, Sum: 139]
      [Scan RS (ms): Min: 0.2, Avg: 0.2, Max: 0.2, Diff: 0.0, Sum: 0.7]
      [Code Root Scanning (ms): Min: 0.0, Avg: 0.0, Max: 0.0, Diff: 0.0, Sum: 0.0]
      [Object Copy (ms): Min: 36.0, Avg: 36.1, Max: 36.1, Diff: 0.2, Sum: 144.3]
      [Termination (ms): Min: 0.0, Avg: 0.0, Max: 0.0, Diff: 0.0, Sum: 0.2]
         [Termination Attempts: Min: 46, Avg: 53.0, Max: 62, Diff: 16, Sum: 212]
      [GC Worker Other (ms): Min: 0.0, Avg: 0.0, Max: 0.0, Diff: 0.0, Sum: 0.1]
      [GC Worker Total (ms): Min: 42.4, Avg: 42.4, Max: 42.4, Diff: 0.0, Sum: 169.5]
      [GC Worker End (ms): Min: 22395896.4, Avg: 22395896.4, Max: 22395896.5, Diff: 0.0]
   [Code Root Fixup: 0.0 ms]
   [Code Root Purge: 0.0 ms]
   [String Dedup Fixup: 1.7 ms, GC Workers: 4]
      [Queue Fixup (ms): Min: 0.0, Avg: 0.0, Max: 0.0, Diff: 0.0, Sum: 0.0]
      [Table Fixup (ms): Min: 1.6, Avg: 1.7, Max: 1.7, Diff: 0.1, Sum: 6.6]
   [Clear CT: 0.2 ms]
   [Other: 2.9 ms]
      [Choose CSet: 0.0 ms]
      [Ref Proc: 0.1 ms]
      [Ref Enq: 0.0 ms]
      [Redirty Cards: 0.0 ms]
      [Humongous Register: 0.2 ms]
      [Humongous Reclaim: 0.1 ms]
      [Free CSet: 1.1 ms]
   [Eden: 1022.0M(1022.0M)->0.0B(1018.0M) Survivors: 28.0M->38.0M Heap: 2466.0M(6278.0M)->1441.5M(6278.0M)]
 [Times: user=0.16 sys=0.01, real=0.05 secs] 
2021-03-08T16:57:11.197+0800: 22395.901: Total time for which application threads were stopped: 0.0519357 seconds, Stopping threads took: 0.0003998 seconds
2021-03-08T16:57:11.197+0800: 22395.901: [GC concurrent-string-deduplication, 2592.0B->1408.0B(1184.0B), avg 63.2%, 0.0000345 secs]
   [Last Exec: 0.0000345 secs, Idle: 21.4324480 secs, Blocked: 0/0.0000000 secs]
      [Inspected:              46]
         [Skipped:              0(  0.0%)]
         [Hashed:              30( 65.2%)]
         [Known:                0(  0.0%)]
         [New:                 46(100.0%)   2592.0B]
      [Deduplicated:           30( 65.2%)   1184.0B( 45.7%)]
         [Young:               30(100.0%)   1184.0B(100.0%)]
         [Old:                  0(  0.0%)      0.0B(  0.0%)]
   [Total Exec: 2708/1.7284036 secs, Idle: 2708/22388.0419817 secs, Blocked: 34/5.5958972 secs]
      [Inspected:         2700432]
         [Skipped:              0(  0.0%)]
         [Hashed:         2096476( 77.6%)]
         [Known:            34944(  1.3%)]
         [New:            2665488( 98.7%)    146.3M]
      [Deduplicated:      2051376( 77.0%)     92.5M( 63.2%)]
         [Young:           864295( 42.1%)     41.0M( 44.3%)]
         [Old:            1187081( 57.9%)     51.5M( 55.7%)]
   [Table]
      [Memory Usage: 2334.5K]
      [Size: 65536, Min: 1024, Max: 16777216]
      [Entries: 77760, Load: 118.7%, Cached: 0, Added: 648563, Removed: 570803]
      [Resize Count: 6, Shrink Threshold: 43690(66.7%), Grow Threshold: 131072(200.0%)]
      [Rehash Count: 0, Rehash Threshold: 120, Hash Seed: 0x0]
      [Age Threshold: 3]
   [Queue]
      [Dropped: 0]
[GC concurrent-string-deduplication, deleted 0 entries, 0.0000006 secs]
2021-03-08T16:57:18.457+0800: 22403.161: [GC pause (G1 Evacuation Pause) (young), 0.0824992 secs]
   [Parallel Time: 67.4 ms, GC Workers: 4]
      [GC Worker Start (ms): Min: 22403164.9, Avg: 22403165.0, Max: 22403165.0, Diff: 0.1]
      [Ext Root Scanning (ms): Min: 5.3, Avg: 5.8, Max: 6.4, Diff: 1.1, Sum: 23.2]
      [Update RS (ms): Min: 4.1, Avg: 4.3, Max: 4.4, Diff: 0.2, Sum: 17.2]
         [Processed Buffers: Min: 31, Avg: 42.0, Max: 50, Diff: 19, Sum: 168]
      [Scan RS (ms): Min: 0.2, Avg: 0.2, Max: 0.2, Diff: 0.0, Sum: 0.8]
      [Code Root Scanning (ms): Min: 0.0, Avg: 0.0, Max: 0.0, Diff: 0.0, Sum: 0.0]
      [Object Copy (ms): Min: 56.3, Avg: 56.6, Max: 56.8, Diff: 0.5, Sum: 226.2]
      [Termination (ms): Min: 0.1, Avg: 0.1, Max: 0.1, Diff: 0.0, Sum: 0.3]
         [Termination Attempts: Min: 85, Avg: 97.8, Max: 118, Diff: 33, Sum: 391]
      [GC Worker Other (ms): Min: 0.0, Avg: 0.2, Max: 0.7, Diff: 0.7, Sum: 0.8]
      [GC Worker Total (ms): Min: 67.1, Avg: 67.1, Max: 67.2, Diff: 0.1, Sum: 268.5]
      [GC Worker End (ms): Min: 22403232.1, Avg: 22403232.1, Max: 22403232.1, Diff: 0.0]
   [Code Root Fixup: 0.0 ms]
   [Code Root Purge: 0.0 ms]
   [String Dedup Fixup: 3.9 ms, GC Workers: 4]
      [Queue Fixup (ms): Min: 0.0, Avg: 0.0, Max: 0.0, Diff: 0.0, Sum: 0.0]
      [Table Fixup (ms): Min: 3.0, Avg: 3.0, Max: 3.0, Diff: 0.1, Sum: 12.0]
   [Clear CT: 0.5 ms]
   [Other: 10.7 ms]
      [Choose CSet: 0.0 ms]
      [Ref Proc: 4.1 ms]
      [Ref Enq: 0.0 ms]
      [Redirty Cards: 0.0 ms]
      [Humongous Register: 2.9 ms]
      [Humongous Reclaim: 0.1 ms]
      [Free CSet: 2.0 ms]
   [Eden: 1018.0M(1018.0M)->0.0B(846.0M) Survivors: 38.0M->50.0M Heap: 2473.4M(6278.0M)->1453.5M(6278.0M)]
 [Times: user=0.23 sys=0.04, real=0.08 secs] 
2021-03-08T16:57:18.540+0800: 22403.245: Total time for which application threads were stopped: 0.0930788 seconds, Stopping threads took: 0.0022834 seconds
2021-03-08T16:57:18.543+0800: 22403.247: [GC concurrent-string-deduplication, 83.4K->44.3K(39.1K), avg 63.2%, 0.0008334 secs]
   [Last Exec: 0.0008334 secs, Idle: 7.3447537 secs, Blocked: 0/0.0000000 secs]
      [Inspected:            1481]
         [Skipped:              0(  0.0%)]
         [Hashed:             968( 65.4%)]
         [Known:                0(  0.0%)]
         [New:               1481(100.0%)     83.4K]
      [Deduplicated:          965( 65.2%)     39.1K( 46.9%)]
         [Young:              965(100.0%)     39.1K(100.0%)]
         [Old:                  0(  0.0%)      0.0B(  0.0%)]
   [Total Exec: 2709/1.7292370 secs, Idle: 2709/22395.3867354 secs, Blocked: 34/5.5958972 secs]
      [Inspected:         2701913]
         [Skipped:              0(  0.0%)]
         [Hashed:         2097444( 77.6%)]
         [Known:            34944(  1.3%)]
         [New:            2666969( 98.7%)    146.3M]
      [Deduplicated:      2052341( 77.0%)     92.5M( 63.2%)]
         [Young:           865260( 42.2%)     41.0M( 44.3%)]
         [Old:            1187081( 57.8%)     51.5M( 55.7%)]
   [Table]
      [Memory Usage: 2346.6K]
      [Size: 65536, Min: 1024, Max: 16777216]
      [Entries: 78276, Load: 119.4%, Cached: 0, Added: 649079, Removed: 570803]
      [Resize Count: 6, Shrink Threshold: 43690(66.7%), Grow Threshold: 131072(200.0%)]
      [Rehash Count: 0, Rehash Threshold: 120, Hash Seed: 0x0]
      [Age Threshold: 3]
   [Queue]
      [Dropped: 0]
[GC concurrent-string-deduplication, deleted 0 entries, 0.0000009 secs]
2021-03-08T16:57:20.544+0800: 22405.249: Total time for which application threads were stopped: 0.0038425 seconds, Stopping threads took: 0.0005148 seconds
2021-03-08T16:57:21.895+0800: 22406.599: [GC pause (G1 Evacuation Pause) (young), 0.0532418 secs]
   [Parallel Time: 48.6 ms, GC Workers: 4]
      [GC Worker Start (ms): Min: 22406599.8, Avg: 22406599.9, Max: 22406599.9, Diff: 0.0]
      [Ext Root Scanning (ms): Min: 2.7, Avg: 2.8, Max: 3.1, Diff: 0.4, Sum: 11.3]
      [Update RS (ms): Min: 2.6, Avg: 2.7, Max: 2.8, Diff: 0.2, Sum: 10.9]
         [Processed Buffers: Min: 20, Avg: 29.8, Max: 39, Diff: 19, Sum: 119]
      [Scan RS (ms): Min: 0.1, Avg: 0.1, Max: 0.2, Diff: 0.0, Sum: 0.5]
      [Code Root Scanning (ms): Min: 0.0, Avg: 0.0, Max: 0.0, Diff: 0.0, Sum: 0.0]
      [Object Copy (ms): Min: 42.7, Avg: 42.8, Max: 42.9, Diff: 0.2, Sum: 171.2]
      [Termination (ms): Min: 0.0, Avg: 0.0, Max: 0.0, Diff: 0.0, Sum: 0.0]
         [Termination Attempts: Min: 1, Avg: 2.2, Max: 3, Diff: 2, Sum: 9]
      [GC Worker Other (ms): Min: 0.0, Avg: 0.0, Max: 0.0, Diff: 0.0, Sum: 0.1]
      [GC Worker Total (ms): Min: 48.5, Avg: 48.5, Max: 48.5, Diff: 0.0, Sum: 194.1]
      [GC Worker End (ms): Min: 22406648.4, Avg: 22406648.4, Max: 22406648.4, Diff: 0.0]
   [Code Root Fixup: 0.0 ms]
   [Code Root Purge: 0.0 ms]
   [String Dedup Fixup: 1.8 ms, GC Workers: 4]
      [Queue Fixup (ms): Min: 0.0, Avg: 0.0, Max: 0.0, Diff: 0.0, Sum: 0.0]
      [Table Fixup (ms): Min: 1.7, Avg: 1.8, Max: 1.8, Diff: 0.0, Sum: 7.0]
   [Clear CT: 0.2 ms]
   [Other: 2.7 ms]
      [Choose CSet: 0.0 ms]
      [Ref Proc: 0.1 ms]
      [Ref Enq: 0.0 ms]
      [Redirty Cards: 0.0 ms]
      [Humongous Register: 0.2 ms]
      [Humongous Reclaim: 0.1 ms]
      [Free CSet: 1.0 ms]
   [Eden: 846.0M(846.0M)->0.0B(2626.0M) Survivors: 50.0M->52.0M Heap: 2308.0M(6278.0M)->1456.6M(6278.0M)]
 [Times: user=0.21 sys=0.00, real=0.05 secs] 
2021-03-08T16:57:21.949+0800: 22406.653: Total time for which application threads were stopped: 0.0579197 seconds, Stopping threads took: 0.0004252 seconds
2021-03-08T16:57:21.949+0800: 22406.653: [GC concurrent-string-deduplication, 24.2K->12.1K(12.1K), avg 63.2%, 0.0002239 secs]
   [Last Exec: 0.0002239 secs, Idle: 3.4060637 secs, Blocked: 0/0.0000000 secs]
      [Inspected:             459]
         [Skipped:              0(  0.0%)]
         [Hashed:             318( 69.3%)]
         [Known:                0(  0.0%)]
         [New:                459(100.0%)     24.2K]
      [Deduplicated:          318( 69.3%)     12.1K( 50.0%)]
         [Young:              318(100.0%)     12.1K(100.0%)]
         [Old:                  0(  0.0%)      0.0B(  0.0%)]
   [Total Exec: 2710/1.7294609 secs, Idle: 2710/22398.7927991 secs, Blocked: 34/5.5958972 secs]
      [Inspected:         2702372]
         [Skipped:              0(  0.0%)]
         [Hashed:         2097762( 77.6%)]
         [Known:            34944(  1.3%)]
         [New:            2667428( 98.7%)    146.4M]
      [Deduplicated:      2052659( 77.0%)     92.5M( 63.2%)]
         [Young:           865578( 42.2%)     41.0M( 44.3%)]
         [Old:            1187081( 57.8%)     51.5M( 55.7%)]
   [Table]
      [Memory Usage: 2349.9K]
      [Size: 65536, Min: 1024, Max: 16777216]
      [Entries: 78417, Load: 119.7%, Cached: 0, Added: 649220, Removed: 570803]
      [Resize Count: 6, Shrink Threshold: 43690(66.7%), Grow Threshold: 131072(200.0%)]
      [Rehash Count: 0, Rehash Threshold: 120, Hash Seed: 0x0]
      [Age Threshold: 3]
   [Queue]
      [Dropped: 0]
[GC concurrent-string-deduplication, deleted 0 entries, 0.0000009 secs]
2021-03-08T16:57:36.199+0800: 22420.903: [GC pause (G1 Evacuation Pause) (young), 0.0911255 secs]
   [Parallel Time: 79.9 ms, GC Workers: 4]
      [GC Worker Start (ms): Min: 22420905.9, Avg: 22420905.9, Max: 22420905.9, Diff: 0.1]
      [Ext Root Scanning (ms): Min: 4.6, Avg: 4.7, Max: 4.9, Diff: 0.3, Sum: 18.9]
      [Update RS (ms): Min: 5.2, Avg: 5.3, Max: 5.5, Diff: 0.3, Sum: 21.2]
         [Processed Buffers: Min: 35, Avg: 43.8, Max: 52, Diff: 17, Sum: 175]
      [Scan RS (ms): Min: 0.3, Avg: 0.5, Max: 0.6, Diff: 0.3, Sum: 2.1]
      [Code Root Scanning (ms): Min: 0.0, Avg: 0.0, Max: 0.0, Diff: 0.0, Sum: 0.1]
      [Object Copy (ms): Min: 68.9, Avg: 69.1, Max: 69.2, Diff: 0.3, Sum: 276.4]
      [Termination (ms): Min: 0.1, Avg: 0.1, Max: 0.1, Diff: 0.0, Sum: 0.4]
         [Termination Attempts: Min: 107, Avg: 116.5, Max: 124, Diff: 17, Sum: 466]
      [GC Worker Other (ms): Min: 0.0, Avg: 0.1, Max: 0.1, Diff: 0.0, Sum: 0.2]
      [GC Worker Total (ms): Min: 79.8, Avg: 79.8, Max: 79.8, Diff: 0.1, Sum: 319.2]
      [GC Worker End (ms): Min: 22420985.7, Avg: 22420985.7, Max: 22420985.7, Diff: 0.0]
   [Code Root Fixup: 0.0 ms]
   [Code Root Purge: 0.0 ms]
   [String Dedup Fixup: 2.9 ms, GC Workers: 4]
      [Queue Fixup (ms): Min: 0.0, Avg: 0.0, Max: 0.0, Diff: 0.0, Sum: 0.0]
      [Table Fixup (ms): Min: 2.8, Avg: 2.8, Max: 2.8, Diff: 0.1, Sum: 11.3]
   [Clear CT: 0.7 ms]
   [Other: 7.6 ms]
      [Choose CSet: 0.0 ms]
      [Ref Proc: 0.1 ms]
      [Ref Enq: 0.0 ms]
      [Redirty Cards: 0.0 ms]
      [Humongous Register: 2.0 ms]
      [Humongous Reclaim: 0.1 ms]
      [Free CSet: 3.9 ms]
   [Eden: 2626.0M(2626.0M)->0.0B(2590.0M) Survivors: 52.0M->66.0M Heap: 4095.7M(6278.0M)->1470.9M(6278.0M)]
 [Times: user=0.30 sys=0.03, real=0.09 secs] 
2021-03-08T16:57:36.291+0800: 22420.995: Total time for which application threads were stopped: 0.1008283 seconds, Stopping threads took: 0.0020909 seconds
2021-03-08T16:57:36.291+0800: 22420.995: [GC concurrent-string-deduplication, 19.4K->9008.0B(10.6K), avg 63.2%, 0.0002443 secs]
   [Last Exec: 0.0002443 secs, Idle: 14.3416862 secs, Blocked: 0/0.0000000 secs]
      [Inspected:             376]
         [Skipped:              0(  0.0%)]
         [Hashed:             274( 72.9%)]
         [Known:                0(  0.0%)]
         [New:                376(100.0%)     19.4K]
      [Deduplicated:          273( 72.6%)     10.6K( 54.8%)]
         [Young:              273(100.0%)     10.6K(100.0%)]
         [Old:                  0(  0.0%)      0.0B(  0.0%)]
   [Total Exec: 2711/1.7297052 secs, Idle: 2711/22413.1344852 secs, Blocked: 34/5.5958972 secs]
      [Inspected:         2702748]
         [Skipped:              0(  0.0%)]
         [Hashed:         2098036( 77.6%)]
         [Known:            34944(  1.3%)]
         [New:            2667804( 98.7%)    146.4M]
      [Deduplicated:      2052932( 77.0%)     92.5M( 63.2%)]
         [Young:           865851( 42.2%)     41.0M( 44.3%)]
         [Old:            1187081( 57.8%)     51.5M( 55.7%)]
   [Table]
      [Memory Usage: 2352.3K]
      [Size: 65536, Min: 1024, Max: 16777216]
      [Entries: 78520, Load: 119.8%, Cached: 0, Added: 649323, Removed: 570803]
      [Resize Count: 6, Shrink Threshold: 43690(66.7%), Grow Threshold: 131072(200.0%)]
      [Rehash Count: 0, Rehash Threshold: 120, Hash Seed: 0x0]
      [Age Threshold: 3]
   [Queue]
      [Dropped: 0]
[GC concurrent-string-deduplication, deleted 0 entries, 0.0000010 secs]
2021-03-08T16:57:38.276+0800: 22422.980: Total time for which application threads were stopped: 0.0247327 seconds, Stopping threads took: 0.0023050 seconds
2021-03-08T16:57:38.280+0800: 22422.984: Total time for which application threads were stopped: 0.0039025 seconds, Stopping threads took: 0.0002302 seconds
2021-03-08T16:57:48.029+0800: 22432.733: [GC pause (G1 Evacuation Pause) (young), 0.1109019 secs]
   [Parallel Time: 100.0 ms, GC Workers: 4]
      [GC Worker Start (ms): Min: 22432734.9, Avg: 22432735.0, Max: 22432735.3, Diff: 0.4]
      [Ext Root Scanning (ms): Min: 5.7, Avg: 5.9, Max: 6.4, Diff: 0.7, Sum: 23.8]
      [Update RS (ms): Min: 9.7, Avg: 9.8, Max: 9.8, Diff: 0.2, Sum: 39.1]
         [Processed Buffers: Min: 78, Avg: 90.0, Max: 107, Diff: 29, Sum: 360]
      [Scan RS (ms): Min: 0.5, Avg: 0.5, Max: 0.6, Diff: 0.1, Sum: 2.2]
      [Code Root Scanning (ms): Min: 0.0, Avg: 0.0, Max: 0.0, Diff: 0.0, Sum: 0.1]
      [Object Copy (ms): Min: 83.2, Avg: 83.4, Max: 83.6, Diff: 0.5, Sum: 333.6]
      [Termination (ms): Min: 0.0, Avg: 0.1, Max: 0.1, Diff: 0.1, Sum: 0.2]
         [Termination Attempts: Min: 14, Avg: 17.0, Max: 20, Diff: 6, Sum: 68]
      [GC Worker Other (ms): Min: 0.0, Avg: 0.1, Max: 0.1, Diff: 0.1, Sum: 0.2]
      [GC Worker Total (ms): Min: 99.6, Avg: 99.8, Max: 99.9, Diff: 0.3, Sum: 399.2]
      [GC Worker End (ms): Min: 22432834.8, Avg: 22432834.8, Max: 22432834.9, Diff: 0.1]
   [Code Root Fixup: 0.0 ms]
   [Code Root Purge: 0.0 ms]
   [String Dedup Fixup: 3.1 ms, GC Workers: 4]
      [Queue Fixup (ms): Min: 0.0, Avg: 0.0, Max: 0.0, Diff: 0.0, Sum: 0.0]
      [Table Fixup (ms): Min: 3.0, Avg: 3.0, Max: 3.0, Diff: 0.1, Sum: 12.0]
   [Clear CT: 0.8 ms]
   [Other: 7.0 ms]
      [Choose CSet: 0.0 ms]
      [Ref Proc: 0.1 ms]
      [Ref Enq: 0.0 ms]
      [Redirty Cards: 0.0 ms]
      [Humongous Register: 1.5 ms]
      [Humongous Reclaim: 0.2 ms]
      [Free CSet: 3.8 ms]
   [Eden: 2590.0M(2590.0M)->0.0B(920.0M) Survivors: 66.0M->84.0M Heap: 4098.4M(6278.0M)->1488.0M(6278.0M)]
 [Times: user=0.36 sys=0.05, real=0.11 secs] 
2021-03-08T16:57:48.140+0800: 22432.845: Total time for which application threads were stopped: 0.1172813 seconds, Stopping threads took: 0.0003865 seconds
2021-03-08T16:57:48.141+0800: 22432.845: [GC concurrent-string-deduplication, 18.6K->9008.0B(10048.0B), avg 63.2%, 0.0002190 secs]
   [Last Exec: 0.0002190 secs, Idle: 11.8490767 secs, Blocked: 0/0.0000000 secs]
      [Inspected:             355]
         [Skipped:              0(  0.0%)]
         [Hashed:             253( 71.3%)]
         [Known:                0(  0.0%)]
         [New:                355(100.0%)     18.6K]
      [Deduplicated:          252( 71.0%)  10048.0B( 52.7%)]
         [Young:              252(100.0%)  10048.0B(100.0%)]
         [Old:                  0(  0.0%)      0.0B(  0.0%)]
   [Total Exec: 2712/1.7299242 secs, Idle: 2712/22424.9835619 secs, Blocked: 34/5.5958972 secs]
      [Inspected:         2703103]
         [Skipped:              0(  0.0%)]
         [Hashed:         2098289( 77.6%)]
         [Known:            34944(  1.3%)]
         [New:            2668159( 98.7%)    146.4M]
      [Deduplicated:      2053184( 77.0%)     92.5M( 63.2%)]
         [Young:           866103( 42.2%)     41.0M( 44.3%)]
         [Old:            1187081( 57.8%)     51.5M( 55.7%)]
   [Table]
      [Memory Usage: 2354.7K]
      [Size: 65536, Min: 1024, Max: 16777216]
      [Entries: 78623, Load: 120.0%, Cached: 0, Added: 649426, Removed: 570803]
      [Resize Count: 6, Shrink Threshold: 43690(66.7%), Grow Threshold: 131072(200.0%)]
      [Rehash Count: 0, Rehash Threshold: 120, Hash Seed: 0x0]
      [Age Threshold: 3]
   [Queue]
      [Dropped: 0]
[GC concurrent-string-deduplication, deleted 0 entries, 0.0000007 secs]
2021-03-08T16:57:52.445+0800: 22437.149: [GC pause (G1 Evacuation Pause) (young), 0.1152772 secs]
   [Parallel Time: 106.2 ms, GC Workers: 4]
      [GC Worker Start (ms): Min: 22437152.1, Avg: 22437153.3, Max: 22437154.5, Diff: 2.4]
      [Ext Root Scanning (ms): Min: 2.7, Avg: 3.8, Max: 5.0, Diff: 2.3, Sum: 15.3]
      [Update RS (ms): Min: 5.2, Avg: 5.4, Max: 5.6, Diff: 0.3, Sum: 21.7]
         [Processed Buffers: Min: 50, Avg: 53.5, Max: 58, Diff: 8, Sum: 214]
      [Scan RS (ms): Min: 0.2, Avg: 0.2, Max: 0.2, Diff: 0.0, Sum: 0.8]
      [Code Root Scanning (ms): Min: 0.0, Avg: 0.0, Max: 0.0, Diff: 0.0, Sum: 0.0]
      [Object Copy (ms): Min: 95.2, Avg: 95.4, Max: 95.5, Diff: 0.3, Sum: 381.4]
      [Termination (ms): Min: 0.1, Avg: 0.1, Max: 0.1, Diff: 0.0, Sum: 0.3]
         [Termination Attempts: Min: 93, Avg: 113.5, Max: 164, Diff: 71, Sum: 454]
      [GC Worker Other (ms): Min: 0.0, Avg: 0.0, Max: 0.0, Diff: 0.0, Sum: 0.1]
      [GC Worker Total (ms): Min: 103.7, Avg: 104.9, Max: 106.1, Diff: 2.4, Sum: 419.7]
      [GC Worker End (ms): Min: 22437258.3, Avg: 22437258.3, Max: 22437258.3, Diff: 0.0]
   [Code Root Fixup: 0.0 ms]
   [Code Root Purge: 0.0 ms]
   [String Dedup Fixup: 3.1 ms, GC Workers: 4]
      [Queue Fixup (ms): Min: 0.0, Avg: 0.0, Max: 0.0, Diff: 0.0, Sum: 0.0]
      [Table Fixup (ms): Min: 3.0, Avg: 3.0, Max: 3.0, Diff: 0.1, Sum: 12.0]
   [Clear CT: 0.2 ms]
   [Other: 5.8 ms]
      [Choose CSet: 0.0 ms]
      [Ref Proc: 0.2 ms]
      [Ref Enq: 0.0 ms]
      [Redirty Cards: 0.1 ms]
      [Humongous Register: 2.5 ms]
      [Humongous Reclaim: 0.1 ms]
      [Free CSet: 1.4 ms]
   [Eden: 920.0M(920.0M)->0.0B(3698.0M) Survivors: 84.0M->68.0M Heap: 2428.3M(6278.0M)->1497.4M(6278.0M)]
 [Times: user=0.39 sys=0.03, real=0.11 secs] 
2021-03-08T16:57:52.561+0800: 22437.265: Total time for which application threads were stopped: 0.1239620 seconds, Stopping threads took: 0.0023923 seconds
2021-03-08T16:57:52.561+0800: 22437.266: [GC concurrent-string-deduplication, 57.6K->32.9K(24.6K), avg 63.2%, 0.0005299 secs]
   [Last Exec: 0.0005299 secs, Idle: 4.4201078 secs, Blocked: 0/0.0000000 secs]
      [Inspected:             973]
         [Skipped:              0(  0.0%)]
         [Hashed:             589( 60.5%)]
         [Known:                0(  0.0%)]
         [New:                973(100.0%)     57.6K]
      [Deduplicated:          589( 60.5%)     24.6K( 42.8%)]
         [Young:              589(100.0%)     24.6K(100.0%)]
         [Old:                  0(  0.0%)      0.0B(  0.0%)]
   [Total Exec: 2713/1.7304541 secs, Idle: 2713/22429.4036697 secs, Blocked: 34/5.5958972 secs]
      [Inspected:         2704076]
         [Skipped:              0(  0.0%)]
         [Hashed:         2098878( 77.6%)]
         [Known:            34944(  1.3%)]
         [New:            2669132( 98.7%)    146.5M]
      [Deduplicated:      2053773( 76.9%)     92.6M( 63.2%)]
         [Young:           866692( 42.2%)     41.1M( 44.4%)]
         [Old:            1187081( 57.8%)     51.5M( 55.6%)]
   [Table]
      [Memory Usage: 2363.7K]
      [Size: 65536, Min: 1024, Max: 16777216]
      [Entries: 79007, Load: 120.6%, Cached: 0, Added: 649810, Removed: 570803]
      [Resize Count: 6, Shrink Threshold: 43690(66.7%), Grow Threshold: 131072(200.0%)]
      [Rehash Count: 0, Rehash Threshold: 120, Hash Seed: 0x0]
      [Age Threshold: 3]
   [Queue]
      [Dropped: 0]
[GC concurrent-string-deduplication, deleted 0 entries, 0.0000007 secs]
2021-03-08T16:58:08.302+0800: 22453.007: Total time for which application threads were stopped: 0.0100437 seconds, Stopping threads took: 0.0021972 seconds
2021-03-08T16:58:08.307+0800: 22453.011: Total time for which application threads were stopped: 0.0040817 seconds, Stopping threads took: 0.0001495 seconds
2021-03-08T16:58:08.537+0800: 22453.241: [GC pause (G1 Evacuation Pause) (young), 0.1345173 secs]
   [Parallel Time: 119.2 ms, GC Workers: 4]
      [GC Worker Start (ms): Min: 22453243.4, Avg: 22453245.9, Max: 22453248.4, Diff: 5.0]
      [Ext Root Scanning (ms): Min: 2.1, Avg: 4.6, Max: 7.0, Diff: 4.9, Sum: 18.3]
      [Update RS (ms): Min: 15.4, Avg: 15.7, Max: 16.1, Diff: 0.8, Sum: 62.9]
         [Processed Buffers: Min: 92, Avg: 95.0, Max: 98, Diff: 6, Sum: 380]
      [Scan RS (ms): Min: 0.4, Avg: 0.8, Max: 0.9, Diff: 0.5, Sum: 3.0]
      [Code Root Scanning (ms): Min: 0.0, Avg: 0.0, Max: 0.0, Diff: 0.0, Sum: 0.1]
      [Object Copy (ms): Min: 95.3, Avg: 95.4, Max: 95.6, Diff: 0.4, Sum: 381.5]
      [Termination (ms): Min: 0.0, Avg: 0.0, Max: 0.0, Diff: 0.0, Sum: 0.1]
         [Termination Attempts: Min: 20, Avg: 25.0, Max: 34, Diff: 14, Sum: 100]
      [GC Worker Other (ms): Min: 0.0, Avg: 0.1, Max: 0.2, Diff: 0.1, Sum: 0.3]
      [GC Worker Total (ms): Min: 114.0, Avg: 116.5, Max: 119.0, Diff: 5.0, Sum: 466.2]
      [GC Worker End (ms): Min: 22453362.4, Avg: 22453362.4, Max: 22453362.5, Diff: 0.1]
   [Code Root Fixup: 0.0 ms]
   [Code Root Purge: 0.0 ms]
   [String Dedup Fixup: 4.9 ms, GC Workers: 4]
      [Queue Fixup (ms): Min: 0.0, Avg: 0.0, Max: 0.0, Diff: 0.0, Sum: 0.0]
      [Table Fixup (ms): Min: 2.2, Avg: 3.5, Max: 4.8, Diff: 2.6, Sum: 14.1]
   [Clear CT: 1.0 ms]
   [Other: 9.4 ms]
      [Choose CSet: 0.0 ms]
      [Ref Proc: 0.2 ms]
      [Ref Enq: 0.0 ms]
      [Redirty Cards: 0.0 ms]
      [Humongous Register: 1.7 ms]
      [Humongous Reclaim: 0.3 ms]
      [Free CSet: 5.9 ms]
   [Eden: 3698.0M(3698.0M)->0.0B(2842.0M) Survivors: 68.0M->84.0M Heap: 5228.5M(6278.0M)->1512.6M(6278.0M)]
 [Times: user=0.38 sys=0.07, real=0.13 secs] 
2021-03-08T16:58:08.672+0800: 22453.376: Total time for which application threads were stopped: 0.1390855 seconds, Stopping threads took: 0.0004144 seconds
2021-03-08T16:58:08.673+0800: 22453.377: [GC concurrent-string-deduplication, 35.7K->17.0K(18.7K), avg 63.2%, 0.0004075 secs]
   [Last Exec: 0.0004075 secs, Idle: 16.1107809 secs, Blocked: 0/0.0000000 secs]
      [Inspected:             668]
         [Skipped:              0(  0.0%)]
         [Hashed:             470( 70.4%)]
         [Known:                0(  0.0%)]
         [New:                668(100.0%)     35.7K]
      [Deduplicated:          470( 70.4%)     18.7K( 52.3%)]
         [Young:              470(100.0%)     18.7K(100.0%)]
         [Old:                  0(  0.0%)      0.0B(  0.0%)]
   [Total Exec: 2714/1.7308616 secs, Idle: 2714/22445.5144506 secs, Blocked: 34/5.5958972 secs]
      [Inspected:         2704744]
         [Skipped:              0(  0.0%)]
         [Hashed:         2099348( 77.6%)]
         [Known:            34944(  1.3%)]
         [New:            2669800( 98.7%)    146.5M]
      [Deduplicated:      2054243( 76.9%)     92.6M( 63.2%)]
         [Young:           867162( 42.2%)     41.1M( 44.4%)]
         [Old:            1187081( 57.8%)     51.5M( 55.6%)]
   [Table]
      [Memory Usage: 2368.4K]
      [Size: 65536, Min: 1024, Max: 16777216]
      [Entries: 79205, Load: 120.9%, Cached: 0, Added: 650008, Removed: 570803]
      [Resize Count: 6, Shrink Threshold: 43690(66.7%), Grow Threshold: 131072(200.0%)]
      [Rehash Count: 0, Rehash Threshold: 120, Hash Seed: 0x0]
      [Age Threshold: 3]
   [Queue]
      [Dropped: 0]
[GC concurrent-string-deduplication, deleted 0 entries, 0.0000011 secs]
2021-03-08T16:58:23.406+0800: 22468.111: [GC pause (G1 Evacuation Pause) (young), 0.1407640 secs]
   [Parallel Time: 126.9 ms, GC Workers: 4]
      [GC Worker Start (ms): Min: 22468113.2, Avg: 22468113.3, Max: 22468113.3, Diff: 0.1]
      [Ext Root Scanning (ms): Min: 8.7, Avg: 11.2, Max: 18.4, Diff: 9.7, Sum: 44.9]
      [Update RS (ms): Min: 0.0, Avg: 6.9, Max: 9.2, Diff: 9.2, Sum: 27.6]
         [Processed Buffers: Min: 0, Avg: 65.5, Max: 103, Diff: 103, Sum: 262]
      [Scan RS (ms): Min: 0.1, Avg: 3.9, Max: 13.9, Diff: 13.8, Sum: 15.7]
      [Code Root Scanning (ms): Min: 0.0, Avg: 0.0, Max: 0.0, Diff: 0.0, Sum: 0.1]
      [Object Copy (ms): Min: 94.8, Avg: 104.6, Max: 108.1, Diff: 13.3, Sum: 418.3]
      [Termination (ms): Min: 0.1, Avg: 0.1, Max: 0.1, Diff: 0.0, Sum: 0.2]
         [Termination Attempts: Min: 57, Avg: 66.8, Max: 78, Diff: 21, Sum: 267]
      [GC Worker Other (ms): Min: 0.1, Avg: 0.1, Max: 0.1, Diff: 0.0, Sum: 0.3]
      [GC Worker Total (ms): Min: 126.7, Avg: 126.8, Max: 126.8, Diff: 0.1, Sum: 507.1]
      [GC Worker End (ms): Min: 22468240.0, Avg: 22468240.0, Max: 22468240.1, Diff: 0.0]
   [Code Root Fixup: 0.0 ms]
   [Code Root Purge: 0.0 ms]
   [String Dedup Fixup: 3.5 ms, GC Workers: 4]
      [Queue Fixup (ms): Min: 0.0, Avg: 0.0, Max: 0.0, Diff: 0.0, Sum: 0.0]
      [Table Fixup (ms): Min: 3.1, Avg: 3.1, Max: 3.2, Diff: 0.1, Sum: 12.6]
   [Clear CT: 0.8 ms]
   [Other: 9.6 ms]
      [Choose CSet: 0.0 ms]
      [Ref Proc: 0.1 ms]
      [Ref Enq: 0.0 ms]
      [Redirty Cards: 1.2 ms]
      [Humongous Register: 2.1 ms]
      [Humongous Reclaim: 0.2 ms]
      [Free CSet: 4.4 ms]
   [Eden: 2842.0M(2842.0M)->0.0B(2482.0M) Survivors: 84.0M->100.0M Heap: 4379.0M(6278.0M)->1529.0M(6278.0M)]
 [Times: user=0.42 sys=0.07, real=0.14 secs] 
2021-03-08T16:58:23.548+0800: 22468.252: Total time for which application threads were stopped: 0.1510059 seconds, Stopping threads took: 0.0021934 seconds
2021-03-08T16:58:23.549+0800: 22468.253: [GC concurrent-string-deduplication, 18.2K->8976.0B(9680.0B), avg 63.2%, 0.0002431 secs]
   [Last Exec: 0.0002431 secs, Idle: 14.8763026 secs, Blocked: 0/0.0000000 secs]
      [Inspected:             340]
         [Skipped:              0(  0.0%)]
         [Hashed:             238( 70.0%)]
         [Known:                0(  0.0%)]
         [New:                340(100.0%)     18.2K]
      [Deduplicated:          238( 70.0%)   9680.0B( 51.9%)]
         [Young:              238(100.0%)   9680.0B(100.0%)]
         [Old:                  0(  0.0%)      0.0B(  0.0%)]
   [Total Exec: 2715/1.7311047 secs, Idle: 2715/22460.3907532 secs, Blocked: 34/5.5958972 secs]
      [Inspected:         2705084]
         [Skipped:              0(  0.0%)]
         [Hashed:         2099586( 77.6%)]
         [Known:            34944(  1.3%)]
         [New:            2670140( 98.7%)    146.5M]
      [Deduplicated:      2054481( 76.9%)     92.6M( 63.2%)]
         [Young:           867400( 42.2%)     41.1M( 44.4%)]
         [Old:            1187081( 57.8%)     51.5M( 55.6%)]
   [Table]
      [Memory Usage: 2370.8K]
      [Size: 65536, Min: 1024, Max: 16777216]
      [Entries: 79307, Load: 121.0%, Cached: 0, Added: 650110, Removed: 570803]
      [Resize Count: 6, Shrink Threshold: 43690(66.7%), Grow Threshold: 131072(200.0%)]
      [Rehash Count: 0, Rehash Threshold: 120, Hash Seed: 0x0]
      [Age Threshold: 3]
   [Queue]
      [Dropped: 0]
[GC concurrent-string-deduplication, deleted 0 entries, 0.0000009 secs]
2021-03-08T16:58:24.494+0800: 22469.198: Total time for which application threads were stopped: 0.0043311 seconds, Stopping threads took: 0.0003979 seconds
2021-03-08T16:58:25.485+0800: 22470.189: Total time for which application threads were stopped: 0.0041288 seconds, Stopping threads took: 0.0004150 seconds
2021-03-08T16:58:25.489+0800: 22470.193: Total time for which application threads were stopped: 0.0035032 seconds, Stopping threads took: 0.0001750 seconds
2021-03-08T16:58:25.492+0800: 22470.196: Total time for which application threads were stopped: 0.0034944 seconds, Stopping threads took: 0.0001508 seconds
2021-03-08T16:58:25.520+0800: 22470.225: Total time for which application threads were stopped: 0.0201432 seconds, Stopping threads took: 0.0019369 seconds
2021-03-08T16:58:25.524+0800: 22470.228: Total time for which application threads were stopped: 0.0037517 seconds, Stopping threads took: 0.0001448 seconds
2021-03-08T16:58:25.530+0800: 22470.234: Total time for which application threads were stopped: 0.0039621 seconds, Stopping threads took: 0.0003125 seconds
2021-03-08T16:58:25.534+0800: 22470.238: Total time for which application threads were stopped: 0.0038426 seconds, Stopping threads took: 0.0001925 seconds
2021-03-08T16:58:25.538+0800: 22470.242: Total time for which application threads were stopped: 0.0036317 seconds, Stopping threads took: 0.0001458 seconds
2021-03-08T16:58:25.638+0800: 22470.342: Total time for which application threads were stopped: 0.0041831 seconds, Stopping threads took: 0.0004251 seconds
2021-03-08T16:58:25.643+0800: 22470.347: Total time for which application threads were stopped: 0.0037721 seconds, Stopping threads took: 0.0002323 seconds
2021-03-08T16:58:25.647+0800: 22470.351: Total time for which application threads were stopped: 0.0033934 seconds, Stopping threads took: 0.0001306 seconds
2021-03-08T16:58:25.652+0800: 22470.356: Total time for which application threads were stopped: 0.0035508 seconds, Stopping threads took: 0.0001568 seconds
2021-03-08T16:58:25.810+0800: 22470.514: Total time for which application threads were stopped: 0.0143530 seconds, Stopping threads took: 0.0004273 seconds
2021-03-08T16:58:25.843+0800: 22470.547: Total time for which application threads were stopped: 0.0040081 seconds, Stopping threads took: 0.0004032 seconds
2021-03-08T16:58:25.859+0800: 22470.563: Total time for which application threads were stopped: 0.0087222 seconds, Stopping threads took: 0.0050117 seconds
2021-03-08T16:58:25.883+0800: 22470.588: Total time for which application threads were stopped: 0.0050566 seconds, Stopping threads took: 0.0004988 seconds
2021-03-08T16:58:27.132+0800: 22471.836: Total time for which application threads were stopped: 0.0045293 seconds, Stopping threads took: 0.0004408 seconds
2021-03-08T16:58:36.531+0800: 22481.235: Total time for which application threads were stopped: 0.0041202 seconds, Stopping threads took: 0.0004875 seconds
2021-03-08T16:58:36.535+0800: 22481.239: Total time for which application threads were stopped: 0.0033163 seconds, Stopping threads took: 0.0001494 seconds
2021-03-08T16:58:36.538+0800: 22481.242: Total time for which application threads were stopped: 0.0031018 seconds, Stopping threads took: 0.0001602 seconds
2021-03-08T16:58:36.541+0800: 22481.245: Total time for which application threads were stopped: 0.0032017 seconds, Stopping threads took: 0.0001773 seconds
2021-03-08T16:58:36.934+0800: 22481.639: Total time for which application threads were stopped: 0.0043247 seconds, Stopping threads took: 0.0004207 seconds
2021-03-08T16:58:36.939+0800: 22481.643: Total time for which application threads were stopped: 0.0038394 seconds, Stopping threads took: 0.0002089 seconds
2021-03-08T16:58:37.122+0800: 22481.826: [GC pause (G1 Evacuation Pause) (young), 0.7262224 secs]
   [Parallel Time: 718.9 ms, GC Workers: 4]
      [GC Worker Start (ms): Min: 22481826.7, Avg: 22481826.8, Max: 22481827.2, Diff: 0.5]
      [Ext Root Scanning (ms): Min: 2.7, Avg: 3.2, Max: 3.5, Diff: 0.8, Sum: 12.7]
      [Update RS (ms): Min: 29.3, Avg: 29.4, Max: 29.5, Diff: 0.3, Sum: 117.8]
         [Processed Buffers: Min: 49, Avg: 63.2, Max: 76, Diff: 27, Sum: 253]
      [Scan RS (ms): Min: 0.4, Avg: 0.4, Max: 0.5, Diff: 0.1, Sum: 1.8]
      [Code Root Scanning (ms): Min: 0.0, Avg: 0.0, Max: 0.0, Diff: 0.0, Sum: 0.1]
      [Object Copy (ms): Min: 685.5, Avg: 685.6, Max: 685.6, Diff: 0.2, Sum: 2742.2]
      [Termination (ms): Min: 0.0, Avg: 0.0, Max: 0.0, Diff: 0.0, Sum: 0.0]
         [Termination Attempts: Min: 1, Avg: 2.8, Max: 7, Diff: 6, Sum: 11]
      [GC Worker Other (ms): Min: 0.0, Avg: 0.1, Max: 0.1, Diff: 0.0, Sum: 0.2]
      [GC Worker Total (ms): Min: 718.3, Avg: 718.7, Max: 718.8, Diff: 0.5, Sum: 2874.8]
      [GC Worker End (ms): Min: 22482545.5, Avg: 22482545.5, Max: 22482545.5, Diff: 0.0]
   [Code Root Fixup: 0.0 ms]
   [Code Root Purge: 0.0 ms]
   [String Dedup Fixup: 1.9 ms, GC Workers: 4]
      [Queue Fixup (ms): Min: 0.1, Avg: 0.1, Max: 0.1, Diff: 0.0, Sum: 0.2]
      [Table Fixup (ms): Min: 1.7, Avg: 1.8, Max: 1.8, Diff: 0.1, Sum: 7.1]
   [Clear CT: 0.4 ms]
   [Other: 4.9 ms]
      [Choose CSet: 0.0 ms]
      [Ref Proc: 0.1 ms]
      [Ref Enq: 0.0 ms]
      [Redirty Cards: 0.8 ms]
      [Humongous Register: 0.2 ms]
      [Humongous Reclaim: 0.1 ms]
      [Free CSet: 2.4 ms]
   [Eden: 2482.0M(2482.0M)->0.0B(2048.0K) Survivors: 100.0M->324.0M Heap: 4031.9M(6278.0M)->2109.8M(6278.0M)]
 [Times: user=2.60 sys=0.27, real=0.73 secs] 
2021-03-08T16:58:37.849+0800: 22482.553: Total time for which application threads were stopped: 0.7312431 seconds, Stopping threads took: 0.0004331 seconds
2021-03-08T16:58:37.855+0800: 22482.559: [GC pause (G1 Evacuation Pause) (young), 0.4618463 secs]
   [Parallel Time: 456.5 ms, GC Workers: 4]
      [GC Worker Start (ms): Min: 22482559.9, Avg: 22482559.9, Max: 22482559.9, Diff: 0.0]
      [Ext Root Scanning (ms): Min: 3.0, Avg: 3.1, Max: 3.5, Diff: 0.5, Sum: 12.6]
      [Update RS (ms): Min: 117.1, Avg: 117.6, Max: 118.2, Diff: 1.1, Sum: 470.3]
         [Processed Buffers: Min: 305, Avg: 309.8, Max: 313, Diff: 8, Sum: 1239]
      [Scan RS (ms): Min: 0.3, Avg: 1.0, Max: 1.3, Diff: 1.0, Sum: 3.9]
      [Code Root Scanning (ms): Min: 0.0, Avg: 0.0, Max: 0.0, Diff: 0.0, Sum: 0.0]
      [Object Copy (ms): Min: 333.9, Avg: 334.0, Max: 334.1, Diff: 0.3, Sum: 1336.0]
      [Termination (ms): Min: 0.0, Avg: 0.0, Max: 0.0, Diff: 0.0, Sum: 0.0]
         [Termination Attempts: Min: 1, Avg: 1.8, Max: 2, Diff: 1, Sum: 7]
      [GC Worker Other (ms): Min: 0.0, Avg: 0.0, Max: 0.0, Diff: 0.0, Sum: 0.1]
      [GC Worker Total (ms): Min: 455.7, Avg: 455.7, Max: 455.7, Diff: 0.0, Sum: 1822.8]
      [GC Worker End (ms): Min: 22483015.6, Avg: 22483015.6, Max: 22483015.6, Diff: 0.0]
   [Code Root Fixup: 0.0 ms]
   [Code Root Purge: 0.0 ms]
   [String Dedup Fixup: 2.0 ms, GC Workers: 4]
      [Queue Fixup (ms): Min: 0.0, Avg: 0.1, Max: 0.1, Diff: 0.1, Sum: 0.3]
      [Table Fixup (ms): Min: 1.7, Avg: 1.8, Max: 1.9, Diff: 0.1, Sum: 7.3]
   [Clear CT: 0.1 ms]
   [Other: 3.3 ms]
      [Choose CSet: 0.0 ms]
      [Ref Proc: 0.2 ms]
      [Ref Enq: 0.0 ms]
      [Redirty Cards: 1.0 ms]
      [Humongous Register: 0.3 ms]
      [Humongous Reclaim: 0.1 ms]
      [Free CSet: 0.5 ms]
   [Eden: 2048.0K(2048.0K)->0.0B(928.0M) Survivors: 324.0M->2048.0K Heap: 2111.8M(6278.0M)->2111.3M(6278.0M)]
 [Times: user=1.74 sys=0.09, real=0.46 secs] 
2021-03-08T16:58:38.318+0800: 22483.022: Total time for which application threads were stopped: 0.4663316 seconds, Stopping threads took: 0.0004004 seconds
2021-03-08T16:58:38.327+0800: 22483.031: Total time for which application threads were stopped: 0.0040458 seconds, Stopping threads took: 0.0004142 seconds
2021-03-08T16:58:38.329+0800: 22483.033: [GC concurrent-string-deduplication, 838.6K->81.7K(756.8K), avg 63.3%, 0.0089201 secs]
   [Last Exec: 0.0089201 secs, Idle: 14.2995007 secs, Blocked: 2/0.4712624 secs]
      [Inspected:           20324]
         [Skipped:              0(  0.0%)]
         [Hashed:           19433( 95.6%)]
         [Known:                3(  0.0%)]
         [New:              20321(100.0%)    838.6K]
      [Deduplicated:        19392( 95.4%)    756.8K( 90.3%)]
         [Young:              335(  1.7%)     13.5K(  1.8%)]
         [Old:              19057( 98.3%)    743.3K( 98.2%)]
   [Total Exec: 2716/1.7400248 secs, Idle: 2716/22474.6902539 secs, Blocked: 36/6.0671595 secs]
      [Inspected:         2725408]
         [Skipped:              0(  0.0%)]
         [Hashed:         2119019( 77.8%)]
         [Known:            34947(  1.3%)]
         [New:            2690461( 98.7%)    147.3M]
      [Deduplicated:      2073873( 77.1%)     93.3M( 63.3%)]
         [Young:           867735( 41.8%)     41.1M( 44.0%)]
         [Old:            1206138( 58.2%)     52.2M( 56.0%)]
   [Table]
      [Memory Usage: 2392.6K]
      [Size: 65536, Min: 1024, Max: 16777216]
      [Entries: 80238, Load: 122.4%, Cached: 0, Added: 651041, Removed: 570803]
      [Resize Count: 6, Shrink Threshold: 43690(66.7%), Grow Threshold: 131072(200.0%)]
      [Rehash Count: 0, Rehash Threshold: 120, Hash Seed: 0x0]
      [Age Threshold: 3]
   [Queue]
      [Dropped: 0]
[GC concurrent-string-deduplication, deleted 0 entries, 0.0000008 secs]
2021-03-08T16:58:38.335+0800: 22483.039: Total time for which application threads were stopped: 0.0041048 seconds, Stopping threads took: 0.0004144 seconds
2021-03-08T16:58:38.348+0800: 22483.052: Total time for which application threads were stopped: 0.0040844 seconds, Stopping threads took: 0.0003807 seconds
2021-03-08T16:58:38.959+0800: 22483.663: Total time for which application threads were stopped: 0.0044418 seconds, Stopping threads took: 0.0004089 seconds
2021-03-08T16:58:38.963+0800: 22483.667: Total time for which application threads were stopped: 0.0040871 seconds, Stopping threads took: 0.0001320 seconds
2021-03-08T16:58:38.967+0800: 22483.672: Total time for which application threads were stopped: 0.0040831 seconds, Stopping threads took: 0.0001699 seconds
2021-03-08T16:58:42.103+0800: 22486.807: [GC pause (G1 Evacuation Pause) (young), 0.0909149 secs]
   [Parallel Time: 81.9 ms, GC Workers: 4]
      [GC Worker Start (ms): Min: 22486809.9, Avg: 22486812.4, Max: 22486814.8, Diff: 4.9]
      [Ext Root Scanning (ms): Min: 5.2, Avg: 7.7, Max: 10.2, Diff: 4.9, Sum: 31.0]
      [Update RS (ms): Min: 59.8, Avg: 60.7, Max: 61.2, Diff: 1.3, Sum: 242.8]
         [Processed Buffers: Min: 95, Avg: 121.0, Max: 157, Diff: 62, Sum: 484]
      [Scan RS (ms): Min: 0.0, Avg: 0.2, Max: 0.3, Diff: 0.3, Sum: 0.8]
      [Code Root Scanning (ms): Min: 0.0, Avg: 0.0, Max: 0.0, Diff: 0.0, Sum: 0.0]
      [Object Copy (ms): Min: 10.4, Avg: 10.6, Max: 11.3, Diff: 0.9, Sum: 42.4]
      [Termination (ms): Min: 0.1, Avg: 0.1, Max: 0.1, Diff: 0.0, Sum: 0.4]
         [Termination Attempts: Min: 126, Avg: 158.8, Max: 194, Diff: 68, Sum: 635]
      [GC Worker Other (ms): Min: 0.0, Avg: 0.0, Max: 0.0, Diff: 0.0, Sum: 0.1]
      [GC Worker Total (ms): Min: 76.9, Avg: 79.4, Max: 81.8, Diff: 4.9, Sum: 317.5]
      [GC Worker End (ms): Min: 22486891.7, Avg: 22486891.8, Max: 22486891.8, Diff: 0.0]
   [Code Root Fixup: 0.0 ms]
   [Code Root Purge: 0.0 ms]
   [String Dedup Fixup: 3.1 ms, GC Workers: 4]
      [Queue Fixup (ms): Min: 0.0, Avg: 0.0, Max: 0.0, Diff: 0.0, Sum: 0.0]
      [Table Fixup (ms): Min: 3.0, Avg: 3.0, Max: 3.1, Diff: 0.1, Sum: 12.1]
   [Clear CT: 0.3 ms]
   [Other: 5.6 ms]
      [Choose CSet: 0.0 ms]
      [Ref Proc: 0.1 ms]
      [Ref Enq: 0.0 ms]
      [Redirty Cards: 0.1 ms]
      [Humongous Register: 1.8 ms]
      [Humongous Reclaim: 0.1 ms]
      [Free CSet: 1.7 ms]
   [Eden: 928.0M(928.0M)->0.0B(968.0M) Survivors: 2048.0K->16.0M Heap: 3049.0M(6278.0M)->2126.9M(6278.0M)]
 [Times: user=0.22 sys=0.03, real=0.10 secs] 
2021-03-08T16:58:42.195+0800: 22486.899: Total time for which application threads were stopped: 0.1005245 seconds, Stopping threads took: 0.0020478 seconds
2021-03-08T16:58:44.621+0800: 22489.325: Total time for which application threads were stopped: 0.0041984 seconds, Stopping threads took: 0.0004581 seconds
2021-03-08T16:58:44.643+0800: 22489.347: [GC pause (G1 Evacuation Pause) (young), 0.0331969 secs]
   [Parallel Time: 27.6 ms, GC Workers: 4]
      [GC Worker Start (ms): Min: 22489347.7, Avg: 22489347.7, Max: 22489347.7, Diff: 0.0]
      [Ext Root Scanning (ms): Min: 3.1, Avg: 3.2, Max: 3.6, Diff: 0.5, Sum: 13.0]
      [Update RS (ms): Min: 4.9, Avg: 5.2, Max: 5.3, Diff: 0.4, Sum: 20.7]
         [Processed Buffers: Min: 45, Avg: 49.5, Max: 55, Diff: 10, Sum: 198]
      [Scan RS (ms): Min: 0.1, Avg: 0.2, Max: 0.2, Diff: 0.1, Sum: 0.6]
      [Code Root Scanning (ms): Min: 0.0, Avg: 0.0, Max: 0.0, Diff: 0.0, Sum: 0.0]
      [Object Copy (ms): Min: 13.3, Avg: 13.4, Max: 13.5, Diff: 0.2, Sum: 53.7]
      [Termination (ms): Min: 0.0, Avg: 0.0, Max: 0.0, Diff: 0.0, Sum: 0.1]
         [Termination Attempts: Min: 26, Avg: 34.5, Max: 40, Diff: 14, Sum: 138]
      [GC Worker Other (ms): Min: 0.0, Avg: 0.0, Max: 0.0, Diff: 0.0, Sum: 0.1]
      [GC Worker Total (ms): Min: 22.0, Avg: 22.0, Max: 22.1, Diff: 0.0, Sum: 88.2]
      [GC Worker End (ms): Min: 22489369.7, Avg: 22489369.7, Max: 22489369.7, Diff: 0.0]
   [Code Root Fixup: 0.0 ms]
   [Code Root Purge: 0.0 ms]
   [String Dedup Fixup: 2.2 ms, GC Workers: 4]
      [Queue Fixup (ms): Min: 0.0, Avg: 0.0, Max: 0.0, Diff: 0.0, Sum: 0.0]
      [Table Fixup (ms): Min: 1.7, Avg: 1.8, Max: 1.8, Diff: 0.1, Sum: 7.0]
   [Clear CT: 0.2 ms]
   [Other: 3.2 ms]
      [Choose CSet: 0.0 ms]
      [Ref Proc: 0.3 ms]
      [Ref Enq: 0.0 ms]
      [Redirty Cards: 0.0 ms]
      [Humongous Register: 0.2 ms]
      [Humongous Reclaim: 0.1 ms]
      [Free CSet: 1.1 ms]
   [Eden: 968.0M(968.0M)->0.0B(1606.0M) Survivors: 16.0M->18.0M Heap: 3114.3M(6278.0M)->2127.2M(6278.0M)]
 [Times: user=0.10 sys=0.00, real=0.04 secs] 
2021-03-08T16:58:44.677+0800: 22489.381: Total time for which application threads were stopped: 0.0379333 seconds, Stopping threads took: 0.0003975 seconds
2021-03-08T16:58:44.677+0800: 22489.381: [GC concurrent-string-deduplication, 48.0B->48.0B(0.0B), avg 63.3%, 0.0000086 secs]
   [Last Exec: 0.0000086 secs, Idle: 6.3476042 secs, Blocked: 0/0.0000000 secs]
      [Inspected:               1]
         [Skipped:              0(  0.0%)]
         [Hashed:               0(  0.0%)]
         [Known:                0(  0.0%)]
         [New:                  1(100.0%)     48.0B]
      [Deduplicated:            0(  0.0%)      0.0B(  0.0%)]
         [Young:                0(  0.0%)      0.0B(  0.0%)]
         [Old:                  0(  0.0%)      0.0B(  0.0%)]
   [Total Exec: 2717/1.7400335 secs, Idle: 2717/22481.0378581 secs, Blocked: 36/6.0671595 secs]
      [Inspected:         2725409]
         [Skipped:              0(  0.0%)]
         [Hashed:         2119019( 77.8%)]
         [Known:            34947(  1.3%)]
         [New:            2690462( 98.7%)    147.3M]
      [Deduplicated:      2073873( 77.1%)     93.3M( 63.3%)]
         [Young:           867735( 41.8%)     41.1M( 44.0%)]
         [Old:            1206138( 58.2%)     52.2M( 56.0%)]
   [Table]
      [Memory Usage: 2392.6K]
      [Size: 65536, Min: 1024, Max: 16777216]
      [Entries: 80239, Load: 122.4%, Cached: 0, Added: 651042, Removed: 570803]
      [Resize Count: 6, Shrink Threshold: 43690(66.7%), Grow Threshold: 131072(200.0%)]
      [Rehash Count: 0, Rehash Threshold: 120, Hash Seed: 0x0]
      [Age Threshold: 3]
   [Queue]
      [Dropped: 0]
[GC concurrent-string-deduplication, deleted 0 entries, 0.0000009 secs]
2021-03-08T16:58:48.197+0800: 22492.901: [GC pause (G1 Evacuation Pause) (young), 0.0459478 secs]
   [Parallel Time: 35.0 ms, GC Workers: 4]
      [GC Worker Start (ms): Min: 22492904.3, Avg: 22492904.5, Max: 22492904.6, Diff: 0.3]
      [Ext Root Scanning (ms): Min: 7.0, Avg: 7.4, Max: 8.0, Diff: 1.0, Sum: 29.7]
      [Update RS (ms): Min: 3.1, Avg: 3.2, Max: 3.4, Diff: 0.3, Sum: 12.9]
         [Processed Buffers: Min: 30, Avg: 33.8, Max: 39, Diff: 9, Sum: 135]
      [Scan RS (ms): Min: 0.3, Avg: 0.3, Max: 0.3, Diff: 0.0, Sum: 1.2]
      [Code Root Scanning (ms): Min: 0.0, Avg: 0.0, Max: 0.0, Diff: 0.0, Sum: 0.0]
      [Object Copy (ms): Min: 22.4, Avg: 22.7, Max: 22.9, Diff: 0.5, Sum: 90.8]
      [Termination (ms): Min: 0.2, Avg: 0.3, Max: 0.3, Diff: 0.1, Sum: 1.0]
         [Termination Attempts: Min: 326, Avg: 369.0, Max: 390, Diff: 64, Sum: 1476]
      [GC Worker Other (ms): Min: 0.0, Avg: 0.0, Max: 0.0, Diff: 0.0, Sum: 0.1]
      [GC Worker Total (ms): Min: 33.9, Avg: 34.0, Max: 34.2, Diff: 0.3, Sum: 135.8]
      [GC Worker End (ms): Min: 22492938.4, Avg: 22492938.4, Max: 22492938.5, Diff: 0.0]
   [Code Root Fixup: 0.0 ms]
   [Code Root Purge: 0.0 ms]
   [String Dedup Fixup: 4.6 ms, GC Workers: 4]
      [Queue Fixup (ms): Min: 0.0, Avg: 0.0, Max: 0.0, Diff: 0.0, Sum: 0.0]
      [Table Fixup (ms): Min: 0.0, Avg: 3.0, Max: 4.5, Diff: 4.5, Sum: 12.0]
   [Clear CT: 0.4 ms]
   [Other: 5.9 ms]
      [Choose CSet: 0.0 ms]
      [Ref Proc: 0.1 ms]
      [Ref Enq: 0.0 ms]
      [Redirty Cards: 0.0 ms]
      [Humongous Register: 1.7 ms]
      [Humongous Reclaim: 0.1 ms]
      [Free CSet: 2.6 ms]
   [Eden: 1606.0M(1606.0M)->0.0B(1808.0M) Survivors: 18.0M->22.0M Heap: 3742.6M(6278.0M)->2132.8M(6278.0M)]
 [Times: user=0.13 sys=0.01, real=0.04 secs] 
2021-03-08T16:58:48.244+0800: 22492.948: Total time for which application threads were stopped: 0.0560709 seconds, Stopping threads took: 0.0023130 seconds
2021-03-08T16:58:48.244+0800: 22492.949: [GC concurrent-string-deduplication, 14.1K->9152.0B(5296.0B), avg 63.3%, 0.0001975 secs]
   [Last Exec: 0.0001975 secs, Idle: 3.5674554 secs, Blocked: 0/0.0000000 secs]
      [Inspected:             234]
         [Skipped:              0(  0.0%)]
         [Hashed:             130( 55.6%)]
         [Known:                0(  0.0%)]
         [New:                234(100.0%)     14.1K]
      [Deduplicated:          130( 55.6%)   5296.0B( 36.7%)]
         [Young:              130(100.0%)   5296.0B(100.0%)]
         [Old:                  0(  0.0%)      0.0B(  0.0%)]
   [Total Exec: 2718/1.7402310 secs, Idle: 2718/22484.6053135 secs, Blocked: 36/6.0671595 secs]
      [Inspected:         2725643]
         [Skipped:              0(  0.0%)]
         [Hashed:         2119149( 77.7%)]
         [Known:            34947(  1.3%)]
         [New:            2690696( 98.7%)    147.3M]
      [Deduplicated:      2074003( 77.1%)     93.3M( 63.3%)]
         [Young:           867865( 41.8%)     41.1M( 44.0%)]
         [Old:            1206138( 58.2%)     52.2M( 56.0%)]
   [Table]
      [Memory Usage: 2395.0K]
      [Size: 65536, Min: 1024, Max: 16777216]
      [Entries: 80343, Load: 122.6%, Cached: 0, Added: 651146, Removed: 570803]
      [Resize Count: 6, Shrink Threshold: 43690(66.7%), Grow Threshold: 131072(200.0%)]
      [Rehash Count: 0, Rehash Threshold: 120, Hash Seed: 0x0]
      [Age Threshold: 3]
   [Queue]
      [Dropped: 0]
[GC concurrent-string-deduplication, deleted 0 entries, 0.0000009 secs]
2021-03-08T16:58:52.671+0800: 22497.375: [GC pause (G1 Evacuation Pause) (young), 0.1017125 secs]
   [Parallel Time: 74.2 ms, GC Workers: 4]
      [GC Worker Start (ms): Min: 22497377.9, Avg: 22497380.1, Max: 22497382.3, Diff: 4.4]
      [Ext Root Scanning (ms): Min: 9.0, Avg: 11.8, Max: 14.7, Diff: 5.7, Sum: 47.2]
      [Update RS (ms): Min: 13.3, Avg: 20.7, Max: 25.9, Diff: 12.5, Sum: 82.8]
         [Processed Buffers: Min: 51, Avg: 105.5, Max: 152, Diff: 101, Sum: 422]
      [Scan RS (ms): Min: 0.1, Avg: 0.4, Max: 0.6, Diff: 0.5, Sum: 1.5]
      [Code Root Scanning (ms): Min: 0.0, Avg: 0.0, Max: 0.0, Diff: 0.0, Sum: 0.0]
      [Object Copy (ms): Min: 31.3, Avg: 37.2, Max: 43.8, Diff: 12.5, Sum: 148.8]
      [Termination (ms): Min: 0.0, Avg: 1.8, Max: 3.4, Diff: 3.4, Sum: 7.3]
         [Termination Attempts: Min: 10, Avg: 72.8, Max: 110, Diff: 100, Sum: 291]
      [GC Worker Other (ms): Min: 0.0, Avg: 0.0, Max: 0.1, Diff: 0.0, Sum: 0.2]
      [GC Worker Total (ms): Min: 69.7, Avg: 71.9, Max: 74.1, Diff: 4.4, Sum: 287.8]
      [GC Worker End (ms): Min: 22497452.1, Avg: 22497452.1, Max: 22497452.1, Diff: 0.0]
   [Code Root Fixup: 0.0 ms]
   [Code Root Purge: 0.0 ms]
   [String Dedup Fixup: 9.6 ms, GC Workers: 4]
      [Queue Fixup (ms): Min: 0.0, Avg: 0.0, Max: 0.0, Diff: 0.0, Sum: 0.0]
      [Table Fixup (ms): Min: 0.0, Avg: 3.0, Max: 5.9, Diff: 5.9, Sum: 11.9]
   [Clear CT: 0.9 ms]
   [Other: 17.0 ms]
      [Choose CSet: 0.0 ms]
      [Ref Proc: 0.1 ms]
      [Ref Enq: 0.0 ms]
      [Redirty Cards: 0.1 ms]
      [Humongous Register: 2.5 ms]
      [Humongous Reclaim: 1.2 ms]
      [Free CSet: 4.1 ms]
   [Eden: 1808.0M(1808.0M)->0.0B(3126.0M) Survivors: 22.0M->28.0M Heap: 3987.3M(6278.0M)->2138.9M(6278.0M)]
 [Times: user=0.18 sys=0.02, real=0.10 secs] 
2021-03-08T16:58:52.773+0800: 22497.477: Total time for which application threads were stopped: 0.1121134 seconds, Stopping threads took: 0.0022742 seconds
2021-03-08T16:58:52.774+0800: 22497.478: [GC concurrent-string-deduplication, 26.7K->15.0K(11.6K), avg 63.3%, 0.0004206 secs]
   [Last Exec: 0.0004206 secs, Idle: 4.5288154 secs, Blocked: 0/0.0000000 secs]
      [Inspected:             478]
         [Skipped:              0(  0.0%)]
         [Hashed:             307( 64.2%)]
         [Known:                0(  0.0%)]
         [New:                478(100.0%)     26.7K]
      [Deduplicated:          306( 64.0%)     11.6K( 43.6%)]
         [Young:              306(100.0%)     11.6K(100.0%)]
         [Old:                  0(  0.0%)      0.0B(  0.0%)]
   [Total Exec: 2719/1.7406516 secs, Idle: 2719/22489.1341289 secs, Blocked: 36/6.0671595 secs]
      [Inspected:         2726121]
         [Skipped:              0(  0.0%)]
         [Hashed:         2119456( 77.7%)]
         [Known:            34947(  1.3%)]
         [New:            2691174( 98.7%)    147.4M]
      [Deduplicated:      2074309( 77.1%)     93.3M( 63.3%)]
         [Young:           868171( 41.9%)     41.1M( 44.0%)]
         [Old:            1206138( 58.1%)     52.2M( 56.0%)]
   [Table]
      [Memory Usage: 2399.1K]
      [Size: 65536, Min: 1024, Max: 16777216]
      [Entries: 80515, Load: 122.9%, Cached: 0, Added: 651318, Removed: 570803]
      [Resize Count: 6, Shrink Threshold: 43690(66.7%), Grow Threshold: 131072(200.0%)]
      [Rehash Count: 0, Rehash Threshold: 120, Hash Seed: 0x0]
      [Age Threshold: 3]
   [Queue]
      [Dropped: 0]
[GC concurrent-string-deduplication, deleted 0 entries, 0.0000009 secs]
2021-03-08T16:59:09.029+0800: 22513.733: Total time for which application threads were stopped: 0.0093233 seconds, Stopping threads took: 0.0020768 seconds
2021-03-08T16:59:11.140+0800: 22515.844: [GC pause (G1 Evacuation Pause) (young), 0.0661640 secs]
   [Parallel Time: 51.6 ms, GC Workers: 4]
      [GC Worker Start (ms): Min: 22515845.8, Avg: 22515846.1, Max: 22515846.3, Diff: 0.5]
      [Ext Root Scanning (ms): Min: 4.1, Avg: 4.5, Max: 4.9, Diff: 0.9, Sum: 17.8]
      [Update RS (ms): Min: 7.4, Avg: 7.4, Max: 7.5, Diff: 0.2, Sum: 29.8]
         [Processed Buffers: Min: 47, Avg: 52.5, Max: 62, Diff: 15, Sum: 210]
      [Scan RS (ms): Min: 0.5, Avg: 0.6, Max: 0.7, Diff: 0.1, Sum: 2.4]
      [Code Root Scanning (ms): Min: 0.0, Avg: 0.0, Max: 0.0, Diff: 0.0, Sum: 0.1]
      [Object Copy (ms): Min: 38.4, Avg: 38.6, Max: 38.7, Diff: 0.3, Sum: 154.3]
      [Termination (ms): Min: 0.0, Avg: 0.0, Max: 0.0, Diff: 0.0, Sum: 0.1]
         [Termination Attempts: Min: 15, Avg: 22.5, Max: 29, Diff: 14, Sum: 90]
      [GC Worker Other (ms): Min: 0.1, Avg: 0.1, Max: 0.1, Diff: 0.0, Sum: 0.4]
      [GC Worker Total (ms): Min: 51.0, Avg: 51.2, Max: 51.5, Diff: 0.5, Sum: 204.9]
      [GC Worker End (ms): Min: 22515897.3, Avg: 22515897.3, Max: 22515897.3, Diff: 0.0]
   [Code Root Fixup: 0.0 ms]
   [Code Root Purge: 0.0 ms]
   [String Dedup Fixup: 5.8 ms, GC Workers: 4]
      [Queue Fixup (ms): Min: 0.0, Avg: 0.0, Max: 0.0, Diff: 0.0, Sum: 0.0]
      [Table Fixup (ms): Min: 1.8, Avg: 3.8, Max: 5.8, Diff: 3.9, Sum: 15.3]
   [Clear CT: 0.9 ms]
   [Other: 7.8 ms]
      [Choose CSet: 0.0 ms]
      [Ref Proc: 0.2 ms]
      [Ref Enq: 0.0 ms]
      [Redirty Cards: 0.1 ms]
      [Humongous Register: 1.0 ms]
      [Humongous Reclaim: 0.2 ms]
      [Free CSet: 5.2 ms]
   [Eden: 3126.0M(3126.0M)->0.0B(3032.0M) Survivors: 28.0M->38.0M Heap: 5281.4M(6278.0M)->2150.1M(6278.0M)]
 [Times: user=0.18 sys=0.04, real=0.07 secs] 
2021-03-08T16:59:11.207+0800: 22515.911: Total time for which application threads were stopped: 0.0709465 seconds, Stopping threads took: 0.0004314 seconds
2021-03-08T16:59:11.208+0800: 22515.912: [GC concurrent-string-deduplication, 45.5K->28.7K(16.8K), avg 63.3%, 0.0004696 secs]
   [Last Exec: 0.0004696 secs, Idle: 18.4333308 secs, Blocked: 0/0.0000000 secs]
      [Inspected:             770]
         [Skipped:              0(  0.0%)]
         [Hashed:             436( 56.6%)]
         [Known:                0(  0.0%)]
         [New:                770(100.0%)     45.5K]
      [Deduplicated:          435( 56.5%)     16.8K( 36.8%)]
         [Young:              435(100.0%)     16.8K(100.0%)]
         [Old:                  0(  0.0%)      0.0B(  0.0%)]
   [Total Exec: 2720/1.7411212 secs, Idle: 2720/22507.5674597 secs, Blocked: 36/6.0671595 secs]
      [Inspected:         2726891]
         [Skipped:              0(  0.0%)]
         [Hashed:         2119892( 77.7%)]
         [Known:            34947(  1.3%)]
         [New:            2691944( 98.7%)    147.4M]
      [Deduplicated:      2074744( 77.1%)     93.4M( 63.3%)]
         [Young:           868606( 41.9%)     41.1M( 44.1%)]
         [Old:            1206138( 58.1%)     52.2M( 55.9%)]
   [Table]
      [Memory Usage: 2406.9K]
      [Size: 65536, Min: 1024, Max: 16777216]
      [Entries: 80850, Load: 123.4%, Cached: 0, Added: 651653, Removed: 570803]
      [Resize Count: 6, Shrink Threshold: 43690(66.7%), Grow Threshold: 131072(200.0%)]
      [Rehash Count: 0, Rehash Threshold: 120, Hash Seed: 0x0]
      [Age Threshold: 3]
   [Queue]
      [Dropped: 0]
[GC concurrent-string-deduplication, deleted 0 entries, 0.0000009 secs]
2021-03-08T16:59:14.058+0800: 22518.762: Total time for which application threads were stopped: 0.0286602 seconds, Stopping threads took: 0.0004132 seconds
2021-03-08T16:59:14.064+0800: 22518.768: Total time for which application threads were stopped: 0.0042462 seconds, Stopping threads took: 0.0003154 seconds
2021-03-08T16:59:26.185+0800: 22530.889: [GC pause (G1 Evacuation Pause) (young), 0.0787295 secs]
   [Parallel Time: 68.2 ms, GC Workers: 4]
      [GC Worker Start (ms): Min: 22530890.8, Avg: 22530890.8, Max: 22530890.8, Diff: 0.1]
      [Ext Root Scanning (ms): Min: 4.2, Avg: 4.3, Max: 4.6, Diff: 0.4, Sum: 17.3]
      [Update RS (ms): Min: 8.5, Avg: 8.5, Max: 8.6, Diff: 0.0, Sum: 34.2]
         [Processed Buffers: Min: 68, Avg: 77.0, Max: 85, Diff: 17, Sum: 308]
      [Scan RS (ms): Min: 0.6, Avg: 0.6, Max: 0.6, Diff: 0.1, Sum: 2.4]
      [Code Root Scanning (ms): Min: 0.0, Avg: 0.0, Max: 0.0, Diff: 0.0, Sum: 0.1]
      [Object Copy (ms): Min: 54.2, Avg: 54.5, Max: 54.6, Diff: 0.4, Sum: 217.9]
      [Termination (ms): Min: 0.0, Avg: 0.0, Max: 0.0, Diff: 0.0, Sum: 0.1]
         [Termination Attempts: Min: 37, Avg: 43.2, Max: 55, Diff: 18, Sum: 173]
      [GC Worker Other (ms): Min: 0.0, Avg: 0.1, Max: 0.1, Diff: 0.0, Sum: 0.3]
      [GC Worker Total (ms): Min: 68.0, Avg: 68.1, Max: 68.1, Diff: 0.1, Sum: 272.3]
      [GC Worker End (ms): Min: 22530958.8, Avg: 22530958.8, Max: 22530958.9, Diff: 0.0]
   [Code Root Fixup: 0.0 ms]
   [Code Root Purge: 0.0 ms]
   [String Dedup Fixup: 3.1 ms, GC Workers: 4]
      [Queue Fixup (ms): Min: 0.0, Avg: 0.0, Max: 0.0, Diff: 0.0, Sum: 0.0]
      [Table Fixup (ms): Min: 2.9, Avg: 3.0, Max: 3.0, Diff: 0.1, Sum: 11.9]
   [Clear CT: 0.7 ms]
   [Other: 6.8 ms]
      [Choose CSet: 0.0 ms]
      [Ref Proc: 0.1 ms]
      [Ref Enq: 0.0 ms]
      [Redirty Cards: 0.0 ms]
      [Humongous Register: 1.0 ms]
      [Humongous Reclaim: 0.2 ms]
      [Free CSet: 4.3 ms]
   [Eden: 3032.0M(3032.0M)->0.0B(2292.0M) Survivors: 38.0M->56.0M Heap: 5212.4M(6278.0M)->2167.9M(6278.0M)]
 [Times: user=0.26 sys=0.04, real=0.08 secs] 
2021-03-08T16:59:26.264+0800: 22530.969: Total time for which application threads were stopped: 0.0885531 seconds, Stopping threads took: 0.0021474 seconds
2021-03-08T16:59:26.265+0800: 22530.969: [GC concurrent-string-deduplication, 28.0K->15.1K(12.8K), avg 63.3%, 0.0002924 secs]
   [Last Exec: 0.0002924 secs, Idle: 15.0568345 secs, Blocked: 0/0.0000000 secs]
      [Inspected:             493]
         [Skipped:              0(  0.0%)]
         [Hashed:             317( 64.3%)]
         [Known:                0(  0.0%)]
         [New:                493(100.0%)     28.0K]
      [Deduplicated:          317( 64.3%)     12.8K( 45.9%)]
         [Young:              317(100.0%)     12.8K(100.0%)]
         [Old:                  0(  0.0%)      0.0B(  0.0%)]
   [Total Exec: 2721/1.7414136 secs, Idle: 2721/22522.6242942 secs, Blocked: 36/6.0671595 secs]
      [Inspected:         2727384]
         [Skipped:              0(  0.0%)]
         [Hashed:         2120209( 77.7%)]
         [Known:            34947(  1.3%)]
         [New:            2692437( 98.7%)    147.4M]
      [Deduplicated:      2075061( 77.1%)     93.4M( 63.3%)]
         [Young:           868923( 41.9%)     41.1M( 44.1%)]
         [Old:            1206138( 58.1%)     52.2M( 55.9%)]
   [Table]
      [Memory Usage: 2411.0K]
      [Size: 65536, Min: 1024, Max: 16777216]
      [Entries: 81026, Load: 123.6%, Cached: 0, Added: 651829, Removed: 570803]
      [Resize Count: 6, Shrink Threshold: 43690(66.7%), Grow Threshold: 131072(200.0%)]
      [Rehash Count: 0, Rehash Threshold: 120, Hash Seed: 0x0]
      [Age Threshold: 3]
   [Queue]
      [Dropped: 0]
[GC concurrent-string-deduplication, deleted 0 entries, 0.0000007 secs]
2021-03-08T16:59:27.147+0800: 22531.851: Total time for which application threads were stopped: 0.0041201 seconds, Stopping threads took: 0.0004983 seconds
2021-03-08T16:59:35.342+0800: 22540.046: [GC pause (G1 Evacuation Pause) (young), 0.0825336 secs]
   [Parallel Time: 72.1 ms, GC Workers: 4]
      [GC Worker Start (ms): Min: 22540048.8, Avg: 22540048.8, Max: 22540048.8, Diff: 0.0]
      [Ext Root Scanning (ms): Min: 4.1, Avg: 4.3, Max: 4.7, Diff: 0.6, Sum: 17.2]
      [Update RS (ms): Min: 6.3, Avg: 6.4, Max: 6.4, Diff: 0.1, Sum: 25.5]
         [Processed Buffers: Min: 30, Avg: 48.8, Max: 59, Diff: 29, Sum: 195]
      [Scan RS (ms): Min: 0.5, Avg: 0.5, Max: 0.5, Diff: 0.0, Sum: 1.9]
      [Code Root Scanning (ms): Min: 0.0, Avg: 0.0, Max: 0.0, Diff: 0.0, Sum: 0.1]
      [Object Copy (ms): Min: 60.5, Avg: 60.8, Max: 61.0, Diff: 0.4, Sum: 243.3]
      [Termination (ms): Min: 0.0, Avg: 0.0, Max: 0.0, Diff: 0.0, Sum: 0.0]
         [Termination Attempts: Min: 4, Avg: 5.5, Max: 8, Diff: 4, Sum: 22]
      [GC Worker Other (ms): Min: 0.0, Avg: 0.0, Max: 0.1, Diff: 0.0, Sum: 0.2]
      [GC Worker Total (ms): Min: 72.1, Avg: 72.1, Max: 72.1, Diff: 0.0, Sum: 288.3]
      [GC Worker End (ms): Min: 22540120.9, Avg: 22540120.9, Max: 22540120.9, Diff: 0.0]
   [Code Root Fixup: 0.0 ms]
   [Code Root Purge: 0.0 ms]
   [String Dedup Fixup: 2.9 ms, GC Workers: 4]
      [Queue Fixup (ms): Min: 0.0, Avg: 0.0, Max: 0.0, Diff: 0.0, Sum: 0.0]
      [Table Fixup (ms): Min: 2.9, Avg: 2.9, Max: 2.9, Diff: 0.0, Sum: 11.5]
   [Clear CT: 0.4 ms]
   [Other: 7.0 ms]
      [Choose CSet: 0.0 ms]
      [Ref Proc: 0.2 ms]
      [Ref Enq: 0.0 ms]
      [Redirty Cards: 0.0 ms]
      [Humongous Register: 2.2 ms]
      [Humongous Reclaim: 0.1 ms]
      [Free CSet: 3.2 ms]
   [Eden: 2292.0M(2292.0M)->0.0B(3374.0M) Survivors: 56.0M->62.0M Heap: 4475.5M(6278.0M)->2173.2M(6278.0M)]
 [Times: user=0.27 sys=0.04, real=0.09 secs] 
2021-03-08T16:59:35.425+0800: 22540.129: Total time for which application threads were stopped: 0.0922110 seconds, Stopping threads took: 0.0021865 seconds
2021-03-08T16:59:35.426+0800: 22540.130: [GC concurrent-string-deduplication, 78.8K->47.0K(31.8K), avg 63.3%, 0.0006092 secs]
   [Last Exec: 0.0006092 secs, Idle: 9.1602627 secs, Blocked: 0/0.0000000 secs]
      [Inspected:            1368]
         [Skipped:              0(  0.0%)]
         [Hashed:             822( 60.1%)]
         [Known:                0(  0.0%)]
         [New:               1368(100.0%)     78.8K]
      [Deduplicated:          820( 59.9%)     31.8K( 40.3%)]
         [Young:              820(100.0%)     31.8K(100.0%)]
         [Old:                  0(  0.0%)      0.0B(  0.0%)]
   [Total Exec: 2722/1.7420228 secs, Idle: 2722/22531.7845568 secs, Blocked: 36/6.0671595 secs]
      [Inspected:         2728752]
         [Skipped:              0(  0.0%)]
         [Hashed:         2121031( 77.7%)]
         [Known:            34947(  1.3%)]
         [New:            2693805( 98.7%)    147.5M]
      [Deduplicated:      2075881( 77.1%)     93.4M( 63.3%)]
         [Young:           869743( 41.9%)     41.2M( 44.1%)]
         [Old:            1206138( 58.1%)     52.2M( 55.9%)]
   [Table]
      [Memory Usage: 2423.9K]
      [Size: 65536, Min: 1024, Max: 16777216]
      [Entries: 81574, Load: 124.5%, Cached: 0, Added: 652377, Removed: 570803]
      [Resize Count: 6, Shrink Threshold: 43690(66.7%), Grow Threshold: 131072(200.0%)]
      [Rehash Count: 0, Rehash Threshold: 120, Hash Seed: 0x0]
      [Age Threshold: 3]
   [Queue]
      [Dropped: 0]
[GC concurrent-string-deduplication, deleted 0 entries, 0.0000009 secs]
2021-03-08T16:59:39.080+0800: 22543.784: Total time for which application threads were stopped: 0.0053805 seconds, Stopping threads took: 0.0004319 seconds
2021-03-08T16:59:39.084+0800: 22543.788: Total time for which application threads were stopped: 0.0032001 seconds, Stopping threads took: 0.0001436 seconds
2021-03-08T16:59:44.630+0800: 22549.334: Total time for which application threads were stopped: 0.0077409 seconds, Stopping threads took: 0.0021275 seconds
2021-03-08T16:59:44.921+0800: 22549.625: Total time for which application threads were stopped: 0.0039596 seconds, Stopping threads took: 0.0003660 seconds
2021-03-08T16:59:45.860+0800: 22550.565: Total time for which application threads were stopped: 0.0051762 seconds, Stopping threads took: 0.0004172 seconds
2021-03-08T16:59:53.170+0800: 22557.874: [GC pause (G1 Evacuation Pause) (young), 0.1095800 secs]
   [Parallel Time: 98.2 ms, GC Workers: 4]
      [GC Worker Start (ms): Min: 22557875.2, Avg: 22557875.2, Max: 22557875.3, Diff: 0.1]
      [Ext Root Scanning (ms): Min: 4.2, Avg: 4.4, Max: 4.7, Diff: 0.5, Sum: 17.5]
      [Update RS (ms): Min: 9.6, Avg: 9.6, Max: 9.6, Diff: 0.0, Sum: 38.3]
         [Processed Buffers: Min: 78, Avg: 87.0, Max: 100, Diff: 22, Sum: 348]
      [Scan RS (ms): Min: 0.7, Avg: 0.7, Max: 0.7, Diff: 0.1, Sum: 2.8]
      [Code Root Scanning (ms): Min: 0.0, Avg: 0.0, Max: 0.0, Diff: 0.0, Sum: 0.1]
      [Object Copy (ms): Min: 83.0, Avg: 83.2, Max: 83.4, Diff: 0.4, Sum: 332.8]
      [Termination (ms): Min: 0.1, Avg: 0.2, Max: 0.2, Diff: 0.1, Sum: 0.7]
         [Termination Attempts: Min: 164, Avg: 194.0, Max: 222, Diff: 58, Sum: 776]
      [GC Worker Other (ms): Min: 0.0, Avg: 0.0, Max: 0.1, Diff: 0.0, Sum: 0.2]
      [GC Worker Total (ms): Min: 98.1, Avg: 98.1, Max: 98.2, Diff: 0.1, Sum: 392.4]
      [GC Worker End (ms): Min: 22557973.3, Avg: 22557973.3, Max: 22557973.3, Diff: 0.0]
   [Code Root Fixup: 0.0 ms]
   [Code Root Purge: 0.0 ms]
   [String Dedup Fixup: 3.1 ms, GC Workers: 4]
      [Queue Fixup (ms): Min: 0.0, Avg: 0.0, Max: 0.0, Diff: 0.0, Sum: 0.0]
      [Table Fixup (ms): Min: 3.0, Avg: 3.0, Max: 3.0, Diff: 0.0, Sum: 12.0]
   [Clear CT: 0.9 ms]
   [Other: 7.4 ms]
      [Choose CSet: 0.0 ms]
      [Ref Proc: 0.1 ms]
      [Ref Enq: 0.0 ms]
      [Redirty Cards: 0.0 ms]
      [Humongous Register: 0.9 ms]
      [Humongous Reclaim: 0.2 ms]
      [Free CSet: 5.0 ms]
   [Eden: 3374.0M(3374.0M)->0.0B(2528.0M) Survivors: 62.0M->82.0M Heap: 5584.0M(6278.0M)->2193.6M(6278.0M)]
 [Times: user=0.35 sys=0.07, real=0.11 secs] 
2021-03-08T16:59:53.280+0800: 22557.984: Total time for which application threads were stopped: 0.1201312 seconds, Stopping threads took: 0.0023421 seconds
2021-03-08T16:59:53.281+0800: 22557.985: [GC concurrent-string-deduplication, 54.0K->31.9K(22.2K), avg 63.3%, 0.0006065 secs]
   [Last Exec: 0.0006065 secs, Idle: 17.8541087 secs, Blocked: 0/0.0000000 secs]
      [Inspected:             924]
         [Skipped:              0(  0.0%)]
         [Hashed:             553( 59.8%)]
         [Known:                0(  0.0%)]
         [New:                924(100.0%)     54.0K]
      [Deduplicated:          553( 59.8%)     22.2K( 41.0%)]
         [Young:              553(100.0%)     22.2K(100.0%)]
         [Old:                  0(  0.0%)      0.0B(  0.0%)]
   [Total Exec: 2723/1.7426293 secs, Idle: 2723/22549.6386655 secs, Blocked: 36/6.0671595 secs]
      [Inspected:         2729676]
         [Skipped:              0(  0.0%)]
         [Hashed:         2121584( 77.7%)]
         [Known:            34947(  1.3%)]
         [New:            2694729( 98.7%)    147.6M]
      [Deduplicated:      2076434( 77.1%)     93.4M( 63.3%)]
         [Young:           870296( 41.9%)     41.2M( 44.1%)]
         [Old:            1206138( 58.1%)     52.2M( 55.9%)]
   [Table]
      [Memory Usage: 2432.6K]
      [Size: 65536, Min: 1024, Max: 16777216]
      [Entries: 81945, Load: 125.0%, Cached: 0, Added: 652748, Removed: 570803]
      [Resize Count: 6, Shrink Threshold: 43690(66.7%), Grow Threshold: 131072(200.0%)]
      [Rehash Count: 0, Rehash Threshold: 120, Hash Seed: 0x0]
      [Age Threshold: 3]
   [Queue]
      [Dropped: 0]
[GC concurrent-string-deduplication, deleted 0 entries, 0.0000009 secs]
2021-03-08T17:00:04.465+0800: 22569.169: [GC pause (G1 Evacuation Pause) (young), 0.1652835 secs]
   [Parallel Time: 149.5 ms, GC Workers: 4]
      [GC Worker Start (ms): Min: 22569172.0, Avg: 22569172.1, Max: 22569172.5, Diff: 0.5]
      [Ext Root Scanning (ms): Min: 8.5, Avg: 10.8, Max: 13.2, Diff: 4.7, Sum: 43.1]
      [Update RS (ms): Min: 7.4, Avg: 10.9, Max: 13.1, Diff: 5.7, Sum: 43.6]
         [Processed Buffers: Min: 26, Avg: 58.5, Max: 73, Diff: 47, Sum: 234]
      [Scan RS (ms): Min: 0.2, Avg: 0.5, Max: 0.8, Diff: 0.6, Sum: 2.0]
      [Code Root Scanning (ms): Min: 0.0, Avg: 0.0, Max: 0.0, Diff: 0.0, Sum: 0.1]
      [Object Copy (ms): Min: 123.1, Avg: 124.1, Max: 124.8, Diff: 1.7, Sum: 496.5]
      [Termination (ms): Min: 0.0, Avg: 3.0, Max: 4.0, Diff: 4.0, Sum: 11.9]
         [Termination Attempts: Min: 1, Avg: 71.8, Max: 106, Diff: 105, Sum: 287]
      [GC Worker Other (ms): Min: 0.0, Avg: 0.0, Max: 0.0, Diff: 0.0, Sum: 0.1]
      [GC Worker Total (ms): Min: 148.9, Avg: 149.3, Max: 149.4, Diff: 0.6, Sum: 597.2]
      [GC Worker End (ms): Min: 22569321.4, Avg: 22569321.4, Max: 22569321.4, Diff: 0.0]
   [Code Root Fixup: 0.0 ms]
   [Code Root Purge: 0.0 ms]
   [String Dedup Fixup: 6.3 ms, GC Workers: 4]
      [Queue Fixup (ms): Min: 0.0, Avg: 0.0, Max: 0.0, Diff: 0.0, Sum: 0.0]
      [Table Fixup (ms): Min: 0.0, Avg: 3.1, Max: 6.2, Diff: 6.2, Sum: 12.3]
   [Clear CT: 1.1 ms]
   [Other: 8.4 ms]
      [Choose CSet: 0.0 ms]
      [Ref Proc: 0.3 ms]
      [Ref Enq: 0.0 ms]
      [Redirty Cards: 0.0 ms]
      [Humongous Register: 2.1 ms]
      [Humongous Reclaim: 0.2 ms]
      [Free CSet: 4.2 ms]
   [Eden: 2528.0M(2528.0M)->0.0B(2366.0M) Survivors: 82.0M->92.0M Heap: 4741.9M(6278.0M)->2202.5M(6278.0M)]
 [Times: user=0.39 sys=0.07, real=0.16 secs] 
2021-03-08T17:00:04.631+0800: 22569.335: Total time for which application threads were stopped: 0.1752089 seconds, Stopping threads took: 0.0021563 seconds
2021-03-08T17:00:04.632+0800: 22569.336: [GC concurrent-string-deduplication, 51.1K->31.8K(19.2K), avg 63.3%, 0.0008342 secs]
   [Last Exec: 0.0008342 secs, Idle: 11.3505592 secs, Blocked: 0/0.0000000 secs]
      [Inspected:             833]
         [Skipped:              0(  0.0%)]
         [Hashed:             467( 56.1%)]
         [Known:                0(  0.0%)]
         [New:                833(100.0%)     51.1K]
      [Deduplicated:          466( 55.9%)     19.2K( 37.6%)]
         [Young:              466(100.0%)     19.2K(100.0%)]
         [Old:                  0(  0.0%)      0.0B(  0.0%)]
   [Total Exec: 2724/1.7434635 secs, Idle: 2724/22560.9892247 secs, Blocked: 36/6.0671595 secs]
      [Inspected:         2730509]
         [Skipped:              0(  0.0%)]
         [Hashed:         2122051( 77.7%)]
         [Known:            34947(  1.3%)]
         [New:            2695562( 98.7%)    147.6M]
      [Deduplicated:      2076900( 77.0%)     93.4M( 63.3%)]
         [Young:           870762( 41.9%)     41.2M( 44.1%)]
         [Old:            1206138( 58.1%)     52.2M( 55.9%)]
   [Table]
      [Memory Usage: 2441.2K]
      [Size: 65536, Min: 1024, Max: 16777216]
      [Entries: 82312, Load: 125.6%, Cached: 0, Added: 653115, Removed: 570803]
      [Resize Count: 6, Shrink Threshold: 43690(66.7%), Grow Threshold: 131072(200.0%)]
      [Rehash Count: 0, Rehash Threshold: 120, Hash Seed: 0x0]
      [Age Threshold: 3]
   [Queue]
      [Dropped: 0]
[GC concurrent-string-deduplication, deleted 0 entries, 0.0000006 secs]
2021-03-08T17:00:09.646+0800: 22574.351: Total time for which application threads were stopped: 0.0134205 seconds, Stopping threads took: 0.0058421 seconds
2021-03-08T17:00:09.650+0800: 22574.354: Total time for which application threads were stopped: 0.0036567 seconds, Stopping threads took: 0.0001714 seconds
2021-03-08T17:00:15.907+0800: 22580.611: [GC pause (G1 Evacuation Pause) (young), 0.1459205 secs]
   [Parallel Time: 131.4 ms, GC Workers: 4]
      [GC Worker Start (ms): Min: 22580613.1, Avg: 22580617.0, Max: 22580618.3, Diff: 5.2]
      [Ext Root Scanning (ms): Min: 3.2, Avg: 4.6, Max: 8.7, Diff: 5.4, Sum: 18.4]
      [Update RS (ms): Min: 4.0, Avg: 4.2, Max: 4.2, Diff: 0.2, Sum: 16.6]
         [Processed Buffers: Min: 34, Avg: 39.0, Max: 47, Diff: 13, Sum: 156]
      [Scan RS (ms): Min: 0.4, Avg: 0.5, Max: 0.5, Diff: 0.1, Sum: 1.9]
      [Code Root Scanning (ms): Min: 0.0, Avg: 0.0, Max: 0.0, Diff: 0.0, Sum: 0.1]
      [Object Copy (ms): Min: 118.0, Avg: 118.0, Max: 118.0, Diff: 0.1, Sum: 472.0]
      [Termination (ms): Min: 0.1, Avg: 0.1, Max: 0.1, Diff: 0.0, Sum: 0.5]
         [Termination Attempts: Min: 147, Avg: 173.2, Max: 209, Diff: 62, Sum: 693]
      [GC Worker Other (ms): Min: 0.1, Avg: 0.1, Max: 0.1, Diff: 0.0, Sum: 0.3]
      [GC Worker Total (ms): Min: 126.1, Avg: 127.4, Max: 131.3, Diff: 5.2, Sum: 509.7]
      [GC Worker End (ms): Min: 22580744.4, Avg: 22580744.4, Max: 22580744.4, Diff: 0.0]
   [Code Root Fixup: 0.0 ms]
   [Code Root Purge: 0.0 ms]
   [String Dedup Fixup: 4.5 ms, GC Workers: 4]
      [Queue Fixup (ms): Min: 0.0, Avg: 0.0, Max: 0.0, Diff: 0.0, Sum: 0.0]
      [Table Fixup (ms): Min: 4.3, Avg: 4.4, Max: 4.4, Diff: 0.1, Sum: 17.4]
   [Clear CT: 1.4 ms]
   [Other: 8.7 ms]
      [Choose CSet: 0.0 ms]
      [Ref Proc: 0.2 ms]
      [Ref Enq: 0.0 ms]
      [Redirty Cards: 0.1 ms]
      [Humongous Register: 1.3 ms]
      [Humongous Reclaim: 0.5 ms]
      [Free CSet: 4.3 ms]
   [Eden: 2366.0M(2366.0M)->0.0B(2468.0M) Survivors: 92.0M->112.0M Heap: 4579.9M(6278.0M)->2222.5M(6278.0M)]
 [Times: user=0.46 sys=0.07, real=0.14 secs] 
2021-03-08T17:00:16.054+0800: 22580.758: Total time for which application threads were stopped: 0.1524259 seconds, Stopping threads took: 0.0004263 seconds
2021-03-08T17:00:16.054+0800: 22580.759: [GC concurrent-string-deduplication, 39.3K->20.1K(19.1K), avg 63.3%, 0.0004311 secs]
   [Last Exec: 0.0004311 secs, Idle: 11.4218438 secs, Blocked: 0/0.0000000 secs]
      [Inspected:             717]
         [Skipped:              0(  0.0%)]
         [Hashed:             483( 67.4%)]
         [Known:                0(  0.0%)]
         [New:                717(100.0%)     39.3K]
      [Deduplicated:          483( 67.4%)     19.1K( 48.8%)]
         [Young:              483(100.0%)     19.1K(100.0%)]
         [Old:                  0(  0.0%)      0.0B(  0.0%)]
   [Total Exec: 2725/1.7438946 secs, Idle: 2725/22572.4110685 secs, Blocked: 36/6.0671595 secs]
      [Inspected:         2731226]
         [Skipped:              0(  0.0%)]
         [Hashed:         2122534( 77.7%)]
         [Known:            34947(  1.3%)]
         [New:            2696279( 98.7%)    147.7M]
      [Deduplicated:      2077383( 77.0%)     93.5M( 63.3%)]
         [Young:           871245( 41.9%)     41.2M( 44.1%)]
         [Old:            1206138( 58.1%)     52.2M( 55.9%)]
   [Table]
      [Memory Usage: 2446.6K]
      [Size: 65536, Min: 1024, Max: 16777216]
      [Entries: 82545, Load: 126.0%, Cached: 0, Added: 653349, Removed: 570804]
      [Resize Count: 6, Shrink Threshold: 43690(66.7%), Grow Threshold: 131072(200.0%)]
      [Rehash Count: 0, Rehash Threshold: 120, Hash Seed: 0x0]
      [Age Threshold: 3]
   [Queue]
      [Dropped: 0]
[GC concurrent-string-deduplication, deleted 0 entries, 0.0000007 secs]
2021-03-08T17:00:29.283+0800: 22593.987: [GC pause (G1 Evacuation Pause) (young), 0.1757807 secs]
   [Parallel Time: 158.6 ms, GC Workers: 4]
      [GC Worker Start (ms): Min: 22593989.5, Avg: 22593989.5, Max: 22593989.5, Diff: 0.1]
      [Ext Root Scanning (ms): Min: 4.5, Avg: 4.6, Max: 4.9, Diff: 0.4, Sum: 18.5]
      [Update RS (ms): Min: 4.6, Avg: 4.7, Max: 4.7, Diff: 0.1, Sum: 18.7]
         [Processed Buffers: Min: 33, Avg: 43.2, Max: 58, Diff: 25, Sum: 173]
      [Scan RS (ms): Min: 0.5, Avg: 0.5, Max: 0.6, Diff: 0.0, Sum: 2.2]
      [Code Root Scanning (ms): Min: 0.0, Avg: 0.0, Max: 0.0, Diff: 0.0, Sum: 0.1]
      [Object Copy (ms): Min: 130.1, Avg: 135.5, Max: 148.5, Diff: 18.4, Sum: 542.0]
      [Termination (ms): Min: 0.0, Avg: 13.1, Max: 18.3, Diff: 18.2, Sum: 52.3]
         [Termination Attempts: Min: 9, Avg: 51.2, Max: 79, Diff: 70, Sum: 205]
      [GC Worker Other (ms): Min: 0.0, Avg: 0.0, Max: 0.0, Diff: 0.0, Sum: 0.1]
      [GC Worker Total (ms): Min: 158.4, Avg: 158.5, Max: 158.5, Diff: 0.1, Sum: 633.9]
      [GC Worker End (ms): Min: 22594148.0, Avg: 22594148.0, Max: 22594148.0, Diff: 0.0]
   [Code Root Fixup: 0.0 ms]
   [Code Root Purge: 0.0 ms]
   [String Dedup Fixup: 7.3 ms, GC Workers: 4]
      [Queue Fixup (ms): Min: 0.0, Avg: 0.0, Max: 0.0, Diff: 0.0, Sum: 0.0]
      [Table Fixup (ms): Min: 3.0, Avg: 4.1, Max: 7.1, Diff: 4.0, Sum: 16.4]
   [Clear CT: 1.1 ms]
   [Other: 8.7 ms]
      [Choose CSet: 0.0 ms]
      [Ref Proc: 0.3 ms]
      [Ref Enq: 0.0 ms]
      [Redirty Cards: 0.3 ms]
      [Humongous Register: 2.1 ms]
      [Humongous Reclaim: 0.2 ms]
      [Free CSet: 4.4 ms]
   [Eden: 2468.0M(2468.0M)->0.0B(2998.0M) Survivors: 112.0M->122.0M Heap: 4703.6M(6278.0M)->2233.8M(6278.0M)]
 [Times: user=0.54 sys=0.07, real=0.18 secs] 
2021-03-08T17:00:29.459+0800: 22594.163: Total time for which application threads were stopped: 0.1858909 seconds, Stopping threads took: 0.0022385 seconds
2021-03-08T17:00:29.460+0800: 22594.164: [GC concurrent-string-deduplication, 49.5K->30.2K(19.2K), avg 63.3%, 0.0005405 secs]
   [Last Exec: 0.0005405 secs, Idle: 13.4046586 secs, Blocked: 0/0.0000000 secs]
      [Inspected:             825]
         [Skipped:              0(  0.0%)]
         [Hashed:             473( 57.3%)]
         [Known:                0(  0.0%)]
         [New:                825(100.0%)     49.5K]
      [Deduplicated:          473( 57.3%)     19.2K( 38.9%)]
         [Young:              473(100.0%)     19.2K(100.0%)]
         [Old:                  0(  0.0%)      0.0B(  0.0%)]
   [Total Exec: 2726/1.7444351 secs, Idle: 2726/22585.8157271 secs, Blocked: 36/6.0671595 secs]
      [Inspected:         2732051]
         [Skipped:              0(  0.0%)]
         [Hashed:         2123007( 77.7%)]
         [Known:            34947(  1.3%)]
         [New:            2697104( 98.7%)    147.7M]
      [Deduplicated:      2077856( 77.0%)     93.5M( 63.3%)]
         [Young:           871718( 42.0%)     41.2M( 44.1%)]
         [Old:            1206138( 58.0%)     52.2M( 55.9%)]
   [Table]
      [Memory Usage: 2454.9K]
      [Size: 65536, Min: 1024, Max: 16777216]
      [Entries: 82897, Load: 126.5%, Cached: 0, Added: 653701, Removed: 570804]
      [Resize Count: 6, Shrink Threshold: 43690(66.7%), Grow Threshold: 131072(200.0%)]
      [Rehash Count: 0, Rehash Threshold: 120, Hash Seed: 0x0]
      [Age Threshold: 3]
   [Queue]
      [Dropped: 0]
[GC concurrent-string-deduplication, deleted 0 entries, 0.0000008 secs]
2021-03-08T17:00:39.902+0800: 22604.606: Total time for which application threads were stopped: 0.0101379 seconds, Stopping threads took: 0.0024360 seconds
2021-03-08T17:00:43.657+0800: 22608.362: [GC pause (G1 Evacuation Pause) (young), 0.1880478 secs]
   [Parallel Time: 175.0 ms, GC Workers: 4]
      [GC Worker Start (ms): Min: 22608364.1, Avg: 22608364.2, Max: 22608364.4, Diff: 0.3]
      [Ext Root Scanning (ms): Min: 10.6, Avg: 13.3, Max: 14.4, Diff: 3.9, Sum: 53.2]
      [Update RS (ms): Min: 7.5, Avg: 12.3, Max: 16.7, Diff: 9.2, Sum: 49.0]
         [Processed Buffers: Min: 22, Avg: 62.2, Max: 107, Diff: 85, Sum: 249]
      [Scan RS (ms): Min: 0.1, Avg: 0.6, Max: 1.2, Diff: 1.1, Sum: 2.4]
      [Code Root Scanning (ms): Min: 0.0, Avg: 0.0, Max: 0.0, Diff: 0.0, Sum: 0.1]
      [Object Copy (ms): Min: 143.5, Avg: 148.1, Max: 156.0, Diff: 12.5, Sum: 592.6]
      [Termination (ms): Min: 0.0, Avg: 0.0, Max: 0.0, Diff: 0.0, Sum: 0.0]
         [Termination Attempts: Min: 5, Avg: 7.2, Max: 9, Diff: 4, Sum: 29]
      [GC Worker Other (ms): Min: 0.0, Avg: 0.1, Max: 0.1, Diff: 0.1, Sum: 0.3]
      [GC Worker Total (ms): Min: 174.3, Avg: 174.4, Max: 174.6, Diff: 0.3, Sum: 697.7]
      [GC Worker End (ms): Min: 22608538.6, Avg: 22608538.7, Max: 22608538.7, Diff: 0.0]
   [Code Root Fixup: 0.0 ms]
   [Code Root Purge: 0.0 ms]
   [String Dedup Fixup: 3.9 ms, GC Workers: 4]
      [Queue Fixup (ms): Min: 0.0, Avg: 0.0, Max: 0.0, Diff: 0.0, Sum: 0.0]
      [Table Fixup (ms): Min: 3.6, Avg: 3.7, Max: 3.7, Diff: 0.1, Sum: 14.8]
   [Clear CT: 1.0 ms]
   [Other: 8.2 ms]
      [Choose CSet: 0.0 ms]
      [Ref Proc: 0.1 ms]
      [Ref Enq: 0.0 ms]
      [Redirty Cards: 0.0 ms]
      [Humongous Register: 1.8 ms]
      [Humongous Reclaim: 0.2 ms]
      [Free CSet: 4.6 ms]
   [Eden: 2998.0M(2998.0M)->0.0B(2366.0M) Survivors: 122.0M->142.0M Heap: 5253.9M(6278.0M)->2254.2M(6278.0M)]
 [Times: user=0.55 sys=0.10, real=0.19 secs] 
2021-03-08T17:00:43.846+0800: 22608.550: Total time for which application threads were stopped: 0.1971877 seconds, Stopping threads took: 0.0018507 seconds
2021-03-08T17:00:43.847+0800: 22608.551: [GC concurrent-string-deduplication, 61.9K->34.5K(27.4K), avg 63.3%, 0.0006431 secs]
   [Last Exec: 0.0006431 secs, Idle: 14.3865664 secs, Blocked: 0/0.0000000 secs]
      [Inspected:            1091]
         [Skipped:              0(  0.0%)]
         [Hashed:             687( 63.0%)]
         [Known:                0(  0.0%)]
         [New:               1091(100.0%)     61.9K]
      [Deduplicated:          689( 63.2%)     27.4K( 44.2%)]
         [Young:              689(100.0%)     27.4K(100.0%)]
         [Old:                  0(  0.0%)      0.0B(  0.0%)]
   [Total Exec: 2727/1.7450781 secs, Idle: 2727/22600.2022935 secs, Blocked: 36/6.0671595 secs]
      [Inspected:         2733142]
         [Skipped:              0(  0.0%)]
         [Hashed:         2123694( 77.7%)]
         [Known:            34947(  1.3%)]
         [New:            2698195( 98.7%)    147.8M]
      [Deduplicated:      2078545( 77.0%)     93.5M( 63.3%)]
         [Young:           872407( 42.0%)     41.3M( 44.1%)]
         [Old:            1206138( 58.0%)     52.2M( 55.9%)]
   [Table]
      [Memory Usage: 2464.3K]
      [Size: 65536, Min: 1024, Max: 16777216]
      [Entries: 83299, Load: 127.1%, Cached: 0, Added: 654103, Removed: 570804]
      [Resize Count: 6, Shrink Threshold: 43690(66.7%), Grow Threshold: 131072(200.0%)]
      [Rehash Count: 0, Rehash Threshold: 120, Hash Seed: 0x0]
      [Age Threshold: 3]
   [Queue]
      [Dropped: 0]
[GC concurrent-string-deduplication, deleted 0 entries, 0.0000009 secs]
2021-03-08T17:00:44.909+0800: 22609.613: Total time for which application threads were stopped: 0.0045192 seconds, Stopping threads took: 0.0007922 seconds
2021-03-08T17:00:44.913+0800: 22609.617: Total time for which application threads were stopped: 0.0037132 seconds, Stopping threads took: 0.0004218 seconds
2021-03-08T17:00:54.188+0800: 22618.892: [GC pause (G1 Evacuation Pause) (young), 0.1868496 secs]
   [Parallel Time: 179.6 ms, GC Workers: 4]
      [GC Worker Start (ms): Min: 22618892.9, Avg: 22618892.9, Max: 22618892.9, Diff: 0.0]
      [Ext Root Scanning (ms): Min: 3.5, Avg: 3.8, Max: 4.5, Diff: 1.0, Sum: 15.2]
      [Update RS (ms): Min: 7.5, Avg: 8.0, Max: 8.2, Diff: 0.6, Sum: 31.9]
         [Processed Buffers: Min: 64, Avg: 71.8, Max: 90, Diff: 26, Sum: 287]
      [Scan RS (ms): Min: 0.4, Avg: 0.4, Max: 0.5, Diff: 0.1, Sum: 1.8]
      [Code Root Scanning (ms): Min: 0.0, Avg: 0.0, Max: 0.0, Diff: 0.0, Sum: 0.1]
      [Object Copy (ms): Min: 166.8, Avg: 167.0, Max: 167.2, Diff: 0.4, Sum: 668.2]
      [Termination (ms): Min: 0.1, Avg: 0.2, Max: 0.2, Diff: 0.1, Sum: 0.6]
         [Termination Attempts: Min: 126, Avg: 166.2, Max: 194, Diff: 68, Sum: 665]
      [GC Worker Other (ms): Min: 0.0, Avg: 0.1, Max: 0.1, Diff: 0.0, Sum: 0.2]
      [GC Worker Total (ms): Min: 179.4, Avg: 179.5, Max: 179.5, Diff: 0.1, Sum: 717.9]
      [GC Worker End (ms): Min: 22619072.4, Avg: 22619072.4, Max: 22619072.4, Diff: 0.0]
   [Code Root Fixup: 0.0 ms]
   [Code Root Purge: 0.0 ms]
   [String Dedup Fixup: 2.3 ms, GC Workers: 4]
      [Queue Fixup (ms): Min: 0.0, Avg: 0.0, Max: 0.0, Diff: 0.0, Sum: 0.0]
      [Table Fixup (ms): Min: 2.1, Avg: 2.2, Max: 2.2, Diff: 0.1, Sum: 8.7]
   [Clear CT: 0.4 ms]
   [Other: 4.6 ms]
      [Choose CSet: 0.0 ms]
      [Ref Proc: 0.1 ms]
      [Ref Enq: 0.0 ms]
      [Redirty Cards: 0.1 ms]
      [Humongous Register: 0.3 ms]
      [Humongous Reclaim: 0.2 ms]
      [Free CSet: 2.3 ms]
   [Eden: 2366.0M(2366.0M)->0.0B(1888.0M) Survivors: 142.0M->160.0M Heap: 4649.2M(6278.0M)->2272.0M(6278.0M)]
 [Times: user=0.65 sys=0.08, real=0.19 secs] 
2021-03-08T17:00:54.375+0800: 22619.080: Total time for which application threads were stopped: 0.1925498 seconds, Stopping threads took: 0.0003825 seconds
2021-03-08T17:00:54.376+0800: 22619.080: [GC concurrent-string-deduplication, 49.4K->28.2K(21.2K), avg 63.3%, 0.0004454 secs]
   [Last Exec: 0.0004454 secs, Idle: 10.5284696 secs, Blocked: 0/0.0000000 secs]
      [Inspected:             867]
         [Skipped:              0(  0.0%)]
         [Hashed:             539( 62.2%)]
         [Known:                0(  0.0%)]
         [New:                867(100.0%)     49.4K]
      [Deduplicated:          539( 62.2%)     21.2K( 42.9%)]
         [Young:              539(100.0%)     21.2K(100.0%)]
         [Old:                  0(  0.0%)      0.0B(  0.0%)]
   [Total Exec: 2728/1.7455235 secs, Idle: 2728/22610.7307631 secs, Blocked: 36/6.0671595 secs]
      [Inspected:         2734009]
         [Skipped:              0(  0.0%)]
         [Hashed:         2124233( 77.7%)]
         [Known:            34947(  1.3%)]
         [New:            2699062( 98.7%)    147.8M]
      [Deduplicated:      2079084( 77.0%)     93.5M( 63.3%)]
         [Young:           872946( 42.0%)     41.3M( 44.2%)]
         [Old:            1206138( 58.0%)     52.2M( 55.8%)]
   [Table]
      [Memory Usage: 2472.0K]
      [Size: 65536, Min: 1024, Max: 16777216]
      [Entries: 83627, Load: 127.6%, Cached: 0, Added: 654431, Removed: 570804]
      [Resize Count: 6, Shrink Threshold: 43690(66.7%), Grow Threshold: 131072(200.0%)]
      [Rehash Count: 0, Rehash Threshold: 120, Hash Seed: 0x0]
      [Age Threshold: 3]
   [Queue]
      [Dropped: 0]
[GC concurrent-string-deduplication, deleted 0 entries, 0.0000009 secs]
2021-03-08T17:01:01.400+0800: 22626.104: [GC pause (G1 Evacuation Pause) (young), 0.1801058 secs]
   [Parallel Time: 168.2 ms, GC Workers: 4]
      [GC Worker Start (ms): Min: 22626106.3, Avg: 22626107.7, Max: 22626109.0, Diff: 2.7]
      [Ext Root Scanning (ms): Min: 4.4, Avg: 7.1, Max: 8.9, Diff: 4.4, Sum: 28.3]
      [Update RS (ms): Min: 3.8, Avg: 5.1, Max: 5.5, Diff: 1.7, Sum: 20.2]
         [Processed Buffers: Min: 31, Avg: 34.8, Max: 39, Diff: 8, Sum: 139]
      [Scan RS (ms): Min: 0.2, Avg: 0.4, Max: 0.5, Diff: 0.3, Sum: 1.7]
      [Code Root Scanning (ms): Min: 0.0, Avg: 0.0, Max: 0.0, Diff: 0.0, Sum: 0.1]
      [Object Copy (ms): Min: 152.9, Avg: 154.0, Max: 156.7, Diff: 3.7, Sum: 616.1]
      [Termination (ms): Min: 0.0, Avg: 0.0, Max: 0.0, Diff: 0.0, Sum: 0.0]
         [Termination Attempts: Min: 2, Avg: 3.5, Max: 4, Diff: 2, Sum: 14]
      [GC Worker Other (ms): Min: 0.0, Avg: 0.1, Max: 0.4, Diff: 0.3, Sum: 0.6]
      [GC Worker Total (ms): Min: 165.4, Avg: 166.7, Max: 168.0, Diff: 2.7, Sum: 666.9]
      [GC Worker End (ms): Min: 22626274.4, Avg: 22626274.4, Max: 22626274.5, Diff: 0.1]
   [Code Root Fixup: 0.0 ms]
   [Code Root Purge: 0.0 ms]
   [String Dedup Fixup: 4.4 ms, GC Workers: 4]
      [Queue Fixup (ms): Min: 0.0, Avg: 0.0, Max: 0.0, Diff: 0.0, Sum: 0.0]
      [Table Fixup (ms): Min: 1.1, Avg: 3.5, Max: 4.4, Diff: 3.3, Sum: 14.1]
   [Clear CT: 0.8 ms]
   [Other: 6.7 ms]
      [Choose CSet: 0.0 ms]
      [Ref Proc: 0.3 ms]
      [Ref Enq: 0.0 ms]
      [Redirty Cards: 0.1 ms]
      [Humongous Register: 1.6 ms]
      [Humongous Reclaim: 0.1 ms]
      [Free CSet: 3.3 ms]
   [Eden: 1888.0M(1888.0M)->0.0B(3220.0M) Survivors: 160.0M->136.0M Heap: 4168.5M(6278.0M)->2282.0M(6278.0M)]
 [Times: user=0.64 sys=0.02, real=0.18 secs] 
2021-03-08T17:01:01.581+0800: 22626.285: Total time for which application threads were stopped: 0.1888226 seconds, Stopping threads took: 0.0022221 seconds
2021-03-08T17:01:01.581+0800: 22626.286: [GC concurrent-string-deduplication, 55.9K->29.2K(26.7K), avg 63.3%, 0.0005469 secs]
   [Last Exec: 0.0005469 secs, Idle: 7.2048333 secs, Blocked: 0/0.0000000 secs]
      [Inspected:             990]
         [Skipped:              0(  0.0%)]
         [Hashed:             650( 65.7%)]
         [Known:                0(  0.0%)]
         [New:                990(100.0%)     55.9K]
      [Deduplicated:          650( 65.7%)     26.7K( 47.8%)]
         [Young:              650(100.0%)     26.7K(100.0%)]
         [Old:                  0(  0.0%)      0.0B(  0.0%)]
   [Total Exec: 2729/1.7460704 secs, Idle: 2729/22617.9355964 secs, Blocked: 36/6.0671595 secs]
      [Inspected:         2734999]
         [Skipped:              0(  0.0%)]
         [Hashed:         2124883( 77.7%)]
         [Known:            34947(  1.3%)]
         [New:            2700052( 98.7%)    147.9M]
      [Deduplicated:      2079734( 77.0%)     93.6M( 63.3%)]
         [Young:           873596( 42.0%)     41.3M( 44.2%)]
         [Old:            1206138( 58.0%)     52.2M( 55.8%)]
   [Table]
      [Memory Usage: 2480.0K]
      [Size: 65536, Min: 1024, Max: 16777216]
      [Entries: 83967, Load: 128.1%, Cached: 0, Added: 654771, Removed: 570804]
      [Resize Count: 6, Shrink Threshold: 43690(66.7%), Grow Threshold: 131072(200.0%)]
      [Rehash Count: 0, Rehash Threshold: 120, Hash Seed: 0x0]
      [Age Threshold: 3]
   [Queue]
      [Dropped: 0]
[GC concurrent-string-deduplication, deleted 0 entries, 0.0000008 secs]
2021-03-08T17:01:10.141+0800: 22634.846: Total time for which application threads were stopped: 0.0096110 seconds, Stopping threads took: 0.0021987 seconds
2021-03-08T17:01:10.145+0800: 22634.849: Total time for which application threads were stopped: 0.0035519 seconds, Stopping threads took: 0.0001296 seconds
2021-03-08T17:01:18.078+0800: 22642.782: [GC pause (G1 Evacuation Pause) (young), 0.2457652 secs]
   [Parallel Time: 206.1 ms, GC Workers: 4]
      [GC Worker Start (ms): Min: 22642784.2, Avg: 22642786.5, Max: 22642789.4, Diff: 5.1]
      [Ext Root Scanning (ms): Min: 9.2, Avg: 12.6, Max: 15.3, Diff: 6.1, Sum: 50.2]
      [Update RS (ms): Min: 11.9, Avg: 14.0, Max: 15.8, Diff: 3.9, Sum: 55.8]
         [Processed Buffers: Min: 72, Avg: 77.0, Max: 81, Diff: 9, Sum: 308]
      [Scan RS (ms): Min: 0.6, Avg: 0.7, Max: 0.7, Diff: 0.1, Sum: 2.8]
      [Code Root Scanning (ms): Min: 0.0, Avg: 0.0, Max: 0.0, Diff: 0.0, Sum: 0.1]
      [Object Copy (ms): Min: 161.3, Avg: 161.6, Max: 161.9, Diff: 0.6, Sum: 646.3]
      [Termination (ms): Min: 0.1, Avg: 0.1, Max: 0.1, Diff: 0.0, Sum: 0.4]
         [Termination Attempts: Min: 103, Avg: 111.0, Max: 117, Diff: 14, Sum: 444]
      [GC Worker Other (ms): Min: 0.1, Avg: 3.9, Max: 7.8, Diff: 7.7, Sum: 15.7]
      [GC Worker Total (ms): Min: 186.2, Avg: 192.9, Max: 199.0, Diff: 12.8, Sum: 771.4]
      [GC Worker End (ms): Min: 22642975.5, Avg: 22642979.4, Max: 22642983.3, Diff: 7.7]
   [Code Root Fixup: 0.0 ms]
   [Code Root Purge: 0.0 ms]
   [String Dedup Fixup: 8.9 ms, GC Workers: 4]
      [Queue Fixup (ms): Min: 0.0, Avg: 0.0, Max: 0.0, Diff: 0.0, Sum: 0.0]
      [Table Fixup (ms): Min: 2.5, Avg: 3.2, Max: 5.4, Diff: 2.9, Sum: 12.8]
   [Clear CT: 10.9 ms]
   [Other: 19.9 ms]
      [Choose CSet: 0.0 ms]
      [Ref Proc: 11.0 ms]
      [Ref Enq: 0.0 ms]
      [Redirty Cards: 0.2 ms]
      [Humongous Register: 1.8 ms]
      [Humongous Reclaim: 0.2 ms]
      [Free CSet: 5.2 ms]
   [Eden: 3220.0M(3220.0M)->0.0B(2182.0M) Survivors: 136.0M->152.0M Heap: 5524.8M(6278.0M)->2298.4M(6278.0M)]
 [Times: user=0.61 sys=0.12, real=0.24 secs] 
2021-03-08T17:01:18.324+0800: 22643.028: Total time for which application threads were stopped: 0.2562704 seconds, Stopping threads took: 0.0023016 seconds
2021-03-08T17:01:18.325+0800: 22643.029: [GC concurrent-string-deduplication, 38.2K->22.5K(15.7K), avg 63.3%, 0.0004594 secs]
   [Last Exec: 0.0004594 secs, Idle: 16.7427557 secs, Blocked: 0/0.0000000 secs]
      [Inspected:             663]
         [Skipped:              0(  0.0%)]
         [Hashed:             401( 60.5%)]
         [Known:                0(  0.0%)]
         [New:                663(100.0%)     38.2K]
      [Deduplicated:          401( 60.5%)     15.7K( 41.1%)]
         [Young:              401(100.0%)     15.7K(100.0%)]
         [Old:                  0(  0.0%)      0.0B(  0.0%)]
   [Total Exec: 2730/1.7465298 secs, Idle: 2730/22634.6783522 secs, Blocked: 36/6.0671595 secs]
      [Inspected:         2735662]
         [Skipped:              0(  0.0%)]
         [Hashed:         2125284( 77.7%)]
         [Known:            34947(  1.3%)]
         [New:            2700715( 98.7%)    147.9M]
      [Deduplicated:      2080135( 77.0%)     93.6M( 63.3%)]
         [Young:           873997( 42.0%)     41.3M( 44.2%)]
         [Old:            1206138( 58.0%)     52.2M( 55.8%)]
   [Table]
      [Memory Usage: 2486.1K]
      [Size: 65536, Min: 1024, Max: 16777216]
      [Entries: 84229, Load: 128.5%, Cached: 0, Added: 655033, Removed: 570804]
      [Resize Count: 6, Shrink Threshold: 43690(66.7%), Grow Threshold: 131072(200.0%)]
      [Rehash Count: 0, Rehash Threshold: 120, Hash Seed: 0x0]
      [Age Threshold: 3]
   [Queue]
      [Dropped: 0]
[GC concurrent-string-deduplication, deleted 0 entries, 0.0000009 secs]
2021-03-08T17:01:23.197+0800: 22647.901: [GC pause (G1 Evacuation Pause) (young), 0.2049453 secs]
   [Parallel Time: 192.3 ms, GC Workers: 4]
      [GC Worker Start (ms): Min: 22647902.9, Avg: 22647903.8, Max: 22647904.7, Diff: 1.8]
      [Ext Root Scanning (ms): Min: 4.5, Avg: 6.0, Max: 8.9, Diff: 4.4, Sum: 24.1]
      [Update RS (ms): Min: 6.1, Avg: 8.4, Max: 11.1, Diff: 5.0, Sum: 33.7]
         [Processed Buffers: Min: 46, Avg: 66.0, Max: 87, Diff: 41, Sum: 264]
      [Scan RS (ms): Min: 0.1, Avg: 0.5, Max: 0.6, Diff: 0.5, Sum: 1.9]
      [Code Root Scanning (ms): Min: 0.0, Avg: 0.0, Max: 0.0, Diff: 0.0, Sum: 0.1]
      [Object Copy (ms): Min: 174.7, Avg: 176.3, Max: 177.1, Diff: 2.4, Sum: 705.1]
      [Termination (ms): Min: 0.0, Avg: 0.0, Max: 0.0, Diff: 0.0, Sum: 0.2]
         [Termination Attempts: Min: 47, Avg: 53.8, Max: 59, Diff: 12, Sum: 215]
      [GC Worker Other (ms): Min: 0.0, Avg: 0.1, Max: 0.1, Diff: 0.0, Sum: 0.3]
      [GC Worker Total (ms): Min: 190.4, Avg: 191.3, Max: 192.2, Diff: 1.9, Sum: 765.3]
      [GC Worker End (ms): Min: 22648095.1, Avg: 22648095.1, Max: 22648095.1, Diff: 0.0]
   [Code Root Fixup: 0.0 ms]
   [Code Root Purge: 0.0 ms]
   [String Dedup Fixup: 3.6 ms, GC Workers: 4]
      [Queue Fixup (ms): Min: 0.0, Avg: 0.0, Max: 0.0, Diff: 0.0, Sum: 0.0]
      [Table Fixup (ms): Min: 3.4, Avg: 3.5, Max: 3.5, Diff: 0.1, Sum: 13.9]
   [Clear CT: 0.6 ms]
   [Other: 8.4 ms]
      [Choose CSet: 0.0 ms]
      [Ref Proc: 0.2 ms]
      [Ref Enq: 0.0 ms]
      [Redirty Cards: 0.0 ms]
      [Humongous Register: 1.4 ms]
      [Humongous Reclaim: 0.3 ms]
      [Free CSet: 4.8 ms]
   [Eden: 2182.0M(2182.0M)->0.0B(2912.0M) Survivors: 152.0M->148.0M Heap: 4505.7M(6278.0M)->2310.4M(6278.0M)]
 [Times: user=0.64 sys=0.10, real=0.20 secs] 
2021-03-08T17:01:23.403+0800: 22648.107: Total time for which application threads were stopped: 0.2156234 seconds, Stopping threads took: 0.0022507 seconds
2021-03-08T17:01:23.404+0800: 22648.108: [GC concurrent-string-deduplication, 30.1K->19.7K(10.4K), avg 63.3%, 0.0009250 secs]
   [Last Exec: 0.0009250 secs, Idle: 5.0782761 secs, Blocked: 0/0.0000000 secs]
      [Inspected:             500]
         [Skipped:              0(  0.0%)]
         [Hashed:             271( 54.2%)]
         [Known:                0(  0.0%)]
         [New:                500(100.0%)     30.1K]
      [Deduplicated:          271( 54.2%)     10.4K( 34.6%)]
         [Young:              271(100.0%)     10.4K(100.0%)]
         [Old:                  0(  0.0%)      0.0B(  0.0%)]
   [Total Exec: 2731/1.7474548 secs, Idle: 2731/22639.7566283 secs, Blocked: 36/6.0671595 secs]
      [Inspected:         2736162]
         [Skipped:              0(  0.0%)]
         [Hashed:         2125555( 77.7%)]
         [Known:            34947(  1.3%)]
         [New:            2701215( 98.7%)    147.9M]
      [Deduplicated:      2080406( 77.0%)     93.6M( 63.3%)]
         [Young:           874268( 42.0%)     41.3M( 44.2%)]
         [Old:            1206138( 58.0%)     52.2M( 55.8%)]
   [Table]
      [Memory Usage: 2491.5K]
      [Size: 65536, Min: 1024, Max: 16777216]
      [Entries: 84458, Load: 128.9%, Cached: 0, Added: 655262, Removed: 570804]
      [Resize Count: 6, Shrink Threshold: 43690(66.7%), Grow Threshold: 131072(200.0%)]
      [Rehash Count: 0, Rehash Threshold: 120, Hash Seed: 0x0]
      [Age Threshold: 3]
   [Queue]
      [Dropped: 0]
[GC concurrent-string-deduplication, deleted 0 entries, 0.0000007 secs]
2021-03-08T17:01:29.391+0800: 22654.095: Total time for which application threads were stopped: 0.0056810 seconds, Stopping threads took: 0.0004691 seconds
2021-03-08T17:01:29.395+0800: 22654.099: Total time for which application threads were stopped: 0.0037974 seconds, Stopping threads took: 0.0001424 seconds
2021-03-08T17:01:34.404+0800: 22659.108: Total time for which application threads were stopped: 0.0086629 seconds, Stopping threads took: 0.0024507 seconds
2021-03-08T17:01:34.408+0800: 22659.112: Total time for which application threads were stopped: 0.0037971 seconds, Stopping threads took: 0.0001955 seconds
2021-03-08T17:01:34.412+0800: 22659.116: Total time for which application threads were stopped: 0.0034687 seconds, Stopping threads took: 0.0002350 seconds
2021-03-08T17:01:39.727+0800: 22664.431: [GC pause (G1 Evacuation Pause) (young), 0.2162601 secs]
   [Parallel Time: 204.8 ms, GC Workers: 4]
      [GC Worker Start (ms): Min: 22664432.9, Avg: 22664433.5, Max: 22664435.2, Diff: 2.3]
      [Ext Root Scanning (ms): Min: 9.2, Avg: 13.6, Max: 19.1, Diff: 9.8, Sum: 54.5]
      [Update RS (ms): Min: 6.7, Avg: 12.0, Max: 14.8, Diff: 8.1, Sum: 48.0]
         [Processed Buffers: Min: 46, Avg: 71.5, Max: 101, Diff: 55, Sum: 286]
      [Scan RS (ms): Min: 0.5, Avg: 0.6, Max: 0.7, Diff: 0.3, Sum: 2.4]
      [Code Root Scanning (ms): Min: 0.0, Avg: 0.0, Max: 0.0, Diff: 0.0, Sum: 0.1]
      [Object Copy (ms): Min: 177.5, Avg: 177.7, Max: 178.1, Diff: 0.6, Sum: 710.9]
      [Termination (ms): Min: 0.1, Avg: 0.1, Max: 0.1, Diff: 0.0, Sum: 0.4]
         [Termination Attempts: Min: 139, Avg: 153.8, Max: 171, Diff: 32, Sum: 615]
      [GC Worker Other (ms): Min: 0.0, Avg: 0.1, Max: 0.1, Diff: 0.0, Sum: 0.2]
      [GC Worker Total (ms): Min: 202.4, Avg: 204.1, Max: 204.7, Diff: 2.4, Sum: 816.5]
      [GC Worker End (ms): Min: 22664637.6, Avg: 22664637.7, Max: 22664637.7, Diff: 0.0]
   [Code Root Fixup: 0.0 ms]
   [Code Root Purge: 0.0 ms]
   [String Dedup Fixup: 3.5 ms, GC Workers: 4]
      [Queue Fixup (ms): Min: 0.0, Avg: 0.0, Max: 0.0, Diff: 0.0, Sum: 0.0]
      [Table Fixup (ms): Min: 3.1, Avg: 3.2, Max: 3.2, Diff: 0.1, Sum: 12.7]
   [Clear CT: 0.8 ms]
   [Other: 7.2 ms]
      [Choose CSet: 0.0 ms]
      [Ref Proc: 0.2 ms]
      [Ref Enq: 0.0 ms]
      [Redirty Cards: 0.0 ms]
      [Humongous Register: 1.0 ms]
      [Humongous Reclaim: 0.2 ms]
      [Free CSet: 4.5 ms]
   [Eden: 2912.0M(2912.0M)->0.0B(1946.0M) Survivors: 148.0M->166.0M Heap: 5246.8M(6278.0M)->2328.6M(6278.0M)]
 [Times: user=0.67 sys=0.10, real=0.21 secs] 
2021-03-08T17:01:39.944+0800: 22664.648: Total time for which application threads were stopped: 0.2260039 seconds, Stopping threads took: 0.0022652 seconds
2021-03-08T17:01:39.945+0800: 22664.649: [GC concurrent-string-deduplication, 56.3K->25.8K(30.5K), avg 63.3%, 0.0007556 secs]
   [Last Exec: 0.0007556 secs, Idle: 16.5401769 secs, Blocked: 0/0.0000000 secs]
      [Inspected:            1053]
         [Skipped:              0(  0.0%)]
         [Hashed:             752( 71.4%)]
         [Known:                0(  0.0%)]
         [New:               1053(100.0%)     56.3K]
      [Deduplicated:          752( 71.4%)     30.5K( 54.1%)]
         [Young:              752(100.0%)     30.5K(100.0%)]
         [Old:                  0(  0.0%)      0.0B(  0.0%)]
   [Total Exec: 2732/1.7482104 secs, Idle: 2732/22656.2968052 secs, Blocked: 36/6.0671595 secs]
      [Inspected:         2737215]
         [Skipped:              0(  0.0%)]
         [Hashed:         2126307( 77.7%)]
         [Known:            34947(  1.3%)]
         [New:            2702268( 98.7%)    148.0M]
      [Deduplicated:      2081158( 77.0%)     93.6M( 63.3%)]
         [Young:           875020( 42.0%)     41.4M( 44.2%)]
         [Old:            1206138( 58.0%)     52.2M( 55.8%)]
   [Table]
      [Memory Usage: 2498.5K]
      [Size: 65536, Min: 1024, Max: 16777216]
      [Entries: 84759, Load: 129.3%, Cached: 0, Added: 655563, Removed: 570804]
      [Resize Count: 6, Shrink Threshold: 43690(66.7%), Grow Threshold: 131072(200.0%)]
      [Rehash Count: 0, Rehash Threshold: 120, Hash Seed: 0x0]
      [Age Threshold: 3]
   [Queue]
      [Dropped: 0]
[GC concurrent-string-deduplication, deleted 0 entries, 0.0000012 secs]
2021-03-08T17:01:40.404+0800: 22665.108: Total time for which application threads were stopped: 0.0041836 seconds, Stopping threads took: 0.0004123 seconds
2021-03-08T17:01:45.417+0800: 22670.122: Total time for which application threads were stopped: 0.0131284 seconds, Stopping threads took: 0.0055978 seconds
2021-03-08T17:01:45.422+0800: 22670.126: Total time for which application threads were stopped: 0.0038309 seconds, Stopping threads took: 0.0001308 seconds
2021-03-08T17:01:48.056+0800: 22672.760: [GC pause (G1 Evacuation Pause) (young), 0.1936734 secs]
   [Parallel Time: 183.0 ms, GC Workers: 4]
      [GC Worker Start (ms): Min: 22672762.1, Avg: 22672762.2, Max: 22672762.2, Diff: 0.1]
      [Ext Root Scanning (ms): Min: 4.2, Avg: 4.4, Max: 4.7, Diff: 0.5, Sum: 17.6]
      [Update RS (ms): Min: 7.5, Avg: 7.5, Max: 7.5, Diff: 0.0, Sum: 30.0]
         [Processed Buffers: Min: 39, Avg: 61.2, Max: 81, Diff: 42, Sum: 245]
      [Scan RS (ms): Min: 0.4, Avg: 0.4, Max: 0.5, Diff: 0.0, Sum: 1.7]
      [Code Root Scanning (ms): Min: 0.0, Avg: 0.0, Max: 0.0, Diff: 0.0, Sum: 0.1]
      [Object Copy (ms): Min: 170.1, Avg: 170.4, Max: 170.5, Diff: 0.4, Sum: 681.5]
      [Termination (ms): Min: 0.1, Avg: 0.1, Max: 0.1, Diff: 0.0, Sum: 0.4]
         [Termination Attempts: Min: 111, Avg: 121.2, Max: 128, Diff: 17, Sum: 485]
      [GC Worker Other (ms): Min: 0.0, Avg: 0.0, Max: 0.1, Diff: 0.0, Sum: 0.2]
      [GC Worker Total (ms): Min: 182.8, Avg: 182.9, Max: 182.9, Diff: 0.0, Sum: 731.4]
      [GC Worker End (ms): Min: 22672945.0, Avg: 22672945.0, Max: 22672945.0, Diff: 0.0]
   [Code Root Fixup: 0.0 ms]
   [Code Root Purge: 0.0 ms]
   [String Dedup Fixup: 3.3 ms, GC Workers: 4]
      [Queue Fixup (ms): Min: 0.0, Avg: 0.0, Max: 0.0, Diff: 0.0, Sum: 0.0]
      [Table Fixup (ms): Min: 3.2, Avg: 3.2, Max: 3.3, Diff: 0.1, Sum: 12.9]
   [Clear CT: 0.5 ms]
   [Other: 6.8 ms]
      [Choose CSet: 0.0 ms]
      [Ref Proc: 0.2 ms]
      [Ref Enq: 0.0 ms]
      [Redirty Cards: 0.1 ms]
      [Humongous Register: 1.5 ms]
      [Humongous Reclaim: 0.2 ms]
      [Free CSet: 3.5 ms]
   [Eden: 1946.0M(1946.0M)->0.0B(3176.0M) Survivors: 166.0M->132.0M Heap: 4297.7M(6278.0M)->2331.9M(6278.0M)]
 [Times: user=0.66 sys=0.09, real=0.19 secs] 
2021-03-08T17:01:48.250+0800: 22672.954: Total time for which application threads were stopped: 0.2039296 seconds, Stopping threads took: 0.0022381 seconds
2021-03-08T17:01:48.251+0800: 22672.955: [GC concurrent-string-deduplication, 52.3K->30.3K(22.0K), avg 63.2%, 0.0005296 secs]
   [Last Exec: 0.0005296 secs, Idle: 8.3052209 secs, Blocked: 0/0.0000000 secs]
      [Inspected:             927]
         [Skipped:              0(  0.0%)]
         [Hashed:             574( 61.9%)]
         [Known:                0(  0.0%)]
         [New:                927(100.0%)     52.3K]
      [Deduplicated:          574( 61.9%)     22.0K( 42.0%)]
         [Young:              574(100.0%)     22.0K(100.0%)]
         [Old:                  0(  0.0%)      0.0B(  0.0%)]
   [Total Exec: 2733/1.7487400 secs, Idle: 2733/22664.6020261 secs, Blocked: 36/6.0671595 secs]
      [Inspected:         2738142]
         [Skipped:              0(  0.0%)]
         [Hashed:         2126881( 77.7%)]
         [Known:            34947(  1.3%)]
         [New:            2703195( 98.7%)    148.0M]
      [Deduplicated:      2081732( 77.0%)     93.6M( 63.2%)]
         [Young:           875594( 42.1%)     41.4M( 44.2%)]
         [Old:            1206138( 57.9%)     52.2M( 55.8%)]
   [Table]
      [Memory Usage: 2506.8K]
      [Size: 65536, Min: 1024, Max: 16777216]
      [Entries: 85112, Load: 129.9%, Cached: 0, Added: 655916, Removed: 570804]
      [Resize Count: 6, Shrink Threshold: 43690(66.7%), Grow Threshold: 131072(200.0%)]
      [Rehash Count: 0, Rehash Threshold: 120, Hash Seed: 0x0]
      [Age Threshold: 3]
   [Queue]
      [Dropped: 0]
[GC concurrent-string-deduplication, deleted 0 entries, 0.0000009 secs]
2021-03-08T17:02:05.283+0800: 22689.987: [GC pause (G1 Evacuation Pause) (young), 0.3872689 secs]
   [Parallel Time: 371.1 ms, GC Workers: 4]
      [GC Worker Start (ms): Min: 22689989.1, Avg: 22689995.3, Max: 22689997.4, Diff: 8.4]
      [Ext Root Scanning (ms): Min: 5.7, Avg: 11.2, Max: 24.8, Diff: 19.1, Sum: 44.8]
      [Update RS (ms): Min: 26.1, Avg: 35.5, Max: 42.6, Diff: 16.5, Sum: 142.1]
         [Processed Buffers: Min: 55, Avg: 99.8, Max: 159, Diff: 104, Sum: 399]
      [Scan RS (ms): Min: 0.1, Avg: 0.6, Max: 1.0, Diff: 0.9, Sum: 2.4]
      [Code Root Scanning (ms): Min: 0.0, Avg: 0.0, Max: 0.0, Diff: 0.0, Sum: 0.1]
      [Object Copy (ms): Min: 313.6, Avg: 317.0, Max: 318.5, Diff: 4.9, Sum: 1267.8]
      [Termination (ms): Min: 0.0, Avg: 0.4, Max: 0.8, Diff: 0.8, Sum: 1.7]
         [Termination Attempts: Min: 4, Avg: 16.5, Max: 30, Diff: 26, Sum: 66]
      [GC Worker Other (ms): Min: 0.0, Avg: 0.0, Max: 0.0, Diff: 0.0, Sum: 0.1]
      [GC Worker Total (ms): Min: 362.6, Avg: 364.7, Max: 371.0, Diff: 8.4, Sum: 1459.0]
      [GC Worker End (ms): Min: 22690360.0, Avg: 22690360.1, Max: 22690360.1, Diff: 0.0]
   [Code Root Fixup: 0.0 ms]
   [Code Root Purge: 0.0 ms]
   [String Dedup Fixup: 6.8 ms, GC Workers: 4]
      [Queue Fixup (ms): Min: 0.0, Avg: 0.0, Max: 0.0, Diff: 0.0, Sum: 0.0]
      [Table Fixup (ms): Min: 0.0, Avg: 3.2, Max: 6.7, Diff: 6.7, Sum: 13.0]
   [Clear CT: 1.3 ms]
   [Other: 8.1 ms]
      [Choose CSet: 0.0 ms]
      [Ref Proc: 0.3 ms]
      [Ref Enq: 0.0 ms]
      [Redirty Cards: 0.0 ms]
      [Humongous Register: 1.0 ms]
      [Humongous Reclaim: 0.2 ms]
      [Free CSet: 5.0 ms]
   [Eden: 3176.0M(3176.0M)->0.0B(160.0M) Survivors: 132.0M->152.0M Heap: 5541.3M(6278.0M)->2350.6M(6278.0M)]
 [Times: user=0.66 sys=0.09, real=0.39 secs] 
2021-03-08T17:02:05.671+0800: 22690.375: Total time for which application threads were stopped: 0.3976885 seconds, Stopping threads took: 0.0022244 seconds
2021-03-08T17:02:05.672+0800: 22690.377: [GC concurrent-string-deduplication, 55.7K->29.6K(26.0K), avg 63.2%, 0.0006592 secs]
   [Last Exec: 0.0006592 secs, Idle: 17.4207498 secs, Blocked: 0/0.0000000 secs]
      [Inspected:             967]
         [Skipped:              0(  0.0%)]
         [Hashed:             620( 64.1%)]
         [Known:                0(  0.0%)]
         [New:                967(100.0%)     55.7K]
      [Deduplicated:          622( 64.3%)     26.0K( 46.7%)]
         [Young:              622(100.0%)     26.0K(100.0%)]
         [Old:                  0(  0.0%)      0.0B(  0.0%)]
   [Total Exec: 2734/1.7493992 secs, Idle: 2734/22682.0227758 secs, Blocked: 36/6.0671595 secs]
      [Inspected:         2739109]
         [Skipped:              0(  0.0%)]
         [Hashed:         2127501( 77.7%)]
         [Known:            34947(  1.3%)]
         [New:            2704162( 98.7%)    148.1M]
      [Deduplicated:      2082354( 77.0%)     93.7M( 63.2%)]
         [Young:           876216( 42.1%)     41.4M( 44.2%)]
         [Old:            1206138( 57.9%)     52.2M( 55.8%)]
   [Table]
      [Memory Usage: 2514.9K]
      [Size: 65536, Min: 1024, Max: 16777216]
      [Entries: 85457, Load: 130.4%, Cached: 0, Added: 656261, Removed: 570804]
      [Resize Count: 6, Shrink Threshold: 43690(66.7%), Grow Threshold: 131072(200.0%)]
      [Rehash Count: 0, Rehash Threshold: 120, Hash Seed: 0x0]
      [Age Threshold: 3]
   [Queue]
      [Dropped: 0]
[GC concurrent-string-deduplication, deleted 0 entries, 0.0000008 secs]
2021-03-08T17:02:06.118+0800: 22690.822: [GC pause (G1 Evacuation Pause) (young), 0.1669308 secs]
   [Parallel Time: 153.8 ms, GC Workers: 4]
      [GC Worker Start (ms): Min: 22690822.4, Avg: 22690822.5, Max: 22690822.8, Diff: 0.4]
      [Ext Root Scanning (ms): Min: 4.7, Avg: 7.9, Max: 17.0, Diff: 12.3, Sum: 31.7]
      [Update RS (ms): Min: 0.0, Avg: 1.1, Max: 1.6, Diff: 1.6, Sum: 4.2]
         [Processed Buffers: Min: 0, Avg: 8.0, Max: 22, Diff: 22, Sum: 32]
      [Scan RS (ms): Min: 0.0, Avg: 0.1, Max: 0.1, Diff: 0.1, Sum: 0.2]
      [Code Root Scanning (ms): Min: 0.0, Avg: 0.0, Max: 0.0, Diff: 0.0, Sum: 0.0]
      [Object Copy (ms): Min: 136.3, Avg: 144.3, Max: 146.9, Diff: 10.6, Sum: 577.0]
      [Termination (ms): Min: 0.0, Avg: 0.0, Max: 0.0, Diff: 0.0, Sum: 0.1]
         [Termination Attempts: Min: 23, Avg: 25.8, Max: 28, Diff: 5, Sum: 103]
      [GC Worker Other (ms): Min: 0.0, Avg: 0.0, Max: 0.0, Diff: 0.0, Sum: 0.1]
      [GC Worker Total (ms): Min: 153.0, Avg: 153.3, Max: 153.4, Diff: 0.4, Sum: 613.3]
      [GC Worker End (ms): Min: 22690975.9, Avg: 22690975.9, Max: 22690975.9, Diff: 0.0]
   [Code Root Fixup: 0.0 ms]
   [Code Root Purge: 0.0 ms]
   [String Dedup Fixup: 2.2 ms, GC Workers: 4]
      [Queue Fixup (ms): Min: 0.0, Avg: 0.0, Max: 0.0, Diff: 0.0, Sum: 0.0]
      [Table Fixup (ms): Min: 1.9, Avg: 2.0, Max: 2.0, Diff: 0.1, Sum: 8.0]
   [Clear CT: 0.3 ms]
   [Other: 10.5 ms]
      [Choose CSet: 0.0 ms]
      [Ref Proc: 8.0 ms]
      [Ref Enq: 0.0 ms]
      [Redirty Cards: 0.4 ms]
      [Humongous Register: 0.2 ms]
      [Humongous Reclaim: 0.1 ms]
      [Free CSet: 0.6 ms]
   [Eden: 160.0M(160.0M)->0.0B(3250.0M) Survivors: 152.0M->6144.0K Heap: 2510.6M(6278.0M)->2346.9M(6278.0M)]
 [Times: user=0.56 sys=0.05, real=0.17 secs] 
2021-03-08T17:02:06.285+0800: 22690.989: Total time for which application threads were stopped: 0.1716168 seconds, Stopping threads took: 0.0004304 seconds
2021-03-08T17:02:06.286+0800: 22690.990: [GC concurrent-string-deduplication, 115.2K->73.2K(42.0K), avg 63.2%, 0.0009951 secs]
   [Last Exec: 0.0009951 secs, Idle: 0.6129031 secs, Blocked: 0/0.0000000 secs]
      [Inspected:            1937]
         [Skipped:              0(  0.0%)]
         [Hashed:            1087( 56.1%)]
         [Known:                0(  0.0%)]
         [New:               1937(100.0%)    115.2K]
      [Deduplicated:         1085( 56.0%)     42.0K( 36.5%)]
         [Young:                0(  0.0%)      0.0B(  0.0%)]
         [Old:               1085(100.0%)     42.0K(100.0%)]
   [Total Exec: 2735/1.7503943 secs, Idle: 2735/22682.6356790 secs, Blocked: 36/6.0671595 secs]
      [Inspected:         2741046]
         [Skipped:              0(  0.0%)]
         [Hashed:         2128588( 77.7%)]
         [Known:            34947(  1.3%)]
         [New:            2706099( 98.7%)    148.2M]
      [Deduplicated:      2083439( 77.0%)     93.7M( 63.2%)]
         [Young:           876216( 42.1%)     41.4M( 44.2%)]
         [Old:            1207223( 57.9%)     52.3M( 55.8%)]
   [Table]
      [Memory Usage: 2534.9K]
      [Size: 65536, Min: 1024, Max: 16777216]
      [Entries: 86309, Load: 131.7%, Cached: 0, Added: 657113, Removed: 570804]
      [Resize Count: 6, Shrink Threshold: 43690(66.7%), Grow Threshold: 131072(200.0%)]
      [Rehash Count: 0, Rehash Threshold: 120, Hash Seed: 0x0]
      [Age Threshold: 3]
   [Queue]
      [Dropped: 0]
[GC concurrent-string-deduplication, deleted 0 entries, 0.0000008 secs]
2021-03-08T17:02:10.688+0800: 22695.392: Total time for which application threads were stopped: 0.0155606 seconds, Stopping threads took: 0.0117800 seconds
2021-03-08T17:02:10.693+0800: 22695.397: Total time for which application threads were stopped: 0.0040123 seconds, Stopping threads took: 0.0003300 seconds
2021-03-08T17:02:23.644+0800: 22708.348: [GC pause (G1 Evacuation Pause) (young), 0.0923506 secs]
   [Parallel Time: 78.3 ms, GC Workers: 4]
      [GC Worker Start (ms): Min: 22708350.6, Avg: 22708350.6, Max: 22708350.7, Diff: 0.1]
      [Ext Root Scanning (ms): Min: 14.4, Avg: 15.5, Max: 17.9, Diff: 3.4, Sum: 62.0]
      [Update RS (ms): Min: 35.1, Avg: 37.4, Max: 38.8, Diff: 3.7, Sum: 149.6]
         [Processed Buffers: Min: 120, Avg: 133.8, Max: 147, Diff: 27, Sum: 535]
      [Scan RS (ms): Min: 0.1, Avg: 0.7, Max: 0.9, Diff: 0.7, Sum: 2.6]
      [Code Root Scanning (ms): Min: 0.0, Avg: 0.0, Max: 0.0, Diff: 0.0, Sum: 0.1]
      [Object Copy (ms): Min: 24.2, Avg: 24.5, Max: 24.9, Diff: 0.7, Sum: 97.8]
      [Termination (ms): Min: 0.1, Avg: 0.1, Max: 0.1, Diff: 0.0, Sum: 0.3]
         [Termination Attempts: Min: 89, Avg: 97.5, Max: 103, Diff: 14, Sum: 390]
      [GC Worker Other (ms): Min: 0.0, Avg: 0.1, Max: 0.1, Diff: 0.0, Sum: 0.2]
      [GC Worker Total (ms): Min: 78.2, Avg: 78.2, Max: 78.2, Diff: 0.1, Sum: 312.8]
      [GC Worker End (ms): Min: 22708428.8, Avg: 22708428.8, Max: 22708428.9, Diff: 0.0]
   [Code Root Fixup: 0.0 ms]
   [Code Root Purge: 0.0 ms]
   [String Dedup Fixup: 3.8 ms, GC Workers: 4]
      [Queue Fixup (ms): Min: 0.0, Avg: 0.0, Max: 0.0, Diff: 0.0, Sum: 0.0]
      [Table Fixup (ms): Min: 3.1, Avg: 3.2, Max: 3.2, Diff: 0.1, Sum: 12.7]
   [Clear CT: 0.9 ms]
   [Other: 9.4 ms]
      [Choose CSet: 0.0 ms]
      [Ref Proc: 0.1 ms]
      [Ref Enq: 0.0 ms]
      [Redirty Cards: 0.0 ms]
      [Humongous Register: 1.9 ms]
      [Humongous Reclaim: 0.2 ms]
      [Free CSet: 5.8 ms]
   [Eden: 3250.0M(3250.0M)->0.0B(3232.0M) Survivors: 6144.0K->24.0M Heap: 5623.3M(6278.0M)->2365.6M(6278.0M)]
 [Times: user=0.25 sys=0.03, real=0.10 secs] 
2021-03-08T17:02:23.737+0800: 22708.441: Total time for which application threads were stopped: 0.1035077 seconds, Stopping threads took: 0.0022311 seconds
2021-03-08T17:02:40.973+0800: 22725.677: Total time for which application threads were stopped: 0.0206639 seconds, Stopping threads took: 0.0132595 seconds
2021-03-08T17:02:40.977+0800: 22725.681: Total time for which application threads were stopped: 0.0037426 seconds, Stopping threads took: 0.0002141 seconds
2021-03-08T17:02:40.980+0800: 22725.685: Total time for which application threads were stopped: 0.0036136 seconds, Stopping threads took: 0.0001343 seconds
2021-03-08T17:02:44.624+0800: 22729.328: [GC pause (G1 Evacuation Pause) (young), 0.1367309 secs]
   [Parallel Time: 100.6 ms, GC Workers: 4]
      [GC Worker Start (ms): Min: 22729329.4, Avg: 22729330.4, Max: 22729333.2, Diff: 3.8]
      [Ext Root Scanning (ms): Min: 7.0, Avg: 14.1, Max: 25.0, Diff: 18.0, Sum: 56.3]
      [Update RS (ms): Min: 3.6, Avg: 13.7, Max: 18.1, Diff: 14.5, Sum: 54.8]
         [Processed Buffers: Min: 31, Avg: 85.5, Max: 126, Diff: 95, Sum: 342]
      [Scan RS (ms): Min: 0.8, Avg: 2.9, Max: 6.8, Diff: 6.0, Sum: 11.8]
      [Code Root Scanning (ms): Min: 0.0, Avg: 0.0, Max: 0.0, Diff: 0.0, Sum: 0.1]
      [Object Copy (ms): Min: 59.2, Avg: 63.6, Max: 66.6, Diff: 7.4, Sum: 254.5]
      [Termination (ms): Min: 0.0, Avg: 1.7, Max: 4.6, Diff: 4.6, Sum: 6.8]
         [Termination Attempts: Min: 20, Avg: 27.8, Max: 33, Diff: 13, Sum: 111]
      [GC Worker Other (ms): Min: 0.0, Avg: 0.3, Max: 1.2, Diff: 1.1, Sum: 1.3]
      [GC Worker Total (ms): Min: 95.9, Avg: 96.4, Max: 97.3, Diff: 1.4, Sum: 385.5]
      [GC Worker End (ms): Min: 22729425.5, Avg: 22729426.7, Max: 22729429.1, Diff: 3.6]
   [Code Root Fixup: 0.0 ms]
   [Code Root Purge: 0.0 ms]
   [String Dedup Fixup: 7.2 ms, GC Workers: 4]
      [Queue Fixup (ms): Min: 0.0, Avg: 0.0, Max: 0.0, Diff: 0.0, Sum: 0.0]
      [Table Fixup (ms): Min: 3.1, Avg: 3.2, Max: 3.4, Diff: 0.2, Sum: 12.9]
   [Clear CT: 12.7 ms]
   [Other: 16.2 ms]
      [Choose CSet: 0.0 ms]
      [Ref Proc: 3.5 ms]
      [Ref Enq: 0.0 ms]
      [Redirty Cards: 5.0 ms]
      [Humongous Register: 0.8 ms]
      [Humongous Reclaim: 0.3 ms]
      [Free CSet: 5.3 ms]
   [Eden: 3232.0M(3232.0M)->0.0B(2128.0M) Survivors: 24.0M->46.0M Heap: 5631.2M(6278.0M)->2387.1M(6278.0M)]
 [Times: user=0.24 sys=0.03, real=0.14 secs] 
2021-03-08T17:02:44.761+0800: 22729.465: Total time for which application threads were stopped: 0.1426037 seconds, Stopping threads took: 0.0003953 seconds
2021-03-08T17:02:44.761+0800: 22729.466: [GC concurrent-string-deduplication, 4736.0B->1496.0B(3240.0B), avg 63.2%, 0.0000710 secs]
   [Last Exec: 0.0000710 secs, Idle: 38.4749302 secs, Blocked: 0/0.0000000 secs]
      [Inspected:              69]
         [Skipped:              0(  0.0%)]
         [Hashed:              51( 73.9%)]
         [Known:                0(  0.0%)]
         [New:                 69(100.0%)   4736.0B]
      [Deduplicated:           52( 75.4%)   3240.0B( 68.4%)]
         [Young:               52(100.0%)   3240.0B(100.0%)]
         [Old:                  0(  0.0%)      0.0B(  0.0%)]
   [Total Exec: 2736/1.7504653 secs, Idle: 2736/22721.1106092 secs, Blocked: 36/6.0671595 secs]
      [Inspected:         2741115]
         [Skipped:              0(  0.0%)]
         [Hashed:         2128639( 77.7%)]
         [Known:            34947(  1.3%)]
         [New:            2706168( 98.7%)    148.2M]
      [Deduplicated:      2083491( 77.0%)     93.7M( 63.2%)]
         [Young:           876268( 42.1%)     41.4M( 44.2%)]
         [Old:            1207223( 57.9%)     52.3M( 55.8%)]
   [Table]
      [Memory Usage: 2535.3K]
      [Size: 65536, Min: 1024, Max: 16777216]
      [Entries: 86326, Load: 131.7%, Cached: 0, Added: 657130, Removed: 570804]
      [Resize Count: 6, Shrink Threshold: 43690(66.7%), Grow Threshold: 131072(200.0%)]
      [Rehash Count: 0, Rehash Threshold: 120, Hash Seed: 0x0]
      [Age Threshold: 3]
   [Queue]
      [Dropped: 0]
[GC concurrent-string-deduplication, deleted 0 entries, 0.0000010 secs]
2021-03-08T17:02:54.022+0800: 22738.726: [GC pause (G1 Evacuation Pause) (young), 0.0859011 secs]
   [Parallel Time: 74.5 ms, GC Workers: 4]
      [GC Worker Start (ms): Min: 22738729.2, Avg: 22738729.5, Max: 22738730.1, Diff: 0.9]
      [Ext Root Scanning (ms): Min: 3.9, Avg: 4.6, Max: 5.1, Diff: 1.2, Sum: 18.5]
      [Update RS (ms): Min: 6.1, Avg: 6.1, Max: 6.2, Diff: 0.1, Sum: 24.5]
         [Processed Buffers: Min: 49, Avg: 54.5, Max: 60, Diff: 11, Sum: 218]
      [Scan RS (ms): Min: 0.5, Avg: 0.5, Max: 0.6, Diff: 0.1, Sum: 2.2]
      [Code Root Scanning (ms): Min: 0.0, Avg: 0.0, Max: 0.0, Diff: 0.0, Sum: 0.1]
      [Object Copy (ms): Min: 62.3, Avg: 62.5, Max: 62.7, Diff: 0.4, Sum: 250.0]
      [Termination (ms): Min: 0.4, Avg: 0.4, Max: 0.5, Diff: 0.1, Sum: 1.6]
         [Termination Attempts: Min: 215, Avg: 231.2, Max: 263, Diff: 48, Sum: 925]
      [GC Worker Other (ms): Min: 0.0, Avg: 0.0, Max: 0.0, Diff: 0.0, Sum: 0.1]
      [GC Worker Total (ms): Min: 73.6, Avg: 74.2, Max: 74.5, Diff: 0.9, Sum: 296.9]
      [GC Worker End (ms): Min: 22738803.7, Avg: 22738803.7, Max: 22738803.7, Diff: 0.0]
   [Code Root Fixup: 0.0 ms]
   [Code Root Purge: 0.0 ms]
   [String Dedup Fixup: 3.3 ms, GC Workers: 4]
      [Queue Fixup (ms): Min: 0.0, Avg: 0.0, Max: 0.0, Diff: 0.0, Sum: 0.0]
      [Table Fixup (ms): Min: 3.2, Avg: 3.2, Max: 3.3, Diff: 0.1, Sum: 13.0]
   [Clear CT: 0.6 ms]
   [Other: 7.4 ms]
      [Choose CSet: 0.0 ms]
      [Ref Proc: 0.1 ms]
      [Ref Enq: 0.0 ms]
      [Redirty Cards: 0.1 ms]
      [Humongous Register: 2.3 ms]
      [Humongous Reclaim: 0.2 ms]
      [Free CSet: 3.4 ms]
   [Eden: 2128.0M(2128.0M)->0.0B(2596.0M) Survivors: 46.0M->56.0M Heap: 4535.8M(6278.0M)->2397.5M(6278.0M)]
 [Times: user=0.25 sys=0.06, real=0.09 secs] 
2021-03-08T17:02:54.109+0800: 22738.813: Total time for which application threads were stopped: 0.0965840 seconds, Stopping threads took: 0.0023611 seconds
2021-03-08T17:02:54.109+0800: 22738.814: [GC concurrent-string-deduplication, 60.6K->31.0K(29.5K), avg 63.2%, 0.0006682 secs]
   [Last Exec: 0.0006682 secs, Idle: 9.3472572 secs, Blocked: 0/0.0000000 secs]
      [Inspected:            1125]
         [Skipped:              0(  0.0%)]
         [Hashed:             764( 67.9%)]
         [Known:                0(  0.0%)]
         [New:               1125(100.0%)     60.6K]
      [Deduplicated:          764( 67.9%)     29.5K( 48.8%)]
         [Young:              764(100.0%)     29.5K(100.0%)]
         [Old:                  0(  0.0%)      0.0B(  0.0%)]
   [Total Exec: 2737/1.7511335 secs, Idle: 2737/22730.4578664 secs, Blocked: 36/6.0671595 secs]
      [Inspected:         2742240]
         [Skipped:              0(  0.0%)]
         [Hashed:         2129403( 77.7%)]
         [Known:            34947(  1.3%)]
         [New:            2707293( 98.7%)    148.3M]
      [Deduplicated:      2084255( 77.0%)     93.7M( 63.2%)]
         [Young:           877032( 42.1%)     41.5M( 44.2%)]
         [Old:            1207223( 57.9%)     52.3M( 55.8%)]
   [Table]
      [Memory Usage: 2543.7K]
      [Size: 65536, Min: 1024, Max: 16777216]
      [Entries: 86687, Load: 132.3%, Cached: 0, Added: 657491, Removed: 570804]
      [Resize Count: 6, Shrink Threshold: 43690(66.7%), Grow Threshold: 131072(200.0%)]
      [Rehash Count: 0, Rehash Threshold: 120, Hash Seed: 0x0]
      [Age Threshold: 3]
   [Queue]
      [Dropped: 0]
[GC concurrent-string-deduplication, deleted 0 entries, 0.0000007 secs]
2021-03-08T17:03:06.400+0800: 22751.104: [GC pause (G1 Evacuation Pause) (young), 0.1948152 secs]
   [Parallel Time: 164.0 ms, GC Workers: 4]
      [GC Worker Start (ms): Min: 22751107.4, Avg: 22751111.9, Max: 22751113.4, Diff: 6.0]
      [Ext Root Scanning (ms): Min: 13.6, Avg: 23.5, Max: 30.1, Diff: 16.5, Sum: 93.8]
      [Update RS (ms): Min: 12.4, Avg: 15.7, Max: 20.4, Diff: 7.9, Sum: 62.6]
         [Processed Buffers: Min: 42, Avg: 70.2, Max: 99, Diff: 57, Sum: 281]
      [Scan RS (ms): Min: 0.1, Avg: 0.6, Max: 1.0, Diff: 0.9, Sum: 2.3]
      [Code Root Scanning (ms): Min: 0.0, Avg: 0.0, Max: 0.0, Diff: 0.0, Sum: 0.1]
      [Object Copy (ms): Min: 105.4, Avg: 113.2, Max: 118.9, Diff: 13.6, Sum: 453.0]
      [Termination (ms): Min: 0.1, Avg: 5.2, Max: 7.7, Diff: 7.5, Sum: 20.7]
         [Termination Attempts: Min: 113, Avg: 144.2, Max: 169, Diff: 56, Sum: 577]
      [GC Worker Other (ms): Min: 0.1, Avg: 0.3, Max: 0.7, Diff: 0.6, Sum: 1.0]
      [GC Worker Total (ms): Min: 156.7, Avg: 158.4, Max: 162.8, Diff: 6.1, Sum: 633.6]
      [GC Worker End (ms): Min: 22751270.1, Avg: 22751270.3, Max: 22751270.5, Diff: 0.4]
   [Code Root Fixup: 0.0 ms]
   [Code Root Purge: 0.0 ms]
   [String Dedup Fixup: 15.3 ms, GC Workers: 4]
      [Queue Fixup (ms): Min: 0.0, Avg: 0.0, Max: 0.0, Diff: 0.0, Sum: 0.0]
      [Table Fixup (ms): Min: 3.0, Avg: 7.7, Max: 14.8, Diff: 11.8, Sum: 30.7]
   [Clear CT: 3.7 ms]
   [Other: 11.8 ms]
      [Choose CSet: 0.0 ms]
      [Ref Proc: 2.9 ms]
      [Ref Enq: 0.0 ms]
      [Redirty Cards: 0.2 ms]
      [Humongous Register: 2.3 ms]
      [Humongous Reclaim: 0.2 ms]
      [Free CSet: 4.5 ms]
   [Eden: 2596.0M(2596.0M)->0.0B(1168.0M) Survivors: 56.0M->68.0M Heap: 5019.6M(6278.0M)->2409.8M(6278.0M)]
 [Times: user=0.32 sys=0.08, real=0.20 secs] 
2021-03-08T17:03:06.596+0800: 22751.300: Total time for which application threads were stopped: 0.2075777 seconds, Stopping threads took: 0.0022392 seconds
2021-03-08T17:03:06.597+0800: 22751.301: [GC concurrent-string-deduplication, 64.3K->32.9K(31.4K), avg 63.2%, 0.0008778 secs]
   [Last Exec: 0.0008778 secs, Idle: 12.4863410 secs, Blocked: 0/0.0000000 secs]
      [Inspected:            1190]
         [Skipped:              0(  0.0%)]
         [Hashed:             807( 67.8%)]
         [Known:                0(  0.0%)]
         [New:               1190(100.0%)     64.3K]
      [Deduplicated:          806( 67.7%)     31.4K( 48.8%)]
         [Young:              806(100.0%)     31.4K(100.0%)]
         [Old:                  0(  0.0%)      0.0B(  0.0%)]
   [Total Exec: 2738/1.7520112 secs, Idle: 2738/22742.9442074 secs, Blocked: 36/6.0671595 secs]
      [Inspected:         2743430]
         [Skipped:              0(  0.0%)]
         [Hashed:         2130210( 77.6%)]
         [Known:            34947(  1.3%)]
         [New:            2708483( 98.7%)    148.3M]
      [Deduplicated:      2085061( 77.0%)     93.8M( 63.2%)]
         [Young:           877838( 42.1%)     41.5M( 44.2%)]
         [Old:            1207223( 57.9%)     52.3M( 55.8%)]
   [Table]
      [Memory Usage: 2552.7K]
      [Size: 65536, Min: 1024, Max: 16777216]
      [Entries: 87071, Load: 132.9%, Cached: 0, Added: 657875, Removed: 570804]
      [Resize Count: 6, Shrink Threshold: 43690(66.7%), Grow Threshold: 131072(200.0%)]
      [Rehash Count: 0, Rehash Threshold: 120, Hash Seed: 0x0]
      [Age Threshold: 3]
   [Queue]
      [Dropped: 0]
[GC concurrent-string-deduplication, deleted 0 entries, 0.0000010 secs]
2021-03-08T17:03:11.091+0800: 22755.795: [GC pause (G1 Evacuation Pause) (young), 0.0961516 secs]
   [Parallel Time: 90.4 ms, GC Workers: 4]
      [GC Worker Start (ms): Min: 22755795.6, Avg: 22755795.7, Max: 22755795.9, Diff: 0.3]
      [Ext Root Scanning (ms): Min: 8.3, Avg: 8.8, Max: 9.1, Diff: 0.8, Sum: 35.1]
      [Update RS (ms): Min: 2.8, Avg: 2.8, Max: 2.8, Diff: 0.0, Sum: 11.2]
         [Processed Buffers: Min: 20, Avg: 26.5, Max: 40, Diff: 20, Sum: 106]
      [Scan RS (ms): Min: 0.2, Avg: 0.2, Max: 0.2, Diff: 0.0, Sum: 0.8]
      [Code Root Scanning (ms): Min: 0.0, Avg: 0.0, Max: 0.0, Diff: 0.0, Sum: 0.0]
      [Object Copy (ms): Min: 77.3, Avg: 77.7, Max: 78.2, Diff: 0.8, Sum: 310.8]
      [Termination (ms): Min: 0.3, Avg: 0.7, Max: 0.8, Diff: 0.5, Sum: 2.6]
         [Termination Attempts: Min: 357, Avg: 388.0, Max: 402, Diff: 45, Sum: 1552]
      [GC Worker Other (ms): Min: 0.0, Avg: 0.1, Max: 0.2, Diff: 0.1, Sum: 0.3]
      [GC Worker Total (ms): Min: 90.1, Avg: 90.2, Max: 90.4, Diff: 0.2, Sum: 360.9]
      [GC Worker End (ms): Min: 22755885.9, Avg: 22755886.0, Max: 22755886.0, Diff: 0.0]
   [Code Root Fixup: 0.0 ms]
   [Code Root Purge: 0.0 ms]
   [String Dedup Fixup: 2.3 ms, GC Workers: 4]
      [Queue Fixup (ms): Min: 0.0, Avg: 0.0, Max: 0.0, Diff: 0.0, Sum: 0.0]
      [Table Fixup (ms): Min: 1.9, Avg: 2.0, Max: 2.0, Diff: 0.0, Sum: 7.9]
   [Clear CT: 0.2 ms]
   [Other: 3.3 ms]
      [Choose CSet: 0.0 ms]
      [Ref Proc: 0.2 ms]
      [Ref Enq: 0.0 ms]
      [Redirty Cards: 0.0 ms]
      [Humongous Register: 0.3 ms]
      [Humongous Reclaim: 0.1 ms]
      [Free CSet: 1.5 ms]
   [Eden: 1168.0M(1168.0M)->0.0B(2552.0M) Survivors: 68.0M->72.0M Heap: 3584.4M(6278.0M)->2414.6M(6278.0M)]
 [Times: user=0.31 sys=0.05, real=0.10 secs] 
2021-03-08T17:03:11.188+0800: 22755.892: Total time for which application threads were stopped: 0.1016948 seconds, Stopping threads took: 0.0004036 seconds
2021-03-08T17:03:11.189+0800: 22755.893: [GC concurrent-string-deduplication, 39.1K->22.6K(16.5K), avg 63.2%, 0.0003723 secs]
   [Last Exec: 0.0003723 secs, Idle: 4.5916337 secs, Blocked: 0/0.0000000 secs]
      [Inspected:             697]
         [Skipped:              0(  0.0%)]
         [Hashed:             432( 62.0%)]
         [Known:                0(  0.0%)]
         [New:                697(100.0%)     39.1K]
      [Deduplicated:          434( 62.3%)     16.5K( 42.3%)]
         [Young:              434(100.0%)     16.5K(100.0%)]
         [Old:                  0(  0.0%)      0.0B(  0.0%)]
   [Total Exec: 2739/1.7523835 secs, Idle: 2739/22747.5358411 secs, Blocked: 36/6.0671595 secs]
      [Inspected:         2744127]
         [Skipped:              0(  0.0%)]
         [Hashed:         2130642( 77.6%)]
         [Known:            34947(  1.3%)]
         [New:            2709180( 98.7%)    148.4M]
      [Deduplicated:      2085495( 77.0%)     93.8M( 63.2%)]
         [Young:           878272( 42.1%)     41.5M( 44.3%)]
         [Old:            1207223( 57.9%)     52.3M( 55.7%)]
   [Table]
      [Memory Usage: 2558.9K]
      [Size: 65536, Min: 1024, Max: 16777216]
      [Entries: 87334, Load: 133.3%, Cached: 0, Added: 658138, Removed: 570804]
      [Resize Count: 6, Shrink Threshold: 43690(66.7%), Grow Threshold: 131072(200.0%)]
      [Rehash Count: 0, Rehash Threshold: 120, Hash Seed: 0x0]
      [Age Threshold: 3]
   [Queue]
      [Dropped: 0]
[GC concurrent-string-deduplication, deleted 0 entries, 0.0000008 secs]
2021-03-08T17:03:11.219+0800: 22755.923: Total time for which application threads were stopped: 0.0043931 seconds, Stopping threads took: 0.0005163 seconds
2021-03-08T17:03:11.223+0800: 22755.927: Total time for which application threads were stopped: 0.0038921 seconds, Stopping threads took: 0.0001999 seconds
2021-03-08T17:03:21.891+0800: 22766.596: [GC pause (G1 Evacuation Pause) (young), 0.1364120 secs]
   [Parallel Time: 117.1 ms, GC Workers: 4]
      [GC Worker Start (ms): Min: 22766597.2, Avg: 22766599.7, Max: 22766602.3, Diff: 5.1]
      [Ext Root Scanning (ms): Min: 6.3, Avg: 13.8, Max: 19.6, Diff: 13.3, Sum: 55.1]
      [Update RS (ms): Min: 4.7, Avg: 9.3, Max: 17.4, Diff: 12.8, Sum: 37.2]
         [Processed Buffers: Min: 6, Avg: 58.5, Max: 93, Diff: 87, Sum: 234]
      [Scan RS (ms): Min: 0.1, Avg: 0.5, Max: 0.7, Diff: 0.5, Sum: 2.1]
      [Code Root Scanning (ms): Min: 0.0, Avg: 0.0, Max: 0.0, Diff: 0.0, Sum: 0.1]
      [Object Copy (ms): Min: 88.0, Avg: 90.7, Max: 92.0, Diff: 4.0, Sum: 363.0]
      [Termination (ms): Min: 0.0, Avg: 0.0, Max: 0.1, Diff: 0.0, Sum: 0.2]
         [Termination Attempts: Min: 60, Avg: 64.8, Max: 75, Diff: 15, Sum: 259]
      [GC Worker Other (ms): Min: 0.1, Avg: 0.1, Max: 0.1, Diff: 0.0, Sum: 0.3]
      [GC Worker Total (ms): Min: 111.9, Avg: 114.5, Max: 117.0, Diff: 5.1, Sum: 457.9]
      [GC Worker End (ms): Min: 22766714.2, Avg: 22766714.2, Max: 22766714.2, Diff: 0.0]
   [Code Root Fixup: 0.0 ms]
   [Code Root Purge: 0.0 ms]
   [String Dedup Fixup: 8.0 ms, GC Workers: 4]
      [Queue Fixup (ms): Min: 0.0, Avg: 0.0, Max: 0.0, Diff: 0.0, Sum: 0.0]
      [Table Fixup (ms): Min: 0.6, Avg: 3.3, Max: 4.9, Diff: 4.3, Sum: 13.4]
   [Clear CT: 0.7 ms]
   [Other: 10.5 ms]
      [Choose CSet: 0.0 ms]
      [Ref Proc: 4.1 ms]
      [Ref Enq: 0.0 ms]
      [Redirty Cards: 0.0 ms]
      [Humongous Register: 1.1 ms]
      [Humongous Reclaim: 0.2 ms]
      [Free CSet: 3.9 ms]
   [Eden: 2552.0M(2552.0M)->0.0B(2944.0M) Survivors: 72.0M->84.0M Heap: 4987.9M(6278.0M)->2425.5M(6278.0M)]
 [Times: user=0.34 sys=0.07, real=0.14 secs] 
2021-03-08T17:03:22.028+0800: 22766.733: Total time for which application threads were stopped: 0.1572059 seconds, Stopping threads took: 0.0128702 seconds
2021-03-08T17:03:22.029+0800: 22766.733: [GC concurrent-string-deduplication, 52.3K->27.4K(24.9K), avg 63.2%, 0.0005085 secs]
   [Last Exec: 0.0005085 secs, Idle: 10.8397057 secs, Blocked: 0/0.0000000 secs]
      [Inspected:             920]
         [Skipped:              0(  0.0%)]
         [Hashed:             600( 65.2%)]
         [Known:                0(  0.0%)]
         [New:                920(100.0%)     52.3K]
      [Deduplicated:          601( 65.3%)     24.9K( 47.5%)]
         [Young:              601(100.0%)     24.9K(100.0%)]
         [Old:                  0(  0.0%)      0.0B(  0.0%)]
   [Total Exec: 2740/1.7528921 secs, Idle: 2740/22758.3755468 secs, Blocked: 36/6.0671595 secs]
      [Inspected:         2745047]
         [Skipped:              0(  0.0%)]
         [Hashed:         2131242( 77.6%)]
         [Known:            34947(  1.3%)]
         [New:            2710100( 98.7%)    148.4M]
      [Deduplicated:      2086096( 77.0%)     93.8M( 63.2%)]
         [Young:           878873( 42.1%)     41.5M( 44.3%)]
         [Old:            1207223( 57.9%)     52.3M( 55.7%)]
   [Table]
      [Memory Usage: 2566.4K]
      [Size: 65536, Min: 1024, Max: 16777216]
      [Entries: 87653, Load: 133.7%, Cached: 0, Added: 658457, Removed: 570804]
      [Resize Count: 6, Shrink Threshold: 43690(66.7%), Grow Threshold: 131072(200.0%)]
      [Rehash Count: 0, Rehash Threshold: 120, Hash Seed: 0x0]
      [Age Threshold: 3]
   [Queue]
      [Dropped: 0]
[GC concurrent-string-deduplication, deleted 0 entries, 0.0000007 secs]
2021-03-08T17:03:32.396+0800: 22777.100: [GC pause (G1 Evacuation Pause) (young), 0.1234084 secs]
   [Parallel Time: 113.0 ms, GC Workers: 4]
      [GC Worker Start (ms): Min: 22777101.4, Avg: 22777101.4, Max: 22777101.4, Diff: 0.0]
      [Ext Root Scanning (ms): Min: 3.9, Avg: 4.2, Max: 4.7, Diff: 0.7, Sum: 16.7]
      [Update RS (ms): Min: 7.1, Avg: 7.4, Max: 7.6, Diff: 0.5, Sum: 29.6]
         [Processed Buffers: Min: 45, Avg: 60.2, Max: 72, Diff: 27, Sum: 241]
      [Scan RS (ms): Min: 0.4, Avg: 0.6, Max: 0.6, Diff: 0.2, Sum: 2.3]
      [Code Root Scanning (ms): Min: 0.0, Avg: 0.0, Max: 0.0, Diff: 0.0, Sum: 0.1]
      [Object Copy (ms): Min: 100.4, Avg: 100.7, Max: 100.8, Diff: 0.4, Sum: 402.6]
      [Termination (ms): Min: 0.1, Avg: 0.1, Max: 0.1, Diff: 0.0, Sum: 0.3]
         [Termination Attempts: Min: 107, Avg: 120.8, Max: 132, Diff: 25, Sum: 483]
      [GC Worker Other (ms): Min: 0.0, Avg: 0.0, Max: 0.1, Diff: 0.0, Sum: 0.2]
      [GC Worker Total (ms): Min: 112.9, Avg: 112.9, Max: 113.0, Diff: 0.1, Sum: 451.8]
      [GC Worker End (ms): Min: 22777214.3, Avg: 22777214.3, Max: 22777214.3, Diff: 0.0]
   [Code Root Fixup: 0.0 ms]
   [Code Root Purge: 0.0 ms]
   [String Dedup Fixup: 3.2 ms, GC Workers: 4]
      [Queue Fixup (ms): Min: 0.0, Avg: 0.0, Max: 0.0, Diff: 0.0, Sum: 0.0]
      [Table Fixup (ms): Min: 3.1, Avg: 3.1, Max: 3.1, Diff: 0.0, Sum: 12.4]
   [Clear CT: 0.5 ms]
   [Other: 6.7 ms]
      [Choose CSet: 0.0 ms]
      [Ref Proc: 0.1 ms]
      [Ref Enq: 0.0 ms]
      [Redirty Cards: 0.0 ms]
      [Humongous Register: 0.9 ms]
      [Humongous Reclaim: 0.2 ms]
      [Free CSet: 4.3 ms]
   [Eden: 2944.0M(2944.0M)->0.0B(2780.0M) Survivors: 84.0M->100.0M Heap: 5390.2M(6278.0M)->2442.0M(6278.0M)]
 [Times: user=0.42 sys=0.06, real=0.12 secs] 
2021-03-08T17:03:32.520+0800: 22777.224: Total time for which application threads were stopped: 0.1328005 seconds, Stopping threads took: 0.0020303 seconds
2021-03-08T17:03:32.520+0800: 22777.224: [GC concurrent-string-deduplication, 28.2K->19.8K(8600.0B), avg 63.2%, 0.0002586 secs]
   [Last Exec: 0.0002586 secs, Idle: 10.4907792 secs, Blocked: 0/0.0000000 secs]
      [Inspected:             451]
         [Skipped:              0(  0.0%)]
         [Hashed:             221( 49.0%)]
         [Known:                0(  0.0%)]
         [New:                451(100.0%)     28.2K]
      [Deduplicated:          221( 49.0%)   8600.0B( 29.8%)]
         [Young:              221(100.0%)   8600.0B(100.0%)]
         [Old:                  0(  0.0%)      0.0B(  0.0%)]
   [Total Exec: 2741/1.7531506 secs, Idle: 2741/22768.8663260 secs, Blocked: 36/6.0671595 secs]
      [Inspected:         2745498]
         [Skipped:              0(  0.0%)]
         [Hashed:         2131463( 77.6%)]
         [Known:            34947(  1.3%)]
         [New:            2710551( 98.7%)    148.4M]
      [Deduplicated:      2086317( 77.0%)     93.8M( 63.2%)]
         [Young:           879094( 42.1%)     41.5M( 44.3%)]
         [Old:            1207223( 57.9%)     52.3M( 55.7%)]
   [Table]
      [Memory Usage: 2571.8K]
      [Size: 65536, Min: 1024, Max: 16777216]
      [Entries: 87883, Load: 134.1%, Cached: 0, Added: 658687, Removed: 570804]
      [Resize Count: 6, Shrink Threshold: 43690(66.7%), Grow Threshold: 131072(200.0%)]
      [Rehash Count: 0, Rehash Threshold: 120, Hash Seed: 0x0]
      [Age Threshold: 3]
   [Queue]
      [Dropped: 0]
[GC concurrent-string-deduplication, deleted 0 entries, 0.0000006 secs]
2021-03-08T17:03:41.863+0800: 22786.568: Total time for which application threads were stopped: 0.0087073 seconds, Stopping threads took: 0.0020428 seconds
2021-03-08T17:03:41.867+0800: 22786.571: Total time for which application threads were stopped: 0.0034723 seconds, Stopping threads took: 0.0002244 seconds
2021-03-08T17:03:41.870+0800: 22786.574: Total time for which application threads were stopped: 0.0028790 seconds, Stopping threads took: 0.0001260 seconds
2021-03-08T17:03:44.120+0800: 22788.824: [GC pause (G1 Evacuation Pause) (young), 0.1594191 secs]
   [Parallel Time: 139.5 ms, GC Workers: 4]
      [GC Worker Start (ms): Min: 22788825.6, Avg: 22788825.6, Max: 22788825.6, Diff: 0.1]
      [Ext Root Scanning (ms): Min: 6.6, Avg: 7.0, Max: 7.9, Diff: 1.3, Sum: 28.1]
      [Update RS (ms): Min: 8.6, Avg: 9.2, Max: 9.4, Diff: 0.7, Sum: 36.8]
         [Processed Buffers: Min: 71, Avg: 80.0, Max: 95, Diff: 24, Sum: 320]
      [Scan RS (ms): Min: 1.5, Avg: 1.5, Max: 1.6, Diff: 0.1, Sum: 6.1]
      [Code Root Scanning (ms): Min: 0.0, Avg: 0.0, Max: 0.0, Diff: 0.0, Sum: 0.1]
      [Object Copy (ms): Min: 121.3, Avg: 121.5, Max: 121.8, Diff: 0.5, Sum: 486.1]
      [Termination (ms): Min: 0.0, Avg: 0.0, Max: 0.0, Diff: 0.0, Sum: 0.0]
         [Termination Attempts: Min: 9, Avg: 11.8, Max: 15, Diff: 6, Sum: 47]
      [GC Worker Other (ms): Min: 0.0, Avg: 0.1, Max: 0.1, Diff: 0.0, Sum: 0.2]
      [GC Worker Total (ms): Min: 139.4, Avg: 139.4, Max: 139.4, Diff: 0.1, Sum: 557.5]
      [GC Worker End (ms): Min: 22788965.0, Avg: 22788965.0, Max: 22788965.0, Diff: 0.0]
   [Code Root Fixup: 0.0 ms]
   [Code Root Purge: 0.0 ms]
   [String Dedup Fixup: 11.6 ms, GC Workers: 4]
      [Queue Fixup (ms): Min: 0.0, Avg: 0.0, Max: 0.0, Diff: 0.0, Sum: 0.0]
      [Table Fixup (ms): Min: 3.6, Avg: 3.6, Max: 3.7, Diff: 0.1, Sum: 14.6]
   [Clear CT: 0.9 ms]
   [Other: 7.4 ms]
      [Choose CSet: 0.0 ms]
      [Ref Proc: 0.1 ms]
      [Ref Enq: 0.0 ms]
      [Redirty Cards: 0.0 ms]
      [Humongous Register: 1.0 ms]
      [Humongous Reclaim: 0.5 ms]
      [Free CSet: 4.3 ms]
   [Eden: 2780.0M(2780.0M)->0.0B(1602.0M) Survivors: 100.0M->120.0M Heap: 5254.5M(6278.0M)->2462.3M(6278.0M)]
 [Times: user=0.49 sys=0.08, real=0.16 secs] 
2021-03-08T17:03:44.280+0800: 22788.984: Total time for which application threads were stopped: 0.1657433 seconds, Stopping threads took: 0.0004052 seconds
2021-03-08T17:03:44.281+0800: 22788.985: [GC concurrent-string-deduplication, 58.1K->40.3K(17.8K), avg 63.2%, 0.0005515 secs]
   [Last Exec: 0.0005515 secs, Idle: 11.7598755 secs, Blocked: 0/0.0000000 secs]
      [Inspected:             929]
         [Skipped:              0(  0.0%)]
         [Hashed:             460( 49.5%)]
         [Known:                0(  0.0%)]
         [New:                929(100.0%)     58.1K]
      [Deduplicated:          459( 49.4%)     17.8K( 30.6%)]
         [Young:              459(100.0%)     17.8K(100.0%)]
         [Old:                  0(  0.0%)      0.0B(  0.0%)]
   [Total Exec: 2742/1.7537021 secs, Idle: 2742/22780.6262015 secs, Blocked: 36/6.0671595 secs]
      [Inspected:         2746427]
         [Skipped:              0(  0.0%)]
         [Hashed:         2131923( 77.6%)]
         [Known:            34947(  1.3%)]
         [New:            2711480( 98.7%)    148.5M]
      [Deduplicated:      2086776( 77.0%)     93.8M( 63.2%)]
         [Young:           879553( 42.1%)     41.6M( 44.3%)]
         [Old:            1207223( 57.9%)     52.3M( 55.7%)]
   [Table]
      [Memory Usage: 2582.8K]
      [Size: 65536, Min: 1024, Max: 16777216]
      [Entries: 88353, Load: 134.8%, Cached: 0, Added: 659157, Removed: 570804]
      [Resize Count: 6, Shrink Threshold: 43690(66.7%), Grow Threshold: 131072(200.0%)]
      [Rehash Count: 0, Rehash Threshold: 120, Hash Seed: 0x0]
      [Age Threshold: 3]
   [Queue]
      [Dropped: 0]
[GC concurrent-string-deduplication, deleted 0 entries, 0.0000010 secs]
2021-03-08T17:03:49.285+0800: 22793.989: Total time for which application threads were stopped: 0.0043943 seconds, Stopping threads took: 0.0007336 seconds
2021-03-08T17:03:49.510+0800: 22794.214: [GC pause (G1 Evacuation Pause) (young), 0.1703025 secs]
   [Parallel Time: 163.8 ms, GC Workers: 4]
      [GC Worker Start (ms): Min: 22794214.5, Avg: 22794214.5, Max: 22794214.5, Diff: 0.0]
      [Ext Root Scanning (ms): Min: 3.0, Avg: 3.1, Max: 3.3, Diff: 0.3, Sum: 12.6]
      [Update RS (ms): Min: 33.0, Avg: 33.1, Max: 33.2, Diff: 0.2, Sum: 132.3]
         [Processed Buffers: Min: 102, Avg: 110.5, Max: 124, Diff: 22, Sum: 442]
      [Scan RS (ms): Min: 0.2, Avg: 0.3, Max: 0.3, Diff: 0.1, Sum: 1.2]
      [Code Root Scanning (ms): Min: 0.0, Avg: 0.0, Max: 0.0, Diff: 0.0, Sum: 0.0]
      [Object Copy (ms): Min: 127.1, Avg: 127.1, Max: 127.2, Diff: 0.2, Sum: 508.5]
      [Termination (ms): Min: 0.0, Avg: 0.0, Max: 0.0, Diff: 0.0, Sum: 0.0]
         [Termination Attempts: Min: 8, Avg: 17.2, Max: 25, Diff: 17, Sum: 69]
      [GC Worker Other (ms): Min: 0.0, Avg: 0.0, Max: 0.1, Diff: 0.0, Sum: 0.2]
      [GC Worker Total (ms): Min: 163.7, Avg: 163.7, Max: 163.7, Diff: 0.0, Sum: 654.8]
      [GC Worker End (ms): Min: 22794378.2, Avg: 22794378.2, Max: 22794378.2, Diff: 0.0]
   [Code Root Fixup: 0.0 ms]
   [Code Root Purge: 0.0 ms]
   [String Dedup Fixup: 2.4 ms, GC Workers: 4]
      [Queue Fixup (ms): Min: 0.0, Avg: 0.0, Max: 0.0, Diff: 0.0, Sum: 0.0]
      [Table Fixup (ms): Min: 2.3, Avg: 2.3, Max: 2.4, Diff: 0.1, Sum: 9.3]
   [Clear CT: 0.3 ms]
   [Other: 3.8 ms]
      [Choose CSet: 0.0 ms]
      [Ref Proc: 0.1 ms]
      [Ref Enq: 0.0 ms]
      [Redirty Cards: 0.3 ms]
      [Humongous Register: 0.3 ms]
      [Humongous Reclaim: 0.1 ms]
      [Free CSet: 1.7 ms]
   [Eden: 1602.0M(1602.0M)->0.0B(3052.0M) Survivors: 120.0M->110.0M Heap: 4085.8M(6278.0M)->2476.1M(6278.0M)]
 [Times: user=0.63 sys=0.04, real=0.17 secs] 
2021-03-08T17:03:49.680+0800: 22794.385: Total time for which application threads were stopped: 0.1749645 seconds, Stopping threads took: 0.0003416 seconds
2021-03-08T17:03:49.681+0800: 22794.385: [GC concurrent-string-deduplication, 44.4K->23.1K(21.3K), avg 63.2%, 0.0004178 secs]
   [Last Exec: 0.0004178 secs, Idle: 5.3998155 secs, Blocked: 0/0.0000000 secs]
      [Inspected:             806]
         [Skipped:              0(  0.0%)]
         [Hashed:             537( 66.6%)]
         [Known:                0(  0.0%)]
         [New:                806(100.0%)     44.4K]
      [Deduplicated:          537( 66.6%)     21.3K( 48.0%)]
         [Young:              537(100.0%)     21.3K(100.0%)]
         [Old:                  0(  0.0%)      0.0B(  0.0%)]
   [Total Exec: 2743/1.7541199 secs, Idle: 2743/22786.0260170 secs, Blocked: 36/6.0671595 secs]
      [Inspected:         2747233]
         [Skipped:              0(  0.0%)]
         [Hashed:         2132460( 77.6%)]
         [Known:            34947(  1.3%)]
         [New:            2712286( 98.7%)    148.5M]
      [Deduplicated:      2087313( 77.0%)     93.8M( 63.2%)]
         [Young:           880090( 42.2%)     41.6M( 44.3%)]
         [Old:            1207223( 57.8%)     52.3M( 55.7%)]
   [Table]
      [Memory Usage: 2589.1K]
      [Size: 65536, Min: 1024, Max: 16777216]
      [Entries: 88622, Load: 135.2%, Cached: 0, Added: 659426, Removed: 570804]
      [Resize Count: 6, Shrink Threshold: 43690(66.7%), Grow Threshold: 131072(200.0%)]
      [Rehash Count: 0, Rehash Threshold: 120, Hash Seed: 0x0]
      [Age Threshold: 3]
   [Queue]
      [Dropped: 0]
[GC concurrent-string-deduplication, deleted 0 entries, 0.0000007 secs]
2021-03-08T17:03:50.625+0800: 22795.329: [GC pause (G1 Evacuation Pause) (young), 0.2110690 secs]
   [Parallel Time: 206.1 ms, GC Workers: 4]
      [GC Worker Start (ms): Min: 22795329.5, Avg: 22795329.5, Max: 22795329.6, Diff: 0.1]
      [Ext Root Scanning (ms): Min: 2.6, Avg: 2.8, Max: 3.1, Diff: 0.6, Sum: 11.2]
      [Update RS (ms): Min: 44.8, Avg: 45.0, Max: 45.1, Diff: 0.3, Sum: 179.9]
         [Processed Buffers: Min: 81, Avg: 93.5, Max: 105, Diff: 24, Sum: 374]
      [Scan RS (ms): Min: 24.6, Avg: 24.7, Max: 24.7, Diff: 0.0, Sum: 98.6]
      [Code Root Scanning (ms): Min: 0.0, Avg: 0.0, Max: 0.0, Diff: 0.0, Sum: 0.0]
      [Object Copy (ms): Min: 133.4, Avg: 133.5, Max: 133.6, Diff: 0.2, Sum: 534.0]
      [Termination (ms): Min: 0.0, Avg: 0.0, Max: 0.0, Diff: 0.0, Sum: 0.0]
         [Termination Attempts: Min: 14, Avg: 16.0, Max: 19, Diff: 5, Sum: 64]
      [GC Worker Other (ms): Min: 0.0, Avg: 0.0, Max: 0.0, Diff: 0.0, Sum: 0.1]
      [GC Worker Total (ms): Min: 205.9, Avg: 206.0, Max: 206.0, Diff: 0.1, Sum: 823.8]
      [GC Worker End (ms): Min: 22795535.5, Avg: 22795535.5, Max: 22795535.5, Diff: 0.0]
   [Code Root Fixup: 0.0 ms]
   [Code Root Purge: 0.0 ms]
   [String Dedup Fixup: 2.0 ms, GC Workers: 4]
      [Queue Fixup (ms): Min: 0.0, Avg: 0.0, Max: 0.0, Diff: 0.0, Sum: 0.0]
      [Table Fixup (ms): Min: 1.9, Avg: 1.9, Max: 2.0, Diff: 0.1, Sum: 7.8]
   [Clear CT: 0.1 ms]
   [Other: 2.8 ms]
      [Choose CSet: 0.0 ms]
      [Ref Proc: 0.2 ms]
      [Ref Enq: 0.0 ms]
      [Redirty Cards: 0.5 ms]
      [Humongous Register: 0.2 ms]
      [Humongous Reclaim: 0.1 ms]
      [Free CSet: 0.6 ms]
   [Eden: 228.0M(202.0M)->0.0B(284.0M) Survivors: 110.0M->28.0M Heap: 2705.1M(6278.0M)->2489.0M(6278.0M)]
 [Times: user=0.77 sys=0.06, real=0.21 secs] 
2021-03-08T17:03:50.837+0800: 22795.541: Total time for which application threads were stopped: 0.2157794 seconds, Stopping threads took: 0.0003228 seconds
2021-03-08T17:03:50.837+0800: 22795.541: [GC concurrent-string-deduplication, 48.2K->25.4K(22.8K), avg 63.2%, 0.0003882 secs]
   [Last Exec: 0.0003882 secs, Idle: 1.1555846 secs, Blocked: 0/0.0000000 secs]
      [Inspected:             842]
         [Skipped:              0(  0.0%)]
         [Hashed:             551( 65.4%)]
         [Known:                0(  0.0%)]
         [New:                842(100.0%)     48.2K]
      [Deduplicated:          551( 65.4%)     22.8K( 47.4%)]
         [Young:                0(  0.0%)      0.0B(  0.0%)]
         [Old:                551(100.0%)     22.8K(100.0%)]
   [Total Exec: 2744/1.7545081 secs, Idle: 2744/22787.1816015 secs, Blocked: 36/6.0671595 secs]
      [Inspected:         2748075]
         [Skipped:              0(  0.0%)]
         [Hashed:         2133011( 77.6%)]
         [Known:            34947(  1.3%)]
         [New:            2713128( 98.7%)    148.6M]
      [Deduplicated:      2087864( 77.0%)     93.9M( 63.2%)]
         [Young:           880090( 42.2%)     41.6M( 44.3%)]
         [Old:            1207774( 57.8%)     52.3M( 55.7%)]
   [Table]
      [Memory Usage: 2595.9K]
      [Size: 65536, Min: 1024, Max: 16777216]
      [Entries: 88913, Load: 135.7%, Cached: 0, Added: 659717, Removed: 570804]
      [Resize Count: 6, Shrink Threshold: 43690(66.7%), Grow Threshold: 131072(200.0%)]
      [Rehash Count: 0, Rehash Threshold: 120, Hash Seed: 0x0]
      [Age Threshold: 3]
   [Queue]
      [Dropped: 0]
[GC concurrent-string-deduplication, deleted 0 entries, 0.0000007 secs]
2021-03-08T17:03:51.672+0800: 22796.376: [GC pause (G1 Evacuation Pause) (young), 0.1643272 secs]
   [Parallel Time: 159.1 ms, GC Workers: 4]
      [GC Worker Start (ms): Min: 22796376.7, Avg: 22796376.8, Max: 22796376.8, Diff: 0.0]
      [Ext Root Scanning (ms): Min: 3.2, Avg: 3.3, Max: 3.5, Diff: 0.3, Sum: 13.3]
      [Update RS (ms): Min: 34.6, Avg: 34.8, Max: 35.0, Diff: 0.5, Sum: 139.3]
         [Processed Buffers: Min: 80, Avg: 85.2, Max: 92, Diff: 12, Sum: 341]
      [Scan RS (ms): Min: 62.1, Avg: 62.2, Max: 62.3, Diff: 0.2, Sum: 248.8]
      [Code Root Scanning (ms): Min: 0.0, Avg: 0.0, Max: 0.0, Diff: 0.0, Sum: 0.0]
      [Object Copy (ms): Min: 58.6, Avg: 58.7, Max: 58.7, Diff: 0.1, Sum: 234.6]
      [Termination (ms): Min: 0.0, Avg: 0.0, Max: 0.0, Diff: 0.0, Sum: 0.0]
         [Termination Attempts: Min: 1, Avg: 19.2, Max: 31, Diff: 30, Sum: 77]
      [GC Worker Other (ms): Min: 0.0, Avg: 0.0, Max: 0.0, Diff: 0.0, Sum: 0.1]
      [GC Worker Total (ms): Min: 159.0, Avg: 159.1, Max: 159.1, Diff: 0.0, Sum: 636.2]
      [GC Worker End (ms): Min: 22796535.8, Avg: 22796535.8, Max: 22796535.8, Diff: 0.0]
   [Code Root Fixup: 0.0 ms]
   [Code Root Purge: 0.0 ms]
   [String Dedup Fixup: 2.0 ms, GC Workers: 4]
      [Queue Fixup (ms): Min: 0.0, Avg: 0.0, Max: 0.0, Diff: 0.0, Sum: 0.0]
      [Table Fixup (ms): Min: 1.9, Avg: 1.9, Max: 2.0, Diff: 0.0, Sum: 7.8]
   [Clear CT: 0.2 ms]
   [Other: 3.0 ms]
      [Choose CSet: 0.0 ms]
      [Ref Proc: 0.1 ms]
      [Ref Enq: 0.0 ms]
      [Redirty Cards: 0.6 ms]
      [Humongous Register: 0.2 ms]
      [Humongous Reclaim: 0.1 ms]
      [Free CSet: 0.6 ms]
   [Eden: 284.0M(284.0M)->0.0B(286.0M) Survivors: 28.0M->26.0M Heap: 2777.5M(6278.0M)->2501.1M(6278.0M)]
 [Times: user=0.64 sys=0.01, real=0.17 secs] 
2021-03-08T17:03:51.837+0800: 22796.541: Total time for which application threads were stopped: 0.1689495 seconds, Stopping threads took: 0.0003922 seconds
2021-03-08T17:03:51.837+0800: 22796.541: [GC concurrent-string-deduplication, 30.2K->19.3K(10.8K), avg 63.2%, 0.0002858 secs]
   [Last Exec: 0.0002858 secs, Idle: 0.9999458 secs, Blocked: 0/0.0000000 secs]
      [Inspected:             500]
         [Skipped:              0(  0.0%)]
         [Hashed:             276( 55.2%)]
         [Known:                0(  0.0%)]
         [New:                500(100.0%)     30.2K]
      [Deduplicated:          275( 55.0%)     10.8K( 35.9%)]
         [Young:                0(  0.0%)      0.0B(  0.0%)]
         [Old:                275(100.0%)     10.8K(100.0%)]
   [Total Exec: 2745/1.7547939 secs, Idle: 2745/22788.1815473 secs, Blocked: 36/6.0671595 secs]
      [Inspected:         2748575]
         [Skipped:              0(  0.0%)]
         [Hashed:         2133287( 77.6%)]
         [Known:            34947(  1.3%)]
         [New:            2713628( 98.7%)    148.6M]
      [Deduplicated:      2088139( 77.0%)     93.9M( 63.2%)]
         [Young:           880090( 42.1%)     41.6M( 44.3%)]
         [Old:            1208049( 57.9%)     52.3M( 55.7%)]
   [Table]
      [Memory Usage: 2601.2K]
      [Size: 65536, Min: 1024, Max: 16777216]
      [Entries: 89138, Load: 136.0%, Cached: 0, Added: 659942, Removed: 570804]
      [Resize Count: 6, Shrink Threshold: 43690(66.7%), Grow Threshold: 131072(200.0%)]
      [Rehash Count: 0, Rehash Threshold: 120, Hash Seed: 0x0]
      [Age Threshold: 3]
   [Queue]
      [Dropped: 0]
[GC concurrent-string-deduplication, deleted 0 entries, 0.0000008 secs]
2021-03-08T17:03:53.154+0800: 22797.858: [GC pause (G1 Evacuation Pause) (young), 0.1902442 secs]
   [Parallel Time: 184.8 ms, GC Workers: 4]
      [GC Worker Start (ms): Min: 22797859.0, Avg: 22797860.7, Max: 22797865.6, Diff: 6.6]
      [Ext Root Scanning (ms): Min: 0.1, Avg: 2.9, Max: 3.9, Diff: 3.8, Sum: 11.7]
      [Update RS (ms): Min: 44.9, Avg: 46.7, Max: 47.4, Diff: 2.5, Sum: 186.8]
         [Processed Buffers: Min: 80, Avg: 87.5, Max: 98, Diff: 18, Sum: 350]
      [Scan RS (ms): Min: 78.5, Avg: 78.6, Max: 78.6, Diff: 0.1, Sum: 314.3]
      [Code Root Scanning (ms): Min: 0.0, Avg: 0.0, Max: 0.0, Diff: 0.0, Sum: 0.0]
      [Object Copy (ms): Min: 54.6, Avg: 54.9, Max: 55.0, Diff: 0.4, Sum: 219.5]
      [Termination (ms): Min: 0.0, Avg: 0.0, Max: 0.0, Diff: 0.0, Sum: 0.0]
         [Termination Attempts: Min: 1, Avg: 30.8, Max: 48, Diff: 47, Sum: 123]
      [GC Worker Other (ms): Min: 0.0, Avg: 0.0, Max: 0.1, Diff: 0.0, Sum: 0.1]
      [GC Worker Total (ms): Min: 178.2, Avg: 183.1, Max: 184.8, Diff: 6.5, Sum: 732.5]
      [GC Worker End (ms): Min: 22798043.8, Avg: 22798043.8, Max: 22798043.8, Diff: 0.0]
   [Code Root Fixup: 0.0 ms]
   [Code Root Purge: 0.0 ms]
   [String Dedup Fixup: 2.0 ms, GC Workers: 4]
      [Queue Fixup (ms): Min: 0.0, Avg: 0.0, Max: 0.0, Diff: 0.0, Sum: 0.0]
      [Table Fixup (ms): Min: 1.9, Avg: 2.0, Max: 2.0, Diff: 0.1, Sum: 7.9]
   [Clear CT: 0.1 ms]
   [Other: 3.2 ms]
      [Choose CSet: 0.0 ms]
      [Ref Proc: 0.1 ms]
      [Ref Enq: 0.0 ms]
      [Redirty Cards: 0.6 ms]
      [Humongous Register: 0.3 ms]
      [Humongous Reclaim: 0.1 ms]
      [Free CSet: 0.8 ms]
   [Eden: 286.0M(286.0M)->0.0B(286.0M) Survivors: 26.0M->26.0M Heap: 2788.1M(6278.0M)->2509.8M(6278.0M)]
 [Times: user=0.71 sys=0.01, real=0.19 secs] 
2021-03-08T17:03:53.345+0800: 22798.049: Total time for which application threads were stopped: 0.1951621 seconds, Stopping threads took: 0.0004773 seconds
2021-03-08T17:03:53.345+0800: 22798.049: [GC concurrent-string-deduplication, 2688.0B->1496.0B(1192.0B), avg 63.2%, 0.0000488 secs]
   [Last Exec: 0.0000488 secs, Idle: 1.5076538 secs, Blocked: 0/0.0000000 secs]
      [Inspected:              45]
         [Skipped:              0(  0.0%)]
         [Hashed:              28( 62.2%)]
         [Known:                0(  0.0%)]
         [New:                 45(100.0%)   2688.0B]
      [Deduplicated:           28( 62.2%)   1192.0B( 44.3%)]
         [Young:                0(  0.0%)      0.0B(  0.0%)]
         [Old:                 28(100.0%)   1192.0B(100.0%)]
   [Total Exec: 2746/1.7548427 secs, Idle: 2746/22789.6892011 secs, Blocked: 36/6.0671595 secs]
      [Inspected:         2748620]
         [Skipped:              0(  0.0%)]
         [Hashed:         2133315( 77.6%)]
         [Known:            34947(  1.3%)]
         [New:            2713673( 98.7%)    148.6M]
      [Deduplicated:      2088167( 76.9%)     93.9M( 63.2%)]
         [Young:           880090( 42.1%)     41.6M( 44.3%)]
         [Old:            1208077( 57.9%)     52.3M( 55.7%)]
   [Table]
      [Memory Usage: 2601.6K]
      [Size: 65536, Min: 1024, Max: 16777216]
      [Entries: 89155, Load: 136.0%, Cached: 0, Added: 659959, Removed: 570804]
      [Resize Count: 6, Shrink Threshold: 43690(66.7%), Grow Threshold: 131072(200.0%)]
      [Rehash Count: 0, Rehash Threshold: 120, Hash Seed: 0x0]
      [Age Threshold: 3]
   [Queue]
      [Dropped: 0]
[GC concurrent-string-deduplication, deleted 0 entries, 0.0000007 secs]
2021-03-08T17:03:55.222+0800: 22799.927: [GC pause (G1 Evacuation Pause) (young), 0.2222548 secs]
   [Parallel Time: 216.6 ms, GC Workers: 4]
      [GC Worker Start (ms): Min: 22799927.4, Avg: 22799928.3, Max: 22799929.2, Diff: 1.9]
      [Ext Root Scanning (ms): Min: 2.1, Avg: 3.1, Max: 4.3, Diff: 2.2, Sum: 12.2]
      [Update RS (ms): Min: 33.9, Avg: 34.1, Max: 34.2, Diff: 0.3, Sum: 136.5]
         [Processed Buffers: Min: 69, Avg: 82.8, Max: 96, Diff: 27, Sum: 331]
      [Scan RS (ms): Min: 109.8, Avg: 110.0, Max: 110.6, Diff: 0.7, Sum: 440.0]
      [Code Root Scanning (ms): Min: 0.0, Avg: 0.0, Max: 0.0, Diff: 0.0, Sum: 0.0]
      [Object Copy (ms): Min: 67.9, Avg: 68.3, Max: 68.6, Diff: 0.7, Sum: 273.4]
      [Termination (ms): Min: 0.0, Avg: 0.0, Max: 0.0, Diff: 0.0, Sum: 0.0]
         [Termination Attempts: Min: 1, Avg: 1.5, Max: 2, Diff: 1, Sum: 6]
      [GC Worker Other (ms): Min: 0.0, Avg: 0.0, Max: 0.0, Diff: 0.0, Sum: 0.1]
      [GC Worker Total (ms): Min: 214.6, Avg: 215.6, Max: 216.5, Diff: 1.9, Sum: 862.3]
      [GC Worker End (ms): Min: 22800143.8, Avg: 22800143.9, Max: 22800143.9, Diff: 0.0]
   [Code Root Fixup: 0.0 ms]
   [Code Root Purge: 0.0 ms]
   [String Dedup Fixup: 2.1 ms, GC Workers: 4]
      [Queue Fixup (ms): Min: 0.0, Avg: 0.0, Max: 0.0, Diff: 0.0, Sum: 0.0]
      [Table Fixup (ms): Min: 2.0, Avg: 2.0, Max: 2.1, Diff: 0.0, Sum: 8.2]
   [Clear CT: 0.1 ms]
   [Other: 3.4 ms]
      [Choose CSet: 0.0 ms]
      [Ref Proc: 0.1 ms]
      [Ref Enq: 0.0 ms]
      [Redirty Cards: 0.7 ms]
      [Humongous Register: 0.3 ms]
      [Humongous Reclaim: 0.1 ms]
      [Free CSet: 0.8 ms]
   [Eden: 286.0M(286.0M)->0.0B(284.0M) Survivors: 26.0M->28.0M Heap: 2800.3M(6278.0M)->2521.7M(6278.0M)]
 [Times: user=0.81 sys=0.01, real=0.23 secs] 
2021-03-08T17:03:55.445+0800: 22800.150: Total time for which application threads were stopped: 0.2269734 seconds, Stopping threads took: 0.0003648 seconds
2021-03-08T17:03:55.454+0800: 22800.158: [GC concurrent-string-deduplication, 5504.0B->2552.0B(2952.0B), avg 63.2%, 0.0000991 secs]
   [Last Exec: 0.0000991 secs, Idle: 2.1089117 secs, Blocked: 0/0.0000000 secs]
      [Inspected:             103]
         [Skipped:              0(  0.0%)]
         [Hashed:              74( 71.8%)]
         [Known:                0(  0.0%)]
         [New:                103(100.0%)   5504.0B]
      [Deduplicated:           74( 71.8%)   2952.0B( 53.6%)]
         [Young:                0(  0.0%)      0.0B(  0.0%)]
         [Old:                 74(100.0%)   2952.0B(100.0%)]
   [Total Exec: 2747/1.7549418 secs, Idle: 2747/22791.7981128 secs, Blocked: 36/6.0671595 secs]
      [Inspected:         2748723]
         [Skipped:              0(  0.0%)]
         [Hashed:         2133389( 77.6%)]
         [Known:            34947(  1.3%)]
         [New:            2713776( 98.7%)    148.6M]
      [Deduplicated:      2088241( 76.9%)     93.9M( 63.2%)]
         [Young:           880090( 42.1%)     41.6M( 44.3%)]
         [Old:            1208151( 57.9%)     52.3M( 55.7%)]
   [Table]
      [Memory Usage: 2602.2K]
      [Size: 65536, Min: 1024, Max: 16777216]
      [Entries: 89184, Load: 136.1%, Cached: 0, Added: 659988, Removed: 570804]
      [Resize Count: 6, Shrink Threshold: 43690(66.7%), Grow Threshold: 131072(200.0%)]
      [Rehash Count: 0, Rehash Threshold: 120, Hash Seed: 0x0]
      [Age Threshold: 3]
   [Queue]
      [Dropped: 0]
[GC concurrent-string-deduplication, deleted 0 entries, 0.0000008 secs]
2021-03-08T17:03:56.679+0800: 22801.383: [GC pause (G1 Evacuation Pause) (young), 0.2257077 secs]
   [Parallel Time: 219.7 ms, GC Workers: 4]
      [GC Worker Start (ms): Min: 22801384.1, Avg: 22801387.1, Max: 22801393.4, Diff: 9.3]
      [Ext Root Scanning (ms): Min: 0.2, Avg: 3.4, Max: 5.5, Diff: 5.4, Sum: 13.5]
      [Update RS (ms): Min: 26.6, Avg: 29.6, Max: 30.7, Diff: 4.1, Sum: 118.3]
         [Processed Buffers: Min: 36, Avg: 57.2, Max: 71, Diff: 35, Sum: 229]
      [Scan RS (ms): Min: 120.5, Avg: 120.7, Max: 120.8, Diff: 0.3, Sum: 482.9]
      [Code Root Scanning (ms): Min: 0.0, Avg: 0.0, Max: 0.0, Diff: 0.0, Sum: 0.0]
      [Object Copy (ms): Min: 62.7, Avg: 62.9, Max: 63.1, Diff: 0.4, Sum: 251.5]
      [Termination (ms): Min: 0.0, Avg: 0.0, Max: 0.0, Diff: 0.0, Sum: 0.0]
         [Termination Attempts: Min: 1, Avg: 6.0, Max: 10, Diff: 9, Sum: 24]
      [GC Worker Other (ms): Min: 0.0, Avg: 0.0, Max: 0.0, Diff: 0.0, Sum: 0.1]
      [GC Worker Total (ms): Min: 210.3, Avg: 216.6, Max: 219.6, Diff: 9.3, Sum: 866.4]
      [GC Worker End (ms): Min: 22801603.7, Avg: 22801603.7, Max: 22801603.7, Diff: 0.0]
   [Code Root Fixup: 0.0 ms]
   [Code Root Purge: 0.0 ms]
   [String Dedup Fixup: 2.1 ms, GC Workers: 4]
      [Queue Fixup (ms): Min: 0.0, Avg: 0.0, Max: 0.0, Diff: 0.0, Sum: 0.0]
      [Table Fixup (ms): Min: 2.0, Avg: 2.0, Max: 2.1, Diff: 0.1, Sum: 8.1]
   [Clear CT: 0.1 ms]
   [Other: 3.8 ms]
      [Choose CSet: 0.0 ms]
      [Ref Proc: 0.1 ms]
      [Ref Enq: 0.0 ms]
      [Redirty Cards: 0.8 ms]
      [Humongous Register: 0.2 ms]
      [Humongous Reclaim: 0.1 ms]
      [Free CSet: 0.8 ms]
   [Eden: 284.0M(284.0M)->0.0B(286.0M) Survivors: 28.0M->26.0M Heap: 2810.1M(6278.0M)->2531.1M(6278.0M)]
 [Times: user=0.82 sys=0.02, real=0.23 secs] 
2021-03-08T17:03:56.906+0800: 22801.610: Total time for which application threads were stopped: 0.2311930 seconds, Stopping threads took: 0.0003743 seconds
2021-03-08T17:03:56.906+0800: 22801.610: [GC concurrent-string-deduplication, 3856.0B->1760.0B(2096.0B), avg 63.2%, 0.0000511 secs]
   [Last Exec: 0.0000511 secs, Idle: 1.4514130 secs, Blocked: 0/0.0000000 secs]
      [Inspected:              71]
         [Skipped:              0(  0.0%)]
         [Hashed:              51( 71.8%)]
         [Known:                0(  0.0%)]
         [New:                 71(100.0%)   3856.0B]
      [Deduplicated:           51( 71.8%)   2096.0B( 54.4%)]
         [Young:                0(  0.0%)      0.0B(  0.0%)]
         [Old:                 51(100.0%)   2096.0B(100.0%)]
   [Total Exec: 2748/1.7549929 secs, Idle: 2748/22793.2495259 secs, Blocked: 36/6.0671595 secs]
      [Inspected:         2748794]
         [Skipped:              0(  0.0%)]
         [Hashed:         2133440( 77.6%)]
         [Known:            34947(  1.3%)]
         [New:            2713847( 98.7%)    148.6M]
      [Deduplicated:      2088292( 76.9%)     93.9M( 63.2%)]
         [Young:           880090( 42.1%)     41.6M( 44.3%)]
         [Old:            1208202( 57.9%)     52.3M( 55.7%)]
   [Table]
      [Memory Usage: 2602.7K]
      [Size: 65536, Min: 1024, Max: 16777216]
      [Entries: 89204, Load: 136.1%, Cached: 0, Added: 660008, Removed: 570804]
      [Resize Count: 6, Shrink Threshold: 43690(66.7%), Grow Threshold: 131072(200.0%)]
      [Rehash Count: 0, Rehash Threshold: 120, Hash Seed: 0x0]
      [Age Threshold: 3]
   [Queue]
      [Dropped: 0]
[GC concurrent-string-deduplication, deleted 0 entries, 0.0000006 secs]
2021-03-08T17:03:58.013+0800: 22802.717: [GC pause (G1 Evacuation Pause) (young), 0.2360063 secs]
   [Parallel Time: 228.7 ms, GC Workers: 4]
      [GC Worker Start (ms): Min: 22802717.4, Avg: 22802724.8, Max: 22802727.3, Diff: 9.9]
      [Ext Root Scanning (ms): Min: 0.7, Avg: 3.2, Max: 10.7, Diff: 10.1, Sum: 12.7]
      [Update RS (ms): Min: 32.9, Avg: 33.2, Max: 33.4, Diff: 0.5, Sum: 133.0]
         [Processed Buffers: Min: 63, Avg: 73.8, Max: 80, Diff: 17, Sum: 295]
      [Scan RS (ms): Min: 117.2, Avg: 117.3, Max: 117.7, Diff: 0.5, Sum: 469.4]
      [Code Root Scanning (ms): Min: 0.0, Avg: 0.0, Max: 0.0, Diff: 0.0, Sum: 0.0]
      [Object Copy (ms): Min: 66.9, Avg: 67.4, Max: 67.7, Diff: 0.8, Sum: 269.4]
      [Termination (ms): Min: 0.0, Avg: 0.0, Max: 0.0, Diff: 0.0, Sum: 0.0]
         [Termination Attempts: Min: 1, Avg: 32.8, Max: 55, Diff: 54, Sum: 131]
      [GC Worker Other (ms): Min: 0.0, Avg: 0.1, Max: 0.1, Diff: 0.1, Sum: 0.2]
      [GC Worker Total (ms): Min: 218.7, Avg: 221.2, Max: 228.6, Diff: 9.9, Sum: 884.8]
      [GC Worker End (ms): Min: 22802946.0, Avg: 22802946.0, Max: 22802946.0, Diff: 0.1]
   [Code Root Fixup: 0.0 ms]
   [Code Root Purge: 0.0 ms]
   [String Dedup Fixup: 2.3 ms, GC Workers: 4]
      [Queue Fixup (ms): Min: 0.0, Avg: 0.0, Max: 0.0, Diff: 0.0, Sum: 0.0]
      [Table Fixup (ms): Min: 2.0, Avg: 2.1, Max: 2.1, Diff: 0.1, Sum: 8.4]
   [Clear CT: 0.2 ms]
   [Other: 4.7 ms]
      [Choose CSet: 0.0 ms]
      [Ref Proc: 0.1 ms]
      [Ref Enq: 0.0 ms]
      [Redirty Cards: 1.8 ms]
      [Humongous Register: 0.3 ms]
      [Humongous Reclaim: 0.1 ms]
      [Free CSet: 1.0 ms]
   [Eden: 286.0M(286.0M)->0.0B(286.0M) Survivors: 26.0M->26.0M Heap: 2819.2M(6278.0M)->2543.2M(6278.0M)]
 [Times: user=0.85 sys=0.01, real=0.24 secs] 
2021-03-08T17:03:58.249+0800: 22802.953: Total time for which application threads were stopped: 0.2412822 seconds, Stopping threads took: 0.0004168 seconds
2021-03-08T17:03:58.250+0800: 22802.954: [GC concurrent-string-deduplication, 3224.0B->1584.0B(1640.0B), avg 63.2%, 0.0000502 secs]
   [Last Exec: 0.0000502 secs, Idle: 1.3442820 secs, Blocked: 0/0.0000000 secs]
      [Inspected:              59]
         [Skipped:              0(  0.0%)]
         [Hashed:              42( 71.2%)]
         [Known:                0(  0.0%)]
         [New:                 59(100.0%)   3224.0B]
      [Deduplicated:           41( 69.5%)   1640.0B( 50.9%)]
         [Young:                0(  0.0%)      0.0B(  0.0%)]
         [Old:                 41(100.0%)   1640.0B(100.0%)]
   [Total Exec: 2749/1.7550432 secs, Idle: 2749/22794.5938079 secs, Blocked: 36/6.0671595 secs]
      [Inspected:         2748853]
         [Skipped:              0(  0.0%)]
         [Hashed:         2133482( 77.6%)]
         [Known:            34947(  1.3%)]
         [New:            2713906( 98.7%)    148.6M]
      [Deduplicated:      2088333( 76.9%)     93.9M( 63.2%)]
         [Young:           880090( 42.1%)     41.6M( 44.3%)]
         [Old:            1208243( 57.9%)     52.3M( 55.7%)]
   [Table]
      [Memory Usage: 2603.1K]
      [Size: 65536, Min: 1024, Max: 16777216]
      [Entries: 89222, Load: 136.1%, Cached: 0, Added: 660026, Removed: 570804]
      [Resize Count: 6, Shrink Threshold: 43690(66.7%), Grow Threshold: 131072(200.0%)]
      [Rehash Count: 0, Rehash Threshold: 120, Hash Seed: 0x0]
      [Age Threshold: 3]
   [Queue]
      [Dropped: 0]
[GC concurrent-string-deduplication, deleted 0 entries, 0.0000010 secs]
2021-03-08T17:03:59.222+0800: 22803.926: [GC pause (G1 Evacuation Pause) (young), 0.1979283 secs]
   [Parallel Time: 192.3 ms, GC Workers: 4]
      [GC Worker Start (ms): Min: 22803926.7, Avg: 22803932.0, Max: 22803944.5, Diff: 17.8]
      [Ext Root Scanning (ms): Min: 0.2, Avg: 2.9, Max: 5.7, Diff: 5.5, Sum: 11.6]
      [Update RS (ms): Min: 30.9, Avg: 38.7, Max: 43.0, Diff: 12.1, Sum: 154.9]
         [Processed Buffers: Min: 61, Avg: 74.5, Max: 88, Diff: 27, Sum: 298]
      [Scan RS (ms): Min: 90.3, Avg: 90.5, Max: 90.6, Diff: 0.2, Sum: 362.0]
      [Code Root Scanning (ms): Min: 0.0, Avg: 0.0, Max: 0.0, Diff: 0.0, Sum: 0.0]
      [Object Copy (ms): Min: 52.7, Avg: 52.9, Max: 53.3, Diff: 0.6, Sum: 211.8]
      [Termination (ms): Min: 0.0, Avg: 0.0, Max: 0.0, Diff: 0.0, Sum: 0.0]
         [Termination Attempts: Min: 12, Avg: 22.0, Max: 28, Diff: 16, Sum: 88]
      [GC Worker Other (ms): Min: 0.0, Avg: 1.9, Max: 7.4, Diff: 7.4, Sum: 7.6]
      [GC Worker Total (ms): Min: 174.4, Avg: 187.0, Max: 192.2, Diff: 17.8, Sum: 747.8]
      [GC Worker End (ms): Min: 22804118.9, Avg: 22804118.9, Max: 22804118.9, Diff: 0.0]
   [Code Root Fixup: 0.0 ms]
   [Code Root Purge: 0.0 ms]
   [String Dedup Fixup: 2.2 ms, GC Workers: 4]
      [Queue Fixup (ms): Min: 0.0, Avg: 0.0, Max: 0.0, Diff: 0.0, Sum: 0.0]
      [Table Fixup (ms): Min: 2.0, Avg: 2.0, Max: 2.1, Diff: 0.1, Sum: 8.1]
   [Clear CT: 0.3 ms]
   [Other: 3.2 ms]
      [Choose CSet: 0.0 ms]
      [Ref Proc: 0.1 ms]
      [Ref Enq: 0.0 ms]
      [Redirty Cards: 0.7 ms]
      [Humongous Register: 0.3 ms]
      [Humongous Reclaim: 0.1 ms]
      [Free CSet: 0.8 ms]
   [Eden: 286.0M(286.0M)->0.0B(290.0M) Survivors: 26.0M->22.0M Heap: 2829.2M(6278.0M)->2549.4M(6278.0M)]
 [Times: user=0.72 sys=0.00, real=0.20 secs] 
2021-03-08T17:03:59.420+0800: 22804.125: Total time for which application threads were stopped: 0.2026647 seconds, Stopping threads took: 0.0004369 seconds
2021-03-08T17:03:59.421+0800: 22804.125: [GC concurrent-string-deduplication, 6008.0B->2992.0B(3016.0B), avg 63.2%, 0.0000749 secs]
   [Last Exec: 0.0000749 secs, Idle: 1.1703320 secs, Blocked: 0/0.0000000 secs]
      [Inspected:             108]
         [Skipped:              0(  0.0%)]
         [Hashed:              74( 68.5%)]
         [Known:                0(  0.0%)]
         [New:                108(100.0%)   6008.0B]
      [Deduplicated:           74( 68.5%)   3016.0B( 50.2%)]
         [Young:                0(  0.0%)      0.0B(  0.0%)]
         [Old:                 74(100.0%)   3016.0B(100.0%)]
   [Total Exec: 2750/1.7551181 secs, Idle: 2750/22795.7641398 secs, Blocked: 36/6.0671595 secs]
      [Inspected:         2748961]
         [Skipped:              0(  0.0%)]
         [Hashed:         2133556( 77.6%)]
         [Known:            34947(  1.3%)]
         [New:            2714014( 98.7%)    148.6M]
      [Deduplicated:      2088407( 76.9%)     93.9M( 63.2%)]
         [Young:           880090( 42.1%)     41.6M( 44.3%)]
         [Old:            1208317( 57.9%)     52.3M( 55.7%)]
   [Table]
      [Memory Usage: 2603.9K]
      [Size: 65536, Min: 1024, Max: 16777216]
      [Entries: 89256, Load: 136.2%, Cached: 0, Added: 660060, Removed: 570804]
      [Resize Count: 6, Shrink Threshold: 43690(66.7%), Grow Threshold: 131072(200.0%)]
      [Rehash Count: 0, Rehash Threshold: 120, Hash Seed: 0x0]
      [Age Threshold: 3]
   [Queue]
      [Dropped: 0]
[GC concurrent-string-deduplication, deleted 0 entries, 0.0000008 secs]
2021-03-08T17:04:00.529+0800: 22805.233: [GC pause (G1 Evacuation Pause) (young), 0.1781661 secs]
   [Parallel Time: 169.2 ms, GC Workers: 4]
      [GC Worker Start (ms): Min: 22805236.2, Avg: 22805236.5, Max: 22805236.8, Diff: 0.6]
      [Ext Root Scanning (ms): Min: 9.2, Avg: 9.7, Max: 10.4, Diff: 1.2, Sum: 39.0]
      [Update RS (ms): Min: 23.9, Avg: 25.1, Max: 25.6, Diff: 1.7, Sum: 100.6]
         [Processed Buffers: Min: 48, Avg: 60.8, Max: 70, Diff: 22, Sum: 243]
      [Scan RS (ms): Min: 84.8, Avg: 84.9, Max: 85.0, Diff: 0.2, Sum: 339.7]
      [Code Root Scanning (ms): Min: 0.0, Avg: 0.0, Max: 0.0, Diff: 0.0, Sum: 0.0]
      [Object Copy (ms): Min: 48.8, Avg: 49.0, Max: 49.3, Diff: 0.5, Sum: 195.9]
      [Termination (ms): Min: 0.0, Avg: 0.0, Max: 0.0, Diff: 0.0, Sum: 0.0]
         [Termination Attempts: Min: 1, Avg: 2.2, Max: 5, Diff: 4, Sum: 9]
      [GC Worker Other (ms): Min: 0.0, Avg: 0.0, Max: 0.0, Diff: 0.0, Sum: 0.1]
      [GC Worker Total (ms): Min: 168.5, Avg: 168.8, Max: 169.1, Diff: 0.6, Sum: 675.3]
      [GC Worker End (ms): Min: 22805405.4, Avg: 22805405.4, Max: 22805405.4, Diff: 0.0]
   [Code Root Fixup: 0.0 ms]
   [Code Root Purge: 0.0 ms]
   [String Dedup Fixup: 3.0 ms, GC Workers: 4]
      [Queue Fixup (ms): Min: 0.0, Avg: 0.0, Max: 0.0, Diff: 0.0, Sum: 0.0]
      [Table Fixup (ms): Min: 2.9, Avg: 3.0, Max: 3.0, Diff: 0.0, Sum: 11.9]
   [Clear CT: 0.1 ms]
   [Other: 5.8 ms]
      [Choose CSet: 0.0 ms]
      [Ref Proc: 0.2 ms]
      [Ref Enq: 0.0 ms]
      [Redirty Cards: 0.6 ms]
      [Humongous Register: 2.7 ms]
      [Humongous Reclaim: 0.1 ms]
      [Free CSet: 0.8 ms]
   [Eden: 290.0M(290.0M)->0.0B(290.0M) Survivors: 22.0M->22.0M Heap: 2841.4M(6278.0M)->2559.8M(6278.0M)]
 [Times: user=0.66 sys=0.00, real=0.18 secs] 
2021-03-08T17:04:00.708+0800: 22805.412: Total time for which application threads were stopped: 0.1862005 seconds, Stopping threads took: 0.0020771 seconds
2021-03-08T17:04:00.713+0800: 22805.417: [GC concurrent-string-deduplication, 7096.0B->3584.0B(3512.0B), avg 63.2%, 0.0001528 secs]
   [Last Exec: 0.0001528 secs, Idle: 1.2922694 secs, Blocked: 0/0.0000000 secs]
      [Inspected:             129]
         [Skipped:              0(  0.0%)]
         [Hashed:              89( 69.0%)]
         [Known:                0(  0.0%)]
         [New:                129(100.0%)   7096.0B]
      [Deduplicated:           88( 68.2%)   3512.0B( 49.5%)]
         [Young:                0(  0.0%)      0.0B(  0.0%)]
         [Old:                 88(100.0%)   3512.0B(100.0%)]
   [Total Exec: 2751/1.7552708 secs, Idle: 2751/22797.0564092 secs, Blocked: 36/6.0671595 secs]
      [Inspected:         2749090]
         [Skipped:              0(  0.0%)]
         [Hashed:         2133645( 77.6%)]
         [Known:            34947(  1.3%)]
         [New:            2714143( 98.7%)    148.7M]
      [Deduplicated:      2088495( 76.9%)     93.9M( 63.2%)]
         [Young:           880090( 42.1%)     41.6M( 44.3%)]
         [Old:            1208405( 57.9%)     52.3M( 55.7%)]
   [Table]
      [Memory Usage: 2604.9K]
      [Size: 65536, Min: 1024, Max: 16777216]
      [Entries: 89297, Load: 136.3%, Cached: 0, Added: 660101, Removed: 570804]
      [Resize Count: 6, Shrink Threshold: 43690(66.7%), Grow Threshold: 131072(200.0%)]
      [Rehash Count: 0, Rehash Threshold: 120, Hash Seed: 0x0]
      [Age Threshold: 3]
   [Queue]
      [Dropped: 0]
[GC concurrent-string-deduplication, deleted 0 entries, 0.0000010 secs]
2021-03-08T17:04:02.687+0800: 22807.391: [GC pause (G1 Evacuation Pause) (young), 0.2026098 secs]
   [Parallel Time: 194.3 ms, GC Workers: 4]
      [GC Worker Start (ms): Min: 22807392.2, Avg: 22807392.2, Max: 22807392.2, Diff: 0.0]
      [Ext Root Scanning (ms): Min: 3.1, Avg: 3.3, Max: 3.5, Diff: 0.4, Sum: 13.0]
      [Update RS (ms): Min: 23.5, Avg: 23.6, Max: 23.8, Diff: 0.3, Sum: 94.4]
         [Processed Buffers: Min: 66, Avg: 68.5, Max: 73, Diff: 7, Sum: 274]
      [Scan RS (ms): Min: 106.3, Avg: 106.7, Max: 106.8, Diff: 0.5, Sum: 426.8]
      [Code Root Scanning (ms): Min: 0.0, Avg: 0.0, Max: 0.0, Diff: 0.0, Sum: 0.0]
      [Object Copy (ms): Min: 60.5, Avg: 60.6, Max: 60.7, Diff: 0.1, Sum: 242.3]
      [Termination (ms): Min: 0.0, Avg: 0.0, Max: 0.0, Diff: 0.0, Sum: 0.1]
         [Termination Attempts: Min: 38, Avg: 65.8, Max: 78, Diff: 40, Sum: 263]
      [GC Worker Other (ms): Min: 0.0, Avg: 0.0, Max: 0.0, Diff: 0.0, Sum: 0.2]
      [GC Worker Total (ms): Min: 194.2, Avg: 194.2, Max: 194.2, Diff: 0.0, Sum: 776.9]
      [GC Worker End (ms): Min: 22807586.4, Avg: 22807586.4, Max: 22807586.4, Diff: 0.0]
   [Code Root Fixup: 0.0 ms]
   [Code Root Purge: 0.0 ms]
   [String Dedup Fixup: 4.6 ms, GC Workers: 4]
      [Queue Fixup (ms): Min: 0.0, Avg: 0.0, Max: 0.0, Diff: 0.0, Sum: 0.0]
      [Table Fixup (ms): Min: 0.0, Avg: 2.3, Max: 4.5, Diff: 4.5, Sum: 9.1]
   [Clear CT: 0.1 ms]
   [Other: 3.6 ms]
      [Choose CSet: 0.0 ms]
      [Ref Proc: 0.1 ms]
      [Ref Enq: 0.0 ms]
      [Redirty Cards: 0.6 ms]
      [Humongous Register: 0.3 ms]
      [Humongous Reclaim: 0.1 ms]
      [Free CSet: 1.0 ms]
   [Eden: 290.0M(290.0M)->0.0B(284.0M) Survivors: 22.0M->28.0M Heap: 2858.9M(6278.0M)->2573.0M(6278.0M)]
 [Times: user=0.77 sys=0.02, real=0.20 secs] 
2021-03-08T17:04:02.890+0800: 22807.595: Total time for which application threads were stopped: 0.2097532 seconds, Stopping threads took: 0.0024812 seconds
2021-03-08T17:04:02.891+0800: 22807.596: [GC concurrent-string-deduplication, 2176.0B->1056.0B(1120.0B), avg 63.2%, 0.0001803 secs]
   [Last Exec: 0.0001803 secs, Idle: 2.1781361 secs, Blocked: 0/0.0000000 secs]
      [Inspected:              39]
         [Skipped:              0(  0.0%)]
         [Hashed:              27( 69.2%)]
         [Known:                0(  0.0%)]
         [New:                 39(100.0%)   2176.0B]
      [Deduplicated:           27( 69.2%)   1120.0B( 51.5%)]
         [Young:                0(  0.0%)      0.0B(  0.0%)]
         [Old:                 27(100.0%)   1120.0B(100.0%)]
   [Total Exec: 2752/1.7554511 secs, Idle: 2752/22799.2345453 secs, Blocked: 36/6.0671595 secs]
      [Inspected:         2749129]
         [Skipped:              0(  0.0%)]
         [Hashed:         2133672( 77.6%)]
         [Known:            34947(  1.3%)]
         [New:            2714182( 98.7%)    148.7M]
      [Deduplicated:      2088522( 76.9%)     93.9M( 63.2%)]
         [Young:           880090( 42.1%)     41.6M( 44.3%)]
         [Old:            1208432( 57.9%)     52.3M( 55.7%)]
   [Table]
      [Memory Usage: 2605.2K]
      [Size: 65536, Min: 1024, Max: 16777216]
      [Entries: 89309, Load: 136.3%, Cached: 0, Added: 660113, Removed: 570804]
      [Resize Count: 6, Shrink Threshold: 43690(66.7%), Grow Threshold: 131072(200.0%)]
      [Rehash Count: 0, Rehash Threshold: 120, Hash Seed: 0x0]
      [Age Threshold: 3]
   [Queue]
      [Dropped: 0]
[GC concurrent-string-deduplication, deleted 0 entries, 0.0000008 secs]
2021-03-08T17:04:03.608+0800: 22808.312: [GC pause (G1 Evacuation Pause) (young), 0.1973517 secs]
   [Parallel Time: 191.9 ms, GC Workers: 4]
      [GC Worker Start (ms): Min: 22808312.5, Avg: 22808312.5, Max: 22808312.5, Diff: 0.0]
      [Ext Root Scanning (ms): Min: 4.5, Avg: 4.7, Max: 4.9, Diff: 0.3, Sum: 18.8]
      [Update RS (ms): Min: 31.4, Avg: 31.5, Max: 31.5, Diff: 0.1, Sum: 125.9]
         [Processed Buffers: Min: 63, Avg: 67.8, Max: 76, Diff: 13, Sum: 271]
      [Scan RS (ms): Min: 103.1, Avg: 103.2, Max: 103.2, Diff: 0.1, Sum: 412.8]
      [Code Root Scanning (ms): Min: 0.0, Avg: 0.0, Max: 0.0, Diff: 0.0, Sum: 0.0]
      [Object Copy (ms): Min: 52.3, Avg: 52.4, Max: 52.5, Diff: 0.2, Sum: 209.5]
      [Termination (ms): Min: 0.0, Avg: 0.0, Max: 0.0, Diff: 0.0, Sum: 0.0]
         [Termination Attempts: Min: 11, Avg: 12.0, Max: 13, Diff: 2, Sum: 48]
      [GC Worker Other (ms): Min: 0.0, Avg: 0.0, Max: 0.0, Diff: 0.0, Sum: 0.1]
      [GC Worker Total (ms): Min: 191.8, Avg: 191.8, Max: 191.8, Diff: 0.0, Sum: 767.2]
      [GC Worker End (ms): Min: 22808504.3, Avg: 22808504.3, Max: 22808504.3, Diff: 0.0]
   [Code Root Fixup: 0.0 ms]
   [Code Root Purge: 0.0 ms]
   [String Dedup Fixup: 2.0 ms, GC Workers: 4]
      [Queue Fixup (ms): Min: 0.0, Avg: 0.0, Max: 0.0, Diff: 0.0, Sum: 0.0]
      [Table Fixup (ms): Min: 2.0, Avg: 2.0, Max: 2.0, Diff: 0.0, Sum: 7.9]
   [Clear CT: 0.1 ms]
   [Other: 3.3 ms]
      [Choose CSet: 0.0 ms]
      [Ref Proc: 0.3 ms]
      [Ref Enq: 0.0 ms]
      [Redirty Cards: 0.6 ms]
      [Humongous Register: 0.3 ms]
      [Humongous Reclaim: 0.1 ms]
      [Free CSet: 0.7 ms]
   [Eden: 284.0M(284.0M)->0.0B(282.0M) Survivors: 28.0M->30.0M Heap: 2857.0M(6278.0M)->2581.3M(6278.0M)]
 [Times: user=0.73 sys=0.01, real=0.20 secs] 
2021-03-08T17:04:03.806+0800: 22808.510: Total time for which application threads were stopped: 0.2021763 seconds, Stopping threads took: 0.0004744 seconds
2021-03-08T17:04:03.806+0800: 22808.510: [GC concurrent-string-deduplication, 3016.0B->1320.0B(1696.0B), avg 63.2%, 0.0000499 secs]
   [Last Exec: 0.0000499 secs, Idle: 0.9141724 secs, Blocked: 0/0.0000000 secs]
      [Inspected:              58]
         [Skipped:              0(  0.0%)]
         [Hashed:              43( 74.1%)]
         [Known:                0(  0.0%)]
         [New:                 58(100.0%)   3016.0B]
      [Deduplicated:           43( 74.1%)   1696.0B( 56.2%)]
         [Young:                0(  0.0%)      0.0B(  0.0%)]
         [Old:                 43(100.0%)   1696.0B(100.0%)]
   [Total Exec: 2753/1.7555010 secs, Idle: 2753/22800.1487177 secs, Blocked: 36/6.0671595 secs]
      [Inspected:         2749187]
         [Skipped:              0(  0.0%)]
         [Hashed:         2133715( 77.6%)]
         [Known:            34947(  1.3%)]
         [New:            2714240( 98.7%)    148.7M]
      [Deduplicated:      2088565( 76.9%)     93.9M( 63.2%)]
         [Young:           880090( 42.1%)     41.6M( 44.3%)]
         [Old:            1208475( 57.9%)     52.3M( 55.7%)]
   [Table]
      [Memory Usage: 2605.5K]
      [Size: 65536, Min: 1024, Max: 16777216]
      [Entries: 89324, Load: 136.3%, Cached: 0, Added: 660128, Removed: 570804]
      [Resize Count: 6, Shrink Threshold: 43690(66.7%), Grow Threshold: 131072(200.0%)]
      [Rehash Count: 0, Rehash Threshold: 120, Hash Seed: 0x0]
      [Age Threshold: 3]
   [Queue]
      [Dropped: 0]
[GC concurrent-string-deduplication, deleted 0 entries, 0.0000008 secs]
2021-03-08T17:04:04.495+0800: 22809.199: [GC pause (G1 Evacuation Pause) (young), 0.1912887 secs]
   [Parallel Time: 183.8 ms, GC Workers: 4]
      [GC Worker Start (ms): Min: 22809200.0, Avg: 22809200.9, Max: 22809202.3, Diff: 2.2]
      [Ext Root Scanning (ms): Min: 4.2, Avg: 9.0, Max: 22.4, Diff: 18.1, Sum: 35.9]
      [Update RS (ms): Min: 14.7, Avg: 29.3, Max: 34.2, Diff: 19.5, Sum: 117.1]
         [Processed Buffers: Min: 25, Avg: 61.8, Max: 95, Diff: 70, Sum: 247]
      [Scan RS (ms): Min: 90.1, Avg: 90.1, Max: 90.1, Diff: 0.0, Sum: 360.4]
      [Code Root Scanning (ms): Min: 0.0, Avg: 0.0, Max: 0.0, Diff: 0.0, Sum: 0.0]
      [Object Copy (ms): Min: 54.3, Avg: 54.5, Max: 54.5, Diff: 0.3, Sum: 217.8]
      [Termination (ms): Min: 0.0, Avg: 0.0, Max: 0.1, Diff: 0.0, Sum: 0.2]
         [Termination Attempts: Min: 58, Avg: 63.8, Max: 72, Diff: 14, Sum: 255]
      [GC Worker Other (ms): Min: 0.0, Avg: 0.0, Max: 0.0, Diff: 0.0, Sum: 0.1]
      [GC Worker Total (ms): Min: 181.5, Avg: 182.9, Max: 183.8, Diff: 2.2, Sum: 731.5]
      [GC Worker End (ms): Min: 22809383.8, Avg: 22809383.8, Max: 22809383.8, Diff: 0.0]
   [Code Root Fixup: 0.0 ms]
   [Code Root Purge: 0.0 ms]
   [String Dedup Fixup: 2.5 ms, GC Workers: 4]
      [Queue Fixup (ms): Min: 0.0, Avg: 0.0, Max: 0.0, Diff: 0.0, Sum: 0.0]
      [Table Fixup (ms): Min: 1.8, Avg: 2.0, Max: 2.4, Diff: 0.6, Sum: 8.0]
   [Clear CT: 0.1 ms]
   [Other: 4.9 ms]
      [Choose CSet: 0.0 ms]
      [Ref Proc: 0.1 ms]
      [Ref Enq: 0.0 ms]
      [Redirty Cards: 0.7 ms]
      [Humongous Register: 0.2 ms]
      [Humongous Reclaim: 0.1 ms]
      [Free CSet: 2.3 ms]
   [Eden: 282.0M(282.0M)->0.0B(290.0M) Survivors: 30.0M->22.0M Heap: 2863.3M(6278.0M)->2589.6M(6278.0M)]
 [Times: user=0.72 sys=0.00, real=0.19 secs] 
2021-03-08T17:04:04.687+0800: 22809.391: Total time for which application threads were stopped: 0.1969660 seconds, Stopping threads took: 0.0010317 seconds
2021-03-08T17:04:04.687+0800: 22809.391: [GC concurrent-string-deduplication, 3904.0B->1760.0B(2144.0B), avg 63.2%, 0.0000720 secs]
   [Last Exec: 0.0000720 secs, Idle: 0.8812825 secs, Blocked: 0/0.0000000 secs]
      [Inspected:              72]
         [Skipped:              0(  0.0%)]
         [Hashed:              52( 72.2%)]
         [Known:                0(  0.0%)]
         [New:                 72(100.0%)   3904.0B]
      [Deduplicated:           52( 72.2%)   2144.0B( 54.9%)]
         [Young:                0(  0.0%)      0.0B(  0.0%)]
         [Old:                 52(100.0%)   2144.0B(100.0%)]
   [Total Exec: 2754/1.7555730 secs, Idle: 2754/22801.0300002 secs, Blocked: 36/6.0671595 secs]
      [Inspected:         2749259]
         [Skipped:              0(  0.0%)]
         [Hashed:         2133767( 77.6%)]
         [Known:            34947(  1.3%)]
         [New:            2714312( 98.7%)    148.7M]
      [Deduplicated:      2088617( 76.9%)     93.9M( 63.2%)]
         [Young:           880090( 42.1%)     41.6M( 44.3%)]
         [Old:            1208527( 57.9%)     52.3M( 55.7%)]
   [Table]
      [Memory Usage: 2606.0K]
      [Size: 65536, Min: 1024, Max: 16777216]
      [Entries: 89344, Load: 136.3%, Cached: 0, Added: 660148, Removed: 570804]
      [Resize Count: 6, Shrink Threshold: 43690(66.7%), Grow Threshold: 131072(200.0%)]
      [Rehash Count: 0, Rehash Threshold: 120, Hash Seed: 0x0]
      [Age Threshold: 3]
   [Queue]
      [Dropped: 0]
[GC concurrent-string-deduplication, deleted 0 entries, 0.0000006 secs]
2021-03-08T17:04:05.519+0800: 22810.223: [GC pause (G1 Evacuation Pause) (young), 0.1743394 secs]
   [Parallel Time: 168.5 ms, GC Workers: 4]
      [GC Worker Start (ms): Min: 22810224.2, Avg: 22810227.3, Max: 22810228.3, Diff: 4.2]
      [Ext Root Scanning (ms): Min: 3.2, Avg: 7.3, Max: 16.1, Diff: 12.9, Sum: 29.0]
      [Update RS (ms): Min: 18.7, Avg: 28.2, Max: 31.4, Diff: 12.7, Sum: 112.8]
         [Processed Buffers: Min: 37, Avg: 70.8, Max: 91, Diff: 54, Sum: 283]
      [Scan RS (ms): Min: 72.2, Avg: 73.4, Max: 76.8, Diff: 4.6, Sum: 293.4]
      [Code Root Scanning (ms): Min: 0.0, Avg: 0.0, Max: 0.0, Diff: 0.0, Sum: 0.0]
      [Object Copy (ms): Min: 52.8, Avg: 56.4, Max: 58.3, Diff: 5.4, Sum: 225.8]
      [Termination (ms): Min: 0.0, Avg: 0.0, Max: 0.0, Diff: 0.0, Sum: 0.0]
         [Termination Attempts: Min: 1, Avg: 3.8, Max: 6, Diff: 5, Sum: 15]
      [GC Worker Other (ms): Min: 0.0, Avg: 0.0, Max: 0.0, Diff: 0.0, Sum: 0.1]
      [GC Worker Total (ms): Min: 164.2, Avg: 165.3, Max: 168.4, Diff: 4.2, Sum: 661.1]
      [GC Worker End (ms): Min: 22810392.5, Avg: 22810392.5, Max: 22810392.6, Diff: 0.0]
   [Code Root Fixup: 0.0 ms]
   [Code Root Purge: 0.0 ms]
   [String Dedup Fixup: 2.1 ms, GC Workers: 4]
      [Queue Fixup (ms): Min: 0.0, Avg: 0.0, Max: 0.0, Diff: 0.0, Sum: 0.0]
      [Table Fixup (ms): Min: 2.0, Avg: 2.0, Max: 2.0, Diff: 0.1, Sum: 8.0]
   [Clear CT: 0.2 ms]
   [Other: 3.6 ms]
      [Choose CSet: 0.0 ms]
      [Ref Proc: 0.2 ms]
      [Ref Enq: 0.0 ms]
      [Redirty Cards: 1.0 ms]
      [Humongous Register: 0.2 ms]
      [Humongous Reclaim: 0.1 ms]
      [Free CSet: 0.7 ms]
   [Eden: 290.0M(290.0M)->0.0B(284.0M) Survivors: 22.0M->28.0M Heap: 2885.7M(6278.0M)->2605.5M(6278.0M)]
 [Times: user=0.55 sys=0.01, real=0.17 secs] 
2021-03-08T17:04:05.694+0800: 22810.399: Total time for which application threads were stopped: 0.1792022 seconds, Stopping threads took: 0.0004446 seconds
2021-03-08T17:04:05.694+0800: 22810.399: [GC concurrent-string-deduplication, 5736.0B->2640.0B(3096.0B), avg 63.2%, 0.0000832 secs]
   [Last Exec: 0.0000832 secs, Idle: 1.0071027 secs, Blocked: 0/0.0000000 secs]
      [Inspected:             107]
         [Skipped:              0(  0.0%)]
         [Hashed:              77( 72.0%)]
         [Known:                0(  0.0%)]
         [New:                107(100.0%)   5736.0B]
      [Deduplicated:           77( 72.0%)   3096.0B( 54.0%)]
         [Young:                0(  0.0%)      0.0B(  0.0%)]
         [Old:                 77(100.0%)   3096.0B(100.0%)]
   [Total Exec: 2755/1.7556562 secs, Idle: 2755/22802.0371028 secs, Blocked: 36/6.0671595 secs]
      [Inspected:         2749366]
         [Skipped:              0(  0.0%)]
         [Hashed:         2133844( 77.6%)]
         [Known:            34947(  1.3%)]
         [New:            2714419( 98.7%)    148.7M]
      [Deduplicated:      2088694( 76.9%)     93.9M( 63.2%)]
         [Young:           880090( 42.1%)     41.6M( 44.3%)]
         [Old:            1208604( 57.9%)     52.3M( 55.7%)]
   [Table]
      [Memory Usage: 2606.7K]
      [Size: 65536, Min: 1024, Max: 16777216]
      [Entries: 89374, Load: 136.4%, Cached: 0, Added: 660178, Removed: 570804]
      [Resize Count: 6, Shrink Threshold: 43690(66.7%), Grow Threshold: 131072(200.0%)]
      [Rehash Count: 0, Rehash Threshold: 120, Hash Seed: 0x0]
      [Age Threshold: 3]
   [Queue]
      [Dropped: 0]
[GC concurrent-string-deduplication, deleted 0 entries, 0.0000009 secs]
2021-03-08T17:04:06.414+0800: 22811.118: [GC pause (G1 Evacuation Pause) (young), 0.1308498 secs]
   [Parallel Time: 125.7 ms, GC Workers: 4]
      [GC Worker Start (ms): Min: 22811118.6, Avg: 22811119.5, Max: 22811120.3, Diff: 1.7]
      [Ext Root Scanning (ms): Min: 2.1, Avg: 2.9, Max: 3.7, Diff: 1.6, Sum: 11.8]
      [Update RS (ms): Min: 26.6, Avg: 26.7, Max: 26.8, Diff: 0.3, Sum: 107.0]
         [Processed Buffers: Min: 72, Avg: 76.8, Max: 83, Diff: 11, Sum: 307]
      [Scan RS (ms): Min: 53.4, Avg: 53.4, Max: 53.4, Diff: 0.0, Sum: 213.6]
      [Code Root Scanning (ms): Min: 0.0, Avg: 0.0, Max: 0.0, Diff: 0.0, Sum: 0.0]
      [Object Copy (ms): Min: 41.6, Avg: 41.7, Max: 41.8, Diff: 0.2, Sum: 166.9]
      [Termination (ms): Min: 0.0, Avg: 0.0, Max: 0.0, Diff: 0.0, Sum: 0.1]
         [Termination Attempts: Min: 31, Avg: 47.5, Max: 58, Diff: 27, Sum: 190]
      [GC Worker Other (ms): Min: 0.0, Avg: 0.0, Max: 0.0, Diff: 0.0, Sum: 0.1]
      [GC Worker Total (ms): Min: 124.0, Avg: 124.9, Max: 125.7, Diff: 1.7, Sum: 499.4]
      [GC Worker End (ms): Min: 22811244.3, Avg: 22811244.3, Max: 22811244.3, Diff: 0.0]
   [Code Root Fixup: 0.0 ms]
   [Code Root Purge: 0.0 ms]
   [String Dedup Fixup: 2.1 ms, GC Workers: 4]
      [Queue Fixup (ms): Min: 0.0, Avg: 0.0, Max: 0.0, Diff: 0.0, Sum: 0.0]
      [Table Fixup (ms): Min: 2.0, Avg: 2.0, Max: 2.0, Diff: 0.1, Sum: 8.0]
   [Clear CT: 0.1 ms]
   [Other: 2.9 ms]
      [Choose CSet: 0.0 ms]
      [Ref Proc: 0.1 ms]
      [Ref Enq: 0.0 ms]
      [Redirty Cards: 0.4 ms]
      [Humongous Register: 0.3 ms]
      [Humongous Reclaim: 0.1 ms]
      [Free CSet: 0.7 ms]
   [Eden: 284.0M(284.0M)->0.0B(288.0M) Survivors: 28.0M->24.0M Heap: 2899.0M(6278.0M)->2609.8M(6278.0M)]
 [Times: user=0.50 sys=0.01, real=0.14 secs] 
2021-03-08T17:04:06.545+0800: 22811.250: Total time for which application threads were stopped: 0.1356738 seconds, Stopping threads took: 0.0004212 seconds
2021-03-08T17:04:06.545+0800: 22811.250: [GC concurrent-string-deduplication, 4800.0B->2288.0B(2512.0B), avg 63.2%, 0.0000679 secs]
   [Last Exec: 0.0000679 secs, Idle: 0.8508262 secs, Blocked: 0/0.0000000 secs]
      [Inspected:              89]
         [Skipped:              0(  0.0%)]
         [Hashed:              63( 70.8%)]
         [Known:                0(  0.0%)]
         [New:                 89(100.0%)   4800.0B]
      [Deduplicated:           63( 70.8%)   2512.0B( 52.3%)]
         [Young:                0(  0.0%)      0.0B(  0.0%)]
         [Old:                 63(100.0%)   2512.0B(100.0%)]
   [Total Exec: 2756/1.7557241 secs, Idle: 2756/22802.8879290 secs, Blocked: 36/6.0671595 secs]
      [Inspected:         2749455]
         [Skipped:              0(  0.0%)]
         [Hashed:         2133907( 77.6%)]
         [Known:            34947(  1.3%)]
         [New:            2714508( 98.7%)    148.7M]
      [Deduplicated:      2088757( 76.9%)     93.9M( 63.2%)]
         [Young:           880090( 42.1%)     41.6M( 44.3%)]
         [Old:            1208667( 57.9%)     52.3M( 55.7%)]
   [Table]
      [Memory Usage: 2607.3K]
      [Size: 65536, Min: 1024, Max: 16777216]
      [Entries: 89400, Load: 136.4%, Cached: 0, Added: 660204, Removed: 570804]
      [Resize Count: 6, Shrink Threshold: 43690(66.7%), Grow Threshold: 131072(200.0%)]
      [Rehash Count: 0, Rehash Threshold: 120, Hash Seed: 0x0]
      [Age Threshold: 3]
   [Queue]
      [Dropped: 0]
[GC concurrent-string-deduplication, deleted 0 entries, 0.0000009 secs]
2021-03-08T17:04:07.058+0800: 22811.763: [GC pause (G1 Evacuation Pause) (young), 0.1726581 secs]
   [Parallel Time: 166.2 ms, GC Workers: 4]
      [GC Worker Start (ms): Min: 22811763.2, Avg: 22811765.9, Max: 22811772.2, Diff: 9.0]
      [Ext Root Scanning (ms): Min: 0.4, Avg: 15.6, Max: 29.7, Diff: 29.3, Sum: 62.3]
      [Update RS (ms): Min: 53.4, Avg: 65.6, Max: 74.1, Diff: 20.7, Sum: 262.5]
         [Processed Buffers: Min: 42, Avg: 85.0, Max: 148, Diff: 106, Sum: 340]
      [Scan RS (ms): Min: 31.8, Avg: 35.1, Max: 40.6, Diff: 8.8, Sum: 140.3]
      [Code Root Scanning (ms): Min: 0.0, Avg: 0.0, Max: 0.0, Diff: 0.0, Sum: 0.0]
      [Object Copy (ms): Min: 41.8, Avg: 47.0, Max: 49.4, Diff: 7.5, Sum: 188.0]
      [Termination (ms): Min: 0.0, Avg: 0.1, Max: 0.2, Diff: 0.2, Sum: 0.4]
         [Termination Attempts: Min: 1, Avg: 4.8, Max: 10, Diff: 9, Sum: 19]
      [GC Worker Other (ms): Min: 0.0, Avg: 0.0, Max: 0.0, Diff: 0.0, Sum: 0.1]
      [GC Worker Total (ms): Min: 157.1, Avg: 163.4, Max: 166.1, Diff: 9.0, Sum: 653.6]
      [GC Worker End (ms): Min: 22811929.3, Avg: 22811929.3, Max: 22811929.4, Diff: 0.0]
   [Code Root Fixup: 0.0 ms]
   [Code Root Purge: 0.0 ms]
   [String Dedup Fixup: 3.0 ms, GC Workers: 4]
      [Queue Fixup (ms): Min: 0.0, Avg: 0.0, Max: 0.0, Diff: 0.0, Sum: 0.0]
      [Table Fixup (ms): Min: 0.0, Avg: 2.1, Max: 2.9, Diff: 2.9, Sum: 8.5]
   [Clear CT: 0.4 ms]
   [Other: 3.2 ms]
      [Choose CSet: 0.0 ms]
      [Ref Proc: 0.1 ms]
      [Ref Enq: 0.0 ms]
      [Redirty Cards: 0.8 ms]
      [Humongous Register: 0.2 ms]
      [Humongous Reclaim: 0.1 ms]
      [Free CSet: 0.6 ms]
   [Eden: 288.0M(288.0M)->0.0B(296.0M) Survivors: 24.0M->16.0M Heap: 2897.8M(6278.0M)->2613.3M(6278.0M)]
 [Times: user=0.41 sys=0.03, real=0.17 secs] 
2021-03-08T17:04:07.232+0800: 22811.936: Total time for which application threads were stopped: 0.1774642 seconds, Stopping threads took: 0.0004564 seconds
2021-03-08T17:04:07.232+0800: 22811.936: [GC concurrent-string-deduplication, 6512.0B->2816.0B(3696.0B), avg 63.2%, 0.0000862 secs]
   [Last Exec: 0.0000862 secs, Idle: 0.6863063 secs, Blocked: 0/0.0000000 secs]
      [Inspected:             126]
         [Skipped:              0(  0.0%)]
         [Hashed:              94( 74.6%)]
         [Known:                0(  0.0%)]
         [New:                126(100.0%)   6512.0B]
      [Deduplicated:           94( 74.6%)   3696.0B( 56.8%)]
         [Young:                0(  0.0%)      0.0B(  0.0%)]
         [Old:                 94(100.0%)   3696.0B(100.0%)]
   [Total Exec: 2757/1.7558103 secs, Idle: 2757/22803.5742353 secs, Blocked: 36/6.0671595 secs]
      [Inspected:         2749581]
         [Skipped:              0(  0.0%)]
         [Hashed:         2134001( 77.6%)]
         [Known:            34947(  1.3%)]
         [New:            2714634( 98.7%)    148.7M]
      [Deduplicated:      2088851( 76.9%)     93.9M( 63.2%)]
         [Young:           880090( 42.1%)     41.6M( 44.3%)]
         [Old:            1208761( 57.9%)     52.3M( 55.7%)]
   [Table]
      [Memory Usage: 2608.1K]
      [Size: 65536, Min: 1024, Max: 16777216]
      [Entries: 89432, Load: 136.5%, Cached: 0, Added: 660236, Removed: 570804]
      [Resize Count: 6, Shrink Threshold: 43690(66.7%), Grow Threshold: 131072(200.0%)]
      [Rehash Count: 0, Rehash Threshold: 120, Hash Seed: 0x0]
      [Age Threshold: 3]
   [Queue]
      [Dropped: 0]
[GC concurrent-string-deduplication, deleted 0 entries, 0.0000007 secs]
2021-03-08T17:04:07.825+0800: 22812.529: [GC pause (G1 Evacuation Pause) (young), 0.1103185 secs]
   [Parallel Time: 104.3 ms, GC Workers: 4]
      [GC Worker Start (ms): Min: 22812529.9, Avg: 22812529.9, Max: 22812529.9, Diff: 0.0]
      [Ext Root Scanning (ms): Min: 4.6, Avg: 4.8, Max: 5.2, Diff: 0.7, Sum: 19.1]
      [Update RS (ms): Min: 46.2, Avg: 46.5, Max: 46.7, Diff: 0.5, Sum: 186.1]
         [Processed Buffers: Min: 67, Avg: 81.8, Max: 99, Diff: 32, Sum: 327]
      [Scan RS (ms): Min: 24.7, Avg: 24.7, Max: 24.8, Diff: 0.1, Sum: 98.9]
      [Code Root Scanning (ms): Min: 0.0, Avg: 0.0, Max: 0.0, Diff: 0.0, Sum: 0.0]
      [Object Copy (ms): Min: 28.0, Avg: 28.1, Max: 28.2, Diff: 0.2, Sum: 112.5]
      [Termination (ms): Min: 0.0, Avg: 0.0, Max: 0.0, Diff: 0.0, Sum: 0.1]
         [Termination Attempts: Min: 21, Avg: 25.5, Max: 31, Diff: 10, Sum: 102]
      [GC Worker Other (ms): Min: 0.0, Avg: 0.0, Max: 0.1, Diff: 0.0, Sum: 0.1]
      [GC Worker Total (ms): Min: 104.2, Avg: 104.2, Max: 104.2, Diff: 0.0, Sum: 416.8]
      [GC Worker End (ms): Min: 22812634.1, Avg: 22812634.1, Max: 22812634.1, Diff: 0.0]
   [Code Root Fixup: 0.0 ms]
   [Code Root Purge: 0.0 ms]
   [String Dedup Fixup: 2.4 ms, GC Workers: 4]
      [Queue Fixup (ms): Min: 0.0, Avg: 0.0, Max: 0.0, Diff: 0.0, Sum: 0.0]
      [Table Fixup (ms): Min: 2.1, Avg: 2.1, Max: 2.1, Diff: 0.0, Sum: 8.5]
   [Clear CT: 0.3 ms]
   [Other: 3.3 ms]
      [Choose CSet: 0.0 ms]
      [Ref Proc: 0.2 ms]
      [Ref Enq: 0.0 ms]
      [Redirty Cards: 0.3 ms]
      [Humongous Register: 0.3 ms]
      [Humongous Reclaim: 0.1 ms]
      [Free CSet: 0.6 ms]
   [Eden: 296.0M(296.0M)->0.0B(292.0M) Survivors: 16.0M->20.0M Heap: 2914.4M(6278.0M)->2617.8M(6278.0M)]
 [Times: user=0.36 sys=0.04, real=0.11 secs] 
2021-03-08T17:04:07.936+0800: 22812.640: Total time for which application threads were stopped: 0.1154773 seconds, Stopping threads took: 0.0004219 seconds
2021-03-08T17:04:07.936+0800: 22812.641: [GC concurrent-string-deduplication, 3792.0B->1936.0B(1856.0B), avg 63.2%, 0.0000463 secs]
   [Last Exec: 0.0000463 secs, Idle: 0.7043086 secs, Blocked: 0/0.0000000 secs]
      [Inspected:              66]
         [Skipped:              0(  0.0%)]
         [Hashed:              44( 66.7%)]
         [Known:                0(  0.0%)]
         [New:                 66(100.0%)   3792.0B]
      [Deduplicated:           44( 66.7%)   1856.0B( 48.9%)]
         [Young:               44(100.0%)   1856.0B(100.0%)]
         [Old:                  0(  0.0%)      0.0B(  0.0%)]
   [Total Exec: 2758/1.7558566 secs, Idle: 2758/22804.2785439 secs, Blocked: 36/6.0671595 secs]
      [Inspected:         2749647]
         [Skipped:              0(  0.0%)]
         [Hashed:         2134045( 77.6%)]
         [Known:            34947(  1.3%)]
         [New:            2714700( 98.7%)    148.7M]
      [Deduplicated:      2088895( 76.9%)     93.9M( 63.2%)]
         [Young:           880134( 42.1%)     41.6M( 44.3%)]
         [Old:            1208761( 57.9%)     52.3M( 55.7%)]
   [Table]
      [Memory Usage: 2608.6K]
      [Size: 65536, Min: 1024, Max: 16777216]
      [Entries: 89454, Load: 136.5%, Cached: 0, Added: 660258, Removed: 570804]
      [Resize Count: 6, Shrink Threshold: 43690(66.7%), Grow Threshold: 131072(200.0%)]
      [Rehash Count: 0, Rehash Threshold: 120, Hash Seed: 0x0]
      [Age Threshold: 3]
   [Queue]
      [Dropped: 0]
[GC concurrent-string-deduplication, deleted 0 entries, 0.0000005 secs]
2021-03-08T17:04:08.437+0800: 22813.142: [GC pause (G1 Evacuation Pause) (young), 0.1575603 secs]
   [Parallel Time: 134.3 ms, GC Workers: 4]
      [GC Worker Start (ms): Min: 22813143.4, Avg: 22813147.1, Max: 22813156.3, Diff: 12.8]
      [Ext Root Scanning (ms): Min: 0.2, Avg: 7.5, Max: 14.6, Diff: 14.4, Sum: 29.9]
      [Update RS (ms): Min: 40.7, Avg: 48.6, Max: 55.0, Diff: 14.3, Sum: 194.3]
         [Processed Buffers: Min: 36, Avg: 72.0, Max: 101, Diff: 65, Sum: 288]
      [Scan RS (ms): Min: 20.7, Avg: 29.9, Max: 35.8, Diff: 15.1, Sum: 119.5]
      [Code Root Scanning (ms): Min: 0.0, Avg: 0.0, Max: 0.0, Diff: 0.0, Sum: 0.0]
      [Object Copy (ms): Min: 38.8, Avg: 41.7, Max: 42.8, Diff: 4.0, Sum: 167.0]
      [Termination (ms): Min: 0.0, Avg: 0.1, Max: 0.1, Diff: 0.1, Sum: 0.4]
         [Termination Attempts: Min: 1, Avg: 2.8, Max: 6, Diff: 5, Sum: 11]
      [GC Worker Other (ms): Min: 0.0, Avg: 0.0, Max: 0.0, Diff: 0.0, Sum: 0.1]
      [GC Worker Total (ms): Min: 118.6, Avg: 127.8, Max: 131.4, Diff: 12.8, Sum: 511.2]
      [GC Worker End (ms): Min: 22813274.9, Avg: 22813274.9, Max: 22813274.9, Diff: 0.0]
   [Code Root Fixup: 0.0 ms]
   [Code Root Purge: 0.0 ms]
   [String Dedup Fixup: 9.3 ms, GC Workers: 4]
      [Queue Fixup (ms): Min: 0.0, Avg: 0.0, Max: 0.0, Diff: 0.0, Sum: 0.0]
      [Table Fixup (ms): Min: 2.0, Avg: 4.4, Max: 6.8, Diff: 4.8, Sum: 17.7]
   [Clear CT: 0.2 ms]
   [Other: 13.7 ms]
      [Choose CSet: 0.0 ms]
      [Ref Proc: 8.7 ms]
      [Ref Enq: 0.0 ms]
      [Redirty Cards: 0.4 ms]
      [Humongous Register: 0.4 ms]
      [Humongous Reclaim: 0.2 ms]
      [Free CSet: 0.9 ms]
   [Eden: 292.0M(292.0M)->0.0B(288.0M) Survivors: 20.0M->24.0M Heap: 2909.8M(6278.0M)->2622.6M(6278.0M)]
 [Times: user=0.39 sys=0.00, real=0.16 secs] 
2021-03-08T17:04:08.596+0800: 22813.300: Total time for which application threads were stopped: 0.1633397 seconds, Stopping threads took: 0.0004360 seconds
2021-03-08T17:04:08.596+0800: 22813.300: [GC concurrent-string-deduplication, 5656.0B->3960.0B(1696.0B), avg 63.2%, 0.0000760 secs]
   [Last Exec: 0.0000760 secs, Idle: 0.6596664 secs, Blocked: 0/0.0000000 secs]
      [Inspected:              85]
         [Skipped:              0(  0.0%)]
         [Hashed:              40( 47.1%)]
         [Known:                0(  0.0%)]
         [New:                 85(100.0%)   5656.0B]
      [Deduplicated:           40( 47.1%)   1696.0B( 30.0%)]
         [Young:               40(100.0%)   1696.0B(100.0%)]
         [Old:                  0(  0.0%)      0.0B(  0.0%)]
   [Total Exec: 2759/1.7559326 secs, Idle: 2759/22804.9382102 secs, Blocked: 36/6.0671595 secs]
      [Inspected:         2749732]
         [Skipped:              0(  0.0%)]
         [Hashed:         2134085( 77.6%)]
         [Known:            34947(  1.3%)]
         [New:            2714785( 98.7%)    148.7M]
      [Deduplicated:      2088935( 76.9%)     93.9M( 63.2%)]
         [Young:           880174( 42.1%)     41.6M( 44.3%)]
         [Old:            1208761( 57.9%)     52.3M( 55.7%)]
   [Table]
      [Memory Usage: 2609.6K]
      [Size: 65536, Min: 1024, Max: 16777216]
      [Entries: 89499, Load: 136.6%, Cached: 0, Added: 660303, Removed: 570804]
      [Resize Count: 6, Shrink Threshold: 43690(66.7%), Grow Threshold: 131072(200.0%)]
      [Rehash Count: 0, Rehash Threshold: 120, Hash Seed: 0x0]
      [Age Threshold: 3]
   [Queue]
      [Dropped: 0]
[GC concurrent-string-deduplication, deleted 0 entries, 0.0000008 secs]
2021-03-08T17:04:09.539+0800: 22814.244: [GC pause (G1 Evacuation Pause) (young), 0.1397661 secs]
   [Parallel Time: 131.8 ms, GC Workers: 4]
      [GC Worker Start (ms): Min: 22814244.2, Avg: 22814246.2, Max: 22814250.3, Diff: 6.0]
      [Ext Root Scanning (ms): Min: 4.7, Avg: 11.7, Max: 15.7, Diff: 11.0, Sum: 46.6]
      [Update RS (ms): Min: 20.6, Avg: 24.7, Max: 27.4, Diff: 6.9, Sum: 98.9]
         [Processed Buffers: Min: 51, Avg: 60.0, Max: 66, Diff: 15, Sum: 240]
      [Scan RS (ms): Min: 52.7, Avg: 52.7, Max: 52.8, Diff: 0.1, Sum: 210.9]
      [Code Root Scanning (ms): Min: 0.0, Avg: 0.0, Max: 0.0, Diff: 0.0, Sum: 0.0]
      [Object Copy (ms): Min: 40.4, Avg: 40.6, Max: 40.9, Diff: 0.4, Sum: 162.5]
      [Termination (ms): Min: 0.0, Avg: 0.0, Max: 0.0, Diff: 0.0, Sum: 0.0]
         [Termination Attempts: Min: 1, Avg: 1.0, Max: 1, Diff: 0, Sum: 4]
      [GC Worker Other (ms): Min: 0.0, Avg: 0.0, Max: 0.0, Diff: 0.0, Sum: 0.1]
      [GC Worker Total (ms): Min: 125.8, Avg: 129.8, Max: 131.8, Diff: 6.0, Sum: 519.0]
      [GC Worker End (ms): Min: 22814376.0, Avg: 22814376.0, Max: 22814376.0, Diff: 0.0]
   [Code Root Fixup: 0.0 ms]
   [Code Root Purge: 0.0 ms]
   [String Dedup Fixup: 4.8 ms, GC Workers: 4]
      [Queue Fixup (ms): Min: 0.0, Avg: 0.0, Max: 0.0, Diff: 0.0, Sum: 0.0]
      [Table Fixup (ms): Min: 0.0, Avg: 2.4, Max: 4.8, Diff: 4.8, Sum: 9.5]
   [Clear CT: 0.2 ms]
   [Other: 2.9 ms]
      [Choose CSet: 0.0 ms]
      [Ref Proc: 0.1 ms]
      [Ref Enq: 0.0 ms]
      [Redirty Cards: 0.5 ms]
      [Humongous Register: 0.3 ms]
      [Humongous Reclaim: 0.1 ms]
      [Free CSet: 0.7 ms]
   [Eden: 288.0M(288.0M)->0.0B(418.0M) Survivors: 24.0M->24.0M Heap: 2915.3M(6278.0M)->2628.2M(6278.0M)]
 [Times: user=0.48 sys=0.02, real=0.14 secs] 
2021-03-08T17:04:09.680+0800: 22814.384: Total time for which application threads were stopped: 0.1464768 seconds, Stopping threads took: 0.0007226 seconds
2021-03-08T17:04:09.680+0800: 22814.384: [GC concurrent-string-deduplication, 9112.0B->2776.0B(6336.0B), avg 63.2%, 0.0002263 secs]
   [Last Exec: 0.0002263 secs, Idle: 1.0836220 secs, Blocked: 0/0.0000000 secs]
      [Inspected:             145]
         [Skipped:              0(  0.0%)]
         [Hashed:             115( 79.3%)]
         [Known:                0(  0.0%)]
         [New:                145(100.0%)   9112.0B]
      [Deduplicated:          114( 78.6%)   6336.0B( 69.5%)]
         [Young:              114(100.0%)   6336.0B(100.0%)]
         [Old:                  0(  0.0%)      0.0B(  0.0%)]
   [Total Exec: 2760/1.7561588 secs, Idle: 2760/22806.0218322 secs, Blocked: 36/6.0671595 secs]
      [Inspected:         2749877]
         [Skipped:              0(  0.0%)]
         [Hashed:         2134200( 77.6%)]
         [Known:            34947(  1.3%)]
         [New:            2714930( 98.7%)    148.7M]
      [Deduplicated:      2089049( 76.9%)     93.9M( 63.2%)]
         [Young:           880288( 42.1%)     41.6M( 44.3%)]
         [Old:            1208761( 57.9%)     52.3M( 55.7%)]
   [Table]
      [Memory Usage: 2610.4K]
      [Size: 65536, Min: 1024, Max: 16777216]
      [Entries: 89530, Load: 136.6%, Cached: 0, Added: 660334, Removed: 570804]
      [Resize Count: 6, Shrink Threshold: 43690(66.7%), Grow Threshold: 131072(200.0%)]
      [Rehash Count: 0, Rehash Threshold: 120, Hash Seed: 0x0]
      [Age Threshold: 3]
   [Queue]
      [Dropped: 0]
[GC concurrent-string-deduplication, deleted 0 entries, 0.0000009 secs]
2021-03-08T17:04:12.136+0800: 22816.841: [GC pause (G1 Evacuation Pause) (young), 0.1632724 secs]
   [Parallel Time: 152.7 ms, GC Workers: 4]
      [GC Worker Start (ms): Min: 22816844.5, Avg: 22816846.6, Max: 22816848.7, Diff: 4.3]
      [Ext Root Scanning (ms): Min: 6.8, Avg: 9.5, Max: 12.0, Diff: 5.2, Sum: 38.0]
      [Update RS (ms): Min: 37.7, Avg: 46.9, Max: 50.0, Diff: 12.4, Sum: 187.5]
         [Processed Buffers: Min: 57, Avg: 79.0, Max: 104, Diff: 47, Sum: 316]
      [Scan RS (ms): Min: 40.2, Avg: 40.3, Max: 40.4, Diff: 0.2, Sum: 161.3]
      [Code Root Scanning (ms): Min: 0.0, Avg: 0.0, Max: 0.0, Diff: 0.0, Sum: 0.0]
      [Object Copy (ms): Min: 48.9, Avg: 52.4, Max: 62.2, Diff: 13.3, Sum: 209.7]
      [Termination (ms): Min: 0.0, Avg: 0.2, Max: 0.3, Diff: 0.3, Sum: 0.7]
         [Termination Attempts: Min: 1, Avg: 1.0, Max: 1, Diff: 0, Sum: 4]
      [GC Worker Other (ms): Min: 0.0, Avg: 0.0, Max: 0.0, Diff: 0.0, Sum: 0.1]
      [GC Worker Total (ms): Min: 147.2, Avg: 149.3, Max: 151.5, Diff: 4.3, Sum: 597.3]
      [GC Worker End (ms): Min: 22816995.9, Avg: 22816995.9, Max: 22816995.9, Diff: 0.0]
   [Code Root Fixup: 0.0 ms]
   [Code Root Purge: 0.0 ms]
   [String Dedup Fixup: 3.5 ms, GC Workers: 4]
      [Queue Fixup (ms): Min: 0.0, Avg: 0.0, Max: 0.0, Diff: 0.0, Sum: 0.0]
      [Table Fixup (ms): Min: 3.4, Avg: 3.4, Max: 3.5, Diff: 0.1, Sum: 13.7]
   [Clear CT: 0.4 ms]
   [Other: 6.7 ms]
      [Choose CSet: 0.0 ms]
      [Ref Proc: 0.2 ms]
      [Ref Enq: 0.0 ms]
      [Redirty Cards: 0.4 ms]
      [Humongous Register: 3.1 ms]
      [Humongous Reclaim: 0.1 ms]
      [Free CSet: 1.2 ms]
   [Eden: 418.0M(418.0M)->0.0B(520.0M) Survivors: 24.0M->28.0M Heap: 3047.3M(6278.0M)->2632.8M(6278.0M)]
 [Times: user=0.48 sys=0.05, real=0.16 secs] 
2021-03-08T17:04:12.300+0800: 22817.005: Total time for which application threads were stopped: 0.1732068 seconds, Stopping threads took: 0.0023235 seconds
2021-03-08T17:04:12.303+0800: 22817.007: [GC concurrent-string-deduplication, 7744.0B->3872.0B(3872.0B), avg 63.2%, 0.0001350 secs]
   [Last Exec: 0.0001350 secs, Idle: 2.6224058 secs, Blocked: 0/0.0000000 secs]
      [Inspected:             149]
         [Skipped:              0(  0.0%)]
         [Hashed:             105( 70.5%)]
         [Known:                0(  0.0%)]
         [New:                149(100.0%)   7744.0B]
      [Deduplicated:          105( 70.5%)   3872.0B( 50.0%)]
         [Young:              105(100.0%)   3872.0B(100.0%)]
         [Old:                  0(  0.0%)      0.0B(  0.0%)]
   [Total Exec: 2761/1.7562938 secs, Idle: 2761/22808.6442380 secs, Blocked: 36/6.0671595 secs]
      [Inspected:         2750026]
         [Skipped:              0(  0.0%)]
         [Hashed:         2134305( 77.6%)]
         [Known:            34947(  1.3%)]
         [New:            2715079( 98.7%)    148.7M]
      [Deduplicated:      2089154( 76.9%)     93.9M( 63.2%)]
         [Young:           880393( 42.1%)     41.6M( 44.3%)]
         [Old:            1208761( 57.9%)     52.3M( 55.7%)]
   [Table]
      [Memory Usage: 2611.4K]
      [Size: 65536, Min: 1024, Max: 16777216]
      [Entries: 89574, Load: 136.7%, Cached: 0, Added: 660378, Removed: 570804]
      [Resize Count: 6, Shrink Threshold: 43690(66.7%), Grow Threshold: 131072(200.0%)]
      [Rehash Count: 0, Rehash Threshold: 120, Hash Seed: 0x0]
      [Age Threshold: 3]
   [Queue]
      [Dropped: 0]
[GC concurrent-string-deduplication, deleted 0 entries, 0.0000008 secs]
2021-03-08T17:04:12.610+0800: 22817.315: Total time for which application threads were stopped: 0.0042433 seconds, Stopping threads took: 0.0005142 seconds
2021-03-08T17:04:12.615+0800: 22817.320: Total time for which application threads were stopped: 0.0047861 seconds, Stopping threads took: 0.0005723 seconds
2021-03-08T17:04:12.626+0800: 22817.330: Total time for which application threads were stopped: 0.0091838 seconds, Stopping threads took: 0.0053317 seconds
2021-03-08T17:04:13.810+0800: 22818.514: [GC pause (G1 Evacuation Pause) (young), 0.1804893 secs]
   [Parallel Time: 169.8 ms, GC Workers: 4]
      [GC Worker Start (ms): Min: 22818514.9, Avg: 22818515.8, Max: 22818518.3, Diff: 3.4]
      [Ext Root Scanning (ms): Min: 0.9, Avg: 3.4, Max: 4.4, Diff: 3.5, Sum: 13.6]
      [Update RS (ms): Min: 36.9, Avg: 37.0, Max: 37.2, Diff: 0.4, Sum: 148.2]
         [Processed Buffers: Min: 44, Avg: 57.5, Max: 77, Diff: 33, Sum: 230]
      [Scan RS (ms): Min: 63.9, Avg: 64.6, Max: 66.1, Diff: 2.2, Sum: 258.4]
      [Code Root Scanning (ms): Min: 0.0, Avg: 0.0, Max: 0.0, Diff: 0.0, Sum: 0.0]
      [Object Copy (ms): Min: 61.0, Avg: 62.6, Max: 63.5, Diff: 2.5, Sum: 250.3]
      [Termination (ms): Min: 0.1, Avg: 0.6, Max: 0.8, Diff: 0.7, Sum: 2.5]
         [Termination Attempts: Min: 109, Avg: 138.2, Max: 160, Diff: 51, Sum: 553]
      [GC Worker Other (ms): Min: 0.0, Avg: 0.1, Max: 0.3, Diff: 0.3, Sum: 0.4]
      [GC Worker Total (ms): Min: 165.7, Avg: 168.3, Max: 169.4, Diff: 3.7, Sum: 673.3]
      [GC Worker End (ms): Min: 22818684.0, Avg: 22818684.1, Max: 22818684.3, Diff: 0.3]
   [Code Root Fixup: 0.0 ms]
   [Code Root Purge: 0.0 ms]
   [String Dedup Fixup: 3.1 ms, GC Workers: 4]
      [Queue Fixup (ms): Min: 0.0, Avg: 0.0, Max: 0.0, Diff: 0.0, Sum: 0.0]
      [Table Fixup (ms): Min: 2.0, Avg: 2.0, Max: 2.1, Diff: 0.1, Sum: 8.2]
   [Clear CT: 0.2 ms]
   [Other: 7.4 ms]
      [Choose CSet: 0.0 ms]
      [Ref Proc: 4.1 ms]
      [Ref Enq: 0.0 ms]
      [Redirty Cards: 0.4 ms]
      [Humongous Register: 0.3 ms]
      [Humongous Reclaim: 0.1 ms]
      [Free CSet: 0.9 ms]
   [Eden: 414.0M(284.0M)->0.0B(600.0M) Survivors: 28.0M->28.0M Heap: 3047.8M(6278.0M)->2640.1M(6278.0M)]
 [Times: user=0.60 sys=0.04, real=0.18 secs] 
2021-03-08T17:04:13.991+0800: 22818.695: Total time for which application threads were stopped: 0.1855583 seconds, Stopping threads took: 0.0004178 seconds
2021-03-08T17:04:13.991+0800: 22818.696: [GC concurrent-string-deduplication, 3808.0B->2024.0B(1784.0B), avg 63.2%, 0.0000612 secs]
   [Last Exec: 0.0000612 secs, Idle: 1.6885739 secs, Blocked: 0/0.0000000 secs]
      [Inspected:              66]
         [Skipped:              0(  0.0%)]
         [Hashed:              43( 65.2%)]
         [Known:                0(  0.0%)]
         [New:                 66(100.0%)   3808.0B]
      [Deduplicated:           43( 65.2%)   1784.0B( 46.8%)]
         [Young:               43(100.0%)   1784.0B(100.0%)]
         [Old:                  0(  0.0%)      0.0B(  0.0%)]
   [Total Exec: 2762/1.7563550 secs, Idle: 2762/22810.3328119 secs, Blocked: 36/6.0671595 secs]
      [Inspected:         2750092]
         [Skipped:              0(  0.0%)]
         [Hashed:         2134348( 77.6%)]
         [Known:            34947(  1.3%)]
         [New:            2715145( 98.7%)    148.7M]
      [Deduplicated:      2089197( 76.9%)     93.9M( 63.2%)]
         [Young:           880436( 42.1%)     41.6M( 44.3%)]
         [Old:            1208761( 57.9%)     52.3M( 55.7%)]
   [Table]
      [Memory Usage: 2611.9K]
      [Size: 65536, Min: 1024, Max: 16777216]
      [Entries: 89597, Load: 136.7%, Cached: 0, Added: 660401, Removed: 570804]
      [Resize Count: 6, Shrink Threshold: 43690(66.7%), Grow Threshold: 131072(200.0%)]
      [Rehash Count: 0, Rehash Threshold: 120, Hash Seed: 0x0]
      [Age Threshold: 3]
   [Queue]
      [Dropped: 0]
[GC concurrent-string-deduplication, deleted 0 entries, 0.0000009 secs]
2021-03-08T17:04:17.669+0800: 22822.373: [GC pause (G1 Evacuation Pause) (young), 0.1974697 secs]
   [Parallel Time: 186.8 ms, GC Workers: 4]
      [GC Worker Start (ms): Min: 22822376.2, Avg: 22822384.0, Max: 22822407.2, Diff: 31.0]
      [Ext Root Scanning (ms): Min: 0.2, Avg: 11.0, Max: 17.4, Diff: 17.2, Sum: 44.1]
      [Update RS (ms): Min: 38.8, Avg: 49.9, Max: 64.8, Diff: 25.9, Sum: 199.6]
         [Processed Buffers: Min: 46, Avg: 57.0, Max: 73, Diff: 27, Sum: 228]
      [Scan RS (ms): Min: 52.1, Avg: 60.1, Max: 64.7, Diff: 12.6, Sum: 240.4]
      [Code Root Scanning (ms): Min: 0.0, Avg: 0.0, Max: 0.0, Diff: 0.0, Sum: 0.0]
      [Object Copy (ms): Min: 57.0, Avg: 57.2, Max: 57.5, Diff: 0.5, Sum: 228.9]
      [Termination (ms): Min: 0.2, Avg: 0.2, Max: 0.3, Diff: 0.1, Sum: 0.8]
         [Termination Attempts: Min: 125, Avg: 165.8, Max: 213, Diff: 88, Sum: 663]
      [GC Worker Other (ms): Min: 0.0, Avg: 0.0, Max: 0.1, Diff: 0.0, Sum: 0.2]
      [GC Worker Total (ms): Min: 155.3, Avg: 178.5, Max: 186.3, Diff: 31.0, Sum: 714.0]
      [GC Worker End (ms): Min: 22822562.5, Avg: 22822562.5, Max: 22822562.6, Diff: 0.0]
   [Code Root Fixup: 0.0 ms]
   [Code Root Purge: 0.0 ms]
   [String Dedup Fixup: 3.4 ms, GC Workers: 4]
      [Queue Fixup (ms): Min: 0.0, Avg: 0.0, Max: 0.0, Diff: 0.0, Sum: 0.0]
      [Table Fixup (ms): Min: 3.3, Avg: 3.3, Max: 3.4, Diff: 0.1, Sum: 13.3]
   [Clear CT: 0.2 ms]
   [Other: 7.0 ms]
      [Choose CSet: 0.0 ms]
      [Ref Proc: 1.7 ms]
      [Ref Enq: 0.0 ms]
      [Redirty Cards: 0.5 ms]
      [Humongous Register: 1.9 ms]
      [Humongous Reclaim: 0.1 ms]
      [Free CSet: 1.4 ms]
   [Eden: 600.0M(600.0M)->0.0B(560.0M) Survivors: 28.0M->38.0M Heap: 3245.7M(6278.0M)->2650.6M(6278.0M)]
 [Times: user=0.52 sys=0.06, real=0.20 secs] 
2021-03-08T17:04:17.867+0800: 22822.572: Total time for which application threads were stopped: 0.2217275 seconds, Stopping threads took: 0.0124827 seconds
2021-03-08T17:04:17.868+0800: 22822.572: [GC concurrent-string-deduplication, 5320.0B->2376.0B(2944.0B), avg 63.2%, 0.0001080 secs]
   [Last Exec: 0.0001080 secs, Idle: 3.8759553 secs, Blocked: 0/0.0000000 secs]
      [Inspected:              98]
         [Skipped:              0(  0.0%)]
         [Hashed:              71( 72.4%)]
         [Known:                0(  0.0%)]
         [New:                 98(100.0%)   5320.0B]
      [Deduplicated:           71( 72.4%)   2944.0B( 55.3%)]
         [Young:               71(100.0%)   2944.0B(100.0%)]
         [Old:                  0(  0.0%)      0.0B(  0.0%)]
   [Total Exec: 2763/1.7564630 secs, Idle: 2763/22814.2087672 secs, Blocked: 36/6.0671595 secs]
      [Inspected:         2750190]
         [Skipped:              0(  0.0%)]
         [Hashed:         2134419( 77.6%)]
         [Known:            34947(  1.3%)]
         [New:            2715243( 98.7%)    148.7M]
      [Deduplicated:      2089268( 76.9%)     93.9M( 63.2%)]
         [Young:           880507( 42.1%)     41.6M( 44.3%)]
         [Old:            1208761( 57.9%)     52.3M( 55.7%)]
   [Table]
      [Memory Usage: 2612.6K]
      [Size: 65536, Min: 1024, Max: 16777216]
      [Entries: 89624, Load: 136.8%, Cached: 0, Added: 660428, Removed: 570804]
      [Resize Count: 6, Shrink Threshold: 43690(66.7%), Grow Threshold: 131072(200.0%)]
      [Rehash Count: 0, Rehash Threshold: 120, Hash Seed: 0x0]
      [Age Threshold: 3]
   [Queue]
      [Dropped: 0]
[GC concurrent-string-deduplication, deleted 0 entries, 0.0000008 secs]
2021-03-08T17:04:20.748+0800: 22825.452: [GC pause (G1 Evacuation Pause) (young), 0.1456003 secs]
   [Parallel Time: 135.8 ms, GC Workers: 4]
      [GC Worker Start (ms): Min: 22825455.2, Avg: 22825455.3, Max: 22825455.3, Diff: 0.1]
      [Ext Root Scanning (ms): Min: 6.3, Avg: 6.5, Max: 6.7, Diff: 0.3, Sum: 25.9]
      [Update RS (ms): Min: 21.5, Avg: 21.6, Max: 21.6, Diff: 0.1, Sum: 86.4]
         [Processed Buffers: Min: 48, Avg: 53.2, Max: 58, Diff: 10, Sum: 213]
      [Scan RS (ms): Min: 53.5, Avg: 53.5, Max: 53.6, Diff: 0.1, Sum: 214.2]
      [Code Root Scanning (ms): Min: 0.0, Avg: 0.0, Max: 0.0, Diff: 0.0, Sum: 0.0]
      [Object Copy (ms): Min: 53.9, Avg: 54.0, Max: 54.2, Diff: 0.2, Sum: 216.1]
      [Termination (ms): Min: 0.0, Avg: 0.0, Max: 0.0, Diff: 0.0, Sum: 0.0]
         [Termination Attempts: Min: 1, Avg: 1.0, Max: 1, Diff: 0, Sum: 4]
      [GC Worker Other (ms): Min: 0.0, Avg: 0.0, Max: 0.0, Diff: 0.0, Sum: 0.1]
      [GC Worker Total (ms): Min: 135.6, Avg: 135.7, Max: 135.8, Diff: 0.2, Sum: 542.8]
      [GC Worker End (ms): Min: 22825591.0, Avg: 22825591.0, Max: 22825591.0, Diff: 0.0]
   [Code Root Fixup: 0.0 ms]
   [Code Root Purge: 0.0 ms]
   [String Dedup Fixup: 3.4 ms, GC Workers: 4]
      [Queue Fixup (ms): Min: 0.0, Avg: 0.0, Max: 0.0, Diff: 0.0, Sum: 0.0]
      [Table Fixup (ms): Min: 3.2, Avg: 3.3, Max: 3.3, Diff: 0.1, Sum: 13.1]
   [Clear CT: 0.2 ms]
   [Other: 6.2 ms]
      [Choose CSet: 0.0 ms]
      [Ref Proc: 0.1 ms]
      [Ref Enq: 0.0 ms]
      [Redirty Cards: 0.4 ms]
      [Humongous Register: 2.9 ms]
      [Humongous Reclaim: 0.1 ms]
      [Free CSet: 1.3 ms]
   [Eden: 560.0M(560.0M)->0.0B(740.0M) Survivors: 38.0M->38.0M Heap: 3211.6M(6278.0M)->2651.6M(6278.0M)]
 [Times: user=0.51 sys=0.04, real=0.14 secs] 
2021-03-08T17:04:20.894+0800: 22825.598: Total time for which application threads were stopped: 0.1552615 seconds, Stopping threads took: 0.0022526 seconds
2021-03-08T17:04:20.894+0800: 22825.598: [GC concurrent-string-deduplication, 14.5K->7568.0B(7272.0B), avg 63.2%, 0.0001760 secs]
   [Last Exec: 0.0001760 secs, Idle: 3.0263688 secs, Blocked: 0/0.0000000 secs]
      [Inspected:             286]
         [Skipped:              0(  0.0%)]
         [Hashed:             200( 69.9%)]
         [Known:                0(  0.0%)]
         [New:                286(100.0%)     14.5K]
      [Deduplicated:          200( 69.9%)   7272.0B( 49.0%)]
         [Young:              200(100.0%)   7272.0B(100.0%)]
         [Old:                  0(  0.0%)      0.0B(  0.0%)]
   [Total Exec: 2764/1.7566390 secs, Idle: 2764/22817.2351360 secs, Blocked: 36/6.0671595 secs]
      [Inspected:         2750476]
         [Skipped:              0(  0.0%)]
         [Hashed:         2134619( 77.6%)]
         [Known:            34947(  1.3%)]
         [New:            2715529( 98.7%)    148.7M]
      [Deduplicated:      2089468( 76.9%)     93.9M( 63.2%)]
         [Young:           880707( 42.1%)     41.6M( 44.3%)]
         [Old:            1208761( 57.9%)     52.3M( 55.7%)]
   [Table]
      [Memory Usage: 2614.6K]
      [Size: 65536, Min: 1024, Max: 16777216]
      [Entries: 89710, Load: 136.9%, Cached: 0, Added: 660514, Removed: 570804]
      [Resize Count: 6, Shrink Threshold: 43690(66.7%), Grow Threshold: 131072(200.0%)]
      [Rehash Count: 0, Rehash Threshold: 120, Hash Seed: 0x0]
      [Age Threshold: 3]
   [Queue]
      [Dropped: 0]
[GC concurrent-string-deduplication, deleted 0 entries, 0.0000007 secs]
2021-03-08T17:04:23.035+0800: 22827.739: Total time for which application threads were stopped: 0.0052300 seconds, Stopping threads took: 0.0003993 seconds
2021-03-08T17:04:23.040+0800: 22827.744: [GC pause (GCLocker Initiated GC) (young), 0.1397308 secs]
   [Parallel Time: 132.6 ms, GC Workers: 4]
      [GC Worker Start (ms): Min: 22827744.6, Avg: 22827745.0, Max: 22827746.1, Diff: 1.6]
      [Ext Root Scanning (ms): Min: 2.5, Avg: 3.7, Max: 4.4, Diff: 1.9, Sum: 15.0]
      [Update RS (ms): Min: 22.5, Avg: 22.7, Max: 22.7, Diff: 0.3, Sum: 90.7]
         [Processed Buffers: Min: 53, Avg: 60.5, Max: 74, Diff: 21, Sum: 242]
      [Scan RS (ms): Min: 50.8, Avg: 51.0, Max: 51.3, Diff: 0.5, Sum: 204.0]
      [Code Root Scanning (ms): Min: 0.0, Avg: 0.0, Max: 0.0, Diff: 0.0, Sum: 0.0]
      [Object Copy (ms): Min: 54.3, Avg: 54.6, Max: 54.9, Diff: 0.5, Sum: 218.5]
      [Termination (ms): Min: 0.0, Avg: 0.0, Max: 0.0, Diff: 0.0, Sum: 0.0]
         [Termination Attempts: Min: 1, Avg: 1.5, Max: 3, Diff: 2, Sum: 6]
      [GC Worker Other (ms): Min: 0.0, Avg: 0.0, Max: 0.1, Diff: 0.0, Sum: 0.2]
      [GC Worker Total (ms): Min: 130.9, Avg: 132.1, Max: 132.5, Diff: 1.6, Sum: 528.4]
      [GC Worker End (ms): Min: 22827877.0, Avg: 22827877.0, Max: 22827877.1, Diff: 0.0]
   [Code Root Fixup: 0.0 ms]
   [Code Root Purge: 0.0 ms]
   [String Dedup Fixup: 2.1 ms, GC Workers: 4]
      [Queue Fixup (ms): Min: 0.0, Avg: 0.0, Max: 0.0, Diff: 0.0, Sum: 0.0]
      [Table Fixup (ms): Min: 1.9, Avg: 2.0, Max: 2.0, Diff: 0.1, Sum: 7.9]
   [Clear CT: 0.2 ms]
   [Other: 4.9 ms]
      [Choose CSet: 0.0 ms]
      [Ref Proc: 0.1 ms]
      [Ref Enq: 0.0 ms]
      [Redirty Cards: 2.0 ms]
      [Humongous Register: 0.3 ms]
      [Humongous Reclaim: 0.1 ms]
      [Free CSet: 1.1 ms]
   [Eden: 742.0M(740.0M)->0.0B(952.0M) Survivors: 38.0M->42.0M Heap: 3397.0M(6278.0M)->2654.4M(6278.0M)]
 [Times: user=0.50 sys=0.03, real=0.14 secs] 
2021-03-08T17:04:23.180+0800: 22827.884: Total time for which application threads were stopped: 0.1452023 seconds, Stopping threads took: 0.0002522 seconds
2021-03-08T17:04:23.181+0800: 22827.886: [GC concurrent-string-deduplication, 10.3K->4928.0B(5632.0B), avg 63.2%, 0.0001849 secs]
   [Last Exec: 0.0001849 secs, Idle: 2.2870483 secs, Blocked: 0/0.0000000 secs]
      [Inspected:             193]
         [Skipped:              0(  0.0%)]
         [Hashed:             137( 71.0%)]
         [Known:                0(  0.0%)]
         [New:                193(100.0%)     10.3K]
      [Deduplicated:          137( 71.0%)   5632.0B( 53.3%)]
         [Young:              137(100.0%)   5632.0B(100.0%)]
         [Old:                  0(  0.0%)      0.0B(  0.0%)]
   [Total Exec: 2765/1.7568239 secs, Idle: 2765/22819.5221843 secs, Blocked: 36/6.0671595 secs]
      [Inspected:         2750669]
         [Skipped:              0(  0.0%)]
         [Hashed:         2134756( 77.6%)]
         [Known:            34947(  1.3%)]
         [New:            2715722( 98.7%)    148.7M]
      [Deduplicated:      2089605( 76.9%)     93.9M( 63.2%)]
         [Young:           880844( 42.2%)     41.6M( 44.3%)]
         [Old:            1208761( 57.8%)     52.3M( 55.7%)]
   [Table]
      [Memory Usage: 2615.9K]
      [Size: 65536, Min: 1024, Max: 16777216]
      [Entries: 89766, Load: 137.0%, Cached: 0, Added: 660570, Removed: 570804]
      [Resize Count: 6, Shrink Threshold: 43690(66.7%), Grow Threshold: 131072(200.0%)]
      [Rehash Count: 0, Rehash Threshold: 120, Hash Seed: 0x0]
      [Age Threshold: 3]
   [Queue]
      [Dropped: 0]
[GC concurrent-string-deduplication, deleted 0 entries, 0.0000007 secs]
2021-03-08T17:04:25.836+0800: 22830.540: [GC pause (G1 Evacuation Pause) (young), 0.1524794 secs]
   [Parallel Time: 142.2 ms, GC Workers: 4]
      [GC Worker Start (ms): Min: 22830543.4, Avg: 22830543.5, Max: 22830543.5, Diff: 0.1]
      [Ext Root Scanning (ms): Min: 4.2, Avg: 4.5, Max: 4.9, Diff: 0.8, Sum: 18.0]
      [Update RS (ms): Min: 23.7, Avg: 23.7, Max: 23.7, Diff: 0.0, Sum: 94.9]
         [Processed Buffers: Min: 63, Avg: 66.5, Max: 70, Diff: 7, Sum: 266]
      [Scan RS (ms): Min: 44.8, Avg: 44.9, Max: 44.9, Diff: 0.1, Sum: 179.5]
      [Code Root Scanning (ms): Min: 0.0, Avg: 0.0, Max: 0.0, Diff: 0.0, Sum: 0.0]
      [Object Copy (ms): Min: 68.6, Avg: 68.8, Max: 68.9, Diff: 0.4, Sum: 275.2]
      [Termination (ms): Min: 0.0, Avg: 0.0, Max: 0.1, Diff: 0.0, Sum: 0.2]
         [Termination Attempts: Min: 61, Avg: 84.5, Max: 114, Diff: 53, Sum: 338]
      [GC Worker Other (ms): Min: 0.0, Avg: 0.2, Max: 0.5, Diff: 0.5, Sum: 0.6]
      [GC Worker Total (ms): Min: 142.1, Avg: 142.1, Max: 142.1, Diff: 0.1, Sum: 568.4]
      [GC Worker End (ms): Min: 22830685.6, Avg: 22830685.6, Max: 22830685.6, Diff: 0.0]
   [Code Root Fixup: 0.0 ms]
   [Code Root Purge: 0.0 ms]
   [String Dedup Fixup: 3.3 ms, GC Workers: 4]
      [Queue Fixup (ms): Min: 0.0, Avg: 0.0, Max: 0.0, Diff: 0.0, Sum: 0.0]
      [Table Fixup (ms): Min: 3.1, Avg: 3.2, Max: 3.2, Diff: 0.1, Sum: 12.7]
   [Clear CT: 0.3 ms]
   [Other: 6.7 ms]
      [Choose CSet: 0.0 ms]
      [Ref Proc: 0.1 ms]
      [Ref Enq: 0.0 ms]
      [Redirty Cards: 0.4 ms]
      [Humongous Register: 2.9 ms]
      [Humongous Reclaim: 0.1 ms]
      [Free CSet: 1.8 ms]
   [Eden: 952.0M(952.0M)->0.0B(1130.0M) Survivors: 42.0M->48.0M Heap: 3612.9M(6278.0M)->2661.3M(6278.0M)]
 [Times: user=0.55 sys=0.04, real=0.15 secs] 
2021-03-08T17:04:25.989+0800: 22830.693: Total time for which application threads were stopped: 0.1623672 seconds, Stopping threads took: 0.0023408 seconds
2021-03-08T17:04:25.989+0800: 22830.693: [GC concurrent-string-deduplication, 5368.0B->2496.0B(2872.0B), avg 63.2%, 0.0000823 secs]
   [Last Exec: 0.0000823 secs, Idle: 2.8075344 secs, Blocked: 0/0.0000000 secs]
      [Inspected:              98]
         [Skipped:              0(  0.0%)]
         [Hashed:              70( 71.4%)]
         [Known:                0(  0.0%)]
         [New:                 98(100.0%)   5368.0B]
      [Deduplicated:           69( 70.4%)   2872.0B( 53.5%)]
         [Young:               69(100.0%)   2872.0B(100.0%)]
         [Old:                  0(  0.0%)      0.0B(  0.0%)]
   [Total Exec: 2766/1.7569062 secs, Idle: 2766/22822.3297187 secs, Blocked: 36/6.0671595 secs]
      [Inspected:         2750767]
         [Skipped:              0(  0.0%)]
         [Hashed:         2134826( 77.6%)]
         [Known:            34947(  1.3%)]
         [New:            2715820( 98.7%)    148.7M]
      [Deduplicated:      2089674( 76.9%)     93.9M( 63.2%)]
         [Young:           880913( 42.2%)     41.6M( 44.3%)]
         [Old:            1208761( 57.8%)     52.3M( 55.7%)]
   [Table]
      [Memory Usage: 2616.6K]
      [Size: 65536, Min: 1024, Max: 16777216]
      [Entries: 89795, Load: 137.0%, Cached: 0, Added: 660599, Removed: 570804]
      [Resize Count: 6, Shrink Threshold: 43690(66.7%), Grow Threshold: 131072(200.0%)]
      [Rehash Count: 0, Rehash Threshold: 120, Hash Seed: 0x0]
      [Age Threshold: 3]
   [Queue]
      [Dropped: 0]
[GC concurrent-string-deduplication, deleted 0 entries, 0.0000007 secs]
2021-03-08T17:04:32.970+0800: 22837.674: [GC pause (G1 Evacuation Pause) (young), 0.2050400 secs]
   [Parallel Time: 196.5 ms, GC Workers: 4]
      [GC Worker Start (ms): Min: 22837674.7, Avg: 22837674.9, Max: 22837675.3, Diff: 0.6]
      [Ext Root Scanning (ms): Min: 8.7, Avg: 12.3, Max: 17.2, Diff: 8.5, Sum: 49.4]
      [Update RS (ms): Min: 33.2, Avg: 37.7, Max: 41.2, Diff: 8.0, Sum: 150.7]
         [Processed Buffers: Min: 37, Avg: 67.2, Max: 88, Diff: 51, Sum: 269]
      [Scan RS (ms): Min: 55.0, Avg: 55.7, Max: 57.3, Diff: 2.3, Sum: 222.7]
      [Code Root Scanning (ms): Min: 0.0, Avg: 0.0, Max: 0.0, Diff: 0.0, Sum: 0.0]
      [Object Copy (ms): Min: 84.0, Avg: 84.7, Max: 85.1, Diff: 1.1, Sum: 338.7]
      [Termination (ms): Min: 0.0, Avg: 1.1, Max: 1.5, Diff: 1.5, Sum: 4.4]
         [Termination Attempts: Min: 12, Avg: 26.5, Max: 38, Diff: 26, Sum: 106]
      [GC Worker Other (ms): Min: 0.0, Avg: 1.0, Max: 3.9, Diff: 3.9, Sum: 4.0]
      [GC Worker Total (ms): Min: 191.1, Avg: 192.5, Max: 195.5, Diff: 4.4, Sum: 769.8]
      [GC Worker End (ms): Min: 22837866.4, Avg: 22837867.3, Max: 22837870.2, Diff: 3.9]
   [Code Root Fixup: 0.1 ms]
   [Code Root Purge: 0.0 ms]
   [String Dedup Fixup: 2.9 ms, GC Workers: 4]
      [Queue Fixup (ms): Min: 0.0, Avg: 0.0, Max: 0.0, Diff: 0.0, Sum: 0.0]
      [Table Fixup (ms): Min: 0.0, Avg: 2.1, Max: 2.8, Diff: 2.8, Sum: 8.3]
   [Clear CT: 0.9 ms]
   [Other: 4.6 ms]
      [Choose CSet: 0.0 ms]
      [Ref Proc: 0.1 ms]
      [Ref Enq: 0.0 ms]
      [Redirty Cards: 0.6 ms]
      [Humongous Register: 0.3 ms]
      [Humongous Reclaim: 0.1 ms]
      [Free CSet: 2.1 ms]
   [Eden: 1130.0M(1130.0M)->0.0B(1204.0M) Survivors: 48.0M->54.0M Heap: 3793.3M(6278.0M)->2666.9M(6278.0M)]
 [Times: user=0.60 sys=0.04, real=0.21 secs] 
2021-03-08T17:04:33.175+0800: 22837.880: Total time for which application threads were stopped: 0.2120024 seconds, Stopping threads took: 0.0004024 seconds
2021-03-08T17:04:33.176+0800: 22837.880: [GC concurrent-string-deduplication, 13.0K->10.8K(2240.0B), avg 63.2%, 0.0001591 secs]
   [Last Exec: 0.0001591 secs, Idle: 7.1863329 secs, Blocked: 0/0.0000000 secs]
      [Inspected:             180]
         [Skipped:              0(  0.0%)]
         [Hashed:              54( 30.0%)]
         [Known:                0(  0.0%)]
         [New:                180(100.0%)     13.0K]
      [Deduplicated:           54( 30.0%)   2240.0B( 16.8%)]
         [Young:               54(100.0%)   2240.0B(100.0%)]
         [Old:                  0(  0.0%)      0.0B(  0.0%)]
   [Total Exec: 2767/1.7570652 secs, Idle: 2767/22829.5160516 secs, Blocked: 36/6.0671595 secs]
      [Inspected:         2750947]
         [Skipped:              0(  0.0%)]
         [Hashed:         2134880( 77.6%)]
         [Known:            34947(  1.3%)]
         [New:            2716000( 98.7%)    148.8M]
      [Deduplicated:      2089728( 76.9%)     93.9M( 63.2%)]
         [Young:           880967( 42.2%)     41.6M( 44.3%)]
         [Old:            1208761( 57.8%)     52.3M( 55.7%)]
   [Table]
      [Memory Usage: 2619.5K]
      [Size: 65536, Min: 1024, Max: 16777216]
      [Entries: 89921, Load: 137.2%, Cached: 0, Added: 660725, Removed: 570804]
      [Resize Count: 6, Shrink Threshold: 43690(66.7%), Grow Threshold: 131072(200.0%)]
      [Rehash Count: 0, Rehash Threshold: 120, Hash Seed: 0x0]
      [Age Threshold: 3]
   [Queue]
      [Dropped: 0]
[GC concurrent-string-deduplication, deleted 0 entries, 0.0000009 secs]
2021-03-08T17:04:37.509+0800: 22842.213: [GC pause (G1 Evacuation Pause) (young), 0.1876288 secs]
   [Parallel Time: 166.2 ms, GC Workers: 4]
      [GC Worker Start (ms): Min: 22842216.6, Avg: 22842219.4, Max: 22842220.3, Diff: 3.7]
      [Ext Root Scanning (ms): Min: 9.6, Avg: 12.6, Max: 18.0, Diff: 8.4, Sum: 50.2]
      [Update RS (ms): Min: 20.6, Avg: 27.3, Max: 29.6, Diff: 9.0, Sum: 109.2]
         [Processed Buffers: Min: 49, Avg: 64.0, Max: 89, Diff: 40, Sum: 256]
      [Scan RS (ms): Min: 49.5, Avg: 49.6, Max: 49.6, Diff: 0.0, Sum: 198.2]
      [Code Root Scanning (ms): Min: 0.0, Avg: 0.0, Max: 0.0, Diff: 0.0, Sum: 0.0]
      [Object Copy (ms): Min: 73.7, Avg: 73.9, Max: 74.4, Diff: 0.7, Sum: 295.6]
      [Termination (ms): Min: 0.0, Avg: 0.0, Max: 0.0, Diff: 0.0, Sum: 0.0]
         [Termination Attempts: Min: 1, Avg: 1.2, Max: 2, Diff: 1, Sum: 5]
      [GC Worker Other (ms): Min: 0.0, Avg: 0.1, Max: 0.1, Diff: 0.0, Sum: 0.2]
      [GC Worker Total (ms): Min: 162.4, Avg: 163.4, Max: 166.1, Diff: 3.7, Sum: 653.5]
      [GC Worker End (ms): Min: 22842382.7, Avg: 22842382.7, Max: 22842382.8, Diff: 0.0]
   [Code Root Fixup: 0.0 ms]
   [Code Root Purge: 0.0 ms]
   [String Dedup Fixup: 14.3 ms, GC Workers: 4]
      [Queue Fixup (ms): Min: 0.0, Avg: 0.0, Max: 0.0, Diff: 0.0, Sum: 0.0]
      [Table Fixup (ms): Min: 3.2, Avg: 3.3, Max: 3.4, Diff: 0.1, Sum: 13.1]
   [Clear CT: 0.3 ms]
   [Other: 6.8 ms]
      [Choose CSet: 0.0 ms]
      [Ref Proc: 0.1 ms]
      [Ref Enq: 0.0 ms]
      [Redirty Cards: 0.4 ms]
      [Humongous Register: 2.7 ms]
      [Humongous Reclaim: 0.1 ms]
      [Free CSet: 1.9 ms]
   [Eden: 1204.0M(1204.0M)->0.0B(1360.0M) Survivors: 54.0M->62.0M Heap: 3874.9M(6278.0M)->2673.7M(6278.0M)]
 [Times: user=0.59 sys=0.05, real=0.19 secs] 
2021-03-08T17:04:37.697+0800: 22842.402: Total time for which application threads were stopped: 0.1969273 seconds, Stopping threads took: 0.0023959 seconds
2021-03-08T17:04:37.698+0800: 22842.402: [GC concurrent-string-deduplication, 29.0K->14.4K(14.5K), avg 63.2%, 0.0003330 secs]
   [Last Exec: 0.0003330 secs, Idle: 4.5217768 secs, Blocked: 0/0.0000000 secs]
      [Inspected:             551]
         [Skipped:              0(  0.0%)]
         [Hashed:             383( 69.5%)]
         [Known:                0(  0.0%)]
         [New:                551(100.0%)     29.0K]
      [Deduplicated:          383( 69.5%)     14.5K( 50.2%)]
         [Young:              383(100.0%)     14.5K(100.0%)]
         [Old:                  0(  0.0%)      0.0B(  0.0%)]
   [Total Exec: 2768/1.7573983 secs, Idle: 2768/22834.0378284 secs, Blocked: 36/6.0671595 secs]
      [Inspected:         2751498]
         [Skipped:              0(  0.0%)]
         [Hashed:         2135263( 77.6%)]
         [Known:            34947(  1.3%)]
         [New:            2716551( 98.7%)    148.8M]
      [Deduplicated:      2090111( 76.9%)     94.0M( 63.2%)]
         [Young:           881350( 42.2%)     41.6M( 44.3%)]
         [Old:            1208761( 57.8%)     52.3M( 55.7%)]
   [Table]
      [Memory Usage: 2623.5K]
      [Size: 65536, Min: 1024, Max: 16777216]
      [Entries: 90089, Load: 137.5%, Cached: 0, Added: 660893, Removed: 570804]
      [Resize Count: 6, Shrink Threshold: 43690(66.7%), Grow Threshold: 131072(200.0%)]
      [Rehash Count: 0, Rehash Threshold: 120, Hash Seed: 0x0]
      [Age Threshold: 3]
   [Queue]
      [Dropped: 0]
[GC concurrent-string-deduplication, deleted 0 entries, 0.0000007 secs]
2021-03-08T17:04:43.075+0800: 22847.780: Total time for which application threads were stopped: 0.0134412 seconds, Stopping threads took: 0.0059674 seconds
2021-03-08T17:04:43.080+0800: 22847.784: Total time for which application threads were stopped: 0.0040313 seconds, Stopping threads took: 0.0001146 seconds
2021-03-08T17:04:46.166+0800: 22850.870: [GC pause (G1 Evacuation Pause) (young), 0.2009950 secs]
   [Parallel Time: 188.1 ms, GC Workers: 4]
      [GC Worker Start (ms): Min: 22850874.0, Avg: 22850876.2, Max: 22850878.6, Diff: 4.6]
      [Ext Root Scanning (ms): Min: 9.4, Avg: 10.9, Max: 13.3, Diff: 3.9, Sum: 43.5]
      [Update RS (ms): Min: 34.4, Avg: 39.4, Max: 41.1, Diff: 6.6, Sum: 157.6]
         [Processed Buffers: Min: 63, Avg: 75.8, Max: 92, Diff: 29, Sum: 303]
      [Scan RS (ms): Min: 48.0, Avg: 48.0, Max: 48.1, Diff: 0.1, Sum: 192.1]
      [Code Root Scanning (ms): Min: 0.0, Avg: 0.0, Max: 0.0, Diff: 0.0, Sum: 0.0]
      [Object Copy (ms): Min: 87.3, Avg: 87.4, Max: 87.5, Diff: 0.2, Sum: 349.6]
      [Termination (ms): Min: 0.0, Avg: 0.1, Max: 0.2, Diff: 0.1, Sum: 0.3]
         [Termination Attempts: Min: 58, Avg: 69.8, Max: 81, Diff: 23, Sum: 279]
      [GC Worker Other (ms): Min: 0.1, Avg: 0.1, Max: 0.1, Diff: 0.0, Sum: 0.3]
      [GC Worker Total (ms): Min: 183.4, Avg: 185.9, Max: 188.0, Diff: 4.6, Sum: 743.5]
      [GC Worker End (ms): Min: 22851062.0, Avg: 22851062.0, Max: 22851062.1, Diff: 0.0]
   [Code Root Fixup: 0.0 ms]
   [Code Root Purge: 0.0 ms]
   [String Dedup Fixup: 3.8 ms, GC Workers: 4]
      [Queue Fixup (ms): Min: 0.0, Avg: 0.0, Max: 0.0, Diff: 0.0, Sum: 0.0]
      [Table Fixup (ms): Min: 3.6, Avg: 3.6, Max: 3.7, Diff: 0.1, Sum: 14.6]
   [Clear CT: 0.5 ms]
   [Other: 8.6 ms]
      [Choose CSet: 0.0 ms]
      [Ref Proc: 0.2 ms]
      [Ref Enq: 0.0 ms]
      [Redirty Cards: 0.4 ms]
      [Humongous Register: 3.5 ms]
      [Humongous Reclaim: 0.1 ms]
      [Free CSet: 2.7 ms]
   [Eden: 1360.0M(1360.0M)->0.0B(1550.0M) Survivors: 62.0M->66.0M Heap: 4041.4M(6278.0M)->2678.2M(6278.0M)]
 [Times: user=0.62 sys=0.08, real=0.20 secs] 
2021-03-08T17:04:46.367+0800: 22851.072: Total time for which application threads were stopped: 0.2107035 seconds, Stopping threads took: 0.0020990 seconds
2021-03-08T17:04:46.381+0800: 22851.085: [GC concurrent-string-deduplication, 18.6K->10.8K(7984.0B), avg 63.1%, 0.0002612 secs]
   [Last Exec: 0.0002612 secs, Idle: 8.6823385 secs, Blocked: 0/0.0000000 secs]
      [Inspected:             335]
         [Skipped:              0(  0.0%)]
         [Hashed:             209( 62.4%)]
         [Known:                0(  0.0%)]
         [New:                335(100.0%)     18.6K]
      [Deduplicated:          209( 62.4%)   7984.0B( 41.9%)]
         [Young:              209(100.0%)   7984.0B(100.0%)]
         [Old:                  0(  0.0%)      0.0B(  0.0%)]
   [Total Exec: 2769/1.7576595 secs, Idle: 2769/22842.7201669 secs, Blocked: 36/6.0671595 secs]
      [Inspected:         2751833]
         [Skipped:              0(  0.0%)]
         [Hashed:         2135472( 77.6%)]
         [Known:            34947(  1.3%)]
         [New:            2716886( 98.7%)    148.8M]
      [Deduplicated:      2090320( 76.9%)     94.0M( 63.1%)]
         [Young:           881559( 42.2%)     41.6M( 44.3%)]
         [Old:            1208761( 57.8%)     52.3M( 55.7%)]
   [Table]
      [Memory Usage: 2626.4K]
      [Size: 65536, Min: 1024, Max: 16777216]
      [Entries: 90215, Load: 137.7%, Cached: 0, Added: 661019, Removed: 570804]
      [Resize Count: 6, Shrink Threshold: 43690(66.7%), Grow Threshold: 131072(200.0%)]
      [Rehash Count: 0, Rehash Threshold: 120, Hash Seed: 0x0]
      [Age Threshold: 3]
   [Queue]
      [Dropped: 0]
[GC concurrent-string-deduplication, deleted 0 entries, 0.0000007 secs]
2021-03-08T17:04:50.294+0800: 22854.998: [GC pause (G1 Evacuation Pause) (young), 0.2016083 secs]
   [Parallel Time: 195.1 ms, GC Workers: 4]
      [GC Worker Start (ms): Min: 22854999.0, Avg: 22855003.2, Max: 22855007.3, Diff: 8.2]
      [Ext Root Scanning (ms): Min: 0.1, Avg: 3.3, Max: 6.6, Diff: 6.5, Sum: 13.3]
      [Update RS (ms): Min: 28.9, Avg: 29.8, Max: 31.2, Diff: 2.3, Sum: 119.3]
         [Processed Buffers: Min: 12, Avg: 59.8, Max: 90, Diff: 78, Sum: 239]
      [Scan RS (ms): Min: 64.9, Avg: 65.5, Max: 65.7, Diff: 0.9, Sum: 262.0]
      [Code Root Scanning (ms): Min: 0.0, Avg: 0.0, Max: 0.0, Diff: 0.0, Sum: 0.0]
      [Object Copy (ms): Min: 92.1, Avg: 92.3, Max: 92.5, Diff: 0.5, Sum: 369.0]
      [Termination (ms): Min: 0.0, Avg: 0.0, Max: 0.0, Diff: 0.0, Sum: 0.1]
         [Termination Attempts: Min: 20, Avg: 23.2, Max: 32, Diff: 12, Sum: 93]
      [GC Worker Other (ms): Min: 0.0, Avg: 0.0, Max: 0.1, Diff: 0.0, Sum: 0.2]
      [GC Worker Total (ms): Min: 186.8, Avg: 191.0, Max: 195.1, Diff: 8.3, Sum: 763.8]
      [GC Worker End (ms): Min: 22855194.1, Avg: 22855194.1, Max: 22855194.1, Diff: 0.0]
   [Code Root Fixup: 0.0 ms]
   [Code Root Purge: 0.0 ms]
   [String Dedup Fixup: 2.1 ms, GC Workers: 4]
      [Queue Fixup (ms): Min: 0.0, Avg: 0.0, Max: 0.0, Diff: 0.0, Sum: 0.0]
      [Table Fixup (ms): Min: 2.0, Avg: 2.1, Max: 2.1, Diff: 0.1, Sum: 8.2]
   [Clear CT: 0.3 ms]
   [Other: 4.1 ms]
      [Choose CSet: 0.0 ms]
      [Ref Proc: 0.1 ms]
      [Ref Enq: 0.0 ms]
      [Redirty Cards: 0.5 ms]
      [Humongous Register: 0.3 ms]
      [Humongous Reclaim: 0.1 ms]
      [Free CSet: 1.4 ms]
   [Eden: 1076.0M(246.0M)->0.0B(2882.0M) Survivors: 66.0M->24.0M Heap: 3767.6M(6278.0M)->2685.7M(6278.0M)]
 [Times: user=0.66 sys=0.04, real=0.21 secs] 
2021-03-08T17:04:50.496+0800: 22855.201: Total time for which application threads were stopped: 0.2075161 seconds, Stopping threads took: 0.0003881 seconds
2021-03-08T17:04:50.497+0800: 22855.201: [GC concurrent-string-deduplication, 27.8K->15.3K(12.5K), avg 63.1%, 0.0003060 secs]
   [Last Exec: 0.0003060 secs, Idle: 4.1157661 secs, Blocked: 0/0.0000000 secs]
      [Inspected:             513]
         [Skipped:              0(  0.0%)]
         [Hashed:             334( 65.1%)]
         [Known:                0(  0.0%)]
         [New:                513(100.0%)     27.8K]
      [Deduplicated:          335( 65.3%)     12.5K( 45.0%)]
         [Young:              335(100.0%)     12.5K(100.0%)]
         [Old:                  0(  0.0%)      0.0B(  0.0%)]
   [Total Exec: 2770/1.7579655 secs, Idle: 2770/22846.8359330 secs, Blocked: 36/6.0671595 secs]
      [Inspected:         2752346]
         [Skipped:              0(  0.0%)]
         [Hashed:         2135806( 77.6%)]
         [Known:            34947(  1.3%)]
         [New:            2717399( 98.7%)    148.8M]
      [Deduplicated:      2090655( 76.9%)     94.0M( 63.1%)]
         [Young:           881894( 42.2%)     41.6M( 44.3%)]
         [Old:            1208761( 57.8%)     52.3M( 55.7%)]
   [Table]
      [Memory Usage: 2630.6K]
      [Size: 65536, Min: 1024, Max: 16777216]
      [Entries: 90393, Load: 137.9%, Cached: 0, Added: 661197, Removed: 570804]
      [Resize Count: 6, Shrink Threshold: 43690(66.7%), Grow Threshold: 131072(200.0%)]
      [Rehash Count: 0, Rehash Threshold: 120, Hash Seed: 0x0]
      [Age Threshold: 3]
   [Queue]
      [Dropped: 0]
[GC concurrent-string-deduplication, deleted 0 entries, 0.0000007 secs]
2021-03-08T17:05:02.523+0800: 22867.227: [GC pause (G1 Evacuation Pause) (young), 0.0880191 secs]
   [Parallel Time: 76.9 ms, GC Workers: 4]
      [GC Worker Start (ms): Min: 22867228.3, Avg: 22867228.3, Max: 22867228.3, Diff: 0.1]
      [Ext Root Scanning (ms): Min: 5.9, Avg: 6.3, Max: 6.6, Diff: 0.7, Sum: 25.2]
      [Update RS (ms): Min: 22.6, Avg: 22.6, Max: 22.7, Diff: 0.1, Sum: 90.5]
         [Processed Buffers: Min: 56, Avg: 77.8, Max: 87, Diff: 31, Sum: 311]
      [Scan RS (ms): Min: 0.9, Avg: 1.0, Max: 1.0, Diff: 0.1, Sum: 3.9]
      [Code Root Scanning (ms): Min: 0.0, Avg: 0.0, Max: 0.0, Diff: 0.0, Sum: 0.1]
      [Object Copy (ms): Min: 46.6, Avg: 46.7, Max: 47.0, Diff: 0.5, Sum: 186.9]
      [Termination (ms): Min: 0.0, Avg: 0.0, Max: 0.0, Diff: 0.0, Sum: 0.2]
         [Termination Attempts: Min: 46, Avg: 53.2, Max: 64, Diff: 18, Sum: 213]
      [GC Worker Other (ms): Min: 0.0, Avg: 0.1, Max: 0.1, Diff: 0.0, Sum: 0.2]
      [GC Worker Total (ms): Min: 76.7, Avg: 76.7, Max: 76.8, Diff: 0.1, Sum: 307.0]
      [GC Worker End (ms): Min: 22867305.0, Avg: 22867305.1, Max: 22867305.1, Diff: 0.0]
   [Code Root Fixup: 0.0 ms]
   [Code Root Purge: 0.0 ms]
   [String Dedup Fixup: 3.3 ms, GC Workers: 4]
      [Queue Fixup (ms): Min: 0.0, Avg: 0.0, Max: 0.0, Diff: 0.0, Sum: 0.0]
      [Table Fixup (ms): Min: 3.2, Avg: 3.2, Max: 3.3, Diff: 0.1, Sum: 12.9]
   [Clear CT: 0.7 ms]
   [Other: 7.2 ms]
      [Choose CSet: 0.0 ms]
      [Ref Proc: 0.1 ms]
      [Ref Enq: 0.0 ms]
      [Redirty Cards: 0.0 ms]
      [Humongous Register: 0.8 ms]
      [Humongous Reclaim: 0.2 ms]
      [Free CSet: 4.6 ms]
   [Eden: 2882.0M(2882.0M)->0.0B(2118.0M) Survivors: 24.0M->46.0M Heap: 5586.7M(6278.0M)->2707.0M(6278.0M)]
 [Times: user=0.27 sys=0.04, real=0.09 secs] 
2021-03-08T17:05:02.611+0800: 22867.315: Total time for which application threads were stopped: 0.0979551 seconds, Stopping threads took: 0.0021582 seconds
2021-03-08T17:05:02.612+0800: 22867.316: [GC concurrent-string-deduplication, 29.6K->13.5K(16.1K), avg 63.1%, 0.0003469 secs]
   [Last Exec: 0.0003469 secs, Idle: 12.1145324 secs, Blocked: 0/0.0000000 secs]
      [Inspected:             541]
         [Skipped:              0(  0.0%)]
         [Hashed:             386( 71.3%)]
         [Known:                0(  0.0%)]
         [New:                541(100.0%)     29.6K]
      [Deduplicated:          385( 71.2%)     16.1K( 54.5%)]
         [Young:              385(100.0%)     16.1K(100.0%)]
         [Old:                  0(  0.0%)      0.0B(  0.0%)]
   [Total Exec: 2771/1.7583124 secs, Idle: 2771/22858.9504654 secs, Blocked: 36/6.0671595 secs]
      [Inspected:         2752887]
         [Skipped:              0(  0.0%)]
         [Hashed:         2136192( 77.6%)]
         [Known:            34947(  1.3%)]
         [New:            2717940( 98.7%)    148.9M]
      [Deduplicated:      2091040( 76.9%)     94.0M( 63.1%)]
         [Young:           882279( 42.2%)     41.7M( 44.3%)]
         [Old:            1208761( 57.8%)     52.3M( 55.7%)]
   [Table]
      [Memory Usage: 2634.2K]
      [Size: 65536, Min: 1024, Max: 16777216]
      [Entries: 90549, Load: 138.2%, Cached: 0, Added: 661353, Removed: 570804]
      [Resize Count: 6, Shrink Threshold: 43690(66.7%), Grow Threshold: 131072(200.0%)]
      [Rehash Count: 0, Rehash Threshold: 120, Hash Seed: 0x0]
      [Age Threshold: 3]
   [Queue]
      [Dropped: 0]
[GC concurrent-string-deduplication, deleted 0 entries, 0.0000008 secs]
2021-03-08T17:05:13.368+0800: 22878.072: Total time for which application threads were stopped: 0.0100444 seconds, Stopping threads took: 0.0023838 seconds
2021-03-08T17:05:13.389+0800: 22878.093: Total time for which application threads were stopped: 0.0202725 seconds, Stopping threads took: 0.0001422 seconds
2021-03-08T17:05:14.539+0800: 22879.243: [GC pause (G1 Evacuation Pause) (young), 0.0787004 secs]
   [Parallel Time: 67.4 ms, GC Workers: 4]
      [GC Worker Start (ms): Min: 22879246.2, Avg: 22879246.3, Max: 22879246.3, Diff: 0.1]
      [Ext Root Scanning (ms): Min: 4.5, Avg: 4.6, Max: 4.9, Diff: 0.4, Sum: 18.6]
      [Update RS (ms): Min: 3.5, Avg: 3.8, Max: 4.5, Diff: 1.0, Sum: 15.1]
         [Processed Buffers: Min: 3, Avg: 29.5, Max: 56, Diff: 53, Sum: 118]
      [Scan RS (ms): Min: 0.1, Avg: 0.4, Max: 0.5, Diff: 0.5, Sum: 1.6]
      [Code Root Scanning (ms): Min: 0.0, Avg: 0.0, Max: 0.0, Diff: 0.0, Sum: 0.1]
      [Object Copy (ms): Min: 57.7, Avg: 58.3, Max: 58.5, Diff: 0.8, Sum: 233.1]
      [Termination (ms): Min: 0.1, Avg: 0.1, Max: 0.1, Diff: 0.0, Sum: 0.4]
         [Termination Attempts: Min: 83, Avg: 96.5, Max: 113, Diff: 30, Sum: 386]
      [GC Worker Other (ms): Min: 0.0, Avg: 0.0, Max: 0.0, Diff: 0.0, Sum: 0.2]
      [GC Worker Total (ms): Min: 67.2, Avg: 67.3, Max: 67.3, Diff: 0.0, Sum: 269.0]
      [GC Worker End (ms): Min: 22879313.5, Avg: 22879313.5, Max: 22879313.5, Diff: 0.0]
   [Code Root Fixup: 0.0 ms]
   [Code Root Purge: 0.0 ms]
   [String Dedup Fixup: 3.4 ms, GC Workers: 4]
      [Queue Fixup (ms): Min: 0.0, Avg: 0.0, Max: 0.0, Diff: 0.0, Sum: 0.0]
      [Table Fixup (ms): Min: 3.3, Avg: 3.3, Max: 3.4, Diff: 0.1, Sum: 13.3]
   [Clear CT: 0.5 ms]
   [Other: 7.4 ms]
      [Choose CSet: 0.0 ms]
      [Ref Proc: 0.1 ms]
      [Ref Enq: 0.0 ms]
      [Redirty Cards: 0.1 ms]
      [Humongous Register: 2.3 ms]
      [Humongous Reclaim: 0.1 ms]
      [Free CSet: 3.5 ms]
   [Eden: 2118.0M(2118.0M)->0.0B(2864.0M) Survivors: 46.0M->56.0M Heap: 4832.1M(6278.0M)->2716.7M(6278.0M)]
 [Times: user=0.24 sys=0.04, real=0.08 secs] 
2021-03-08T17:05:14.619+0800: 22879.323: Total time for which application threads were stopped: 0.0833693 seconds, Stopping threads took: 0.0003737 seconds
2021-03-08T17:05:14.619+0800: 22879.323: [GC concurrent-string-deduplication, 17.7K->9416.0B(8680.0B), avg 63.1%, 0.0001981 secs]
   [Last Exec: 0.0001981 secs, Idle: 12.0068799 secs, Blocked: 0/0.0000000 secs]
      [Inspected:             319]
         [Skipped:              0(  0.0%)]
         [Hashed:             211( 66.1%)]
         [Known:                0(  0.0%)]
         [New:                319(100.0%)     17.7K]
      [Deduplicated:          212( 66.5%)   8680.0B( 48.0%)]
         [Young:              212(100.0%)   8680.0B(100.0%)]
         [Old:                  0(  0.0%)      0.0B(  0.0%)]
   [Total Exec: 2772/1.7585105 secs, Idle: 2772/22870.9573453 secs, Blocked: 36/6.0671595 secs]
      [Inspected:         2753206]
         [Skipped:              0(  0.0%)]
         [Hashed:         2136403( 77.6%)]
         [Known:            34947(  1.3%)]
         [New:            2718259( 98.7%)    148.9M]
      [Deduplicated:      2091252( 76.9%)     94.0M( 63.1%)]
         [Young:           882491( 42.2%)     41.7M( 44.3%)]
         [Old:            1208761( 57.8%)     52.3M( 55.7%)]
   [Table]
      [Memory Usage: 2636.8K]
      [Size: 65536, Min: 1024, Max: 16777216]
      [Entries: 90656, Load: 138.3%, Cached: 0, Added: 661460, Removed: 570804]
      [Resize Count: 6, Shrink Threshold: 43690(66.7%), Grow Threshold: 131072(200.0%)]
      [Rehash Count: 0, Rehash Threshold: 120, Hash Seed: 0x0]
      [Age Threshold: 3]
   [Queue]
      [Dropped: 0]
[GC concurrent-string-deduplication, deleted 0 entries, 0.0000006 secs]
2021-03-08T17:05:26.934+0800: 22891.638: [GC pause (G1 Evacuation Pause) (young), 0.1160995 secs]
   [Parallel Time: 104.4 ms, GC Workers: 4]
      [GC Worker Start (ms): Min: 22891639.4, Avg: 22891643.4, Max: 22891647.3, Diff: 7.9]
      [Ext Root Scanning (ms): Min: 1.5, Avg: 7.4, Max: 17.7, Diff: 16.1, Sum: 29.7]
      [Update RS (ms): Min: 8.4, Avg: 15.0, Max: 17.5, Diff: 9.0, Sum: 59.9]
         [Processed Buffers: Min: 70, Avg: 82.2, Max: 89, Diff: 19, Sum: 329]
      [Scan RS (ms): Min: 0.7, Avg: 1.8, Max: 4.8, Diff: 4.2, Sum: 7.0]
      [Code Root Scanning (ms): Min: 0.0, Avg: 0.0, Max: 0.0, Diff: 0.0, Sum: 0.1]
      [Object Copy (ms): Min: 72.2, Avg: 75.8, Max: 77.9, Diff: 5.7, Sum: 303.4]
      [Termination (ms): Min: 0.0, Avg: 0.1, Max: 0.1, Diff: 0.0, Sum: 0.2]
         [Termination Attempts: Min: 78, Avg: 88.8, Max: 93, Diff: 15, Sum: 355]
      [GC Worker Other (ms): Min: 0.0, Avg: 0.1, Max: 0.3, Diff: 0.2, Sum: 0.4]
      [GC Worker Total (ms): Min: 96.2, Avg: 100.2, Max: 104.1, Diff: 7.8, Sum: 400.7]
      [GC Worker End (ms): Min: 22891743.5, Avg: 22891743.5, Max: 22891743.7, Diff: 0.2]
   [Code Root Fixup: 0.0 ms]
   [Code Root Purge: 0.0 ms]
   [String Dedup Fixup: 3.5 ms, GC Workers: 4]
      [Queue Fixup (ms): Min: 0.0, Avg: 0.0, Max: 0.0, Diff: 0.0, Sum: 0.0]
      [Table Fixup (ms): Min: 3.4, Avg: 3.4, Max: 3.5, Diff: 0.1, Sum: 13.6]
   [Clear CT: 0.8 ms]
   [Other: 7.4 ms]
      [Choose CSet: 0.0 ms]
      [Ref Proc: 0.1 ms]
      [Ref Enq: 0.0 ms]
      [Redirty Cards: 0.1 ms]
      [Humongous Register: 0.8 ms]
      [Humongous Reclaim: 0.3 ms]
      [Free CSet: 4.8 ms]
   [Eden: 2864.0M(2864.0M)->0.0B(2574.0M) Survivors: 56.0M->70.0M Heap: 5614.2M(6278.0M)->2731.1M(6278.0M)]
 [Times: user=0.31 sys=0.05, real=0.12 secs] 
2021-03-08T17:05:27.051+0800: 22891.755: Total time for which application threads were stopped: 0.1372552 seconds, Stopping threads took: 0.0021933 seconds
2021-03-08T17:05:27.051+0800: 22891.755: [GC concurrent-string-deduplication, 47.6K->24.2K(23.3K), avg 63.1%, 0.0004920 secs]
   [Last Exec: 0.0004920 secs, Idle: 12.4318716 secs, Blocked: 0/0.0000000 secs]
      [Inspected:             878]
         [Skipped:              0(  0.0%)]
         [Hashed:             596( 67.9%)]
         [Known:                0(  0.0%)]
         [New:                878(100.0%)     47.6K]
      [Deduplicated:          596( 67.9%)     23.3K( 49.0%)]
         [Young:              596(100.0%)     23.3K(100.0%)]
         [Old:                  0(  0.0%)      0.0B(  0.0%)]
   [Total Exec: 2773/1.7590025 secs, Idle: 2773/22883.3892169 secs, Blocked: 36/6.0671595 secs]
      [Inspected:         2754084]
         [Skipped:              0(  0.0%)]
         [Hashed:         2136999( 77.6%)]
         [Known:            34947(  1.3%)]
         [New:            2719137( 98.7%)    148.9M]
      [Deduplicated:      2091848( 76.9%)     94.0M( 63.1%)]
         [Young:           883087( 42.2%)     41.7M( 44.3%)]
         [Old:            1208761( 57.8%)     52.3M( 55.7%)]
   [Table]
      [Memory Usage: 2643.4K]
      [Size: 65536, Min: 1024, Max: 16777216]
      [Entries: 90938, Load: 138.8%, Cached: 0, Added: 661742, Removed: 570804]
      [Resize Count: 6, Shrink Threshold: 43690(66.7%), Grow Threshold: 131072(200.0%)]
      [Rehash Count: 0, Rehash Threshold: 120, Hash Seed: 0x0]
      [Age Threshold: 3]
   [Queue]
      [Dropped: 0]
[GC concurrent-string-deduplication, deleted 0 entries, 0.0000010 secs]
2021-03-08T17:05:43.788+0800: 22908.492: Total time for which application threads were stopped: 0.0090845 seconds, Stopping threads took: 0.0020145 seconds
2021-03-08T17:05:43.791+0800: 22908.496: Total time for which application threads were stopped: 0.0037179 seconds, Stopping threads took: 0.0001593 seconds
2021-03-08T17:05:44.046+0800: 22908.751: [GC pause (G1 Evacuation Pause) (young), 0.1914316 secs]
   [Parallel Time: 151.3 ms, GC Workers: 4]
      [GC Worker Start (ms): Min: 22908752.0, Avg: 22908754.3, Max: 22908756.6, Diff: 4.6]
      [Ext Root Scanning (ms): Min: 10.7, Avg: 14.6, Max: 16.5, Diff: 5.8, Sum: 58.5]
      [Update RS (ms): Min: 10.3, Avg: 12.6, Max: 17.4, Diff: 7.0, Sum: 50.3]
         [Processed Buffers: Min: 16, Avg: 58.2, Max: 87, Diff: 71, Sum: 233]
      [Scan RS (ms): Min: 0.2, Avg: 0.6, Max: 0.9, Diff: 0.6, Sum: 2.3]
      [Code Root Scanning (ms): Min: 0.0, Avg: 0.0, Max: 0.0, Diff: 0.0, Sum: 0.1]
      [Object Copy (ms): Min: 110.9, Avg: 116.4, Max: 118.5, Diff: 7.6, Sum: 465.7]
      [Termination (ms): Min: 0.2, Avg: 2.7, Max: 3.6, Diff: 3.5, Sum: 10.9]
         [Termination Attempts: Min: 133, Avg: 191.8, Max: 259, Diff: 126, Sum: 767]
      [GC Worker Other (ms): Min: 0.0, Avg: 0.0, Max: 0.0, Diff: 0.0, Sum: 0.1]
      [GC Worker Total (ms): Min: 144.6, Avg: 147.0, Max: 149.3, Diff: 4.7, Sum: 587.8]
      [GC Worker End (ms): Min: 22908901.2, Avg: 22908901.3, Max: 22908901.3, Diff: 0.0]
   [Code Root Fixup: 0.0 ms]
   [Code Root Purge: 0.0 ms]
   [String Dedup Fixup: 5.9 ms, GC Workers: 4]
      [Queue Fixup (ms): Min: 0.0, Avg: 0.0, Max: 0.0, Diff: 0.0, Sum: 0.0]
      [Table Fixup (ms): Min: 2.2, Avg: 3.5, Max: 5.2, Diff: 3.0, Sum: 14.1]
   [Clear CT: 12.8 ms]
   [Other: 21.5 ms]
      [Choose CSet: 0.0 ms]
      [Ref Proc: 12.3 ms]
      [Ref Enq: 0.0 ms]
      [Redirty Cards: 2.6 ms]
      [Humongous Register: 1.0 ms]
      [Humongous Reclaim: 0.2 ms]
      [Free CSet: 4.1 ms]
   [Eden: 2574.0M(2574.0M)->0.0B(1860.0M) Survivors: 70.0M->86.0M Heap: 5325.6M(6278.0M)->2746.2M(6278.0M)]
 [Times: user=0.38 sys=0.07, real=0.19 secs] 
2021-03-08T17:05:44.240+0800: 22908.944: Total time for which application threads were stopped: 0.1975171 seconds, Stopping threads took: 0.0004613 seconds
2021-03-08T17:05:44.241+0800: 22908.946: [GC concurrent-string-deduplication, 43.5K->22.9K(20.6K), avg 63.1%, 0.0004724 secs]
   [Last Exec: 0.0004724 secs, Idle: 17.1895332 secs, Blocked: 0/0.0000000 secs]
      [Inspected:             803]
         [Skipped:              0(  0.0%)]
         [Hashed:             537( 66.9%)]
         [Known:                0(  0.0%)]
         [New:                803(100.0%)     43.5K]
      [Deduplicated:          537( 66.9%)     20.6K( 47.4%)]
         [Young:              537(100.0%)     20.6K(100.0%)]
         [Old:                  0(  0.0%)      0.0B(  0.0%)]
   [Total Exec: 2774/1.7594749 secs, Idle: 2774/22900.5787500 secs, Blocked: 36/6.0671595 secs]
      [Inspected:         2754887]
         [Skipped:              0(  0.0%)]
         [Hashed:         2137536( 77.6%)]
         [Known:            34947(  1.3%)]
         [New:            2719940( 98.7%)    149.0M]
      [Deduplicated:      2092385( 76.9%)     94.0M( 63.1%)]
         [Young:           883624( 42.2%)     41.7M( 44.4%)]
         [Old:            1208761( 57.8%)     52.3M( 55.6%)]
   [Table]
      [Memory Usage: 2649.6K]
      [Size: 65536, Min: 1024, Max: 16777216]
      [Entries: 91204, Load: 139.2%, Cached: 0, Added: 662008, Removed: 570804]
      [Resize Count: 6, Shrink Threshold: 43690(66.7%), Grow Threshold: 131072(200.0%)]
      [Rehash Count: 0, Rehash Threshold: 120, Hash Seed: 0x0]
      [Age Threshold: 3]
   [Queue]
      [Dropped: 0]
[GC concurrent-string-deduplication, deleted 0 entries, 0.0000008 secs]
2021-03-08T17:05:57.380+0800: 22922.085: [GC pause (G1 Evacuation Pause) (young), 0.1314179 secs]
   [Parallel Time: 121.3 ms, GC Workers: 4]
      [GC Worker Start (ms): Min: 22922086.6, Avg: 22922089.7, Max: 22922091.4, Diff: 4.9]
      [Ext Root Scanning (ms): Min: 5.2, Avg: 7.9, Max: 14.2, Diff: 9.0, Sum: 31.8]
      [Update RS (ms): Min: 4.1, Avg: 7.0, Max: 8.0, Diff: 3.9, Sum: 28.1]
         [Processed Buffers: Min: 42, Avg: 60.2, Max: 69, Diff: 27, Sum: 241]
      [Scan RS (ms): Min: 0.3, Avg: 0.4, Max: 0.4, Diff: 0.1, Sum: 1.5]
      [Code Root Scanning (ms): Min: 0.0, Avg: 0.0, Max: 0.0, Diff: 0.0, Sum: 0.1]
      [Object Copy (ms): Min: 102.5, Avg: 102.7, Max: 103.0, Diff: 0.6, Sum: 410.8]
      [Termination (ms): Min: 0.0, Avg: 0.0, Max: 0.0, Diff: 0.0, Sum: 0.0]
         [Termination Attempts: Min: 13, Avg: 16.8, Max: 21, Diff: 8, Sum: 67]
      [GC Worker Other (ms): Min: 0.0, Avg: 0.0, Max: 0.1, Diff: 0.0, Sum: 0.2]
      [GC Worker Total (ms): Min: 116.3, Avg: 118.1, Max: 121.2, Diff: 4.9, Sum: 472.5]
      [GC Worker End (ms): Min: 22922207.7, Avg: 22922207.8, Max: 22922207.8, Diff: 0.0]
   [Code Root Fixup: 0.0 ms]
   [Code Root Purge: 0.0 ms]
   [String Dedup Fixup: 3.5 ms, GC Workers: 4]
      [Queue Fixup (ms): Min: 0.0, Avg: 0.0, Max: 0.0, Diff: 0.0, Sum: 0.0]
      [Table Fixup (ms): Min: 3.4, Avg: 3.4, Max: 3.4, Diff: 0.1, Sum: 13.6]
   [Clear CT: 0.6 ms]
   [Other: 6.1 ms]
      [Choose CSet: 0.0 ms]
      [Ref Proc: 0.1 ms]
      [Ref Enq: 0.0 ms]
      [Redirty Cards: 0.1 ms]
      [Humongous Register: 1.3 ms]
      [Humongous Reclaim: 0.2 ms]
      [Free CSet: 3.0 ms]
   [Eden: 1860.0M(1860.0M)->0.0B(2402.0M) Survivors: 86.0M->98.0M Heap: 4629.8M(6278.0M)->2758.8M(6278.0M)]
 [Times: user=0.41 sys=0.06, real=0.13 secs] 
2021-03-08T17:05:57.512+0800: 22922.217: Total time for which application threads were stopped: 0.1427202 seconds, Stopping threads took: 0.0020533 seconds
2021-03-08T17:05:57.513+0800: 22922.217: [GC concurrent-string-deduplication, 52.9K->29.5K(23.5K), avg 63.1%, 0.0006425 secs]
   [Last Exec: 0.0006425 secs, Idle: 13.2711164 secs, Blocked: 0/0.0000000 secs]
      [Inspected:             942]
         [Skipped:              0(  0.0%)]
         [Hashed:             599( 63.6%)]
         [Known:                0(  0.0%)]
         [New:                942(100.0%)     52.9K]
      [Deduplicated:          599( 63.6%)     23.5K( 44.3%)]
         [Young:              599(100.0%)     23.5K(100.0%)]
         [Old:                  0(  0.0%)      0.0B(  0.0%)]
   [Total Exec: 2775/1.7601174 secs, Idle: 2775/22913.8498665 secs, Blocked: 36/6.0671595 secs]
      [Inspected:         2755829]
         [Skipped:              0(  0.0%)]
         [Hashed:         2138135( 77.6%)]
         [Known:            34947(  1.3%)]
         [New:            2720882( 98.7%)    149.0M]
      [Deduplicated:      2092984( 76.9%)     94.1M( 63.1%)]
         [Young:           884223( 42.2%)     41.7M( 44.4%)]
         [Old:            1208761( 57.8%)     52.3M( 55.6%)]
   [Table]
      [Memory Usage: 2657.6K]
      [Size: 65536, Min: 1024, Max: 16777216]
      [Entries: 91547, Load: 139.7%, Cached: 0, Added: 662351, Removed: 570804]
      [Resize Count: 6, Shrink Threshold: 43690(66.7%), Grow Threshold: 131072(200.0%)]
      [Rehash Count: 0, Rehash Threshold: 120, Hash Seed: 0x0]
      [Age Threshold: 3]
   [Queue]
      [Dropped: 0]
[GC concurrent-string-deduplication, deleted 0 entries, 0.0000006 secs]
2021-03-08T17:06:05.253+0800: 22929.957: [GC pause (G1 Evacuation Pause) (young), 0.2203998 secs]
   [Parallel Time: 210.8 ms, GC Workers: 4]
      [GC Worker Start (ms): Min: 22929958.1, Avg: 22929958.1, Max: 22929958.2, Diff: 0.0]
      [Ext Root Scanning (ms): Min: 4.1, Avg: 4.3, Max: 4.6, Diff: 0.5, Sum: 17.4]
      [Update RS (ms): Min: 18.8, Avg: 18.8, Max: 18.9, Diff: 0.1, Sum: 75.4]
         [Processed Buffers: Min: 81, Avg: 88.8, Max: 96, Diff: 15, Sum: 355]
      [Scan RS (ms): Min: 0.4, Avg: 0.5, Max: 0.5, Diff: 0.1, Sum: 2.0]
      [Code Root Scanning (ms): Min: 0.0, Avg: 0.0, Max: 0.0, Diff: 0.0, Sum: 0.1]
      [Object Copy (ms): Min: 186.7, Avg: 186.9, Max: 187.1, Diff: 0.4, Sum: 747.7]
      [Termination (ms): Min: 0.0, Avg: 0.0, Max: 0.0, Diff: 0.0, Sum: 0.1]
         [Termination Attempts: Min: 16, Avg: 21.5, Max: 27, Diff: 11, Sum: 86]
      [GC Worker Other (ms): Min: 0.0, Avg: 0.1, Max: 0.1, Diff: 0.0, Sum: 0.2]
      [GC Worker Total (ms): Min: 210.7, Avg: 210.7, Max: 210.7, Diff: 0.0, Sum: 842.7]
      [GC Worker End (ms): Min: 22930168.8, Avg: 22930168.8, Max: 22930168.8, Diff: 0.0]
   [Code Root Fixup: 0.0 ms]
   [Code Root Purge: 0.0 ms]
   [String Dedup Fixup: 3.9 ms, GC Workers: 4]
      [Queue Fixup (ms): Min: 0.0, Avg: 0.0, Max: 0.0, Diff: 0.0, Sum: 0.0]
      [Table Fixup (ms): Min: 3.3, Avg: 3.4, Max: 3.4, Diff: 0.1, Sum: 13.5]
   [Clear CT: 0.4 ms]
   [Other: 5.3 ms]
      [Choose CSet: 0.0 ms]
      [Ref Proc: 0.1 ms]
      [Ref Enq: 0.0 ms]
      [Redirty Cards: 0.1 ms]
      [Humongous Register: 0.9 ms]
      [Humongous Reclaim: 0.2 ms]
      [Free CSet: 2.7 ms]
   [Eden: 2402.0M(2402.0M)->0.0B(134.0M) Survivors: 98.0M->178.0M Heap: 5196.2M(6278.0M)->2847.9M(6278.0M)]
 [Times: user=0.78 sys=0.08, real=0.22 secs] 
2021-03-08T17:06:05.474+0800: 22930.178: Total time for which application threads were stopped: 0.2301632 seconds, Stopping threads took: 0.0021062 seconds
2021-03-08T17:06:05.474+0800: 22930.178: [GC concurrent-string-deduplication, 44.7K->23.4K(21.3K), avg 63.1%, 0.0004425 secs]
   [Last Exec: 0.0004425 secs, Idle: 7.9604825 secs, Blocked: 0/0.0000000 secs]
      [Inspected:             769]
         [Skipped:              0(  0.0%)]
         [Hashed:             496( 64.5%)]
         [Known:                0(  0.0%)]
         [New:                769(100.0%)     44.7K]
      [Deduplicated:          497( 64.6%)     21.3K( 47.7%)]
         [Young:              497(100.0%)     21.3K(100.0%)]
         [Old:                  0(  0.0%)      0.0B(  0.0%)]
   [Total Exec: 2776/1.7605599 secs, Idle: 2776/22921.8103490 secs, Blocked: 36/6.0671595 secs]
      [Inspected:         2756598]
         [Skipped:              0(  0.0%)]
         [Hashed:         2138631( 77.6%)]
         [Known:            34947(  1.3%)]
         [New:            2721651( 98.7%)    149.1M]
      [Deduplicated:      2093481( 76.9%)     94.1M( 63.1%)]
         [Young:           884720( 42.3%)     41.8M( 44.4%)]
         [Old:            1208761( 57.7%)     52.3M( 55.6%)]
   [Table]
      [Memory Usage: 2664.0K]
      [Size: 65536, Min: 1024, Max: 16777216]
      [Entries: 91819, Load: 140.1%, Cached: 0, Added: 662623, Removed: 570804]
      [Resize Count: 6, Shrink Threshold: 43690(66.7%), Grow Threshold: 131072(200.0%)]
      [Rehash Count: 0, Rehash Threshold: 120, Hash Seed: 0x0]
      [Age Threshold: 3]
   [Queue]
      [Dropped: 0]
[GC concurrent-string-deduplication, deleted 0 entries, 0.0000008 secs]
2021-03-08T17:06:05.907+0800: 22930.611: [GC pause (G1 Evacuation Pause) (young), 0.3260784 secs]
   [Parallel Time: 320.6 ms, GC Workers: 4]
      [GC Worker Start (ms): Min: 22930611.5, Avg: 22930613.9, Max: 22930618.6, Diff: 7.1]
      [Ext Root Scanning (ms): Min: 1.7, Avg: 8.8, Max: 16.8, Diff: 15.2, Sum: 35.2]
      [Update RS (ms): Min: 19.4, Avg: 24.0, Max: 26.2, Diff: 6.7, Sum: 95.9]
         [Processed Buffers: Min: 12, Avg: 18.5, Max: 25, Diff: 13, Sum: 74]
      [Scan RS (ms): Min: 0.0, Avg: 0.1, Max: 0.1, Diff: 0.1, Sum: 0.2]
      [Code Root Scanning (ms): Min: 0.0, Avg: 0.0, Max: 0.0, Diff: 0.0, Sum: 0.0]
      [Object Copy (ms): Min: 284.2, Avg: 285.3, Max: 286.0, Diff: 1.8, Sum: 1141.2]
      [Termination (ms): Min: 0.0, Avg: 0.0, Max: 0.0, Diff: 0.0, Sum: 0.1]
         [Termination Attempts: Min: 21, Avg: 28.0, Max: 33, Diff: 12, Sum: 112]
      [GC Worker Other (ms): Min: 0.0, Avg: 0.0, Max: 0.0, Diff: 0.0, Sum: 0.1]
      [GC Worker Total (ms): Min: 313.5, Avg: 318.2, Max: 320.6, Diff: 7.1, Sum: 1272.8]
      [GC Worker End (ms): Min: 22930932.1, Avg: 22930932.1, Max: 22930932.1, Diff: 0.0]
   [Code Root Fixup: 0.0 ms]
   [Code Root Purge: 0.0 ms]
   [String Dedup Fixup: 2.2 ms, GC Workers: 4]
      [Queue Fixup (ms): Min: 0.0, Avg: 0.0, Max: 0.0, Diff: 0.0, Sum: 0.1]
      [Table Fixup (ms): Min: 2.1, Avg: 2.1, Max: 2.2, Diff: 0.1, Sum: 8.4]
   [Clear CT: 0.1 ms]
   [Other: 3.2 ms]
      [Choose CSet: 0.0 ms]
      [Ref Proc: 0.1 ms]
      [Ref Enq: 0.0 ms]
      [Redirty Cards: 0.6 ms]
      [Humongous Register: 0.3 ms]
      [Humongous Reclaim: 0.1 ms]
      [Free CSet: 0.5 ms]
   [Eden: 134.0M(134.0M)->0.0B(560.0M) Survivors: 178.0M->40.0M Heap: 2982.9M(6278.0M)->2904.3M(6278.0M)]
 [Times: user=1.16 sys=0.06, real=0.32 secs] 
2021-03-08T17:06:06.233+0800: 22930.937: Total time for which application threads were stopped: 0.3312247 seconds, Stopping threads took: 0.0004430 seconds
2021-03-08T17:06:06.235+0800: 22930.939: [GC concurrent-string-deduplication, 169.1K->47.6K(121.5K), avg 63.1%, 0.0015261 secs]
   [Last Exec: 0.0015261 secs, Idle: 0.7591048 secs, Blocked: 0/0.0000000 secs]
      [Inspected:            3586]
         [Skipped:              0(  0.0%)]
         [Hashed:            3055( 85.2%)]
         [Known:                0(  0.0%)]
         [New:               3586(100.0%)    169.1K]
      [Deduplicated:         3041( 84.8%)    121.5K( 71.9%)]
         [Young:                0(  0.0%)      0.0B(  0.0%)]
         [Old:               3041(100.0%)    121.5K(100.0%)]
   [Total Exec: 2777/1.7620859 secs, Idle: 2777/22922.5694537 secs, Blocked: 36/6.0671595 secs]
      [Inspected:         2760184]
         [Skipped:              0(  0.0%)]
         [Hashed:         2141686( 77.6%)]
         [Known:            34947(  1.3%)]
         [New:            2725237( 98.7%)    149.2M]
      [Deduplicated:      2096522( 76.9%)     94.2M( 63.1%)]
         [Young:           884720( 42.2%)     41.8M( 44.3%)]
         [Old:            1211802( 57.8%)     52.5M( 55.7%)]
   [Table]
      [Memory Usage: 2676.8K]
      [Size: 65536, Min: 1024, Max: 16777216]
      [Entries: 92364, Load: 140.9%, Cached: 0, Added: 663168, Removed: 570804]
      [Resize Count: 6, Shrink Threshold: 43690(66.7%), Grow Threshold: 131072(200.0%)]
      [Rehash Count: 0, Rehash Threshold: 120, Hash Seed: 0x0]
      [Age Threshold: 3]
   [Queue]
      [Dropped: 0]
[GC concurrent-string-deduplication, deleted 0 entries, 0.0000009 secs]
2021-03-08T17:06:06.295+0800: 22930.999: Total time for which application threads were stopped: 0.0190102 seconds, Stopping threads took: 0.0004336 seconds
2021-03-08T17:06:06.315+0800: 22931.019: Total time for which application threads were stopped: 0.0052647 seconds, Stopping threads took: 0.0004326 seconds
2021-03-08T17:06:06.318+0800: 22931.023: Total time for which application threads were stopped: 0.0037279 seconds, Stopping threads took: 0.0001663 seconds
2021-03-08T17:06:06.322+0800: 22931.026: Total time for which application threads were stopped: 0.0031256 seconds, Stopping threads took: 0.0001903 seconds
2021-03-08T17:06:06.376+0800: 22931.080: Total time for which application threads were stopped: 0.0039524 seconds, Stopping threads took: 0.0004203 seconds
2021-03-08T17:06:06.388+0800: 22931.092: Total time for which application threads were stopped: 0.0121818 seconds, Stopping threads took: 0.0001412 seconds
2021-03-08T17:06:06.403+0800: 22931.107: Total time for which application threads were stopped: 0.0143776 seconds, Stopping threads took: 0.0005551 seconds
2021-03-08T17:06:06.406+0800: 22931.110: Total time for which application threads were stopped: 0.0036564 seconds, Stopping threads took: 0.0001364 seconds
2021-03-08T17:06:06.410+0800: 22931.114: Total time for which application threads were stopped: 0.0034869 seconds, Stopping threads took: 0.0002892 seconds
2021-03-08T17:06:06.419+0800: 22931.123: Total time for which application threads were stopped: 0.0039996 seconds, Stopping threads took: 0.0003704 seconds
2021-03-08T17:06:06.425+0800: 22931.129: Total time for which application threads were stopped: 0.0039469 seconds, Stopping threads took: 0.0002340 seconds
2021-03-08T17:06:06.429+0800: 22931.133: Total time for which application threads were stopped: 0.0038529 seconds, Stopping threads took: 0.0002407 seconds
2021-03-08T17:06:06.446+0800: 22931.150: Total time for which application threads were stopped: 0.0042967 seconds, Stopping threads took: 0.0005751 seconds
2021-03-08T17:06:06.450+0800: 22931.154: Total time for which application threads were stopped: 0.0037576 seconds, Stopping threads took: 0.0001541 seconds
2021-03-08T17:06:06.454+0800: 22931.158: Total time for which application threads were stopped: 0.0035316 seconds, Stopping threads took: 0.0001145 seconds
2021-03-08T17:06:07.394+0800: 22932.098: [GC pause (G1 Humongous Allocation) (young) (initial-mark), 0.1869745 secs]
   [Parallel Time: 174.1 ms, GC Workers: 4]
      [GC Worker Start (ms): Min: 22932099.3, Avg: 22932102.1, Max: 22932105.2, Diff: 5.9]
      [Ext Root Scanning (ms): Min: 7.4, Avg: 9.8, Max: 13.5, Diff: 6.1, Sum: 39.4]
      [Update RS (ms): Min: 51.3, Avg: 53.4, Max: 56.1, Diff: 4.8, Sum: 213.6]
         [Processed Buffers: Min: 89, Avg: 114.8, Max: 133, Diff: 44, Sum: 459]
      [Scan RS (ms): Min: 2.3, Avg: 2.9, Max: 3.2, Diff: 0.9, Sum: 11.8]
      [Code Root Scanning (ms): Min: 0.0, Avg: 0.0, Max: 0.0, Diff: 0.0, Sum: 0.0]
      [Object Copy (ms): Min: 97.7, Avg: 98.3, Max: 99.3, Diff: 1.6, Sum: 393.1]
      [Termination (ms): Min: 0.1, Avg: 0.1, Max: 0.2, Diff: 0.0, Sum: 0.6]
         [Termination Attempts: Min: 220, Avg: 240.8, Max: 289, Diff: 69, Sum: 963]
      [GC Worker Other (ms): Min: 0.0, Avg: 0.9, Max: 3.5, Diff: 3.5, Sum: 3.6]
      [GC Worker Total (ms): Min: 161.5, Avg: 165.5, Max: 170.9, Diff: 9.4, Sum: 662.1]
      [GC Worker End (ms): Min: 22932266.7, Avg: 22932267.6, Max: 22932270.2, Diff: 3.5]
   [Code Root Fixup: 0.0 ms]
   [Code Root Purge: 0.0 ms]
   [String Dedup Fixup: 7.7 ms, GC Workers: 4]
      [Queue Fixup (ms): Min: 0.0, Avg: 0.0, Max: 0.0, Diff: 0.0, Sum: 0.0]
      [Table Fixup (ms): Min: 0.0, Avg: 2.2, Max: 3.1, Diff: 3.1, Sum: 8.9]
   [Clear CT: 0.2 ms]
   [Other: 4.9 ms]
      [Choose CSet: 0.0 ms]
      [Ref Proc: 1.3 ms]
      [Ref Enq: 0.0 ms]
      [Redirty Cards: 0.4 ms]
      [Humongous Register: 0.1 ms]
      [Humongous Reclaim: 0.1 ms]
      [Free CSet: 0.6 ms]
   [Eden: 234.0M(560.0M)->0.0B(306.0M) Survivors: 40.0M->50.0M Heap: 3137.2M(6278.0M)->2953.5M(6278.0M)]
 [Times: user=0.59 sys=0.03, real=0.19 secs] 
2021-03-08T17:06:07.581+0800: 22932.286: [GC concurrent-root-region-scan-start]
2021-03-08T17:06:07.582+0800: 22932.286: Total time for which application threads were stopped: 0.1921983 seconds, Stopping threads took: 0.0004051 seconds
2021-03-08T17:06:07.583+0800: 22932.287: [GC concurrent-string-deduplication, 4704.0B->1832.0B(2872.0B), avg 63.1%, 0.0001017 secs]
   [Last Exec: 0.0001017 secs, Idle: 1.3481022 secs, Blocked: 0/0.0000000 secs]
      [Inspected:              90]
         [Skipped:              0(  0.0%)]
         [Hashed:              90(100.0%)]
         [Known:                0(  0.0%)]
         [New:                 90(100.0%)   4704.0B]
      [Deduplicated:           65( 72.2%)   2872.0B( 61.1%)]
         [Young:                0(  0.0%)      0.0B(  0.0%)]
         [Old:                 65(100.0%)   2872.0B(100.0%)]
   [Total Exec: 2778/1.7621876 secs, Idle: 2778/22923.9175559 secs, Blocked: 36/6.0671595 secs]
      [Inspected:         2760274]
         [Skipped:              0(  0.0%)]
         [Hashed:         2141776( 77.6%)]
         [Known:            34947(  1.3%)]
         [New:            2725327( 98.7%)    149.2M]
      [Deduplicated:      2096587( 76.9%)     94.2M( 63.1%)]
         [Young:           884720( 42.2%)     41.8M( 44.3%)]
         [Old:            1211867( 57.8%)     52.5M( 55.7%)]
   [Table]
      [Memory Usage: 2677.4K]
      [Size: 65536, Min: 1024, Max: 16777216]
      [Entries: 92389, Load: 141.0%, Cached: 0, Added: 663193, Removed: 570804]
      [Resize Count: 6, Shrink Threshold: 43690(66.7%), Grow Threshold: 131072(200.0%)]
      [Rehash Count: 0, Rehash Threshold: 120, Hash Seed: 0x0]
      [Age Threshold: 3]
   [Queue]
      [Dropped: 0]
[GC concurrent-string-deduplication, deleted 0 entries, 0.0000009 secs]
2021-03-08T17:06:07.608+0800: 22932.313: Total time for which application threads were stopped: 0.0042580 seconds, Stopping threads took: 0.0003936 seconds
2021-03-08T17:06:07.612+0800: 22932.317: Total time for which application threads were stopped: 0.0039255 seconds, Stopping threads took: 0.0001441 seconds
2021-03-08T17:06:07.621+0800: 22932.325: Total time for which application threads were stopped: 0.0073250 seconds, Stopping threads took: 0.0037077 seconds
2021-03-08T17:06:07.624+0800: 22932.329: Total time for which application threads were stopped: 0.0036410 seconds, Stopping threads took: 0.0002170 seconds
2021-03-08T17:06:07.644+0800: 22932.348: [GC concurrent-root-region-scan-end, 0.0627785 secs]
2021-03-08T17:06:07.644+0800: 22932.348: [GC concurrent-mark-start]
2021-03-08T17:06:08.233+0800: 22932.937: Total time for which application threads were stopped: 0.0041590 seconds, Stopping threads took: 0.0004066 seconds
2021-03-08T17:06:10.434+0800: 22935.139: [GC pause (G1 Evacuation Pause) (young), 0.2051587 secs]
   [Parallel Time: 199.7 ms, GC Workers: 4]
      [GC Worker Start (ms): Min: 22935139.3, Avg: 22935139.4, Max: 22935139.4, Diff: 0.1]
      [Ext Root Scanning (ms): Min: 2.9, Avg: 3.0, Max: 3.1, Diff: 0.3, Sum: 12.0]
      [Update RS (ms): Min: 50.6, Avg: 50.7, Max: 50.8, Diff: 0.2, Sum: 202.8]
         [Processed Buffers: Min: 88, Avg: 96.8, Max: 104, Diff: 16, Sum: 387]
      [Scan RS (ms): Min: 0.0, Avg: 0.1, Max: 0.1, Diff: 0.0, Sum: 0.2]
      [Code Root Scanning (ms): Min: 0.0, Avg: 0.0, Max: 0.0, Diff: 0.0, Sum: 0.0]
      [Object Copy (ms): Min: 145.2, Avg: 145.4, Max: 145.6, Diff: 0.4, Sum: 581.5]
      [Termination (ms): Min: 0.2, Avg: 0.3, Max: 0.4, Diff: 0.3, Sum: 1.3]
         [Termination Attempts: Min: 207, Avg: 227.8, Max: 236, Diff: 29, Sum: 911]
      [GC Worker Other (ms): Min: 0.0, Avg: 0.0, Max: 0.0, Diff: 0.0, Sum: 0.1]
      [GC Worker Total (ms): Min: 199.5, Avg: 199.5, Max: 199.6, Diff: 0.1, Sum: 798.1]
      [GC Worker End (ms): Min: 22935338.9, Avg: 22935338.9, Max: 22935338.9, Diff: 0.0]
   [Code Root Fixup: 0.0 ms]
   [Code Root Purge: 0.0 ms]
   [String Dedup Fixup: 2.1 ms, GC Workers: 4]
      [Queue Fixup (ms): Min: 0.0, Avg: 0.0, Max: 0.0, Diff: 0.0, Sum: 0.1]
      [Table Fixup (ms): Min: 2.0, Avg: 2.0, Max: 2.1, Diff: 0.0, Sum: 8.2]
   [Clear CT: 0.1 ms]
   [Other: 3.3 ms]
      [Choose CSet: 0.0 ms]
      [Ref Proc: 0.7 ms]
      [Ref Enq: 0.0 ms]
      [Redirty Cards: 0.2 ms]
      [Humongous Register: 0.4 ms]
      [Humongous Reclaim: 0.1 ms]
      [Free CSet: 0.6 ms]
   [Eden: 306.0M(306.0M)->0.0B(266.0M) Survivors: 50.0M->46.0M Heap: 3267.2M(6278.0M)->3042.5M(6278.0M)]
 [Times: user=0.77 sys=0.03, real=0.20 secs] 
2021-03-08T17:06:10.640+0800: 22935.344: Total time for which application threads were stopped: 0.2100074 seconds, Stopping threads took: 0.0004212 seconds
2021-03-08T17:06:10.644+0800: 22935.348: [GC concurrent-string-deduplication, 140.9K->1240.0B(139.7K), avg 63.2%, 0.0018721 secs]
   [Last Exec: 0.0018721 secs, Idle: 3.0588183 secs, Blocked: 0/0.0000000 secs]
      [Inspected:            3560]
         [Skipped:              0(  0.0%)]
         [Hashed:            3556( 99.9%)]
         [Known:                0(  0.0%)]
         [New:               3560(100.0%)    140.9K]
      [Deduplicated:         3554( 99.8%)    139.7K( 99.1%)]
         [Young:                0(  0.0%)      0.0B(  0.0%)]
         [Old:               3554(100.0%)    139.7K(100.0%)]
   [Total Exec: 2779/1.7640597 secs, Idle: 2779/22926.9763742 secs, Blocked: 36/6.0671595 secs]
      [Inspected:         2763834]
         [Skipped:              0(  0.0%)]
         [Hashed:         2145332( 77.6%)]
         [Known:            34947(  1.3%)]
         [New:            2728887( 98.7%)    149.4M]
      [Deduplicated:      2100141( 77.0%)     94.3M( 63.2%)]
         [Young:           884720( 42.1%)     41.8M( 44.3%)]
         [Old:            1215421( 57.9%)     52.6M( 55.7%)]
   [Table]
      [Memory Usage: 2677.5K]
      [Size: 65536, Min: 1024, Max: 16777216]
      [Entries: 92395, Load: 141.0%, Cached: 0, Added: 663199, Removed: 570804]
      [Resize Count: 6, Shrink Threshold: 43690(66.7%), Grow Threshold: 131072(200.0%)]
      [Rehash Count: 0, Rehash Threshold: 120, Hash Seed: 0x0]
      [Age Threshold: 3]
   [Queue]
      [Dropped: 0]
[GC concurrent-string-deduplication, deleted 0 entries, 0.0000007 secs]
2021-03-08T17:06:11.777+0800: 22936.481: [GC concurrent-mark-end, 4.1324646 secs]
2021-03-08T17:06:11.782+0800: 22936.486: [GC remark 2021-03-08T17:06:11.782+0800: 22936.486: [Finalize Marking, 0.0008896 secs] 2021-03-08T17:06:11.783+0800: 22936.487: [GC ref-proc, 0.0065797 secs] 2021-03-08T17:06:11.789+0800: 22936.493: [Unloading, 0.0389038 secs], 0.0522571 secs]
 [Times: user=0.12 sys=0.04, real=0.06 secs] 
2021-03-08T17:06:11.834+0800: 22936.539: Total time for which application threads were stopped: 0.0577289 seconds, Stopping threads took: 0.0005638 seconds
2021-03-08T17:06:11.838+0800: 22936.542: [GC cleanup 3154M->1595M(6278M), 0.0126121 secs]
 [Times: user=0.04 sys=0.01, real=0.01 secs] 
2021-03-08T17:06:11.851+0800: 22936.556: Total time for which application threads were stopped: 0.0167997 seconds, Stopping threads took: 0.0001464 seconds
2021-03-08T17:06:11.851+0800: 22936.556: [GC concurrent-cleanup-start]
2021-03-08T17:06:11.856+0800: 22936.561: [GC concurrent-cleanup-end, 0.0050776 secs]
2021-03-08T17:06:13.341+0800: 22938.045: [GC pause (G1 Evacuation Pause) (young), 0.1665537 secs]
   [Parallel Time: 158.4 ms, GC Workers: 4]
      [GC Worker Start (ms): Min: 22938048.5, Avg: 22938048.5, Max: 22938048.5, Diff: 0.0]
      [Ext Root Scanning (ms): Min: 3.2, Avg: 3.5, Max: 3.8, Diff: 0.6, Sum: 14.0]
      [Update RS (ms): Min: 21.6, Avg: 21.9, Max: 22.4, Diff: 0.8, Sum: 87.7]
         [Processed Buffers: Min: 54, Avg: 62.5, Max: 85, Diff: 31, Sum: 250]
      [Scan RS (ms): Min: 0.0, Avg: 0.2, Max: 0.3, Diff: 0.3, Sum: 0.8]
      [Code Root Scanning (ms): Min: 0.0, Avg: 0.0, Max: 0.0, Diff: 0.0, Sum: 0.0]
      [Object Copy (ms): Min: 132.3, Avg: 132.7, Max: 133.0, Diff: 0.7, Sum: 530.6]
      [Termination (ms): Min: 0.0, Avg: 0.0, Max: 0.0, Diff: 0.0, Sum: 0.1]
         [Termination Attempts: Min: 14, Avg: 16.5, Max: 19, Diff: 5, Sum: 66]
      [GC Worker Other (ms): Min: 0.0, Avg: 0.0, Max: 0.0, Diff: 0.0, Sum: 0.1]
      [GC Worker Total (ms): Min: 158.3, Avg: 158.3, Max: 158.3, Diff: 0.0, Sum: 633.3]
      [GC Worker End (ms): Min: 22938206.8, Avg: 22938206.8, Max: 22938206.8, Diff: 0.0]
   [Code Root Fixup: 0.0 ms]
   [Code Root Purge: 0.0 ms]
   [String Dedup Fixup: 2.5 ms, GC Workers: 4]
      [Queue Fixup (ms): Min: 0.0, Avg: 0.0, Max: 0.0, Diff: 0.0, Sum: 0.1]
      [Table Fixup (ms): Min: 2.3, Avg: 2.4, Max: 2.4, Diff: 0.1, Sum: 9.5]
   [Clear CT: 0.1 ms]
   [Other: 5.6 ms]
      [Choose CSet: 0.0 ms]
      [Ref Proc: 0.1 ms]
      [Ref Enq: 0.0 ms]
      [Redirty Cards: 0.2 ms]
      [Humongous Register: 2.3 ms]
      [Humongous Reclaim: 0.1 ms]
      [Free CSet: 0.7 ms]
   [Eden: 266.0M(266.0M)->0.0B(272.0M) Survivors: 46.0M->40.0M Heap: 1749.0M(6278.0M)->1578.5M(6278.0M)]
 [Times: user=0.62 sys=0.03, real=0.17 secs] 
2021-03-08T17:06:13.508+0800: 22938.212: Total time for which application threads were stopped: 0.1745210 seconds, Stopping threads took: 0.0020212 seconds
2021-03-08T17:06:13.509+0800: 22938.214: [GC concurrent-string-deduplication, 146.5K->1440.0B(145.1K), avg 63.2%, 0.0014040 secs]
   [Last Exec: 0.0014040 secs, Idle: 2.8639484 secs, Blocked: 0/0.0000000 secs]
      [Inspected:            3764]
         [Skipped:              0(  0.0%)]
         [Hashed:            3764(100.0%)]
         [Known:                0(  0.0%)]
         [New:               3764(100.0%)    146.5K]
      [Deduplicated:         3749( 99.6%)    145.1K( 99.0%)]
         [Young:                0(  0.0%)      0.0B(  0.0%)]
         [Old:               3749(100.0%)    145.1K(100.0%)]
   [Total Exec: 2780/1.7654637 secs, Idle: 2780/22929.8403227 secs, Blocked: 36/6.0671595 secs]
      [Inspected:         2767598]
         [Skipped:              0(  0.0%)]
         [Hashed:         2149096( 77.7%)]
         [Known:            34947(  1.3%)]
         [New:            2732651( 98.7%)    149.5M]
      [Deduplicated:      2103890( 77.0%)     94.5M( 63.2%)]
         [Young:           884720( 42.1%)     41.8M( 44.2%)]
         [Old:            1219170( 57.9%)     52.7M( 55.8%)]
   [Table]
      [Memory Usage: 2348.1K]
      [Size: 65536, Min: 1024, Max: 16777216]
      [Entries: 71804, Load: 109.6%, Cached: 6537, Added: 663214, Removed: 591410]
      [Resize Count: 6, Shrink Threshold: 43690(66.7%), Grow Threshold: 131072(200.0%)]
      [Rehash Count: 0, Rehash Threshold: 120, Hash Seed: 0x0]
      [Age Threshold: 3]
   [Queue]
      [Dropped: 0]
[GC concurrent-string-deduplication, deleted 14054 entries, 0.0022268 secs]
2021-03-08T17:06:14.238+0800: 22938.943: [GC pause (G1 Evacuation Pause) (mixed), 0.1175217 secs]
   [Parallel Time: 112.5 ms, GC Workers: 4]
      [GC Worker Start (ms): Min: 22938943.2, Avg: 22938943.7, Max: 22938944.3, Diff: 1.0]
      [Ext Root Scanning (ms): Min: 2.4, Avg: 3.0, Max: 3.5, Diff: 1.1, Sum: 11.9]
      [Update RS (ms): Min: 29.5, Avg: 29.8, Max: 30.0, Diff: 0.5, Sum: 119.3]
         [Processed Buffers: Min: 79, Avg: 88.8, Max: 98, Diff: 19, Sum: 355]
      [Scan RS (ms): Min: 2.1, Avg: 3.9, Max: 4.7, Diff: 2.6, Sum: 15.5]
      [Code Root Scanning (ms): Min: 0.0, Avg: 0.6, Max: 2.2, Diff: 2.2, Sum: 2.4]
      [Object Copy (ms): Min: 74.4, Avg: 74.6, Max: 74.7, Diff: 0.3, Sum: 298.3]
      [Termination (ms): Min: 0.0, Avg: 0.0, Max: 0.0, Diff: 0.0, Sum: 0.1]
         [Termination Attempts: Min: 51, Avg: 56.8, Max: 70, Diff: 19, Sum: 227]
      [GC Worker Other (ms): Min: 0.0, Avg: 0.0, Max: 0.0, Diff: 0.0, Sum: 0.1]
      [GC Worker Total (ms): Min: 111.4, Avg: 111.9, Max: 112.4, Diff: 1.0, Sum: 447.7]
      [GC Worker End (ms): Min: 22939055.7, Avg: 22939055.7, Max: 22939055.7, Diff: 0.0]
   [Code Root Fixup: 0.1 ms]
   [Code Root Purge: 0.0 ms]
   [String Dedup Fixup: 1.6 ms, GC Workers: 4]
      [Queue Fixup (ms): Min: 0.0, Avg: 0.0, Max: 0.0, Diff: 0.0, Sum: 0.0]
      [Table Fixup (ms): Min: 1.6, Avg: 1.6, Max: 1.6, Diff: 0.0, Sum: 6.3]
   [Clear CT: 0.4 ms]
   [Other: 3.0 ms]
      [Choose CSet: 0.1 ms]
      [Ref Proc: 0.1 ms]
      [Ref Enq: 0.0 ms]
      [Redirty Cards: 0.1 ms]
      [Humongous Register: 0.2 ms]
      [Humongous Reclaim: 0.0 ms]
      [Free CSet: 1.1 ms]
   [Eden: 272.0M(272.0M)->0.0B(468.0M) Survivors: 40.0M->38.0M Heap: 1850.5M(6278.0M)->1489.5M(6278.0M)]
 [Times: user=0.44 sys=0.02, real=0.12 secs] 
2021-03-08T17:06:14.357+0800: 22939.061: Total time for which application threads were stopped: 0.1222219 seconds, Stopping threads took: 0.0003853 seconds
2021-03-08T17:06:14.360+0800: 22939.065: Total time for which application threads were stopped: 0.0038331 seconds, Stopping threads took: 0.0001656 seconds
2021-03-08T17:06:14.364+0800: 22939.068: Total time for which application threads were stopped: 0.0032063 seconds, Stopping threads took: 0.0001229 seconds
2021-03-08T17:06:14.367+0800: 22939.071: Total time for which application threads were stopped: 0.0028619 seconds, Stopping threads took: 0.0001186 seconds
2021-03-08T17:06:14.367+0800: 22939.072: [GC concurrent-string-deduplication, 77.8K->0.0B(77.8K), avg 63.2%, 0.0007988 secs]
   [Last Exec: 0.0007988 secs, Idle: 0.8449074 secs, Blocked: 3/0.0099733 secs]
      [Inspected:            2026]
         [Skipped:              0(  0.0%)]
         [Hashed:            2026(100.0%)]
         [Known:                0(  0.0%)]
         [New:               2026(100.0%)     77.8K]
      [Deduplicated:         2026(100.0%)     77.8K(100.0%)]
         [Young:                0(  0.0%)      0.0B(  0.0%)]
         [Old:               2026(100.0%)     77.8K(100.0%)]
   [Total Exec: 2781/1.7662626 secs, Idle: 2781/22930.6852301 secs, Blocked: 39/6.0771328 secs]
      [Inspected:         2769624]
         [Skipped:              0(  0.0%)]
         [Hashed:         2151122( 77.7%)]
         [Known:            34947(  1.3%)]
         [New:            2734677( 98.7%)    149.6M]
      [Deduplicated:      2105916( 77.0%)     94.6M( 63.2%)]
         [Young:           884720( 42.0%)     41.8M( 44.2%)]
         [Old:            1221196( 58.0%)     52.8M( 55.8%)]
   [Table]
      [Memory Usage: 2348.1K]
      [Size: 65536, Min: 1024, Max: 16777216]
      [Entries: 71804, Load: 109.6%, Cached: 6537, Added: 663214, Removed: 591410]
      [Resize Count: 6, Shrink Threshold: 43690(66.7%), Grow Threshold: 131072(200.0%)]
      [Rehash Count: 0, Rehash Threshold: 120, Hash Seed: 0x0]
      [Age Threshold: 3]
   [Queue]
      [Dropped: 0]
[GC concurrent-string-deduplication, deleted 0 entries, 0.0000008 secs]
2021-03-08T17:06:15.433+0800: 22940.137: [GC pause (G1 Evacuation Pause) (young), 0.1040440 secs]
   [Parallel Time: 99.1 ms, GC Workers: 4]
      [GC Worker Start (ms): Min: 22940137.5, Avg: 22940140.6, Max: 22940143.6, Diff: 6.2]
      [Ext Root Scanning (ms): Min: 0.1, Avg: 2.7, Max: 5.5, Diff: 5.4, Sum: 10.8]
      [Update RS (ms): Min: 10.9, Avg: 11.2, Max: 11.6, Diff: 0.7, Sum: 44.8]
         [Processed Buffers: Min: 24, Avg: 37.0, Max: 45, Diff: 21, Sum: 148]
      [Scan RS (ms): Min: 0.0, Avg: 0.1, Max: 0.1, Diff: 0.1, Sum: 0.3]
      [Code Root Scanning (ms): Min: 0.0, Avg: 0.0, Max: 0.0, Diff: 0.0, Sum: 0.0]
      [Object Copy (ms): Min: 80.7, Avg: 80.8, Max: 81.1, Diff: 0.5, Sum: 323.3]
      [Termination (ms): Min: 0.0, Avg: 0.0, Max: 0.1, Diff: 0.0, Sum: 0.2]
         [Termination Attempts: Min: 42, Avg: 56.5, Max: 67, Diff: 25, Sum: 226]
      [GC Worker Other (ms): Min: 0.0, Avg: 0.0, Max: 0.1, Diff: 0.0, Sum: 0.1]
      [GC Worker Total (ms): Min: 91.8, Avg: 94.9, Max: 97.9, Diff: 6.1, Sum: 379.5]
      [GC Worker End (ms): Min: 22940235.4, Avg: 22940235.4, Max: 22940235.5, Diff: 0.0]
   [Code Root Fixup: 0.0 ms]
   [Code Root Purge: 0.0 ms]
   [String Dedup Fixup: 2.0 ms, GC Workers: 4]
      [Queue Fixup (ms): Min: 0.0, Avg: 0.0, Max: 0.0, Diff: 0.0, Sum: 0.0]
      [Table Fixup (ms): Min: 0.7, Avg: 1.6, Max: 1.9, Diff: 1.2, Sum: 6.3]
   [Clear CT: 0.1 ms]
   [Other: 2.8 ms]
      [Choose CSet: 0.0 ms]
      [Ref Proc: 0.3 ms]
      [Ref Enq: 0.0 ms]
      [Redirty Cards: 0.1 ms]
      [Humongous Register: 0.2 ms]
      [Humongous Reclaim: 0.1 ms]
      [Free CSet: 0.8 ms]
   [Eden: 468.0M(468.0M)->0.0B(564.0M) Survivors: 38.0M->46.0M Heap: 1957.5M(6278.0M)->1532.1M(6278.0M)]
 [Times: user=0.36 sys=0.02, real=0.11 secs] 
2021-03-08T17:06:15.537+0800: 22940.242: Total time for which application threads were stopped: 0.1086566 seconds, Stopping threads took: 0.0004170 seconds
2021-03-08T17:06:15.538+0800: 22940.242: [GC concurrent-string-deduplication, 34.2K->0.0B(34.2K), avg 63.2%, 0.0003319 secs]
   [Last Exec: 0.0003319 secs, Idle: 1.1700136 secs, Blocked: 0/0.0000000 secs]
      [Inspected:             865]
         [Skipped:              0(  0.0%)]
         [Hashed:             865(100.0%)]
         [Known:                0(  0.0%)]
         [New:                865(100.0%)     34.2K]
      [Deduplicated:          865(100.0%)     34.2K(100.0%)]
         [Young:                0(  0.0%)      0.0B(  0.0%)]
         [Old:                865(100.0%)     34.2K(100.0%)]
   [Total Exec: 2782/1.7665944 secs, Idle: 2782/22931.8552437 secs, Blocked: 39/6.0771328 secs]
      [Inspected:         2770489]
         [Skipped:              0(  0.0%)]
         [Hashed:         2151987( 77.7%)]
         [Known:            34947(  1.3%)]
         [New:            2735542( 98.7%)    149.6M]
      [Deduplicated:      2106781( 77.0%)     94.6M( 63.2%)]
         [Young:           884720( 42.0%)     41.8M( 44.1%)]
         [Old:            1222061( 58.0%)     52.8M( 55.9%)]
   [Table]
      [Memory Usage: 2348.1K]
      [Size: 65536, Min: 1024, Max: 16777216]
      [Entries: 71804, Load: 109.6%, Cached: 6537, Added: 663214, Removed: 591410]
      [Resize Count: 6, Shrink Threshold: 43690(66.7%), Grow Threshold: 131072(200.0%)]
      [Rehash Count: 0, Rehash Threshold: 120, Hash Seed: 0x0]
      [Age Threshold: 3]
   [Queue]
      [Dropped: 0]
[GC concurrent-string-deduplication, deleted 0 entries, 0.0000008 secs]
2021-03-08T17:06:17.157+0800: 22941.861: [GC pause (G1 Evacuation Pause) (young), 0.1237051 secs]
   [Parallel Time: 118.9 ms, GC Workers: 4]
      [GC Worker Start (ms): Min: 22941861.7, Avg: 22941861.7, Max: 22941861.7, Diff: 0.0]
      [Ext Root Scanning (ms): Min: 3.2, Avg: 3.3, Max: 3.5, Diff: 0.3, Sum: 13.3]
      [Update RS (ms): Min: 8.1, Avg: 8.2, Max: 8.4, Diff: 0.2, Sum: 33.0]
         [Processed Buffers: Min: 23, Avg: 31.8, Max: 43, Diff: 20, Sum: 127]
      [Scan RS (ms): Min: 0.0, Avg: 0.1, Max: 0.2, Diff: 0.2, Sum: 0.4]
      [Code Root Scanning (ms): Min: 0.0, Avg: 0.0, Max: 0.0, Diff: 0.0, Sum: 0.0]
      [Object Copy (ms): Min: 106.9, Avg: 107.2, Max: 107.3, Diff: 0.4, Sum: 428.7]
      [Termination (ms): Min: 0.0, Avg: 0.0, Max: 0.0, Diff: 0.0, Sum: 0.0]
         [Termination Attempts: Min: 12, Avg: 14.5, Max: 18, Diff: 6, Sum: 58]
      [GC Worker Other (ms): Min: 0.0, Avg: 0.0, Max: 0.0, Diff: 0.0, Sum: 0.1]
      [GC Worker Total (ms): Min: 118.9, Avg: 118.9, Max: 118.9, Diff: 0.0, Sum: 475.5]
      [GC Worker End (ms): Min: 22941980.6, Avg: 22941980.6, Max: 22941980.6, Diff: 0.0]
   [Code Root Fixup: 0.0 ms]
   [Code Root Purge: 0.0 ms]
   [String Dedup Fixup: 1.8 ms, GC Workers: 4]
      [Queue Fixup (ms): Min: 0.0, Avg: 0.0, Max: 0.0, Diff: 0.0, Sum: 0.0]
      [Table Fixup (ms): Min: 1.7, Avg: 1.8, Max: 1.8, Diff: 0.1, Sum: 7.1]
   [Clear CT: 0.1 ms]
   [Other: 2.8 ms]
      [Choose CSet: 0.0 ms]
      [Ref Proc: 0.1 ms]
      [Ref Enq: 0.0 ms]
      [Redirty Cards: 0.1 ms]
      [Humongous Register: 0.2 ms]
      [Humongous Reclaim: 0.1 ms]
      [Free CSet: 0.9 ms]
   [Eden: 564.0M(564.0M)->0.0B(620.0M) Survivors: 46.0M->66.0M Heap: 2096.1M(6278.0M)->1597.5M(6278.0M)]
 [Times: user=0.44 sys=0.05, real=0.12 secs] 
2021-03-08T17:06:17.281+0800: 22941.985: Total time for which application threads were stopped: 0.1290813 seconds, Stopping threads took: 0.0007884 seconds
2021-03-08T17:06:17.282+0800: 22941.986: [GC concurrent-string-deduplication, 59.3K->0.0B(59.3K), avg 63.2%, 0.0006999 secs]
   [Last Exec: 0.0006999 secs, Idle: 1.7433540 secs, Blocked: 0/0.0000000 secs]
      [Inspected:            1530]
         [Skipped:              0(  0.0%)]
         [Hashed:            1530(100.0%)]
         [Known:                0(  0.0%)]
         [New:               1530(100.0%)     59.3K]
      [Deduplicated:         1530(100.0%)     59.3K(100.0%)]
         [Young:                0(  0.0%)      0.0B(  0.0%)]
         [Old:               1530(100.0%)     59.3K(100.0%)]
   [Total Exec: 2783/1.7672943 secs, Idle: 2783/22933.5985977 secs, Blocked: 39/6.0771328 secs]
      [Inspected:         2772019]
         [Skipped:              0(  0.0%)]
         [Hashed:         2153517( 77.7%)]
         [Known:            34947(  1.3%)]
         [New:            2737072( 98.7%)    149.7M]
      [Deduplicated:      2108311( 77.0%)     94.7M( 63.2%)]
         [Young:           884720( 42.0%)     41.8M( 44.1%)]
         [Old:            1223591( 58.0%)     52.9M( 55.9%)]
   [Table]
      [Memory Usage: 2348.1K]
      [Size: 65536, Min: 1024, Max: 16777216]
      [Entries: 71804, Load: 109.6%, Cached: 6537, Added: 663214, Removed: 591410]
      [Resize Count: 6, Shrink Threshold: 43690(66.7%), Grow Threshold: 131072(200.0%)]
      [Rehash Count: 0, Rehash Threshold: 120, Hash Seed: 0x0]
      [Age Threshold: 3]
   [Queue]
      [Dropped: 0]
[GC concurrent-string-deduplication, deleted 0 entries, 0.0000008 secs]
2021-03-08T17:06:18.749+0800: 22943.454: Total time for which application threads were stopped: 0.0046523 seconds, Stopping threads took: 0.0006056 seconds
2021-03-08T17:06:18.753+0800: 22943.457: Total time for which application threads were stopped: 0.0036448 seconds, Stopping threads took: 0.0001407 seconds
2021-03-08T17:06:18.757+0800: 22943.461: Total time for which application threads were stopped: 0.0039875 seconds, Stopping threads took: 0.0001291 seconds
2021-03-08T17:06:18.767+0800: 22943.471: Total time for which application threads were stopped: 0.0051497 seconds, Stopping threads took: 0.0015241 seconds
2021-03-08T17:06:18.770+0800: 22943.475: Total time for which application threads were stopped: 0.0032986 seconds, Stopping threads took: 0.0001552 seconds
2021-03-08T17:06:18.777+0800: 22943.481: Total time for which application threads were stopped: 0.0037451 seconds, Stopping threads took: 0.0002739 seconds
2021-03-08T17:06:18.780+0800: 22943.485: Total time for which application threads were stopped: 0.0032939 seconds, Stopping threads took: 0.0001345 seconds
2021-03-08T17:06:18.798+0800: 22943.503: Total time for which application threads were stopped: 0.0039414 seconds, Stopping threads took: 0.0004439 seconds
2021-03-08T17:06:18.802+0800: 22943.506: Total time for which application threads were stopped: 0.0030233 seconds, Stopping threads took: 0.0001298 seconds
2021-03-08T17:06:18.805+0800: 22943.509: Total time for which application threads were stopped: 0.0028281 seconds, Stopping threads took: 0.0001155 seconds
2021-03-08T17:06:20.543+0800: 22945.247: [GC pause (G1 Evacuation Pause) (young), 0.1740198 secs]
   [Parallel Time: 169.1 ms, GC Workers: 4]
      [GC Worker Start (ms): Min: 22945247.6, Avg: 22945254.1, Max: 22945256.3, Diff: 8.6]
      [Ext Root Scanning (ms): Min: 1.1, Avg: 3.3, Max: 9.5, Diff: 8.4, Sum: 13.1]
      [Update RS (ms): Min: 17.8, Avg: 18.9, Max: 22.0, Diff: 4.2, Sum: 75.6]
         [Processed Buffers: Min: 12, Avg: 46.5, Max: 63, Diff: 51, Sum: 186]
      [Scan RS (ms): Min: 0.0, Avg: 0.1, Max: 0.2, Diff: 0.1, Sum: 0.4]
      [Code Root Scanning (ms): Min: 0.0, Avg: 0.0, Max: 0.0, Diff: 0.0, Sum: 0.0]
      [Object Copy (ms): Min: 136.8, Avg: 139.9, Max: 141.2, Diff: 4.4, Sum: 559.6]
      [Termination (ms): Min: 0.0, Avg: 0.0, Max: 0.0, Diff: 0.0, Sum: 0.1]
         [Termination Attempts: Min: 25, Avg: 28.8, Max: 33, Diff: 8, Sum: 115]
      [GC Worker Other (ms): Min: 0.1, Avg: 0.1, Max: 0.2, Diff: 0.1, Sum: 0.5]
      [GC Worker Total (ms): Min: 160.2, Avg: 162.4, Max: 168.8, Diff: 8.7, Sum: 649.4]
      [GC Worker End (ms): Min: 22945416.4, Avg: 22945416.5, Max: 22945416.5, Diff: 0.0]
   [Code Root Fixup: 0.0 ms]
   [Code Root Purge: 0.0 ms]
   [String Dedup Fixup: 1.9 ms, GC Workers: 4]
      [Queue Fixup (ms): Min: 0.0, Avg: 0.0, Max: 0.0, Diff: 0.0, Sum: 0.1]
      [Table Fixup (ms): Min: 1.6, Avg: 1.6, Max: 1.6, Diff: 0.0, Sum: 6.5]
   [Clear CT: 0.2 ms]
   [Other: 2.9 ms]
      [Choose CSet: 0.0 ms]
      [Ref Proc: 0.1 ms]
      [Ref Enq: 0.0 ms]
      [Redirty Cards: 0.2 ms]
      [Humongous Register: 0.2 ms]
      [Humongous Reclaim: 0.1 ms]
      [Free CSet: 0.9 ms]
   [Eden: 620.0M(620.0M)->0.0B(720.0M) Survivors: 66.0M->58.0M Heap: 2220.2M(6278.0M)->1653.4M(6278.0M)]
 [Times: user=0.52 sys=0.03, real=0.18 secs] 
2021-03-08T17:06:20.718+0800: 22945.422: Total time for which application threads were stopped: 0.1820117 seconds, Stopping threads took: 0.0036282 seconds
2021-03-08T17:06:20.721+0800: 22945.425: [GC concurrent-string-deduplication, 102.0K->0.0B(102.0K), avg 63.3%, 0.0010870 secs]
   [Last Exec: 0.0010870 secs, Idle: 3.4380808 secs, Blocked: 0/0.0000000 secs]
      [Inspected:            2653]
         [Skipped:              0(  0.0%)]
         [Hashed:            2653(100.0%)]
         [Known:                0(  0.0%)]
         [New:               2653(100.0%)    102.0K]
      [Deduplicated:         2653(100.0%)    102.0K(100.0%)]
         [Young:                0(  0.0%)      0.0B(  0.0%)]
         [Old:               2653(100.0%)    102.0K(100.0%)]
   [Total Exec: 2784/1.7683813 secs, Idle: 2784/22937.0366785 secs, Blocked: 39/6.0771328 secs]
      [Inspected:         2774672]
         [Skipped:              0(  0.0%)]
         [Hashed:         2156170( 77.7%)]
         [Known:            34947(  1.3%)]
         [New:            2739725( 98.7%)    149.8M]
      [Deduplicated:      2110964( 77.1%)     94.8M( 63.3%)]
         [Young:           884720( 41.9%)     41.8M( 44.1%)]
         [Old:            1226244( 58.1%)     53.0M( 55.9%)]
   [Table]
      [Memory Usage: 2348.1K]
      [Size: 65536, Min: 1024, Max: 16777216]
      [Entries: 71811, Load: 109.6%, Cached: 6530, Added: 663221, Removed: 591410]
      [Resize Count: 6, Shrink Threshold: 43690(66.7%), Grow Threshold: 131072(200.0%)]
      [Rehash Count: 0, Rehash Threshold: 120, Hash Seed: 0x0]
      [Age Threshold: 3]
   [Queue]
      [Dropped: 0]
[GC concurrent-string-deduplication, deleted 0 entries, 0.0000009 secs]
2021-03-08T17:06:22.557+0800: 22947.261: [GC pause (G1 Evacuation Pause) (young), 0.1050800 secs]
   [Parallel Time: 99.9 ms, GC Workers: 4]
      [GC Worker Start (ms): Min: 22947262.0, Avg: 22947262.0, Max: 22947262.0, Diff: 0.0]
      [Ext Root Scanning (ms): Min: 3.3, Avg: 3.6, Max: 4.1, Diff: 0.8, Sum: 14.3]
      [Update RS (ms): Min: 23.3, Avg: 23.8, Max: 24.3, Diff: 1.0, Sum: 95.2]
         [Processed Buffers: Min: 94, Avg: 96.5, Max: 104, Diff: 10, Sum: 386]
      [Scan RS (ms): Min: 0.0, Avg: 0.1, Max: 0.2, Diff: 0.2, Sum: 0.5]
      [Code Root Scanning (ms): Min: 0.0, Avg: 0.0, Max: 0.0, Diff: 0.0, Sum: 0.0]
      [Object Copy (ms): Min: 72.1, Avg: 72.2, Max: 72.4, Diff: 0.3, Sum: 288.8]
      [Termination (ms): Min: 0.1, Avg: 0.1, Max: 0.1, Diff: 0.0, Sum: 0.3]
         [Termination Attempts: Min: 77, Avg: 84.8, Max: 92, Diff: 15, Sum: 339]
      [GC Worker Other (ms): Min: 0.0, Avg: 0.0, Max: 0.0, Diff: 0.0, Sum: 0.1]
      [GC Worker Total (ms): Min: 99.8, Avg: 99.8, Max: 99.8, Diff: 0.0, Sum: 399.2]
      [GC Worker End (ms): Min: 22947361.8, Avg: 22947361.8, Max: 22947361.8, Diff: 0.0]
   [Code Root Fixup: 0.0 ms]
   [Code Root Purge: 0.0 ms]
   [String Dedup Fixup: 1.6 ms, GC Workers: 4]
      [Queue Fixup (ms): Min: 0.0, Avg: 0.0, Max: 0.0, Diff: 0.0, Sum: 0.0]
      [Table Fixup (ms): Min: 1.5, Avg: 1.5, Max: 1.6, Diff: 0.1, Sum: 6.1]
   [Clear CT: 0.1 ms]
   [Other: 3.4 ms]
      [Choose CSet: 0.0 ms]
      [Ref Proc: 0.2 ms]
      [Ref Enq: 0.0 ms]
      [Redirty Cards: 0.1 ms]
      [Humongous Register: 0.2 ms]
      [Humongous Reclaim: 0.1 ms]
      [Free CSet: 1.0 ms]
   [Eden: 720.0M(720.0M)->0.0B(1034.0M) Survivors: 58.0M->18.0M Heap: 2392.6M(6278.0M)->1669.7M(6278.0M)]
 [Times: user=0.37 sys=0.04, real=0.55 secs] 
2021-03-08T17:06:23.106+0800: 22947.810: Total time for which application threads were stopped: 0.5537762 seconds, Stopping threads took: 0.0003771 seconds
2021-03-08T17:06:23.108+0800: 22947.812: [GC concurrent-string-deduplication, 95.2K->3688.0B(91.6K), avg 63.3%, 0.0009944 secs]
   [Last Exec: 0.0009944 secs, Idle: 2.3859521 secs, Blocked: 0/0.0000000 secs]
      [Inspected:            2357]
         [Skipped:              0(  0.0%)]
         [Hashed:            2345( 99.5%)]
         [Known:                7(  0.3%)]
         [New:               2350( 99.7%)     95.2K]
      [Deduplicated:         2328( 99.1%)     91.6K( 96.2%)]
         [Young:                0(  0.0%)      0.0B(  0.0%)]
         [Old:               2328(100.0%)     91.6K(100.0%)]
   [Total Exec: 2785/1.7693757 secs, Idle: 2785/22939.4226306 secs, Blocked: 39/6.0771328 secs]
      [Inspected:         2777029]
         [Skipped:              0(  0.0%)]
         [Hashed:         2158515( 77.7%)]
         [Known:            34954(  1.3%)]
         [New:            2742075( 98.7%)    149.9M]
      [Deduplicated:      2113292( 77.1%)     94.8M( 63.3%)]
         [Young:           884720( 41.9%)     41.8M( 44.0%)]
         [Old:            1228572( 58.1%)     53.1M( 56.0%)]
   [Table]
      [Memory Usage: 2348.1K]
      [Size: 65536, Min: 1024, Max: 16777216]
      [Entries: 71833, Load: 109.6%, Cached: 6508, Added: 663243, Removed: 591410]
      [Resize Count: 6, Shrink Threshold: 43690(66.7%), Grow Threshold: 131072(200.0%)]
      [Rehash Count: 0, Rehash Threshold: 120, Hash Seed: 0x0]
      [Age Threshold: 3]
   [Queue]
      [Dropped: 0]
[GC concurrent-string-deduplication, deleted 0 entries, 0.0000009 secs]
2021-03-08T17:06:23.590+0800: 22948.295: Total time for which application threads were stopped: 0.0050444 seconds, Stopping threads took: 0.0005390 seconds
2021-03-08T17:06:23.595+0800: 22948.299: Total time for which application threads were stopped: 0.0040408 seconds, Stopping threads took: 0.0001935 seconds
2021-03-08T17:06:23.598+0800: 22948.303: Total time for which application threads were stopped: 0.0039468 seconds, Stopping threads took: 0.0001519 seconds
2021-03-08T17:06:23.607+0800: 22948.311: Total time for which application threads were stopped: 0.0046331 seconds, Stopping threads took: 0.0005245 seconds
2021-03-08T17:06:25.752+0800: 22950.456: Total time for which application threads were stopped: 0.0097649 seconds, Stopping threads took: 0.0030769 seconds
2021-03-08T17:06:25.822+0800: 22950.526: [GC pause (G1 Evacuation Pause) (young), 0.0806678 secs]
   [Parallel Time: 70.7 ms, GC Workers: 4]
      [GC Worker Start (ms): Min: 22950529.5, Avg: 22950534.7, Max: 22950536.5, Diff: 7.0]
      [Ext Root Scanning (ms): Min: 7.1, Avg: 10.0, Max: 17.2, Diff: 10.1, Sum: 40.0]
      [Update RS (ms): Min: 22.5, Avg: 24.8, Max: 25.8, Diff: 3.3, Sum: 99.3]
         [Processed Buffers: Min: 82, Avg: 93.5, Max: 104, Diff: 22, Sum: 374]
      [Scan RS (ms): Min: 0.0, Avg: 0.2, Max: 0.3, Diff: 0.3, Sum: 0.9]
      [Code Root Scanning (ms): Min: 0.0, Avg: 0.0, Max: 0.0, Diff: 0.0, Sum: 0.0]
      [Object Copy (ms): Min: 29.8, Avg: 30.2, Max: 30.5, Diff: 0.7, Sum: 120.9]
      [Termination (ms): Min: 0.0, Avg: 0.0, Max: 0.0, Diff: 0.0, Sum: 0.1]
         [Termination Attempts: Min: 55, Avg: 62.0, Max: 72, Diff: 17, Sum: 248]
      [GC Worker Other (ms): Min: 0.0, Avg: 0.1, Max: 0.1, Diff: 0.0, Sum: 0.2]
      [GC Worker Total (ms): Min: 63.6, Avg: 65.3, Max: 70.5, Diff: 7.0, Sum: 261.4]
      [GC Worker End (ms): Min: 22950600.1, Avg: 22950600.1, Max: 22950600.1, Diff: 0.0]
   [Code Root Fixup: 0.0 ms]
   [Code Root Purge: 0.0 ms]
   [String Dedup Fixup: 2.9 ms, GC Workers: 4]
      [Queue Fixup (ms): Min: 0.0, Avg: 0.0, Max: 0.0, Diff: 0.0, Sum: 0.0]
      [Table Fixup (ms): Min: 2.8, Avg: 2.8, Max: 2.8, Diff: 0.1, Sum: 11.3]
   [Clear CT: 0.3 ms]
   [Other: 6.8 ms]
      [Choose CSet: 0.0 ms]
      [Ref Proc: 0.2 ms]
      [Ref Enq: 0.0 ms]
      [Redirty Cards: 0.1 ms]
      [Humongous Register: 2.7 ms]
      [Humongous Reclaim: 0.2 ms]
      [Free CSet: 2.1 ms]
   [Eden: 1034.0M(1034.0M)->0.0B(590.0M) Survivors: 18.0M->28.0M Heap: 2722.1M(6278.0M)->1680.8M(6278.0M)]
 [Times: user=0.20 sys=0.04, real=0.08 secs] 
2021-03-08T17:06:25.903+0800: 22950.608: Total time for which application threads were stopped: 0.0856008 seconds, Stopping threads took: 0.0004475 seconds
2021-03-08T17:06:27.476+0800: 22952.181: [GC pause (G1 Evacuation Pause) (young), 0.0425761 secs]
   [Parallel Time: 38.3 ms, GC Workers: 4]
      [GC Worker Start (ms): Min: 22952181.1, Avg: 22952182.2, Max: 22952183.2, Diff: 2.1]
      [Ext Root Scanning (ms): Min: 6.4, Avg: 10.2, Max: 17.7, Diff: 11.3, Sum: 40.9]
      [Update RS (ms): Min: 0.0, Avg: 0.8, Max: 1.1, Diff: 1.1, Sum: 3.3]
         [Processed Buffers: Min: 0, Avg: 10.8, Max: 28, Diff: 28, Sum: 43]
      [Scan RS (ms): Min: 0.1, Avg: 0.1, Max: 0.2, Diff: 0.1, Sum: 0.4]
      [Code Root Scanning (ms): Min: 0.0, Avg: 0.0, Max: 0.0, Diff: 0.0, Sum: 0.0]
      [Object Copy (ms): Min: 18.4, Avg: 26.0, Max: 28.6, Diff: 10.2, Sum: 104.0]
      [Termination (ms): Min: 0.0, Avg: 0.0, Max: 0.1, Diff: 0.0, Sum: 0.2]
         [Termination Attempts: Min: 83, Avg: 96.5, Max: 121, Diff: 38, Sum: 386]
      [GC Worker Other (ms): Min: 0.0, Avg: 0.0, Max: 0.1, Diff: 0.0, Sum: 0.2]
      [GC Worker Total (ms): Min: 36.2, Avg: 37.2, Max: 38.3, Diff: 2.1, Sum: 149.0]
      [GC Worker End (ms): Min: 22952219.4, Avg: 22952219.4, Max: 22952219.4, Diff: 0.0]
   [Code Root Fixup: 0.0 ms]
   [Code Root Purge: 0.0 ms]
   [String Dedup Fixup: 1.5 ms, GC Workers: 4]
      [Queue Fixup (ms): Min: 0.0, Avg: 0.0, Max: 0.0, Diff: 0.0, Sum: 0.0]
      [Table Fixup (ms): Min: 1.5, Avg: 1.5, Max: 1.5, Diff: 0.1, Sum: 5.9]
   [Clear CT: 0.1 ms]
   [Other: 2.5 ms]
      [Choose CSet: 0.0 ms]
      [Ref Proc: 0.1 ms]
      [Ref Enq: 0.0 ms]
      [Redirty Cards: 0.1 ms]
      [Humongous Register: 0.2 ms]
      [Humongous Reclaim: 0.1 ms]
      [Free CSet: 0.8 ms]
   [Eden: 590.0M(590.0M)->0.0B(950.0M) Survivors: 28.0M->28.0M Heap: 2270.8M(6278.0M)->1680.2M(6278.0M)]
 [Times: user=0.12 sys=0.01, real=0.04 secs] 
2021-03-08T17:06:27.520+0800: 22952.224: Total time for which application threads were stopped: 0.0473315 seconds, Stopping threads took: 0.0004050 seconds
2021-03-08T17:06:27.520+0800: 22952.224: [GC concurrent-string-deduplication, 12.7K->6104.0B(6880.0B), avg 63.3%, 0.0002061 secs]
   [Last Exec: 0.0002061 secs, Idle: 4.4113300 secs, Blocked: 0/0.0000000 secs]
      [Inspected:             243]
         [Skipped:              0(  0.0%)]
         [Hashed:             174( 71.6%)]
         [Known:                0(  0.0%)]
         [New:                243(100.0%)     12.7K]
      [Deduplicated:          173( 71.2%)   6880.0B( 53.0%)]
         [Young:              173(100.0%)   6880.0B(100.0%)]
         [Old:                  0(  0.0%)      0.0B(  0.0%)]
   [Total Exec: 2786/1.7695818 secs, Idle: 2786/22943.8339606 secs, Blocked: 39/6.0771328 secs]
      [Inspected:         2777272]
         [Skipped:              0(  0.0%)]
         [Hashed:         2158689( 77.7%)]
         [Known:            34954(  1.3%)]
         [New:            2742318( 98.7%)    149.9M]
      [Deduplicated:      2113465( 77.1%)     94.8M( 63.3%)]
         [Young:           884893( 41.9%)     41.8M( 44.0%)]
         [Old:            1228572( 58.1%)     53.1M( 56.0%)]
   [Table]
      [Memory Usage: 2348.1K]
      [Size: 65536, Min: 1024, Max: 16777216]
      [Entries: 71903, Load: 109.7%, Cached: 6438, Added: 663313, Removed: 591410]
      [Resize Count: 6, Shrink Threshold: 43690(66.7%), Grow Threshold: 131072(200.0%)]
      [Rehash Count: 0, Rehash Threshold: 120, Hash Seed: 0x0]
      [Age Threshold: 3]
   [Queue]
      [Dropped: 0]
[GC concurrent-string-deduplication, deleted 0 entries, 0.0000009 secs]
2021-03-08T17:06:29.404+0800: 22954.108: Total time for which application threads were stopped: 0.0187560 seconds, Stopping threads took: 0.0004740 seconds
2021-03-08T17:06:29.573+0800: 22954.278: [GC pause (G1 Evacuation Pause) (young), 0.0535880 secs]
   [Parallel Time: 49.0 ms, GC Workers: 4]
      [GC Worker Start (ms): Min: 22954278.2, Avg: 22954280.3, Max: 22954282.3, Diff: 4.1]
      [Ext Root Scanning (ms): Min: 2.0, Avg: 4.1, Max: 6.2, Diff: 4.2, Sum: 16.3]
      [Update RS (ms): Min: 5.8, Avg: 5.8, Max: 6.0, Diff: 0.2, Sum: 23.4]
         [Processed Buffers: Min: 53, Avg: 60.0, Max: 68, Diff: 15, Sum: 240]
      [Scan RS (ms): Min: 0.1, Avg: 0.2, Max: 0.2, Diff: 0.1, Sum: 0.6]
      [Code Root Scanning (ms): Min: 0.0, Avg: 0.0, Max: 0.0, Diff: 0.0, Sum: 0.0]
      [Object Copy (ms): Min: 36.6, Avg: 36.7, Max: 36.8, Diff: 0.2, Sum: 146.8]
      [Termination (ms): Min: 0.0, Avg: 0.0, Max: 0.0, Diff: 0.0, Sum: 0.1]
         [Termination Attempts: Min: 39, Avg: 48.8, Max: 59, Diff: 20, Sum: 195]
      [GC Worker Other (ms): Min: 0.0, Avg: 0.1, Max: 0.1, Diff: 0.0, Sum: 0.2]
      [GC Worker Total (ms): Min: 44.8, Avg: 46.9, Max: 48.9, Diff: 4.1, Sum: 187.5]
      [GC Worker End (ms): Min: 22954327.1, Avg: 22954327.2, Max: 22954327.2, Diff: 0.0]
   [Code Root Fixup: 0.0 ms]
   [Code Root Purge: 0.0 ms]
   [String Dedup Fixup: 1.6 ms, GC Workers: 4]
      [Queue Fixup (ms): Min: 0.0, Avg: 0.0, Max: 0.0, Diff: 0.0, Sum: 0.0]
      [Table Fixup (ms): Min: 1.5, Avg: 1.5, Max: 1.5, Diff: 0.0, Sum: 6.1]
   [Clear CT: 0.2 ms]
   [Other: 2.8 ms]
      [Choose CSet: 0.0 ms]
      [Ref Proc: 0.1 ms]
      [Ref Enq: 0.0 ms]
      [Redirty Cards: 0.0 ms]
      [Humongous Register: 0.2 ms]
      [Humongous Reclaim: 0.1 ms]
      [Free CSet: 1.0 ms]
   [Eden: 950.0M(950.0M)->0.0B(826.0M) Survivors: 28.0M->36.0M Heap: 2653.6M(6278.0M)->1688.8M(6278.0M)]
 [Times: user=0.18 sys=0.02, real=0.06 secs] 
2021-03-08T17:06:29.628+0800: 22954.332: Total time for which application threads were stopped: 0.0590798 seconds, Stopping threads took: 0.0003875 seconds
2021-03-08T17:06:29.628+0800: 22954.332: [GC concurrent-string-deduplication, 21.6K->12.5K(9344.0B), avg 63.3%, 0.0001747 secs]
   [Last Exec: 0.0001747 secs, Idle: 2.1078126 secs, Blocked: 0/0.0000000 secs]
      [Inspected:             350]
         [Skipped:              0(  0.0%)]
         [Hashed:             228( 65.1%)]
         [Known:                0(  0.0%)]
         [New:                350(100.0%)     21.6K]
      [Deduplicated:          221( 63.1%)   9344.0B( 42.2%)]
         [Young:              221(100.0%)   9344.0B(100.0%)]
         [Old:                  0(  0.0%)      0.0B(  0.0%)]
   [Total Exec: 2787/1.7697565 secs, Idle: 2787/22945.9417733 secs, Blocked: 39/6.0771328 secs]
      [Inspected:         2777622]
         [Skipped:              0(  0.0%)]
         [Hashed:         2158917( 77.7%)]
         [Known:            34954(  1.3%)]
         [New:            2742668( 98.7%)    149.9M]
      [Deduplicated:      2113686( 77.1%)     94.9M( 63.3%)]
         [Young:           885114( 41.9%)     41.8M( 44.0%)]
         [Old:            1228572( 58.1%)     53.1M( 56.0%)]
   [Table]
      [Memory Usage: 2348.1K]
      [Size: 65536, Min: 1024, Max: 16777216]
      [Entries: 72032, Load: 109.9%, Cached: 6309, Added: 663442, Removed: 591410]
      [Resize Count: 6, Shrink Threshold: 43690(66.7%), Grow Threshold: 131072(200.0%)]
      [Rehash Count: 0, Rehash Threshold: 120, Hash Seed: 0x0]
      [Age Threshold: 3]
   [Queue]
      [Dropped: 0]
[GC concurrent-string-deduplication, deleted 0 entries, 0.0000007 secs]
2021-03-08T17:06:34.416+0800: 22959.120: Total time for which application threads were stopped: 0.0118345 seconds, Stopping threads took: 0.0047037 seconds
2021-03-08T17:06:34.420+0800: 22959.124: Total time for which application threads were stopped: 0.0033705 seconds, Stopping threads took: 0.0001459 seconds
2021-03-08T17:06:34.422+0800: 22959.127: Total time for which application threads were stopped: 0.0027206 seconds, Stopping threads took: 0.0001018 seconds
2021-03-08T17:06:38.265+0800: 22962.969: [GC pause (G1 Evacuation Pause) (young), 0.0812007 secs]
   [Parallel Time: 67.3 ms, GC Workers: 4]
      [GC Worker Start (ms): Min: 22962972.6, Avg: 22962974.3, Max: 22962976.0, Diff: 3.4]
      [Ext Root Scanning (ms): Min: 2.9, Avg: 4.6, Max: 6.4, Diff: 3.5, Sum: 18.6]
      [Update RS (ms): Min: 3.9, Avg: 4.1, Max: 4.5, Diff: 0.7, Sum: 16.4]
         [Processed Buffers: Min: 16, Avg: 22.5, Max: 33, Diff: 17, Sum: 90]
      [Scan RS (ms): Min: 0.0, Avg: 0.2, Max: 0.2, Diff: 0.2, Sum: 0.7]
      [Code Root Scanning (ms): Min: 0.0, Avg: 0.0, Max: 0.0, Diff: 0.0, Sum: 0.0]
      [Object Copy (ms): Min: 45.2, Avg: 48.3, Max: 56.5, Diff: 11.3, Sum: 193.0]
      [Termination (ms): Min: 0.1, Avg: 8.4, Max: 11.2, Diff: 11.1, Sum: 33.6]
         [Termination Attempts: Min: 163, Avg: 239.2, Max: 315, Diff: 152, Sum: 957]
      [GC Worker Other (ms): Min: 0.0, Avg: 0.0, Max: 0.0, Diff: 0.0, Sum: 0.1]
      [GC Worker Total (ms): Min: 63.8, Avg: 65.6, Max: 67.2, Diff: 3.4, Sum: 262.4]
      [GC Worker End (ms): Min: 22963039.9, Avg: 22963039.9, Max: 22963039.9, Diff: 0.0]
   [Code Root Fixup: 0.0 ms]
   [Code Root Purge: 0.0 ms]
   [String Dedup Fixup: 2.8 ms, GC Workers: 4]
      [Queue Fixup (ms): Min: 0.0, Avg: 0.0, Max: 0.0, Diff: 0.0, Sum: 0.0]
      [Table Fixup (ms): Min: 2.6, Avg: 2.7, Max: 2.7, Diff: 0.1, Sum: 10.6]
   [Clear CT: 0.3 ms]
   [Other: 10.8 ms]
      [Choose CSet: 0.0 ms]
      [Ref Proc: 0.2 ms]
      [Ref Enq: 0.0 ms]
      [Redirty Cards: 0.2 ms]
      [Humongous Register: 2.9 ms]
      [Humongous Reclaim: 0.1 ms]
      [Free CSet: 5.9 ms]
   [Eden: 826.0M(826.0M)->0.0B(1120.0M) Survivors: 36.0M->42.0M Heap: 2517.9M(6278.0M)->1694.4M(6278.0M)]
 [Times: user=0.24 sys=0.04, real=0.08 secs] 
2021-03-08T17:06:38.347+0800: 22963.051: Total time for which application threads were stopped: 0.0896968 seconds, Stopping threads took: 0.0022106 seconds
2021-03-08T17:06:38.347+0800: 22963.051: [GC concurrent-string-deduplication, 15.6K->9680.0B(6272.0B), avg 63.3%, 0.0002513 secs]
   [Last Exec: 0.0002513 secs, Idle: 8.7189111 secs, Blocked: 0/0.0000000 secs]
      [Inspected:             268]
         [Skipped:              0(  0.0%)]
         [Hashed:             158( 59.0%)]
         [Known:                0(  0.0%)]
         [New:                268(100.0%)     15.6K]
      [Deduplicated:          158( 59.0%)   6272.0B( 39.3%)]
         [Young:              158(100.0%)   6272.0B(100.0%)]
         [Old:                  0(  0.0%)      0.0B(  0.0%)]
   [Total Exec: 2788/1.7700078 secs, Idle: 2788/22954.6606844 secs, Blocked: 39/6.0771328 secs]
      [Inspected:         2777890]
         [Skipped:              0(  0.0%)]
         [Hashed:         2159075( 77.7%)]
         [Known:            34954(  1.3%)]
         [New:            2742936( 98.7%)    149.9M]
      [Deduplicated:      2113844( 77.1%)     94.9M( 63.3%)]
         [Young:           885272( 41.9%)     41.8M( 44.0%)]
         [Old:            1228572( 58.1%)     53.1M( 56.0%)]
   [Table]
      [Memory Usage: 2348.0K]
      [Size: 65536, Min: 1024, Max: 16777216]
      [Entries: 72134, Load: 110.1%, Cached: 6200, Added: 663552, Removed: 591418]
      [Resize Count: 6, Shrink Threshold: 43690(66.7%), Grow Threshold: 131072(200.0%)]
      [Rehash Count: 0, Rehash Threshold: 120, Hash Seed: 0x0]
      [Age Threshold: 3]
   [Queue]
      [Dropped: 0]
[GC concurrent-string-deduplication, deleted 7 entries, 0.0000026 secs]
2021-03-08T17:06:41.418+0800: 22966.122: [GC pause (G1 Evacuation Pause) (young), 0.0544913 secs]
   [Parallel Time: 49.5 ms, GC Workers: 4]
      [GC Worker Start (ms): Min: 22966122.8, Avg: 22966122.8, Max: 22966122.8, Diff: 0.0]
      [Ext Root Scanning (ms): Min: 2.7, Avg: 2.9, Max: 3.2, Diff: 0.5, Sum: 11.4]
      [Update RS (ms): Min: 0.8, Avg: 0.9, Max: 0.9, Diff: 0.1, Sum: 3.5]
         [Processed Buffers: Min: 4, Avg: 16.0, Max: 31, Diff: 27, Sum: 64]
      [Scan RS (ms): Min: 0.1, Avg: 0.2, Max: 0.2, Diff: 0.1, Sum: 0.8]
      [Code Root Scanning (ms): Min: 0.0, Avg: 0.0, Max: 0.0, Diff: 0.0, Sum: 0.0]
      [Object Copy (ms): Min: 45.2, Avg: 45.4, Max: 45.5, Diff: 0.3, Sum: 181.6]
      [Termination (ms): Min: 0.1, Avg: 0.1, Max: 0.1, Diff: 0.0, Sum: 0.3]
         [Termination Attempts: Min: 103, Avg: 139.2, Max: 168, Diff: 65, Sum: 557]
      [GC Worker Other (ms): Min: 0.0, Avg: 0.0, Max: 0.1, Diff: 0.0, Sum: 0.2]
      [GC Worker Total (ms): Min: 49.4, Avg: 49.5, Max: 49.5, Diff: 0.0, Sum: 197.8]
      [GC Worker End (ms): Min: 22966172.2, Avg: 22966172.2, Max: 22966172.3, Diff: 0.0]
   [Code Root Fixup: 0.0 ms]
   [Code Root Purge: 0.0 ms]
   [String Dedup Fixup: 1.5 ms, GC Workers: 4]
      [Queue Fixup (ms): Min: 0.0, Avg: 0.0, Max: 0.0, Diff: 0.0, Sum: 0.0]
      [Table Fixup (ms): Min: 1.5, Avg: 1.5, Max: 1.5, Diff: 0.0, Sum: 6.0]
   [Clear CT: 0.2 ms]
   [Other: 3.2 ms]
      [Choose CSet: 0.0 ms]
      [Ref Proc: 0.1 ms]
      [Ref Enq: 0.0 ms]
      [Redirty Cards: 0.0 ms]
      [Humongous Register: 0.2 ms]
      [Humongous Reclaim: 0.1 ms]
      [Free CSet: 1.4 ms]
   [Eden: 1120.0M(1120.0M)->0.0B(1670.0M) Survivors: 42.0M->46.0M Heap: 2815.4M(6278.0M)->1698.8M(6278.0M)]
 [Times: user=0.19 sys=0.01, real=0.05 secs] 
2021-03-08T17:06:41.473+0800: 22966.177: Total time for which application threads were stopped: 0.0593204 seconds, Stopping threads took: 0.0004224 seconds
2021-03-08T17:06:41.473+0800: 22966.178: [GC concurrent-string-deduplication, 15.8K->7656.0B(8528.0B), avg 63.3%, 0.0002332 secs]
   [Last Exec: 0.0002332 secs, Idle: 3.1259426 secs, Blocked: 0/0.0000000 secs]
      [Inspected:             297]
         [Skipped:              0(  0.0%)]
         [Hashed:             210( 70.7%)]
         [Known:                0(  0.0%)]
         [New:                297(100.0%)     15.8K]
      [Deduplicated:          210( 70.7%)   8528.0B( 52.7%)]
         [Young:              210(100.0%)   8528.0B(100.0%)]
         [Old:                  0(  0.0%)      0.0B(  0.0%)]
   [Total Exec: 2789/1.7702410 secs, Idle: 2789/22957.7866270 secs, Blocked: 39/6.0771328 secs]
      [Inspected:         2778187]
         [Skipped:              0(  0.0%)]
         [Hashed:         2159285( 77.7%)]
         [Known:            34954(  1.3%)]
         [New:            2743233( 98.7%)    149.9M]
      [Deduplicated:      2114054( 77.1%)     94.9M( 63.3%)]
         [Young:           885482( 41.9%)     41.8M( 44.0%)]
         [Old:            1228572( 58.1%)     53.1M( 56.0%)]
   [Table]
      [Memory Usage: 2348.0K]
      [Size: 65536, Min: 1024, Max: 16777216]
      [Entries: 72221, Load: 110.2%, Cached: 6113, Added: 663639, Removed: 591418]
      [Resize Count: 6, Shrink Threshold: 43690(66.7%), Grow Threshold: 131072(200.0%)]
      [Rehash Count: 0, Rehash Threshold: 120, Hash Seed: 0x0]
      [Age Threshold: 3]
   [Queue]
      [Dropped: 0]
[GC concurrent-string-deduplication, deleted 0 entries, 0.0000007 secs]
2021-03-08T17:06:44.614+0800: 22969.318: Total time for which application threads were stopped: 0.0087909 seconds, Stopping threads took: 0.0019829 seconds
2021-03-08T17:06:44.618+0800: 22969.322: Total time for which application threads were stopped: 0.0036819 seconds, Stopping threads took: 0.0001760 seconds
2021-03-08T17:06:49.566+0800: 22974.270: [GC pause (G1 Evacuation Pause) (young), 0.0733643 secs]
   [Parallel Time: 63.7 ms, GC Workers: 4]
      [GC Worker Start (ms): Min: 22974273.2, Avg: 22974274.2, Max: 22974275.2, Diff: 1.9]
      [Ext Root Scanning (ms): Min: 3.3, Avg: 4.4, Max: 5.5, Diff: 2.2, Sum: 17.6]
      [Update RS (ms): Min: 4.8, Avg: 4.9, Max: 5.0, Diff: 0.3, Sum: 19.8]
         [Processed Buffers: Min: 39, Avg: 45.2, Max: 55, Diff: 16, Sum: 181]
      [Scan RS (ms): Min: 0.3, Avg: 0.4, Max: 0.4, Diff: 0.1, Sum: 1.4]
      [Code Root Scanning (ms): Min: 0.0, Avg: 0.0, Max: 0.0, Diff: 0.0, Sum: 0.1]
      [Object Copy (ms): Min: 52.7, Avg: 52.8, Max: 52.9, Diff: 0.3, Sum: 211.3]
      [Termination (ms): Min: 0.1, Avg: 0.1, Max: 0.1, Diff: 0.1, Sum: 0.3]
         [Termination Attempts: Min: 121, Avg: 149.8, Max: 201, Diff: 80, Sum: 599]
      [GC Worker Other (ms): Min: 0.0, Avg: 0.1, Max: 0.1, Diff: 0.0, Sum: 0.2]
      [GC Worker Total (ms): Min: 61.7, Avg: 62.7, Max: 63.6, Diff: 1.9, Sum: 250.7]
      [GC Worker End (ms): Min: 22974336.9, Avg: 22974336.9, Max: 22974336.9, Diff: 0.0]
   [Code Root Fixup: 0.0 ms]
   [Code Root Purge: 0.0 ms]
   [String Dedup Fixup: 2.6 ms, GC Workers: 4]
      [Queue Fixup (ms): Min: 0.0, Avg: 0.0, Max: 0.0, Diff: 0.0, Sum: 0.0]
      [Table Fixup (ms): Min: 2.5, Avg: 2.6, Max: 2.6, Diff: 0.0, Sum: 10.2]
   [Clear CT: 0.3 ms]
   [Other: 6.7 ms]
      [Choose CSet: 0.0 ms]
      [Ref Proc: 0.1 ms]
      [Ref Enq: 0.0 ms]
      [Redirty Cards: 0.0 ms]
      [Humongous Register: 2.2 ms]
      [Humongous Reclaim: 0.1 ms]
      [Free CSet: 2.7 ms]
   [Eden: 1670.0M(1670.0M)->0.0B(2122.0M) Survivors: 46.0M->54.0M Heap: 3385.2M(6278.0M)->1707.1M(6278.0M)]
 [Times: user=0.23 sys=0.03, real=0.07 secs] 
2021-03-08T17:06:49.640+0800: 22974.344: Total time for which application threads were stopped: 0.0785991 seconds, Stopping threads took: 0.0006474 seconds
2021-03-08T17:06:49.640+0800: 22974.345: [GC concurrent-string-deduplication, 11.2K->5368.0B(6144.0B), avg 63.3%, 0.0001307 secs]
   [Last Exec: 0.0001307 secs, Idle: 8.1668742 secs, Blocked: 0/0.0000000 secs]
      [Inspected:             215]
         [Skipped:              0(  0.0%)]
         [Hashed:             154( 71.6%)]
         [Known:                0(  0.0%)]
         [New:                215(100.0%)     11.2K]
      [Deduplicated:          154( 71.6%)   6144.0B( 53.4%)]
         [Young:              154(100.0%)   6144.0B(100.0%)]
         [Old:                  0(  0.0%)      0.0B(  0.0%)]
   [Total Exec: 2790/1.7703717 secs, Idle: 2790/22965.9535012 secs, Blocked: 39/6.0771328 secs]
      [Inspected:         2778402]
         [Skipped:              0(  0.0%)]
         [Hashed:         2159439( 77.7%)]
         [Known:            34954(  1.3%)]
         [New:            2743448( 98.7%)    149.9M]
      [Deduplicated:      2114208( 77.1%)     94.9M( 63.3%)]
         [Young:           885636( 41.9%)     41.8M( 44.0%)]
         [Old:            1228572( 58.1%)     53.1M( 56.0%)]
   [Table]
      [Memory Usage: 2348.0K]
      [Size: 65536, Min: 1024, Max: 16777216]
      [Entries: 72282, Load: 110.3%, Cached: 6052, Added: 663700, Removed: 591418]
      [Resize Count: 6, Shrink Threshold: 43690(66.7%), Grow Threshold: 131072(200.0%)]
      [Rehash Count: 0, Rehash Threshold: 120, Hash Seed: 0x0]
      [Age Threshold: 3]
   [Queue]
      [Dropped: 0]
[GC concurrent-string-deduplication, deleted 0 entries, 0.0000009 secs]
2021-03-08T17:06:57.650+0800: 22982.354: Total time for which application threads were stopped: 0.0089382 seconds, Stopping threads took: 0.0021409 seconds
2021-03-08T17:07:01.560+0800: 22986.264: [GC pause (G1 Evacuation Pause) (young), 0.0935355 secs]
   [Parallel Time: 83.2 ms, GC Workers: 4]
      [GC Worker Start (ms): Min: 22986266.9, Avg: 22986268.0, Max: 22986268.4, Diff: 1.5]
      [Ext Root Scanning (ms): Min: 6.8, Avg: 8.2, Max: 11.9, Diff: 5.1, Sum: 32.9]
      [Update RS (ms): Min: 3.0, Avg: 5.5, Max: 6.4, Diff: 3.4, Sum: 22.0]
         [Processed Buffers: Min: 21, Avg: 40.0, Max: 56, Diff: 35, Sum: 160]
      [Scan RS (ms): Min: 0.3, Avg: 0.4, Max: 0.5, Diff: 0.2, Sum: 1.7]
      [Code Root Scanning (ms): Min: 0.0, Avg: 0.0, Max: 0.0, Diff: 0.0, Sum: 0.1]
      [Object Copy (ms): Min: 67.6, Avg: 67.8, Max: 68.0, Diff: 0.4, Sum: 271.0]
      [Termination (ms): Min: 0.0, Avg: 0.0, Max: 0.0, Diff: 0.0, Sum: 0.0]
         [Termination Attempts: Min: 4, Avg: 8.2, Max: 11, Diff: 7, Sum: 33]
      [GC Worker Other (ms): Min: 0.0, Avg: 0.1, Max: 0.1, Diff: 0.0, Sum: 0.2]
      [GC Worker Total (ms): Min: 81.6, Avg: 82.0, Max: 83.1, Diff: 1.5, Sum: 328.0]
      [GC Worker End (ms): Min: 22986350.0, Avg: 22986350.0, Max: 22986350.0, Diff: 0.0]
   [Code Root Fixup: 0.0 ms]
   [Code Root Purge: 0.0 ms]
   [String Dedup Fixup: 2.6 ms, GC Workers: 4]
      [Queue Fixup (ms): Min: 0.0, Avg: 0.0, Max: 0.0, Diff: 0.0, Sum: 0.0]
      [Table Fixup (ms): Min: 2.5, Avg: 2.5, Max: 2.6, Diff: 0.1, Sum: 10.2]
   [Clear CT: 0.5 ms]
   [Other: 7.3 ms]
      [Choose CSet: 0.0 ms]
      [Ref Proc: 0.1 ms]
      [Ref Enq: 0.0 ms]
      [Redirty Cards: 0.0 ms]
      [Humongous Register: 2.3 ms]
      [Humongous Reclaim: 0.1 ms]
      [Free CSet: 3.4 ms]
   [Eden: 2122.0M(2122.0M)->0.0B(2630.0M) Survivors: 54.0M->66.0M Heap: 3840.1M(6278.0M)->1719.2M(6278.0M)]
 [Times: user=0.27 sys=0.05, real=0.09 secs] 
2021-03-08T17:07:01.654+0800: 22986.358: Total time for which application threads were stopped: 0.0985649 seconds, Stopping threads took: 0.0003439 seconds
2021-03-08T17:07:01.654+0800: 22986.359: [GC concurrent-string-deduplication, 8232.0B->2600.0B(5632.0B), avg 63.3%, 0.0001015 secs]
   [Last Exec: 0.0001015 secs, Idle: 12.0136954 secs, Blocked: 0/0.0000000 secs]
      [Inspected:             127]
         [Skipped:              0(  0.0%)]
         [Hashed:              99( 78.0%)]
         [Known:                0(  0.0%)]
         [New:                127(100.0%)   8232.0B]
      [Deduplicated:           98( 77.2%)   5632.0B( 68.4%)]
         [Young:               98(100.0%)   5632.0B(100.0%)]
         [Old:                  0(  0.0%)      0.0B(  0.0%)]
   [Total Exec: 2791/1.7704732 secs, Idle: 2791/22977.9671966 secs, Blocked: 39/6.0771328 secs]
      [Inspected:         2778529]
         [Skipped:              0(  0.0%)]
         [Hashed:         2159538( 77.7%)]
         [Known:            34954(  1.3%)]
         [New:            2743575( 98.7%)    149.9M]
      [Deduplicated:      2114306( 77.1%)     94.9M( 63.3%)]
         [Young:           885734( 41.9%)     41.8M( 44.0%)]
         [Old:            1228572( 58.1%)     53.1M( 56.0%)]
   [Table]
      [Memory Usage: 2348.0K]
      [Size: 65536, Min: 1024, Max: 16777216]
      [Entries: 72327, Load: 110.4%, Cached: 6007, Added: 663745, Removed: 591418]
      [Resize Count: 6, Shrink Threshold: 43690(66.7%), Grow Threshold: 131072(200.0%)]
      [Rehash Count: 0, Rehash Threshold: 120, Hash Seed: 0x0]
      [Age Threshold: 3]
   [Queue]
      [Dropped: 0]
[GC concurrent-string-deduplication, deleted 0 entries, 0.0000007 secs]
2021-03-08T17:07:03.658+0800: 22988.363: Total time for which application threads were stopped: 0.0041662 seconds, Stopping threads took: 0.0004106 seconds
2021-03-08T17:07:08.251+0800: 22992.956: Total time for which application threads were stopped: 0.0153542 seconds, Stopping threads took: 0.0060334 seconds
2021-03-08T17:07:09.075+0800: 22993.779: Total time for which application threads were stopped: 0.0046119 seconds, Stopping threads took: 0.0003897 seconds
2021-03-08T17:07:09.083+0800: 22993.788: Total time for which application threads were stopped: 0.0045715 seconds, Stopping threads took: 0.0003983 seconds
2021-03-08T17:07:10.088+0800: 22994.792: Total time for which application threads were stopped: 0.0041292 seconds, Stopping threads took: 0.0003730 seconds
2021-03-08T17:07:11.923+0800: 22996.627: [GC pause (G1 Evacuation Pause) (young), 0.1396984 secs]
   [Parallel Time: 127.2 ms, GC Workers: 4]
      [GC Worker Start (ms): Min: 22996629.1, Avg: 22996642.3, Max: 22996649.8, Diff: 20.7]
      [Ext Root Scanning (ms): Min: 0.2, Avg: 15.4, Max: 41.5, Diff: 41.3, Sum: 61.5]
      [Update RS (ms): Min: 0.0, Avg: 12.0, Max: 20.0, Diff: 20.0, Sum: 48.0]
         [Processed Buffers: Min: 0, Avg: 65.5, Max: 130, Diff: 130, Sum: 262]
      [Scan RS (ms): Min: 0.2, Avg: 0.6, Max: 1.1, Diff: 0.9, Sum: 2.3]
      [Code Root Scanning (ms): Min: 0.0, Avg: 0.0, Max: 0.0, Diff: 0.0, Sum: 0.1]
      [Object Copy (ms): Min: 76.0, Avg: 85.8, Max: 91.0, Diff: 14.9, Sum: 343.1]
      [Termination (ms): Min: 0.0, Avg: 0.0, Max: 0.0, Diff: 0.0, Sum: 0.1]
         [Termination Attempts: Min: 18, Avg: 25.5, Max: 33, Diff: 15, Sum: 102]
      [GC Worker Other (ms): Min: 0.1, Avg: 0.2, Max: 0.3, Diff: 0.2, Sum: 0.7]
      [GC Worker Total (ms): Min: 106.3, Avg: 113.9, Max: 126.9, Diff: 20.7, Sum: 455.6]
      [GC Worker End (ms): Min: 22996756.1, Avg: 22996756.2, Max: 22996756.3, Diff: 0.2]
   [Code Root Fixup: 0.0 ms]
   [Code Root Purge: 0.0 ms]
   [String Dedup Fixup: 3.5 ms, GC Workers: 4]
      [Queue Fixup (ms): Min: 0.0, Avg: 0.0, Max: 0.0, Diff: 0.0, Sum: 0.0]
      [Table Fixup (ms): Min: 3.2, Avg: 3.4, Max: 3.5, Diff: 0.3, Sum: 13.5]
   [Clear CT: 1.2 ms]
   [Other: 7.8 ms]
      [Choose CSet: 0.0 ms]
      [Ref Proc: 0.2 ms]
      [Ref Enq: 0.0 ms]
      [Redirty Cards: 0.1 ms]
      [Humongous Register: 1.7 ms]
      [Humongous Reclaim: 0.2 ms]
      [Free CSet: 4.2 ms]
   [Eden: 2630.0M(2630.0M)->0.0B(2592.0M) Survivors: 66.0M->78.0M Heap: 4373.5M(6278.0M)->1730.8M(6278.0M)]
 [Times: user=0.33 sys=0.04, real=0.14 secs] 
2021-03-08T17:07:12.063+0800: 22996.768: Total time for which application threads were stopped: 0.1446714 seconds, Stopping threads took: 0.0005298 seconds
2021-03-08T17:07:12.064+0800: 22996.768: [GC concurrent-string-deduplication, 20.1K->12.6K(7688.0B), avg 63.3%, 0.0002020 secs]
   [Last Exec: 0.0002020 secs, Idle: 10.4089476 secs, Blocked: 0/0.0000000 secs]
      [Inspected:             332]
         [Skipped:              0(  0.0%)]
         [Hashed:             185( 55.7%)]
         [Known:                0(  0.0%)]
         [New:                332(100.0%)     20.1K]
      [Deduplicated:          185( 55.7%)   7688.0B( 37.3%)]
         [Young:              185(100.0%)   7688.0B(100.0%)]
         [Old:                  0(  0.0%)      0.0B(  0.0%)]
   [Total Exec: 2792/1.7706752 secs, Idle: 2792/22988.3761442 secs, Blocked: 39/6.0771328 secs]
      [Inspected:         2778861]
         [Skipped:              0(  0.0%)]
         [Hashed:         2159723( 77.7%)]
         [Known:            34954(  1.3%)]
         [New:            2743907( 98.7%)    150.0M]
      [Deduplicated:      2114491( 77.1%)     94.9M( 63.3%)]
         [Young:           885919( 41.9%)     41.8M( 44.1%)]
         [Old:            1228572( 58.1%)     53.1M( 55.9%)]
   [Table]
      [Memory Usage: 2348.0K]
      [Size: 65536, Min: 1024, Max: 16777216]
      [Entries: 72481, Load: 110.6%, Cached: 5853, Added: 663899, Removed: 591418]
      [Resize Count: 6, Shrink Threshold: 43690(66.7%), Grow Threshold: 131072(200.0%)]
      [Rehash Count: 0, Rehash Threshold: 120, Hash Seed: 0x0]
      [Age Threshold: 3]
   [Queue]
      [Dropped: 0]
[GC concurrent-string-deduplication, deleted 0 entries, 0.0000008 secs]
2021-03-08T17:07:15.126+0800: 22999.831: Total time for which application threads were stopped: 0.0096239 seconds, Stopping threads took: 0.0022640 seconds
2021-03-08T17:07:15.130+0800: 22999.834: Total time for which application threads were stopped: 0.0037253 seconds, Stopping threads took: 0.0001411 seconds
2021-03-08T17:07:20.952+0800: 23005.657: [GC pause (G1 Evacuation Pause) (young), 0.1234342 secs]
   [Parallel Time: 112.6 ms, GC Workers: 4]
      [GC Worker Start (ms): Min: 23005658.9, Avg: 23005658.9, Max: 23005658.9, Diff: 0.0]
      [Ext Root Scanning (ms): Min: 4.3, Avg: 4.4, Max: 4.7, Diff: 0.4, Sum: 17.7]
      [Update RS (ms): Min: 7.1, Avg: 7.2, Max: 7.2, Diff: 0.0, Sum: 28.6]
         [Processed Buffers: Min: 54, Avg: 67.5, Max: 77, Diff: 23, Sum: 270]
      [Scan RS (ms): Min: 0.5, Avg: 0.5, Max: 0.5, Diff: 0.0, Sum: 2.1]
      [Code Root Scanning (ms): Min: 0.0, Avg: 0.0, Max: 0.0, Diff: 0.0, Sum: 0.1]
      [Object Copy (ms): Min: 99.8, Avg: 100.0, Max: 100.2, Diff: 0.4, Sum: 400.0]
      [Termination (ms): Min: 0.2, Avg: 0.3, Max: 0.4, Diff: 0.2, Sum: 1.0]
         [Termination Attempts: Min: 272, Avg: 305.0, Max: 347, Diff: 75, Sum: 1220]
      [GC Worker Other (ms): Min: 0.0, Avg: 0.1, Max: 0.2, Diff: 0.1, Sum: 0.3]
      [GC Worker Total (ms): Min: 112.4, Avg: 112.5, Max: 112.5, Diff: 0.1, Sum: 449.8]
      [GC Worker End (ms): Min: 23005771.3, Avg: 23005771.3, Max: 23005771.4, Diff: 0.1]
   [Code Root Fixup: 0.0 ms]
   [Code Root Purge: 0.0 ms]
   [String Dedup Fixup: 2.8 ms, GC Workers: 4]
      [Queue Fixup (ms): Min: 0.0, Avg: 0.0, Max: 0.0, Diff: 0.0, Sum: 0.0]
      [Table Fixup (ms): Min: 2.6, Avg: 2.7, Max: 2.7, Diff: 0.1, Sum: 10.7]
   [Clear CT: 0.5 ms]
   [Other: 7.5 ms]
      [Choose CSet: 0.0 ms]
      [Ref Proc: 0.1 ms]
      [Ref Enq: 0.0 ms]
      [Redirty Cards: 0.1 ms]
      [Humongous Register: 1.7 ms]
      [Humongous Reclaim: 0.2 ms]
      [Free CSet: 4.0 ms]
   [Eden: 2592.0M(2592.0M)->0.0B(2768.0M) Survivors: 78.0M->94.0M Heap: 4348.4M(6278.0M)->1747.4M(6278.0M)]
 [Times: user=0.40 sys=0.06, real=0.13 secs] 
2021-03-08T17:07:21.077+0800: 23005.781: Total time for which application threads were stopped: 0.1281216 seconds, Stopping threads took: 0.0003966 seconds
2021-03-08T17:07:21.077+0800: 23005.781: [GC concurrent-string-deduplication, 43.9K->23.7K(20.2K), avg 63.3%, 0.0004424 secs]
   [Last Exec: 0.0004424 secs, Idle: 9.0130745 secs, Blocked: 0/0.0000000 secs]
      [Inspected:             781]
         [Skipped:              0(  0.0%)]
         [Hashed:             496( 63.5%)]
         [Known:               17(  2.2%)]
         [New:                764( 97.8%)     43.9K]
      [Deduplicated:          492( 64.4%)     20.2K( 46.0%)]
         [Young:              492(100.0%)     20.2K(100.0%)]
         [Old:                  0(  0.0%)      0.0B(  0.0%)]
   [Total Exec: 2793/1.7711177 secs, Idle: 2793/22997.3892186 secs, Blocked: 39/6.0771328 secs]
      [Inspected:         2779642]
         [Skipped:              0(  0.0%)]
         [Hashed:         2160219( 77.7%)]
         [Known:            34971(  1.3%)]
         [New:            2744671( 98.7%)    150.0M]
      [Deduplicated:      2114983( 77.1%)     94.9M( 63.3%)]
         [Young:           886411( 41.9%)     41.8M( 44.1%)]
         [Old:            1228572( 58.1%)     53.1M( 55.9%)]
   [Table]
      [Memory Usage: 2348.0K]
      [Size: 65536, Min: 1024, Max: 16777216]
      [Entries: 72753, Load: 111.0%, Cached: 5581, Added: 664171, Removed: 591418]
      [Resize Count: 6, Shrink Threshold: 43690(66.7%), Grow Threshold: 131072(200.0%)]
      [Rehash Count: 0, Rehash Threshold: 120, Hash Seed: 0x0]
      [Age Threshold: 3]
   [Queue]
      [Dropped: 0]
[GC concurrent-string-deduplication, deleted 0 entries, 0.0000008 secs]
2021-03-08T17:07:25.762+0800: 23010.467: Total time for which application threads were stopped: 0.0098280 seconds, Stopping threads took: 0.0023668 seconds
2021-03-08T17:07:25.771+0800: 23010.475: Total time for which application threads were stopped: 0.0043041 seconds, Stopping threads took: 0.0004453 seconds
2021-03-08T17:07:25.908+0800: 23010.612: Total time for which application threads were stopped: 0.0042294 seconds, Stopping threads took: 0.0004061 seconds
2021-03-08T17:07:26.117+0800: 23010.821: Total time for which application threads were stopped: 0.0041087 seconds, Stopping threads took: 0.0004015 seconds
2021-03-08T17:07:31.309+0800: 23016.013: Total time for which application threads were stopped: 0.0197527 seconds, Stopping threads took: 0.0018612 seconds
2021-03-08T17:07:32.313+0800: 23017.017: Total time for which application threads were stopped: 0.0037811 seconds, Stopping threads took: 0.0004648 seconds
2021-03-08T17:07:38.289+0800: 23022.993: [GC pause (G1 Evacuation Pause) (young), 0.1745123 secs]
   [Parallel Time: 162.6 ms, GC Workers: 4]
      [GC Worker Start (ms): Min: 23022996.0, Avg: 23023001.6, Max: 23023003.6, Diff: 7.7]
      [Ext Root Scanning (ms): Min: 10.2, Avg: 13.2, Max: 19.2, Diff: 9.0, Sum: 53.0]
      [Update RS (ms): Min: 11.9, Avg: 12.3, Max: 12.5, Diff: 0.7, Sum: 49.2]
         [Processed Buffers: Min: 34, Avg: 60.8, Max: 77, Diff: 43, Sum: 243]
      [Scan RS (ms): Min: 0.5, Avg: 3.9, Max: 13.3, Diff: 12.9, Sum: 15.4]
      [Code Root Scanning (ms): Min: 0.0, Avg: 0.0, Max: 0.0, Diff: 0.0, Sum: 0.1]
      [Object Copy (ms): Min: 118.7, Avg: 127.3, Max: 130.3, Diff: 11.7, Sum: 509.4]
      [Termination (ms): Min: 0.0, Avg: 0.0, Max: 0.0, Diff: 0.0, Sum: 0.0]
         [Termination Attempts: Min: 8, Avg: 8.5, Max: 9, Diff: 1, Sum: 34]
      [GC Worker Other (ms): Min: 0.1, Avg: 0.1, Max: 0.1, Diff: 0.0, Sum: 0.3]
      [GC Worker Total (ms): Min: 154.8, Avg: 156.8, Max: 162.5, Diff: 7.7, Sum: 627.3]
      [GC Worker End (ms): Min: 23023158.4, Avg: 23023158.5, Max: 23023158.5, Diff: 0.0]
   [Code Root Fixup: 0.0 ms]
   [Code Root Purge: 0.0 ms]
   [String Dedup Fixup: 2.8 ms, GC Workers: 4]
      [Queue Fixup (ms): Min: 0.0, Avg: 0.0, Max: 0.0, Diff: 0.0, Sum: 0.0]
      [Table Fixup (ms): Min: 2.7, Avg: 2.7, Max: 2.7, Diff: 0.1, Sum: 10.8]
   [Clear CT: 0.7 ms]
   [Other: 8.4 ms]
      [Choose CSet: 0.0 ms]
      [Ref Proc: 0.1 ms]
      [Ref Enq: 0.0 ms]
      [Redirty Cards: 0.1 ms]
      [Humongous Register: 2.1 ms]
      [Humongous Reclaim: 0.2 ms]
      [Free CSet: 4.3 ms]
   [Eden: 2768.0M(2768.0M)->0.0B(2522.0M) Survivors: 94.0M->124.0M Heap: 4536.1M(6278.0M)->1777.7M(6278.0M)]
 [Times: user=0.51 sys=0.12, real=0.17 secs] 
2021-03-08T17:07:38.464+0800: 23023.168: Total time for which application threads were stopped: 0.1851844 seconds, Stopping threads took: 0.0023838 seconds
2021-03-08T17:07:38.465+0800: 23023.169: [GC concurrent-string-deduplication, 45.9K->23.9K(22.0K), avg 63.3%, 0.0004377 secs]
   [Last Exec: 0.0004377 secs, Idle: 17.3869977 secs, Blocked: 0/0.0000000 secs]
      [Inspected:             814]
         [Skipped:              0(  0.0%)]
         [Hashed:             539( 66.2%)]
         [Known:               10(  1.2%)]
         [New:                804( 98.8%)     45.9K]
      [Deduplicated:          539( 67.0%)     22.0K( 47.9%)]
         [Young:              539(100.0%)     22.0K(100.0%)]
         [Old:                  0(  0.0%)      0.0B(  0.0%)]
   [Total Exec: 2794/1.7715554 secs, Idle: 2794/23014.7762163 secs, Blocked: 39/6.0771328 secs]
      [Inspected:         2780456]
         [Skipped:              0(  0.0%)]
         [Hashed:         2160758( 77.7%)]
         [Known:            34981(  1.3%)]
         [New:            2745475( 98.7%)    150.1M]
      [Deduplicated:      2115522( 77.1%)     94.9M( 63.3%)]
         [Young:           886950( 41.9%)     41.8M( 44.1%)]
         [Old:            1228572( 58.1%)     53.1M( 55.9%)]
   [Table]
      [Memory Usage: 2348.0K]
      [Size: 65536, Min: 1024, Max: 16777216]
      [Entries: 73018, Load: 111.4%, Cached: 5316, Added: 664436, Removed: 591418]
      [Resize Count: 6, Shrink Threshold: 43690(66.7%), Grow Threshold: 131072(200.0%)]
      [Rehash Count: 0, Rehash Threshold: 120, Hash Seed: 0x0]
      [Age Threshold: 3]
   [Queue]
      [Dropped: 0]
[GC concurrent-string-deduplication, deleted 0 entries, 0.0000008 secs]
2021-03-08T17:07:43.153+0800: 23027.857: Total time for which application threads were stopped: 0.0090442 seconds, Stopping threads took: 0.0020005 seconds
2021-03-08T17:07:43.352+0800: 23028.056: Total time for which application threads were stopped: 0.0040900 seconds, Stopping threads took: 0.0003980 seconds
2021-03-08T17:07:43.362+0800: 23028.067: Total time for which application threads were stopped: 0.0041486 seconds, Stopping threads took: 0.0004006 seconds
2021-03-08T17:07:43.536+0800: 23028.241: Total time for which application threads were stopped: 0.0043568 seconds, Stopping threads took: 0.0003859 seconds
2021-03-08T17:07:45.501+0800: 23030.205: Total time for which application threads were stopped: 0.0047916 seconds, Stopping threads took: 0.0008532 seconds
2021-03-08T17:07:45.504+0800: 23030.209: Total time for which application threads were stopped: 0.0037470 seconds, Stopping threads took: 0.0002314 seconds
2021-03-08T17:07:45.508+0800: 23030.213: Total time for which application threads were stopped: 0.0036937 seconds, Stopping threads took: 0.0001277 seconds
2021-03-08T17:07:48.513+0800: 23033.217: Total time for which application threads were stopped: 0.0040396 seconds, Stopping threads took: 0.0003640 seconds
2021-03-08T17:07:49.246+0800: 23033.950: [GC pause (G1 Evacuation Pause) (young), 0.1812704 secs]
   [Parallel Time: 170.3 ms, GC Workers: 4]
      [GC Worker Start (ms): Min: 23033952.0, Avg: 23033954.5, Max: 23033957.3, Diff: 5.2]
      [Ext Root Scanning (ms): Min: 4.8, Avg: 9.9, Max: 15.4, Diff: 10.6, Sum: 39.5]
      [Update RS (ms): Min: 0.2, Avg: 8.2, Max: 12.2, Diff: 12.0, Sum: 32.9]
         [Processed Buffers: Min: 11, Avg: 55.5, Max: 91, Diff: 80, Sum: 222]
      [Scan RS (ms): Min: 0.1, Avg: 0.5, Max: 0.7, Diff: 0.6, Sum: 2.0]
      [Code Root Scanning (ms): Min: 0.0, Avg: 0.0, Max: 0.0, Diff: 0.0, Sum: 0.1]
      [Object Copy (ms): Min: 143.6, Avg: 144.4, Max: 144.9, Diff: 1.4, Sum: 577.6]
      [Termination (ms): Min: 0.2, Avg: 0.2, Max: 0.3, Diff: 0.1, Sum: 1.0]
         [Termination Attempts: Min: 246, Avg: 258.0, Max: 275, Diff: 29, Sum: 1032]
      [GC Worker Other (ms): Min: 0.1, Avg: 1.0, Max: 1.4, Diff: 1.3, Sum: 4.1]
      [GC Worker Total (ms): Min: 160.6, Avg: 164.3, Max: 167.1, Diff: 6.6, Sum: 657.2]
      [GC Worker End (ms): Min: 23034117.8, Avg: 23034118.8, Max: 23034119.2, Diff: 1.3]
   [Code Root Fixup: 0.0 ms]
   [Code Root Purge: 0.0 ms]
   [String Dedup Fixup: 2.7 ms, GC Workers: 4]
      [Queue Fixup (ms): Min: 0.0, Avg: 0.0, Max: 0.0, Diff: 0.0, Sum: 0.0]
      [Table Fixup (ms): Min: 2.6, Avg: 2.6, Max: 2.6, Diff: 0.1, Sum: 10.4]
   [Clear CT: 0.6 ms]
   [Other: 7.7 ms]
      [Choose CSet: 0.0 ms]
      [Ref Proc: 0.4 ms]
      [Ref Enq: 0.0 ms]
      [Redirty Cards: 0.0 ms]
      [Humongous Register: 1.6 ms]
      [Humongous Reclaim: 0.2 ms]
      [Free CSet: 4.0 ms]
   [Eden: 2522.0M(2522.0M)->0.0B(2646.0M) Survivors: 124.0M->126.0M Heap: 4320.2M(6278.0M)->1778.7M(6278.0M)]
 [Times: user=0.51 sys=0.06, real=0.18 secs] 
2021-03-08T17:07:49.428+0800: 23034.132: Total time for which application threads were stopped: 0.1856167 seconds, Stopping threads took: 0.0003520 seconds
2021-03-08T17:07:49.431+0800: 23034.136: [GC concurrent-string-deduplication, 38.9K->19.5K(19.4K), avg 63.3%, 0.0004116 secs]
   [Last Exec: 0.0004116 secs, Idle: 10.9663261 secs, Blocked: 0/0.0000000 secs]
      [Inspected:             715]
         [Skipped:              0(  0.0%)]
         [Hashed:             488( 68.3%)]
         [Known:                0(  0.0%)]
         [New:                715(100.0%)     38.9K]
      [Deduplicated:          487( 68.1%)     19.4K( 49.8%)]
         [Young:              487(100.0%)     19.4K(100.0%)]
         [Old:                  0(  0.0%)      0.0B(  0.0%)]
   [Total Exec: 2795/1.7719670 secs, Idle: 2795/23025.7425425 secs, Blocked: 39/6.0771328 secs]
      [Inspected:         2781171]
         [Skipped:              0(  0.0%)]
         [Hashed:         2161246( 77.7%)]
         [Known:            34981(  1.3%)]
         [New:            2746190( 98.7%)    150.1M]
      [Deduplicated:      2116009( 77.1%)     94.9M( 63.3%)]
         [Young:           887437( 41.9%)     41.9M( 44.1%)]
         [Old:            1228572( 58.1%)     53.1M( 55.9%)]
   [Table]
      [Memory Usage: 2348.0K]
      [Size: 65536, Min: 1024, Max: 16777216]
      [Entries: 73248, Load: 111.8%, Cached: 5086, Added: 664666, Removed: 591418]
      [Resize Count: 6, Shrink Threshold: 43690(66.7%), Grow Threshold: 131072(200.0%)]
      [Rehash Count: 0, Rehash Threshold: 120, Hash Seed: 0x0]
      [Age Threshold: 3]
   [Queue]
      [Dropped: 0]
[GC concurrent-string-deduplication, deleted 0 entries, 0.0000008 secs]
2021-03-08T17:07:58.443+0800: 23043.147: Total time for which application threads were stopped: 0.0101323 seconds, Stopping threads took: 0.0024792 seconds
2021-03-08T17:08:05.545+0800: 23050.249: [GC pause (G1 Evacuation Pause) (young), 0.2103189 secs]
   [Parallel Time: 198.5 ms, GC Workers: 4]
      [GC Worker Start (ms): Min: 23050251.7, Avg: 23050254.1, Max: 23050256.6, Diff: 4.9]
      [Ext Root Scanning (ms): Min: 7.2, Avg: 15.2, Max: 23.0, Diff: 15.8, Sum: 60.8]
      [Update RS (ms): Min: 4.0, Avg: 14.0, Max: 27.8, Diff: 23.8, Sum: 56.1]
         [Processed Buffers: Min: 7, Avg: 46.8, Max: 112, Diff: 105, Sum: 187]
      [Scan RS (ms): Min: 0.2, Avg: 0.6, Max: 1.0, Diff: 0.8, Sum: 2.5]
      [Code Root Scanning (ms): Min: 0.0, Avg: 0.0, Max: 0.0, Diff: 0.0, Sum: 0.1]
      [Object Copy (ms): Min: 157.7, Avg: 165.8, Max: 170.0, Diff: 12.3, Sum: 663.0]
      [Termination (ms): Min: 0.2, Avg: 0.3, Max: 0.3, Diff: 0.1, Sum: 1.1]
         [Termination Attempts: Min: 255, Avg: 291.5, Max: 326, Diff: 71, Sum: 1166]
      [GC Worker Other (ms): Min: 0.1, Avg: 0.1, Max: 0.1, Diff: 0.1, Sum: 0.4]
      [GC Worker Total (ms): Min: 193.5, Avg: 196.0, Max: 198.4, Diff: 4.9, Sum: 783.9]
      [GC Worker End (ms): Min: 23050450.1, Avg: 23050450.1, Max: 23050450.1, Diff: 0.1]
   [Code Root Fixup: 0.0 ms]
   [Code Root Purge: 0.0 ms]
   [String Dedup Fixup: 3.0 ms, GC Workers: 4]
      [Queue Fixup (ms): Min: 0.0, Avg: 0.0, Max: 0.0, Diff: 0.0, Sum: 0.0]
      [Table Fixup (ms): Min: 2.8, Avg: 2.9, Max: 2.9, Diff: 0.1, Sum: 11.5]
   [Clear CT: 0.8 ms]
   [Other: 8.0 ms]
      [Choose CSet: 0.0 ms]
      [Ref Proc: 0.1 ms]
      [Ref Enq: 0.0 ms]
      [Redirty Cards: 0.0 ms]
      [Humongous Register: 2.0 ms]
      [Humongous Reclaim: 0.2 ms]
      [Free CSet: 4.2 ms]
   [Eden: 2646.0M(2646.0M)->0.0B(2192.0M) Survivors: 126.0M->146.0M Heap: 4439.2M(6278.0M)->1799.8M(6278.0M)]
 [Times: user=0.61 sys=0.07, real=0.21 secs] 
2021-03-08T17:08:05.756+0800: 23050.460: Total time for which application threads were stopped: 0.2156268 seconds, Stopping threads took: 0.0007064 seconds
2021-03-08T17:08:05.757+0800: 23050.461: [GC concurrent-string-deduplication, 57.4K->28.7K(28.7K), avg 63.3%, 0.0005428 secs]
   [Last Exec: 0.0005428 secs, Idle: 16.3245051 secs, Blocked: 0/0.0000000 secs]
      [Inspected:            1074]
         [Skipped:              0(  0.0%)]
         [Hashed:             741( 69.0%)]
         [Known:                0(  0.0%)]
         [New:               1074(100.0%)     57.4K]
      [Deduplicated:          739( 68.8%)     28.7K( 50.0%)]
         [Young:              739(100.0%)     28.7K(100.0%)]
         [Old:                  0(  0.0%)      0.0B(  0.0%)]
   [Total Exec: 2796/1.7725097 secs, Idle: 2796/23042.0670476 secs, Blocked: 39/6.0771328 secs]
      [Inspected:         2782245]
         [Skipped:              0(  0.0%)]
         [Hashed:         2161987( 77.7%)]
         [Known:            34981(  1.3%)]
         [New:            2747264( 98.7%)    150.1M]
      [Deduplicated:      2116748( 77.0%)     95.0M( 63.3%)]
         [Young:           888176( 42.0%)     41.9M( 44.1%)]
         [Old:            1228572( 58.0%)     53.1M( 55.9%)]
   [Table]
      [Memory Usage: 2348.0K]
      [Size: 65536, Min: 1024, Max: 16777216]
      [Entries: 73583, Load: 112.3%, Cached: 4751, Added: 665001, Removed: 591418]
      [Resize Count: 6, Shrink Threshold: 43690(66.7%), Grow Threshold: 131072(200.0%)]
      [Rehash Count: 0, Rehash Threshold: 120, Hash Seed: 0x0]
      [Age Threshold: 3]
   [Queue]
      [Dropped: 0]
[GC concurrent-string-deduplication, deleted 0 entries, 0.0000008 secs]
2021-03-08T17:08:12.318+0800: 23057.022: [GC pause (G1 Evacuation Pause) (young), 0.1858705 secs]
   [Parallel Time: 174.7 ms, GC Workers: 4]
      [GC Worker Start (ms): Min: 23057024.9, Avg: 23057027.1, Max: 23057029.3, Diff: 4.4]
      [Ext Root Scanning (ms): Min: 2.4, Avg: 4.6, Max: 6.7, Diff: 4.4, Sum: 18.2]
      [Update RS (ms): Min: 7.5, Avg: 7.8, Max: 7.9, Diff: 0.4, Sum: 31.2]
         [Processed Buffers: Min: 64, Avg: 70.0, Max: 81, Diff: 17, Sum: 280]
      [Scan RS (ms): Min: 0.4, Avg: 0.5, Max: 0.5, Diff: 0.1, Sum: 1.9]
      [Code Root Scanning (ms): Min: 0.0, Avg: 0.0, Max: 0.0, Diff: 0.0, Sum: 0.1]
      [Object Copy (ms): Min: 159.3, Avg: 159.4, Max: 159.8, Diff: 0.5, Sum: 637.8]
      [Termination (ms): Min: 0.1, Avg: 0.1, Max: 0.1, Diff: 0.0, Sum: 0.5]
         [Termination Attempts: Min: 143, Avg: 168.0, Max: 187, Diff: 44, Sum: 672]
      [GC Worker Other (ms): Min: 0.0, Avg: 0.1, Max: 0.1, Diff: 0.0, Sum: 0.2]
      [GC Worker Total (ms): Min: 170.3, Avg: 172.5, Max: 174.7, Diff: 4.4, Sum: 689.9]
      [GC Worker End (ms): Min: 23057199.6, Avg: 23057199.6, Max: 23057199.6, Diff: 0.0]
   [Code Root Fixup: 0.0 ms]
   [Code Root Purge: 0.0 ms]
   [String Dedup Fixup: 2.8 ms, GC Workers: 4]
      [Queue Fixup (ms): Min: 0.0, Avg: 0.0, Max: 0.0, Diff: 0.0, Sum: 0.0]
      [Table Fixup (ms): Min: 2.7, Avg: 2.7, Max: 2.7, Diff: 0.0, Sum: 10.8]
   [Clear CT: 0.6 ms]
   [Other: 7.7 ms]
      [Choose CSet: 0.0 ms]
      [Ref Proc: 0.1 ms]
      [Ref Enq: 0.0 ms]
      [Redirty Cards: 0.0 ms]
      [Humongous Register: 2.2 ms]
      [Humongous Reclaim: 0.2 ms]
      [Free CSet: 3.6 ms]
   [Eden: 2192.0M(2192.0M)->0.0B(2254.0M) Survivors: 146.0M->152.0M Heap: 4018.7M(6278.0M)->1805.9M(6278.0M)]
 [Times: user=0.61 sys=0.08, real=0.19 secs] 
2021-03-08T17:08:12.505+0800: 23057.209: Total time for which application threads were stopped: 0.1960582 seconds, Stopping threads took: 0.0022847 seconds
2021-03-08T17:08:12.505+0800: 23057.209: [GC concurrent-string-deduplication, 39.6K->26.2K(13.4K), avg 63.2%, 0.0003842 secs]
   [Last Exec: 0.0003842 secs, Idle: 6.7479043 secs, Blocked: 0/0.0000000 secs]
      [Inspected:             647]
         [Skipped:              0(  0.0%)]
         [Hashed:             339( 52.4%)]
         [Known:                2(  0.3%)]
         [New:                645( 99.7%)     39.6K]
      [Deduplicated:          339( 52.6%)     13.4K( 33.7%)]
         [Young:              339(100.0%)     13.4K(100.0%)]
         [Old:                  0(  0.0%)      0.0B(  0.0%)]
   [Total Exec: 2797/1.7728940 secs, Idle: 2797/23048.8149519 secs, Blocked: 39/6.0771328 secs]
      [Inspected:         2782892]
         [Skipped:              0(  0.0%)]
         [Hashed:         2162326( 77.7%)]
         [Known:            34983(  1.3%)]
         [New:            2747909( 98.7%)    150.2M]
      [Deduplicated:      2117087( 77.0%)     95.0M( 63.2%)]
         [Young:           888515( 42.0%)     41.9M( 44.1%)]
         [Old:            1228572( 58.0%)     53.1M( 55.9%)]
   [Table]
      [Memory Usage: 2348.0K]
      [Size: 65536, Min: 1024, Max: 16777216]
      [Entries: 73889, Load: 112.7%, Cached: 4445, Added: 665307, Removed: 591418]
      [Resize Count: 6, Shrink Threshold: 43690(66.7%), Grow Threshold: 131072(200.0%)]
      [Rehash Count: 0, Rehash Threshold: 120, Hash Seed: 0x0]
      [Age Threshold: 3]
   [Queue]
      [Dropped: 0]
[GC concurrent-string-deduplication, deleted 0 entries, 0.0000009 secs]
2021-03-08T17:08:16.494+0800: 23061.198: Total time for which application threads were stopped: 0.0045756 seconds, Stopping threads took: 0.0003995 seconds
2021-03-08T17:08:16.499+0800: 23061.203: Total time for which application threads were stopped: 0.0045291 seconds, Stopping threads took: 0.0004464 seconds
2021-03-08T17:08:19.207+0800: 23063.911: [GC pause (G1 Evacuation Pause) (young), 0.1900639 secs]
   [Parallel Time: 179.4 ms, GC Workers: 4]
      [GC Worker Start (ms): Min: 23063913.7, Avg: 23063913.7, Max: 23063913.7, Diff: 0.1]
      [Ext Root Scanning (ms): Min: 4.5, Avg: 4.7, Max: 5.0, Diff: 0.5, Sum: 18.6]
      [Update RS (ms): Min: 7.2, Avg: 7.2, Max: 7.2, Diff: 0.0, Sum: 28.7]
         [Processed Buffers: Min: 54, Avg: 61.8, Max: 78, Diff: 24, Sum: 247]
      [Scan RS (ms): Min: 0.5, Avg: 0.5, Max: 0.5, Diff: 0.0, Sum: 1.9]
      [Code Root Scanning (ms): Min: 0.0, Avg: 0.0, Max: 0.0, Diff: 0.0, Sum: 0.1]
      [Object Copy (ms): Min: 166.5, Avg: 166.7, Max: 166.9, Diff: 0.4, Sum: 667.0]
      [Termination (ms): Min: 0.1, Avg: 0.1, Max: 0.1, Diff: 0.0, Sum: 0.5]
         [Termination Attempts: Min: 169, Avg: 182.0, Max: 198, Diff: 29, Sum: 728]
      [GC Worker Other (ms): Min: 0.0, Avg: 0.1, Max: 0.1, Diff: 0.0, Sum: 0.2]
      [GC Worker Total (ms): Min: 179.2, Avg: 179.3, Max: 179.3, Diff: 0.0, Sum: 717.1]
      [GC Worker End (ms): Min: 23064093.0, Avg: 23064093.0, Max: 23064093.0, Diff: 0.0]
   [Code Root Fixup: 0.0 ms]
   [Code Root Purge: 0.0 ms]
   [String Dedup Fixup: 2.7 ms, GC Workers: 4]
      [Queue Fixup (ms): Min: 0.0, Avg: 0.0, Max: 0.0, Diff: 0.0, Sum: 0.0]
      [Table Fixup (ms): Min: 2.6, Avg: 2.6, Max: 2.7, Diff: 0.0, Sum: 10.6]
   [Clear CT: 0.6 ms]
   [Other: 7.4 ms]
      [Choose CSet: 0.0 ms]
      [Ref Proc: 0.1 ms]
      [Ref Enq: 0.0 ms]
      [Redirty Cards: 0.1 ms]
      [Humongous Register: 1.9 ms]
      [Humongous Reclaim: 0.2 ms]
      [Free CSet: 3.7 ms]
   [Eden: 2254.0M(2254.0M)->0.0B(2208.0M) Survivors: 152.0M->166.0M Heap: 4083.1M(6278.0M)->1818.7M(6278.0M)]
 [Times: user=0.65 sys=0.09, real=0.19 secs] 
2021-03-08T17:08:19.398+0800: 23064.102: Total time for which application threads were stopped: 0.1999593 seconds, Stopping threads took: 0.0021245 seconds
2021-03-08T17:08:19.398+0800: 23064.103: [GC concurrent-string-deduplication, 40.4K->18.6K(21.9K), avg 63.2%, 0.0006045 secs]
   [Last Exec: 0.0006045 secs, Idle: 6.8928413 secs, Blocked: 0/0.0000000 secs]
      [Inspected:             769]
         [Skipped:              0(  0.0%)]
         [Hashed:             553( 71.9%)]
         [Known:                0(  0.0%)]
         [New:                769(100.0%)     40.4K]
      [Deduplicated:          553( 71.9%)     21.9K( 54.1%)]
         [Young:              553(100.0%)     21.9K(100.0%)]
         [Old:                  0(  0.0%)      0.0B(  0.0%)]
   [Total Exec: 2798/1.7734985 secs, Idle: 2798/23055.7077932 secs, Blocked: 39/6.0771328 secs]
      [Inspected:         2783661]
         [Skipped:              0(  0.0%)]
         [Hashed:         2162879( 77.7%)]
         [Known:            34983(  1.3%)]
         [New:            2748678( 98.7%)    150.2M]
      [Deduplicated:      2117640( 77.0%)     95.0M( 63.2%)]
         [Young:           889068( 42.0%)     41.9M( 44.1%)]
         [Old:            1228572( 58.0%)     53.1M( 55.9%)]
   [Table]
      [Memory Usage: 2348.0K]
      [Size: 65536, Min: 1024, Max: 16777216]
      [Entries: 74105, Load: 113.1%, Cached: 4229, Added: 665523, Removed: 591418]
      [Resize Count: 6, Shrink Threshold: 43690(66.7%), Grow Threshold: 131072(200.0%)]
      [Rehash Count: 0, Rehash Threshold: 120, Hash Seed: 0x0]
      [Age Threshold: 3]
   [Queue]
      [Dropped: 0]
[GC concurrent-string-deduplication, deleted 0 entries, 0.0000008 secs]
2021-03-08T17:08:30.363+0800: 23075.067: [GC pause (G1 Evacuation Pause) (young), 0.2119858 secs]
   [Parallel Time: 201.3 ms, GC Workers: 4]
      [GC Worker Start (ms): Min: 23075070.0, Avg: 23075070.0, Max: 23075070.0, Diff: 0.1]
      [Ext Root Scanning (ms): Min: 7.5, Avg: 8.3, Max: 8.6, Diff: 1.1, Sum: 33.1]
      [Update RS (ms): Min: 5.3, Avg: 5.4, Max: 5.4, Diff: 0.1, Sum: 21.5]
         [Processed Buffers: Min: 37, Avg: 49.0, Max: 63, Diff: 26, Sum: 196]
      [Scan RS (ms): Min: 0.5, Avg: 0.5, Max: 0.6, Diff: 0.0, Sum: 2.1]
      [Code Root Scanning (ms): Min: 0.0, Avg: 0.0, Max: 0.0, Diff: 0.0, Sum: 0.1]
      [Object Copy (ms): Min: 186.5, Avg: 186.8, Max: 187.5, Diff: 1.0, Sum: 747.4]
      [Termination (ms): Min: 0.0, Avg: 0.1, Max: 0.1, Diff: 0.0, Sum: 0.2]
         [Termination Attempts: Min: 63, Avg: 73.5, Max: 92, Diff: 29, Sum: 294]
      [GC Worker Other (ms): Min: 0.0, Avg: 0.1, Max: 0.1, Diff: 0.0, Sum: 0.2]
      [GC Worker Total (ms): Min: 201.1, Avg: 201.2, Max: 201.2, Diff: 0.1, Sum: 804.6]
      [GC Worker End (ms): Min: 23075271.1, Avg: 23075271.1, Max: 23075271.1, Diff: 0.0]
   [Code Root Fixup: 0.0 ms]
   [Code Root Purge: 0.0 ms]
   [String Dedup Fixup: 2.8 ms, GC Workers: 4]
      [Queue Fixup (ms): Min: 0.0, Avg: 0.0, Max: 0.0, Diff: 0.0, Sum: 0.0]
      [Table Fixup (ms): Min: 2.7, Avg: 2.7, Max: 2.7, Diff: 0.1, Sum: 10.8]
   [Clear CT: 0.6 ms]
   [Other: 7.3 ms]
      [Choose CSet: 0.0 ms]
      [Ref Proc: 0.1 ms]
      [Ref Enq: 0.0 ms]
      [Redirty Cards: 0.1 ms]
      [Humongous Register: 1.9 ms]
      [Humongous Reclaim: 0.2 ms]
      [Free CSet: 3.6 ms]
   [Eden: 2208.0M(2208.0M)->0.0B(3040.0M) Survivors: 166.0M->160.0M Heap: 4042.4M(6278.0M)->1835.8M(6278.0M)]
 [Times: user=0.70 sys=0.11, real=0.22 secs] 
2021-03-08T17:08:30.576+0800: 23075.280: Total time for which application threads were stopped: 0.2221343 seconds, Stopping threads took: 0.0021913 seconds
2021-03-08T17:08:30.576+0800: 23075.281: [GC concurrent-string-deduplication, 54.6K->35.9K(18.7K), avg 63.2%, 0.0004996 secs]
   [Last Exec: 0.0004996 secs, Idle: 11.1774448 secs, Blocked: 0/0.0000000 secs]
      [Inspected:             871]
         [Skipped:              0(  0.0%)]
         [Hashed:             458( 52.6%)]
         [Known:                0(  0.0%)]
         [New:                871(100.0%)     54.6K]
      [Deduplicated:          457( 52.5%)     18.7K( 34.3%)]
         [Young:              457(100.0%)     18.7K(100.0%)]
         [Old:                  0(  0.0%)      0.0B(  0.0%)]
   [Total Exec: 2799/1.7739981 secs, Idle: 2799/23066.8852380 secs, Blocked: 39/6.0771328 secs]
      [Inspected:         2784532]
         [Skipped:              0(  0.0%)]
         [Hashed:         2163337( 77.7%)]
         [Known:            34983(  1.3%)]
         [New:            2749549( 98.7%)    150.3M]
      [Deduplicated:      2118097( 77.0%)     95.0M( 63.2%)]
         [Young:           889525( 42.0%)     41.9M( 44.1%)]
         [Old:            1228572( 58.0%)     53.1M( 55.9%)]
   [Table]
      [Memory Usage: 2348.0K]
      [Size: 65536, Min: 1024, Max: 16777216]
      [Entries: 74519, Load: 113.7%, Cached: 3815, Added: 665937, Removed: 591418]
      [Resize Count: 6, Shrink Threshold: 43690(66.7%), Grow Threshold: 131072(200.0%)]
      [Rehash Count: 0, Rehash Threshold: 120, Hash Seed: 0x0]
      [Age Threshold: 3]
   [Queue]
      [Dropped: 0]
[GC concurrent-string-deduplication, deleted 0 entries, 0.0000011 secs]
2021-03-08T17:08:43.540+0800: 23088.244: Total time for which application threads were stopped: 0.0096944 seconds, Stopping threads took: 0.0022350 seconds
2021-03-08T17:08:44.251+0800: 23088.956: Total time for which application threads were stopped: 0.0045156 seconds, Stopping threads took: 0.0004671 seconds
2021-03-08T17:08:46.331+0800: 23091.035: [GC pause (G1 Evacuation Pause) (young), 0.2346092 secs]
   [Parallel Time: 220.3 ms, GC Workers: 4]
      [GC Worker Start (ms): Min: 23091037.5, Avg: 23091045.0, Max: 23091047.6, Diff: 10.1]
      [Ext Root Scanning (ms): Min: 4.9, Avg: 9.0, Max: 16.6, Diff: 11.7, Sum: 35.9]
      [Update RS (ms): Min: 10.7, Avg: 11.2, Max: 12.3, Diff: 1.6, Sum: 44.8]
         [Processed Buffers: Min: 58, Avg: 68.2, Max: 77, Diff: 19, Sum: 273]
      [Scan RS (ms): Min: 0.3, Avg: 0.7, Max: 0.8, Diff: 0.5, Sum: 2.6]
      [Code Root Scanning (ms): Min: 0.0, Avg: 0.0, Max: 0.0, Diff: 0.0, Sum: 0.1]
      [Object Copy (ms): Min: 191.3, Avg: 191.6, Max: 191.9, Diff: 0.6, Sum: 766.5]
      [Termination (ms): Min: 0.1, Avg: 0.1, Max: 0.1, Diff: 0.0, Sum: 0.3]
         [Termination Attempts: Min: 97, Avg: 120.8, Max: 146, Diff: 49, Sum: 483]
      [GC Worker Other (ms): Min: 0.1, Avg: 0.1, Max: 0.3, Diff: 0.3, Sum: 0.6]
      [GC Worker Total (ms): Min: 210.1, Avg: 212.7, Max: 220.2, Diff: 10.1, Sum: 850.8]
      [GC Worker End (ms): Min: 23091257.7, Avg: 23091257.7, Max: 23091257.7, Diff: 0.0]
   [Code Root Fixup: 0.0 ms]
   [Code Root Purge: 0.0 ms]
   [String Dedup Fixup: 5.1 ms, GC Workers: 4]
      [Queue Fixup (ms): Min: 0.0, Avg: 0.0, Max: 0.0, Diff: 0.0, Sum: 0.0]
      [Table Fixup (ms): Min: 0.0, Avg: 2.5, Max: 5.0, Diff: 5.0, Sum: 10.1]
   [Clear CT: 0.9 ms]
   [Other: 8.4 ms]
      [Choose CSet: 0.0 ms]
      [Ref Proc: 0.1 ms]
      [Ref Enq: 0.0 ms]
      [Redirty Cards: 0.0 ms]
      [Humongous Register: 1.9 ms]
      [Humongous Reclaim: 0.2 ms]
      [Free CSet: 4.7 ms]
   [Eden: 3040.0M(3040.0M)->0.0B(1966.0M) Survivors: 160.0M->180.0M Heap: 4897.5M(6278.0M)->1854.6M(6278.0M)]
 [Times: user=0.73 sys=0.09, real=0.24 secs] 
2021-03-08T17:08:46.566+0800: 23091.270: Total time for which application threads were stopped: 0.2394101 seconds, Stopping threads took: 0.0004276 seconds
2021-03-08T17:08:46.567+0800: 23091.271: [GC concurrent-string-deduplication, 45.5K->22.7K(22.8K), avg 63.2%, 0.0004610 secs]
   [Last Exec: 0.0004610 secs, Idle: 15.9896858 secs, Blocked: 0/0.0000000 secs]
      [Inspected:             852]
         [Skipped:              0(  0.0%)]
         [Hashed:             588( 69.0%)]
         [Known:                0(  0.0%)]
         [New:                852(100.0%)     45.5K]
      [Deduplicated:          588( 69.0%)     22.8K( 50.1%)]
         [Young:              588(100.0%)     22.8K(100.0%)]
         [Old:                  0(  0.0%)      0.0B(  0.0%)]
   [Total Exec: 2800/1.7744591 secs, Idle: 2800/23082.8749238 secs, Blocked: 39/6.0771328 secs]
      [Inspected:         2785384]
         [Skipped:              0(  0.0%)]
         [Hashed:         2163925( 77.7%)]
         [Known:            34983(  1.3%)]
         [New:            2750401( 98.7%)    150.3M]
      [Deduplicated:      2118685( 77.0%)     95.1M( 63.2%)]
         [Young:           890113( 42.0%)     42.0M( 44.1%)]
         [Old:            1228572( 58.0%)     53.1M( 55.9%)]
   [Table]
      [Memory Usage: 2348.0K]
      [Size: 65536, Min: 1024, Max: 16777216]
      [Entries: 74780, Load: 114.1%, Cached: 3554, Added: 666201, Removed: 591421]
      [Resize Count: 6, Shrink Threshold: 43690(66.7%), Grow Threshold: 131072(200.0%)]
      [Rehash Count: 0, Rehash Threshold: 120, Hash Seed: 0x0]
      [Age Threshold: 3]
   [Queue]
      [Dropped: 0]
[GC concurrent-string-deduplication, deleted 0 entries, 0.0000010 secs]
2021-03-08T17:08:47.184+0800: 23091.888: Total time for which application threads were stopped: 0.0041955 seconds, Stopping threads took: 0.0003866 seconds
2021-03-08T17:08:47.188+0800: 23091.892: Total time for which application threads were stopped: 0.0036253 seconds, Stopping threads took: 0.0001254 seconds
2021-03-08T17:08:48.192+0800: 23092.897: Total time for which application threads were stopped: 0.0041227 seconds, Stopping threads took: 0.0005009 seconds
2021-03-08T17:08:49.201+0800: 23093.905: Total time for which application threads were stopped: 0.0082270 seconds, Stopping threads took: 0.0004040 seconds
2021-03-08T17:08:51.167+0800: 23095.872: Total time for which application threads were stopped: 0.0039519 seconds, Stopping threads took: 0.0004481 seconds
2021-03-08T17:08:54.630+0800: 23099.334: Total time for which application threads were stopped: 0.0097200 seconds, Stopping threads took: 0.0023246 seconds
2021-03-08T17:08:54.701+0800: 23099.405: Total time for which application threads were stopped: 0.0041669 seconds, Stopping threads took: 0.0003538 seconds
2021-03-08T17:08:54.933+0800: 23099.637: Total time for which application threads were stopped: 0.0039612 seconds, Stopping threads took: 0.0003342 seconds
2021-03-08T17:08:56.804+0800: 23101.509: [GC pause (G1 Evacuation Pause) (young), 0.2114558 secs]
   [Parallel Time: 201.2 ms, GC Workers: 4]
      [GC Worker Start (ms): Min: 23101510.9, Avg: 23101512.6, Max: 23101514.3, Diff: 3.4]
      [Ext Root Scanning (ms): Min: 2.6, Avg: 4.3, Max: 6.0, Diff: 3.4, Sum: 17.0]
      [Update RS (ms): Min: 7.9, Avg: 8.0, Max: 8.0, Diff: 0.1, Sum: 31.9]
         [Processed Buffers: Min: 61, Avg: 69.8, Max: 75, Diff: 14, Sum: 279]
      [Scan RS (ms): Min: 0.3, Avg: 0.4, Max: 0.5, Diff: 0.1, Sum: 1.7]
      [Code Root Scanning (ms): Min: 0.0, Avg: 0.0, Max: 0.0, Diff: 0.0, Sum: 0.1]
      [Object Copy (ms): Min: 186.3, Avg: 186.6, Max: 187.0, Diff: 0.7, Sum: 746.3]
      [Termination (ms): Min: 0.1, Avg: 0.2, Max: 0.3, Diff: 0.1, Sum: 0.7]
         [Termination Attempts: Min: 169, Avg: 180.2, Max: 192, Diff: 23, Sum: 721]
      [GC Worker Other (ms): Min: 0.0, Avg: 0.1, Max: 0.1, Diff: 0.0, Sum: 0.2]
      [GC Worker Total (ms): Min: 197.8, Avg: 199.5, Max: 201.2, Diff: 3.4, Sum: 797.9]
      [GC Worker End (ms): Min: 23101712.0, Avg: 23101712.1, Max: 23101712.1, Diff: 0.0]
   [Code Root Fixup: 0.0 ms]
   [Code Root Purge: 0.0 ms]
   [String Dedup Fixup: 2.7 ms, GC Workers: 4]
      [Queue Fixup (ms): Min: 0.0, Avg: 0.0, Max: 0.0, Diff: 0.0, Sum: 0.0]
      [Table Fixup (ms): Min: 2.6, Avg: 2.6, Max: 2.6, Diff: 0.1, Sum: 10.4]
   [Clear CT: 0.5 ms]
   [Other: 7.0 ms]
      [Choose CSet: 0.0 ms]
      [Ref Proc: 0.2 ms]
      [Ref Enq: 0.0 ms]
      [Redirty Cards: 0.1 ms]
      [Humongous Register: 1.8 ms]
      [Humongous Reclaim: 0.2 ms]
      [Free CSet: 3.3 ms]
   [Eden: 1966.0M(1966.0M)->0.0B(3624.0M) Survivors: 180.0M->142.0M Heap: 3849.0M(6278.0M)->1867.1M(6278.0M)]
 [Times: user=0.73 sys=0.09, real=0.21 secs] 
2021-03-08T17:08:57.017+0800: 23101.721: Total time for which application threads were stopped: 0.2160671 seconds, Stopping threads took: 0.0003313 seconds
2021-03-08T17:08:57.020+0800: 23101.725: Total time for which application threads were stopped: 0.0037070 seconds, Stopping threads took: 0.0001960 seconds
2021-03-08T17:08:57.021+0800: 23101.725: [GC concurrent-string-deduplication, 47.2K->21.6K(25.7K), avg 63.2%, 0.0005123 secs]
   [Last Exec: 0.0005123 secs, Idle: 10.4497818 secs, Blocked: 1/0.0037333 secs]
      [Inspected:             911]
         [Skipped:              0(  0.0%)]
         [Hashed:             660( 72.4%)]
         [Known:                0(  0.0%)]
         [New:                911(100.0%)     47.2K]
      [Deduplicated:          660( 72.4%)     25.7K( 54.3%)]
         [Young:              660(100.0%)     25.7K(100.0%)]
         [Old:                  0(  0.0%)      0.0B(  0.0%)]
   [Total Exec: 2801/1.7749714 secs, Idle: 2801/23093.3247056 secs, Blocked: 40/6.0808661 secs]
      [Inspected:         2786295]
         [Skipped:              0(  0.0%)]
         [Hashed:         2164585( 77.7%)]
         [Known:            34983(  1.3%)]
         [New:            2751312( 98.7%)    150.4M]
      [Deduplicated:      2119345( 77.0%)     95.1M( 63.2%)]
         [Young:           890773( 42.0%)     42.0M( 44.2%)]
         [Old:            1228572( 58.0%)     53.1M( 55.8%)]
   [Table]
      [Memory Usage: 2348.0K]
      [Size: 65536, Min: 1024, Max: 16777216]
      [Entries: 75045, Load: 114.5%, Cached: 3289, Added: 666466, Removed: 591421]
      [Resize Count: 6, Shrink Threshold: 43690(66.7%), Grow Threshold: 131072(200.0%)]
      [Rehash Count: 0, Rehash Threshold: 120, Hash Seed: 0x0]
      [Age Threshold: 3]
   [Queue]
      [Dropped: 0]
[GC concurrent-string-deduplication, deleted 0 entries, 0.0000008 secs]
2021-03-08T17:08:58.128+0800: 23102.833: Total time for which application threads were stopped: 0.0045037 seconds, Stopping threads took: 0.0004114 seconds
2021-03-08T17:09:03.137+0800: 23107.841: Total time for which application threads were stopped: 0.0085480 seconds, Stopping threads took: 0.0018349 seconds
2021-03-08T17:09:16.176+0800: 23120.880: [GC pause (G1 Evacuation Pause) (young), 0.1990265 secs]
   [Parallel Time: 186.7 ms, GC Workers: 4]
      [GC Worker Start (ms): Min: 23120881.7, Avg: 23120881.7, Max: 23120881.8, Diff: 0.1]
      [Ext Root Scanning (ms): Min: 4.3, Avg: 4.4, Max: 4.7, Diff: 0.4, Sum: 17.7]
      [Update RS (ms): Min: 18.7, Avg: 18.8, Max: 19.2, Diff: 0.5, Sum: 75.3]
         [Processed Buffers: Min: 90, Avg: 102.2, Max: 112, Diff: 22, Sum: 409]
      [Scan RS (ms): Min: 0.4, Avg: 0.7, Max: 0.9, Diff: 0.4, Sum: 2.9]
      [Code Root Scanning (ms): Min: 0.0, Avg: 0.1, Max: 0.2, Diff: 0.2, Sum: 0.2]
      [Object Copy (ms): Min: 162.3, Avg: 162.5, Max: 162.6, Diff: 0.4, Sum: 650.0]
      [Termination (ms): Min: 0.0, Avg: 0.0, Max: 0.1, Diff: 0.0, Sum: 0.2]
         [Termination Attempts: Min: 48, Avg: 60.5, Max: 68, Diff: 20, Sum: 242]
      [GC Worker Other (ms): Min: 0.0, Avg: 0.1, Max: 0.1, Diff: 0.0, Sum: 0.2]
      [GC Worker Total (ms): Min: 186.6, Avg: 186.6, Max: 186.7, Diff: 0.1, Sum: 746.5]
      [GC Worker End (ms): Min: 23121068.4, Avg: 23121068.4, Max: 23121068.4, Diff: 0.0]
   [Code Root Fixup: 0.0 ms]
   [Code Root Purge: 0.0 ms]
   [String Dedup Fixup: 2.7 ms, GC Workers: 4]
      [Queue Fixup (ms): Min: 0.0, Avg: 0.0, Max: 0.0, Diff: 0.0, Sum: 0.0]
      [Table Fixup (ms): Min: 2.6, Avg: 2.6, Max: 2.7, Diff: 0.1, Sum: 10.6]
   [Clear CT: 0.9 ms]
   [Other: 8.7 ms]
      [Choose CSet: 0.0 ms]
      [Ref Proc: 0.2 ms]
      [Ref Enq: 0.0 ms]
      [Redirty Cards: 0.1 ms]
      [Humongous Register: 1.2 ms]
      [Humongous Reclaim: 0.2 ms]
      [Free CSet: 5.7 ms]
   [Eden: 3624.0M(3624.0M)->0.0B(3602.0M) Survivors: 142.0M->156.0M Heap: 5522.0M(6278.0M)->1882.0M(6278.0M)]
 [Times: user=0.67 sys=0.10, real=0.20 secs] 
2021-03-08T17:09:16.376+0800: 23121.080: Total time for which application threads were stopped: 0.2085675 seconds, Stopping threads took: 0.0020148 seconds
2021-03-08T17:09:16.379+0800: 23121.083: Total time for which application threads were stopped: 0.0035849 seconds, Stopping threads took: 0.0002082 seconds
2021-03-08T17:09:16.380+0800: 23121.084: [GC concurrent-string-deduplication, 58.6K->32.9K(25.7K), avg 63.2%, 0.0005709 secs]
   [Last Exec: 0.0005709 secs, Idle: 19.3546629 secs, Blocked: 1/0.0036078 secs]
      [Inspected:            1051]
         [Skipped:              0(  0.0%)]
         [Hashed:             668( 63.6%)]
         [Known:                0(  0.0%)]
         [New:               1051(100.0%)     58.6K]
      [Deduplicated:          667( 63.5%)     25.7K( 43.8%)]
         [Young:              667(100.0%)     25.7K(100.0%)]
         [Old:                  0(  0.0%)      0.0B(  0.0%)]
   [Total Exec: 2802/1.7755423 secs, Idle: 2802/23112.6793684 secs, Blocked: 41/6.0844739 secs]
      [Inspected:         2787346]
         [Skipped:              0(  0.0%)]
         [Hashed:         2165253( 77.7%)]
         [Known:            34983(  1.3%)]
         [New:            2752363( 98.7%)    150.4M]
      [Deduplicated:      2120012( 77.0%)     95.1M( 63.2%)]
         [Young:           891440( 42.0%)     42.0M( 44.2%)]
         [Old:            1228572( 58.0%)     53.1M( 55.8%)]
   [Table]
      [Memory Usage: 2348.0K]
      [Size: 65536, Min: 1024, Max: 16777216]
      [Entries: 75448, Load: 115.1%, Cached: 2886, Added: 666869, Removed: 591421]
      [Resize Count: 6, Shrink Threshold: 43690(66.7%), Grow Threshold: 131072(200.0%)]
      [Rehash Count: 0, Rehash Threshold: 120, Hash Seed: 0x0]
      [Age Threshold: 3]
   [Queue]
      [Dropped: 0]
[GC concurrent-string-deduplication, deleted 0 entries, 0.0000010 secs]
2021-03-08T17:09:17.727+0800: 23122.431: Total time for which application threads were stopped: 0.0038831 seconds, Stopping threads took: 0.0003530 seconds
2021-03-08T17:09:17.730+0800: 23122.434: Total time for which application threads were stopped: 0.0027113 seconds, Stopping threads took: 0.0001296 seconds
2021-03-08T17:09:18.659+0800: 23123.363: Total time for which application threads were stopped: 0.0042414 seconds, Stopping threads took: 0.0005328 seconds
2021-03-08T17:09:22.668+0800: 23127.372: Total time for which application threads were stopped: 0.0087020 seconds, Stopping threads took: 0.0021134 seconds
2021-03-08T17:09:27.693+0800: 23132.398: [GC pause (G1 Evacuation Pause) (young), 0.1999113 secs]
   [Parallel Time: 187.7 ms, GC Workers: 4]
      [GC Worker Start (ms): Min: 23132399.6, Avg: 23132399.7, Max: 23132399.7, Diff: 0.0]
      [Ext Root Scanning (ms): Min: 3.9, Avg: 4.0, Max: 4.3, Diff: 0.4, Sum: 16.1]
      [Update RS (ms): Min: 10.8, Avg: 10.9, Max: 10.9, Diff: 0.0, Sum: 43.4]
         [Processed Buffers: Min: 67, Avg: 93.0, Max: 115, Diff: 48, Sum: 372]
      [Scan RS (ms): Min: 0.7, Avg: 0.7, Max: 0.7, Diff: 0.1, Sum: 2.8]
      [Code Root Scanning (ms): Min: 0.0, Avg: 0.1, Max: 0.2, Diff: 0.1, Sum: 0.2]
      [Object Copy (ms): Min: 171.5, Avg: 171.7, Max: 171.9, Diff: 0.4, Sum: 686.7]
      [Termination (ms): Min: 0.1, Avg: 0.2, Max: 0.2, Diff: 0.1, Sum: 0.7]
         [Termination Attempts: Min: 172, Avg: 184.2, Max: 193, Diff: 21, Sum: 737]
      [GC Worker Other (ms): Min: 0.0, Avg: 0.1, Max: 0.1, Diff: 0.0, Sum: 0.2]
      [GC Worker Total (ms): Min: 187.5, Avg: 187.5, Max: 187.6, Diff: 0.1, Sum: 750.2]
      [GC Worker End (ms): Min: 23132587.2, Avg: 23132587.2, Max: 23132587.2, Diff: 0.0]
   [Code Root Fixup: 0.0 ms]
   [Code Root Purge: 0.0 ms]
   [String Dedup Fixup: 2.7 ms, GC Workers: 4]
      [Queue Fixup (ms): Min: 0.0, Avg: 0.0, Max: 0.0, Diff: 0.0, Sum: 0.0]
      [Table Fixup (ms): Min: 2.6, Avg: 2.7, Max: 2.7, Diff: 0.1, Sum: 10.6]
   [Clear CT: 0.8 ms]
   [Other: 8.7 ms]
      [Choose CSet: 0.0 ms]
      [Ref Proc: 0.1 ms]
      [Ref Enq: 0.0 ms]
      [Redirty Cards: 0.1 ms]
      [Humongous Register: 1.5 ms]
      [Humongous Reclaim: 0.2 ms]
      [Free CSet: 5.5 ms]
   [Eden: 3602.0M(3602.0M)->0.0B(3332.0M) Survivors: 156.0M->172.0M Heap: 5522.8M(6278.0M)->1897.3M(6278.0M)]
 [Times: user=0.68 sys=0.09, real=0.20 secs] 
2021-03-08T17:09:27.894+0800: 23132.598: Total time for which application threads were stopped: 0.2045510 seconds, Stopping threads took: 0.0003804 seconds
2021-03-08T17:09:27.895+0800: 23132.599: [GC concurrent-string-deduplication, 38.6K->22.9K(15.7K), avg 63.2%, 0.0003923 secs]
   [Last Exec: 0.0003923 secs, Idle: 11.5143132 secs, Blocked: 0/0.0000000 secs]
      [Inspected:             675]
         [Skipped:              0(  0.0%)]
         [Hashed:             396( 58.7%)]
         [Known:               16(  2.4%)]
         [New:                659( 97.6%)     38.6K]
      [Deduplicated:          398( 60.4%)     15.7K( 40.8%)]
         [Young:              398(100.0%)     15.7K(100.0%)]
         [Old:                  0(  0.0%)      0.0B(  0.0%)]
   [Total Exec: 2803/1.7759346 secs, Idle: 2803/23124.1936816 secs, Blocked: 41/6.0844739 secs]
      [Inspected:         2788021]
         [Skipped:              0(  0.0%)]
         [Hashed:         2165649( 77.7%)]
         [Known:            34999(  1.3%)]
         [New:            2753022( 98.7%)    150.5M]
      [Deduplicated:      2120410( 77.0%)     95.1M( 63.2%)]
         [Young:           891838( 42.1%)     42.0M( 44.2%)]
         [Old:            1228572( 57.9%)     53.1M( 55.8%)]
   [Table]
      [Memory Usage: 2348.0K]
      [Size: 65536, Min: 1024, Max: 16777216]
      [Entries: 75709, Load: 115.5%, Cached: 2625, Added: 667130, Removed: 591421]
      [Resize Count: 6, Shrink Threshold: 43690(66.7%), Grow Threshold: 131072(200.0%)]
      [Rehash Count: 0, Rehash Threshold: 120, Hash Seed: 0x0]
      [Age Threshold: 3]
   [Queue]
      [Dropped: 0]
[GC concurrent-string-deduplication, deleted 0 entries, 0.0000008 secs]
2021-03-08T17:09:47.390+0800: 23152.094: [GC pause (G1 Evacuation Pause) (young), 0.1824715 secs]
   [Parallel Time: 170.7 ms, GC Workers: 4]
      [GC Worker Start (ms): Min: 23152096.6, Avg: 23152096.6, Max: 23152096.6, Diff: 0.1]
      [Ext Root Scanning (ms): Min: 4.0, Avg: 4.1, Max: 4.4, Diff: 0.4, Sum: 16.5]
      [Update RS (ms): Min: 8.0, Avg: 8.1, Max: 8.4, Diff: 0.4, Sum: 32.3]
         [Processed Buffers: Min: 64, Avg: 66.5, Max: 71, Diff: 7, Sum: 266]
      [Scan RS (ms): Min: 0.4, Avg: 0.7, Max: 0.8, Diff: 0.3, Sum: 2.6]
      [Code Root Scanning (ms): Min: 0.0, Avg: 0.1, Max: 0.2, Diff: 0.1, Sum: 0.2]
      [Object Copy (ms): Min: 157.3, Avg: 157.4, Max: 157.5, Diff: 0.3, Sum: 629.8]
      [Termination (ms): Min: 0.0, Avg: 0.1, Max: 0.1, Diff: 0.1, Sum: 0.3]
         [Termination Attempts: Min: 48, Avg: 50.8, Max: 54, Diff: 6, Sum: 203]
      [GC Worker Other (ms): Min: 0.1, Avg: 0.1, Max: 0.2, Diff: 0.1, Sum: 0.4]
      [GC Worker Total (ms): Min: 170.4, Avg: 170.5, Max: 170.6, Diff: 0.1, Sum: 682.1]
      [GC Worker End (ms): Min: 23152267.1, Avg: 23152267.1, Max: 23152267.2, Diff: 0.1]
   [Code Root Fixup: 0.0 ms]
   [Code Root Purge: 0.0 ms]
   [String Dedup Fixup: 2.5 ms, GC Workers: 4]
      [Queue Fixup (ms): Min: 0.0, Avg: 0.0, Max: 0.0, Diff: 0.0, Sum: 0.0]
      [Table Fixup (ms): Min: 2.4, Avg: 2.5, Max: 2.5, Diff: 0.1, Sum: 9.8]
   [Clear CT: 0.8 ms]
   [Other: 8.4 ms]
      [Choose CSet: 0.0 ms]
      [Ref Proc: 0.2 ms]
      [Ref Enq: 0.0 ms]
      [Redirty Cards: 0.0 ms]
      [Humongous Register: 1.6 ms]
      [Humongous Reclaim: 0.2 ms]
      [Free CSet: 4.9 ms]
   [Eden: 3332.0M(3332.0M)->0.0B(3542.0M) Survivors: 172.0M->186.0M Heap: 5253.3M(6278.0M)->1911.3M(6278.0M)]
 [Times: user=0.68 sys=0.02, real=0.18 secs] 
2021-03-08T17:09:47.573+0800: 23152.278: Total time for which application threads were stopped: 0.1915185 seconds, Stopping threads took: 0.0017442 seconds
2021-03-08T17:09:47.574+0800: 23152.279: [GC concurrent-string-deduplication, 81.4K->43.8K(37.6K), avg 63.2%, 0.0008061 secs]
   [Last Exec: 0.0008061 secs, Idle: 19.6788939 secs, Blocked: 0/0.0000000 secs]
      [Inspected:            1490]
         [Skipped:              0(  0.0%)]
         [Hashed:             959( 64.4%)]
         [Known:               19(  1.3%)]
         [New:               1471( 98.7%)     81.4K]
      [Deduplicated:          961( 65.3%)     37.6K( 46.1%)]
         [Young:              961(100.0%)     37.6K(100.0%)]
         [Old:                  0(  0.0%)      0.0B(  0.0%)]
   [Total Exec: 2804/1.7767407 secs, Idle: 2804/23143.8725755 secs, Blocked: 41/6.0844739 secs]
      [Inspected:         2789511]
         [Skipped:              0(  0.0%)]
         [Hashed:         2166608( 77.7%)]
         [Known:            35018(  1.3%)]
         [New:            2754493( 98.7%)    150.5M]
      [Deduplicated:      2121371( 77.0%)     95.2M( 63.2%)]
         [Young:           892799( 42.1%)     42.1M( 44.2%)]
         [Old:            1228572( 57.9%)     53.1M( 55.8%)]
   [Table]
      [Memory Usage: 2348.0K]
      [Size: 65536, Min: 1024, Max: 16777216]
      [Entries: 76219, Load: 116.3%, Cached: 2115, Added: 667640, Removed: 591421]
      [Resize Count: 6, Shrink Threshold: 43690(66.7%), Grow Threshold: 131072(200.0%)]
      [Rehash Count: 0, Rehash Threshold: 120, Hash Seed: 0x0]
      [Age Threshold: 3]
   [Queue]
      [Dropped: 0]
[GC concurrent-string-deduplication, deleted 0 entries, 0.0000008 secs]
2021-03-08T17:09:48.572+0800: 23153.276: Total time for which application threads were stopped: 0.0045292 seconds, Stopping threads took: 0.0007896 seconds
2021-03-08T17:09:48.576+0800: 23153.280: Total time for which application threads were stopped: 0.0033554 seconds, Stopping threads took: 0.0001766 seconds
2021-03-08T17:09:58.580+0800: 23163.285: Total time for which application threads were stopped: 0.0040663 seconds, Stopping threads took: 0.0003372 seconds
2021-03-08T17:10:03.212+0800: 23167.916: [GC pause (G1 Evacuation Pause) (young), 0.2409533 secs]
   [Parallel Time: 229.1 ms, GC Workers: 4]
      [GC Worker Start (ms): Min: 23167918.3, Avg: 23167918.3, Max: 23167918.3, Diff: 0.1]
      [Ext Root Scanning (ms): Min: 4.1, Avg: 4.2, Max: 4.5, Diff: 0.5, Sum: 16.9]
      [Update RS (ms): Min: 13.5, Avg: 13.6, Max: 14.1, Diff: 0.6, Sum: 54.6]
         [Processed Buffers: Min: 93, Avg: 106.2, Max: 126, Diff: 33, Sum: 425]
      [Scan RS (ms): Min: 0.4, Avg: 0.7, Max: 0.9, Diff: 0.5, Sum: 2.8]
      [Code Root Scanning (ms): Min: 0.0, Avg: 0.1, Max: 0.1, Diff: 0.1, Sum: 0.2]
      [Object Copy (ms): Min: 210.1, Avg: 210.3, Max: 210.5, Diff: 0.4, Sum: 841.3]
      [Termination (ms): Min: 0.0, Avg: 0.0, Max: 0.0, Diff: 0.0, Sum: 0.1]
         [Termination Attempts: Min: 20, Avg: 24.8, Max: 31, Diff: 11, Sum: 99]
      [GC Worker Other (ms): Min: 0.0, Avg: 0.1, Max: 0.1, Diff: 0.1, Sum: 0.2]
      [GC Worker Total (ms): Min: 229.0, Avg: 229.0, Max: 229.1, Diff: 0.0, Sum: 916.2]
      [GC Worker End (ms): Min: 23168147.3, Avg: 23168147.3, Max: 23168147.3, Diff: 0.0]
   [Code Root Fixup: 0.0 ms]
   [Code Root Purge: 0.0 ms]
   [String Dedup Fixup: 2.7 ms, GC Workers: 4]
      [Queue Fixup (ms): Min: 0.0, Avg: 0.0, Max: 0.0, Diff: 0.0, Sum: 0.0]
      [Table Fixup (ms): Min: 2.6, Avg: 2.6, Max: 2.7, Diff: 0.0, Sum: 10.6]
   [Clear CT: 0.9 ms]
   [Other: 8.2 ms]
      [Choose CSet: 0.0 ms]
      [Ref Proc: 0.1 ms]
      [Ref Enq: 0.0 ms]
      [Redirty Cards: 0.0 ms]
      [Humongous Register: 1.2 ms]
      [Humongous Reclaim: 0.3 ms]
      [Free CSet: 5.2 ms]
   [Eden: 3542.0M(3542.0M)->0.0B(1622.0M) Survivors: 186.0M->212.0M Heap: 5498.9M(6278.0M)->1937.5M(6278.0M)]
 [Times: user=0.83 sys=0.10, real=0.24 secs] 
2021-03-08T17:10:03.454+0800: 23168.158: Total time for which application threads were stopped: 0.2504247 seconds, Stopping threads took: 0.0020858 seconds
2021-03-08T17:10:03.455+0800: 23168.159: [GC concurrent-string-deduplication, 72.2K->37.8K(34.4K), avg 63.2%, 0.0006355 secs]
   [Last Exec: 0.0006355 secs, Idle: 15.8795146 secs, Blocked: 0/0.0000000 secs]
      [Inspected:            1327]
         [Skipped:              0(  0.0%)]
         [Hashed:             887( 66.8%)]
         [Known:                0(  0.0%)]
         [New:               1327(100.0%)     72.2K]
      [Deduplicated:          887( 66.8%)     34.4K( 47.7%)]
         [Young:              887(100.0%)     34.4K(100.0%)]
         [Old:                  0(  0.0%)      0.0B(  0.0%)]
   [Total Exec: 2805/1.7773761 secs, Idle: 2805/23159.7520901 secs, Blocked: 41/6.0844739 secs]
      [Inspected:         2790838]
         [Skipped:              0(  0.0%)]
         [Hashed:         2167495( 77.7%)]
         [Known:            35018(  1.3%)]
         [New:            2755820( 98.7%)    150.6M]
      [Deduplicated:      2122258( 77.0%)     95.2M( 63.2%)]
         [Young:           893686( 42.1%)     42.1M( 44.2%)]
         [Old:            1228572( 57.9%)     53.1M( 55.8%)]
   [Table]
      [Memory Usage: 2348.0K]
      [Size: 65536, Min: 1024, Max: 16777216]
      [Entries: 76659, Load: 117.0%, Cached: 1675, Added: 668080, Removed: 591421]
      [Resize Count: 6, Shrink Threshold: 43690(66.7%), Grow Threshold: 131072(200.0%)]
      [Rehash Count: 0, Rehash Threshold: 120, Hash Seed: 0x0]
      [Age Threshold: 3]
   [Queue]
      [Dropped: 0]
[GC concurrent-string-deduplication, deleted 0 entries, 0.0000009 secs]
2021-03-08T17:10:10.133+0800: 23174.837: [GC pause (G1 Evacuation Pause) (young), 0.2193241 secs]
   [Parallel Time: 213.2 ms, GC Workers: 4]
      [GC Worker Start (ms): Min: 23174837.5, Avg: 23174837.5, Max: 23174837.5, Diff: 0.0]
      [Ext Root Scanning (ms): Min: 4.2, Avg: 4.3, Max: 4.4, Diff: 0.2, Sum: 17.3]
      [Update RS (ms): Min: 5.6, Avg: 5.7, Max: 5.8, Diff: 0.1, Sum: 23.0]
         [Processed Buffers: Min: 45, Avg: 50.2, Max: 57, Diff: 12, Sum: 201]
      [Scan RS (ms): Min: 0.3, Avg: 0.3, Max: 0.3, Diff: 0.0, Sum: 1.2]
      [Code Root Scanning (ms): Min: 0.0, Avg: 0.0, Max: 0.1, Diff: 0.1, Sum: 0.1]
      [Object Copy (ms): Min: 202.6, Avg: 202.7, Max: 202.8, Diff: 0.2, Sum: 810.8]
      [Termination (ms): Min: 0.0, Avg: 0.0, Max: 0.0, Diff: 0.0, Sum: 0.0]
         [Termination Attempts: Min: 1, Avg: 1.0, Max: 1, Diff: 0, Sum: 4]
      [GC Worker Other (ms): Min: 0.0, Avg: 0.1, Max: 0.1, Diff: 0.0, Sum: 0.2]
      [GC Worker Total (ms): Min: 213.1, Avg: 213.1, Max: 213.2, Diff: 0.0, Sum: 852.6]
      [GC Worker End (ms): Min: 23175050.7, Avg: 23175050.7, Max: 23175050.7, Diff: 0.0]
   [Code Root Fixup: 0.0 ms]
   [Code Root Purge: 0.0 ms]
   [String Dedup Fixup: 1.8 ms, GC Workers: 4]
      [Queue Fixup (ms): Min: 0.0, Avg: 0.0, Max: 0.0, Diff: 0.0, Sum: 0.0]
      [Table Fixup (ms): Min: 1.7, Avg: 1.7, Max: 1.7, Diff: 0.1, Sum: 6.8]
   [Clear CT: 0.2 ms]
   [Other: 4.1 ms]
      [Choose CSet: 0.0 ms]
      [Ref Proc: 0.1 ms]
      [Ref Enq: 0.0 ms]
      [Redirty Cards: 0.2 ms]
      [Humongous Register: 0.2 ms]
      [Humongous Reclaim: 0.1 ms]
      [Free CSet: 1.8 ms]
   [Eden: 1622.0M(1622.0M)->0.0B(3590.0M) Survivors: 212.0M->108.0M Heap: 3577.4M(6278.0M)->1941.9M(6278.0M)]
 [Times: user=0.80 sys=0.06, real=0.22 secs] 
2021-03-08T17:10:10.353+0800: 23175.057: Total time for which application threads were stopped: 0.2247550 seconds, Stopping threads took: 0.0003789 seconds
2021-03-08T17:10:10.353+0800: 23175.057: [GC concurrent-string-deduplication, 58.9K->28.1K(30.9K), avg 63.2%, 0.0004617 secs]
   [Last Exec: 0.0004617 secs, Idle: 6.8980913 secs, Blocked: 0/0.0000000 secs]
      [Inspected:            1082]
         [Skipped:              0(  0.0%)]
         [Hashed:             761( 70.3%)]
         [Known:                0(  0.0%)]
         [New:               1082(100.0%)     58.9K]
      [Deduplicated:          758( 70.1%)     30.9K( 52.4%)]
         [Young:              758(100.0%)     30.9K(100.0%)]
         [Old:                  0(  0.0%)      0.0B(  0.0%)]
   [Total Exec: 2806/1.7778379 secs, Idle: 2806/23166.6501813 secs, Blocked: 41/6.0844739 secs]
      [Inspected:         2791920]
         [Skipped:              0(  0.0%)]
         [Hashed:         2168256( 77.7%)]
         [Known:            35018(  1.3%)]
         [New:            2756902( 98.7%)    150.7M]
      [Deduplicated:      2123016( 77.0%)     95.2M( 63.2%)]
         [Young:           894444( 42.1%)     42.1M( 44.2%)]
         [Old:            1228572( 57.9%)     53.1M( 55.8%)]
   [Table]
      [Memory Usage: 2348.0K]
      [Size: 65536, Min: 1024, Max: 16777216]
      [Entries: 76983, Load: 117.5%, Cached: 1351, Added: 668404, Removed: 591421]
      [Resize Count: 6, Shrink Threshold: 43690(66.7%), Grow Threshold: 131072(200.0%)]
      [Rehash Count: 0, Rehash Threshold: 120, Hash Seed: 0x0]
      [Age Threshold: 3]
   [Queue]
      [Dropped: 0]
[GC concurrent-string-deduplication, deleted 0 entries, 0.0000008 secs]
2021-03-08T17:10:10.533+0800: 23175.237: Total time for which application threads were stopped: 0.0041366 seconds, Stopping threads took: 0.0003491 seconds
2021-03-08T17:10:19.198+0800: 23183.902: Total time for which application threads were stopped: 0.0081869 seconds, Stopping threads took: 0.0020855 seconds
2021-03-08T17:10:19.201+0800: 23183.906: Total time for which application threads were stopped: 0.0032913 seconds, Stopping threads took: 0.0002002 seconds
2021-03-08T17:10:21.915+0800: 23186.619: Total time for which application threads were stopped: 0.0041207 seconds, Stopping threads took: 0.0003438 seconds
2021-03-08T17:10:29.623+0800: 23194.327: [GC pause (G1 Evacuation Pause) (young), 0.1954808 secs]
   [Parallel Time: 183.0 ms, GC Workers: 4]
      [GC Worker Start (ms): Min: 23194328.7, Avg: 23194330.8, Max: 23194332.9, Diff: 4.2]
      [Ext Root Scanning (ms): Min: 2.3, Avg: 4.4, Max: 6.8, Diff: 4.5, Sum: 17.6]
      [Update RS (ms): Min: 35.2, Avg: 35.4, Max: 35.5, Diff: 0.2, Sum: 141.5]
         [Processed Buffers: Min: 116, Avg: 124.5, Max: 133, Diff: 17, Sum: 498]
      [Scan RS (ms): Min: 0.7, Avg: 0.8, Max: 0.8, Diff: 0.1, Sum: 3.0]
      [Code Root Scanning (ms): Min: 0.0, Avg: 0.1, Max: 0.2, Diff: 0.1, Sum: 0.2]
      [Object Copy (ms): Min: 137.1, Avg: 138.0, Max: 140.1, Diff: 3.0, Sum: 551.9]
      [Termination (ms): Min: 0.0, Avg: 2.2, Max: 3.0, Diff: 3.0, Sum: 9.0]
         [Termination Attempts: Min: 52, Avg: 74.5, Max: 91, Diff: 39, Sum: 298]
      [GC Worker Other (ms): Min: 0.0, Avg: 0.1, Max: 0.1, Diff: 0.0, Sum: 0.2]
      [GC Worker Total (ms): Min: 178.7, Avg: 180.9, Max: 183.0, Diff: 4.2, Sum: 723.4]
      [GC Worker End (ms): Min: 23194511.7, Avg: 23194511.7, Max: 23194511.7, Diff: 0.0]
   [Code Root Fixup: 0.0 ms]
   [Code Root Purge: 0.0 ms]
   [String Dedup Fixup: 2.8 ms, GC Workers: 4]
      [Queue Fixup (ms): Min: 0.0, Avg: 0.0, Max: 0.0, Diff: 0.0, Sum: 0.0]
      [Table Fixup (ms): Min: 2.7, Avg: 2.7, Max: 2.8, Diff: 0.1, Sum: 11.0]
   [Clear CT: 1.0 ms]
   [Other: 8.6 ms]
      [Choose CSet: 0.0 ms]
      [Ref Proc: 0.1 ms]
      [Ref Enq: 0.0 ms]
      [Redirty Cards: 0.1 ms]
      [Humongous Register: 1.5 ms]
      [Humongous Reclaim: 0.2 ms]
      [Free CSet: 5.4 ms]
   [Eden: 3590.0M(3590.0M)->0.0B(3538.0M) Survivors: 108.0M->134.0M Heap: 5550.6M(6278.0M)->1969.1M(6278.0M)]
 [Times: user=0.67 sys=0.08, real=0.20 secs] 
2021-03-08T17:10:29.819+0800: 23194.523: Total time for which application threads were stopped: 0.2048547 seconds, Stopping threads took: 0.0020385 seconds
2021-03-08T17:10:29.823+0800: 23194.527: Total time for which application threads were stopped: 0.0036893 seconds, Stopping threads took: 0.0001524 seconds
2021-03-08T17:10:29.823+0800: 23194.527: [GC concurrent-string-deduplication, 53.8K->27.2K(26.6K), avg 63.2%, 0.0005463 secs]
   [Last Exec: 0.0005463 secs, Idle: 19.4655091 secs, Blocked: 1/0.0037137 secs]
      [Inspected:            1002]
         [Skipped:              0(  0.0%)]
         [Hashed:             686( 68.5%)]
         [Known:                0(  0.0%)]
         [New:               1002(100.0%)     53.8K]
      [Deduplicated:          684( 68.3%)     26.6K( 49.4%)]
         [Young:              684(100.0%)     26.6K(100.0%)]
         [Old:                  0(  0.0%)      0.0B(  0.0%)]
   [Total Exec: 2807/1.7783842 secs, Idle: 2807/23186.1156904 secs, Blocked: 42/6.0881876 secs]
      [Inspected:         2792922]
         [Skipped:              0(  0.0%)]
         [Hashed:         2168942( 77.7%)]
         [Known:            35018(  1.3%)]
         [New:            2757904( 98.7%)    150.7M]
      [Deduplicated:      2123700( 77.0%)     95.2M( 63.2%)]
         [Young:           895128( 42.1%)     42.2M( 44.3%)]
         [Old:            1228572( 57.9%)     53.1M( 55.7%)]
   [Table]
      [Memory Usage: 2348.0K]
      [Size: 65536, Min: 1024, Max: 16777216]
      [Entries: 77299, Load: 117.9%, Cached: 1035, Added: 668722, Removed: 591423]
      [Resize Count: 6, Shrink Threshold: 43690(66.7%), Grow Threshold: 131072(200.0%)]
      [Rehash Count: 0, Rehash Threshold: 120, Hash Seed: 0x0]
      [Age Threshold: 3]
   [Queue]
      [Dropped: 0]
[GC concurrent-string-deduplication, deleted 0 entries, 0.0000009 secs]
2021-03-08T17:10:47.402+0800: 23212.106: [GC pause (G1 Evacuation Pause) (young), 0.1582274 secs]
   [Parallel Time: 145.3 ms, GC Workers: 4]
      [GC Worker Start (ms): Min: 23212108.5, Avg: 23212108.5, Max: 23212108.5, Diff: 0.1]
      [Ext Root Scanning (ms): Min: 4.5, Avg: 4.6, Max: 4.9, Diff: 0.4, Sum: 18.4]
      [Update RS (ms): Min: 6.2, Avg: 6.3, Max: 6.5, Diff: 0.3, Sum: 25.0]
         [Processed Buffers: Min: 41, Avg: 47.0, Max: 57, Diff: 16, Sum: 188]
      [Scan RS (ms): Min: 0.5, Avg: 0.7, Max: 0.8, Diff: 0.3, Sum: 2.8]
      [Code Root Scanning (ms): Min: 0.0, Avg: 0.1, Max: 0.2, Diff: 0.1, Sum: 0.2]
      [Object Copy (ms): Min: 133.1, Avg: 133.4, Max: 133.6, Diff: 0.5, Sum: 533.4]
      [Termination (ms): Min: 0.1, Avg: 0.2, Max: 0.2, Diff: 0.1, Sum: 0.6]
         [Termination Attempts: Min: 183, Avg: 198.8, Max: 231, Diff: 48, Sum: 795]
      [GC Worker Other (ms): Min: 0.0, Avg: 0.1, Max: 0.1, Diff: 0.1, Sum: 0.3]
      [GC Worker Total (ms): Min: 145.2, Avg: 145.2, Max: 145.3, Diff: 0.1, Sum: 580.9]
      [GC Worker End (ms): Min: 23212253.7, Avg: 23212253.7, Max: 23212253.8, Diff: 0.0]
   [Code Root Fixup: 0.0 ms]
   [Code Root Purge: 0.0 ms]
   [String Dedup Fixup: 2.9 ms, GC Workers: 4]
      [Queue Fixup (ms): Min: 0.0, Avg: 0.0, Max: 0.0, Diff: 0.0, Sum: 0.0]
      [Table Fixup (ms): Min: 2.8, Avg: 2.8, Max: 2.9, Diff: 0.1, Sum: 11.3]
   [Clear CT: 1.0 ms]
   [Other: 9.0 ms]
      [Choose CSet: 0.0 ms]
      [Ref Proc: 0.2 ms]
      [Ref Enq: 0.0 ms]
      [Redirty Cards: 0.0 ms]
      [Humongous Register: 1.6 ms]
      [Humongous Reclaim: 0.2 ms]
      [Free CSet: 5.5 ms]
   [Eden: 3538.0M(3538.0M)->0.0B(3506.0M) Survivors: 134.0M->150.0M Heap: 5521.5M(6278.0M)->1983.8M(6278.0M)]
 [Times: user=0.58 sys=0.02, real=0.16 secs] 
2021-03-08T17:10:47.561+0800: 23212.265: Total time for which application threads were stopped: 0.1680576 seconds, Stopping threads took: 0.0021238 seconds
2021-03-08T17:10:47.561+0800: 23212.266: [GC concurrent-string-deduplication, 38.1K->20.4K(17.7K), avg 63.2%, 0.0004212 secs]
   [Last Exec: 0.0004212 secs, Idle: 17.7379871 secs, Blocked: 0/0.0000000 secs]
      [Inspected:             699]
         [Skipped:              0(  0.0%)]
         [Hashed:             461( 66.0%)]
         [Known:                0(  0.0%)]
         [New:                699(100.0%)     38.1K]
      [Deduplicated:          461( 66.0%)     17.7K( 46.5%)]
         [Young:              461(100.0%)     17.7K(100.0%)]
         [Old:                  0(  0.0%)      0.0B(  0.0%)]
   [Total Exec: 2808/1.7788053 secs, Idle: 2808/23203.8536775 secs, Blocked: 42/6.0881876 secs]
      [Inspected:         2793621]
         [Skipped:              0(  0.0%)]
         [Hashed:         2169403( 77.7%)]
         [Known:            35018(  1.3%)]
         [New:            2758603( 98.7%)    150.8M]
      [Deduplicated:      2124161( 77.0%)     95.3M( 63.2%)]
         [Young:           895589( 42.2%)     42.2M( 44.3%)]
         [Old:            1228572( 57.8%)     53.1M( 55.7%)]
   [Table]
      [Memory Usage: 2348.0K]
      [Size: 65536, Min: 1024, Max: 16777216]
      [Entries: 77537, Load: 118.3%, Cached: 797, Added: 668960, Removed: 591423]
      [Resize Count: 6, Shrink Threshold: 43690(66.7%), Grow Threshold: 131072(200.0%)]
      [Rehash Count: 0, Rehash Threshold: 120, Hash Seed: 0x0]
      [Age Threshold: 3]
   [Queue]
      [Dropped: 0]
[GC concurrent-string-deduplication, deleted 0 entries, 0.0000008 secs]
2021-03-08T17:10:49.803+0800: 23214.507: Total time for which application threads were stopped: 0.0039698 seconds, Stopping threads took: 0.0004413 seconds
2021-03-08T17:10:49.813+0800: 23214.518: Total time for which application threads were stopped: 0.0100928 seconds, Stopping threads took: 0.0001535 seconds
2021-03-08T17:11:03.393+0800: 23228.098: [GC pause (G1 Evacuation Pause) (young), 0.2003438 secs]
   [Parallel Time: 188.1 ms, GC Workers: 4]
      [GC Worker Start (ms): Min: 23228099.7, Avg: 23228099.7, Max: 23228099.7, Diff: 0.1]
      [Ext Root Scanning (ms): Min: 4.2, Avg: 4.5, Max: 4.8, Diff: 0.6, Sum: 17.8]
      [Update RS (ms): Min: 11.7, Avg: 11.8, Max: 12.2, Diff: 0.5, Sum: 47.2]
         [Processed Buffers: Min: 74, Avg: 88.0, Max: 114, Diff: 40, Sum: 352]
      [Scan RS (ms): Min: 0.4, Avg: 0.7, Max: 0.9, Diff: 0.5, Sum: 2.8]
      [Code Root Scanning (ms): Min: 0.0, Avg: 0.1, Max: 0.2, Diff: 0.1, Sum: 0.2]
      [Object Copy (ms): Min: 170.7, Avg: 170.9, Max: 171.3, Diff: 0.6, Sum: 683.8]
      [Termination (ms): Min: 0.0, Avg: 0.0, Max: 0.0, Diff: 0.0, Sum: 0.1]
         [Termination Attempts: Min: 23, Avg: 29.5, Max: 38, Diff: 15, Sum: 118]
      [GC Worker Other (ms): Min: 0.0, Avg: 0.1, Max: 0.1, Diff: 0.0, Sum: 0.2]
      [GC Worker Total (ms): Min: 188.0, Avg: 188.0, Max: 188.1, Diff: 0.0, Sum: 752.2]
      [GC Worker End (ms): Min: 23228287.7, Avg: 23228287.8, Max: 23228287.8, Diff: 0.0]
   [Code Root Fixup: 0.0 ms]
   [Code Root Purge: 0.0 ms]
   [String Dedup Fixup: 2.8 ms, GC Workers: 4]
      [Queue Fixup (ms): Min: 0.0, Avg: 0.0, Max: 0.0, Diff: 0.0, Sum: 0.0]
      [Table Fixup (ms): Min: 2.7, Avg: 2.7, Max: 2.7, Diff: 0.1, Sum: 10.8]
   [Clear CT: 1.0 ms]
   [Other: 8.4 ms]
      [Choose CSet: 0.0 ms]
      [Ref Proc: 0.1 ms]
      [Ref Enq: 0.0 ms]
      [Redirty Cards: 0.0 ms]
      [Humongous Register: 1.5 ms]
      [Humongous Reclaim: 0.2 ms]
      [Free CSet: 5.2 ms]
   [Eden: 3506.0M(3506.0M)->0.0B(3470.0M) Survivors: 150.0M->168.0M Heap: 5526.3M(6278.0M)->2001.9M(6278.0M)]
 [Times: user=0.69 sys=0.08, real=0.21 secs] 
2021-03-08T17:11:03.594+0800: 23228.299: Total time for which application threads were stopped: 0.2098678 seconds, Stopping threads took: 0.0021332 seconds
2021-03-08T17:11:03.595+0800: 23228.299: [GC concurrent-string-deduplication, 62.5K->33.5K(29.1K), avg 63.2%, 0.0005845 secs]
   [Last Exec: 0.0005845 secs, Idle: 16.0328461 secs, Blocked: 0/0.0000000 secs]
      [Inspected:            1137]
         [Skipped:              0(  0.0%)]
         [Hashed:             749( 65.9%)]
         [Known:                0(  0.0%)]
         [New:               1137(100.0%)     62.5K]
      [Deduplicated:          747( 65.7%)     29.1K( 46.5%)]
         [Young:              747(100.0%)     29.1K(100.0%)]
         [Old:                  0(  0.0%)      0.0B(  0.0%)]
   [Total Exec: 2809/1.7793898 secs, Idle: 2809/23219.8865237 secs, Blocked: 42/6.0881876 secs]
      [Inspected:         2794758]
         [Skipped:              0(  0.0%)]
         [Hashed:         2170152( 77.7%)]
         [Known:            35018(  1.3%)]
         [New:            2759740( 98.7%)    150.8M]
      [Deduplicated:      2124908( 77.0%)     95.3M( 63.2%)]
         [Young:           896336( 42.2%)     42.2M( 44.3%)]
         [Old:            1228572( 57.8%)     53.1M( 55.7%)]
   [Table]
      [Memory Usage: 2348.0K]
      [Size: 65536, Min: 1024, Max: 16777216]
      [Entries: 77927, Load: 118.9%, Cached: 407, Added: 669350, Removed: 591423]
      [Resize Count: 6, Shrink Threshold: 43690(66.7%), Grow Threshold: 131072(200.0%)]
      [Rehash Count: 0, Rehash Threshold: 120, Hash Seed: 0x0]
      [Age Threshold: 3]
   [Queue]
      [Dropped: 0]
[GC concurrent-string-deduplication, deleted 0 entries, 0.0000006 secs]
2021-03-08T17:11:18.722+0800: 23243.426: [GC pause (G1 Evacuation Pause) (young), 0.2168956 secs]
   [Parallel Time: 204.1 ms, GC Workers: 4]
      [GC Worker Start (ms): Min: 23243428.4, Avg: 23243428.5, Max: 23243428.5, Diff: 0.1]
      [Ext Root Scanning (ms): Min: 4.0, Avg: 4.1, Max: 4.3, Diff: 0.4, Sum: 16.4]
      [Update RS (ms): Min: 4.7, Avg: 4.7, Max: 4.8, Diff: 0.1, Sum: 18.8]
         [Processed Buffers: Min: 37, Avg: 46.0, Max: 59, Diff: 22, Sum: 184]
      [Scan RS (ms): Min: 0.6, Avg: 0.7, Max: 0.7, Diff: 0.1, Sum: 2.8]
      [Code Root Scanning (ms): Min: 0.0, Avg: 0.1, Max: 0.2, Diff: 0.1, Sum: 0.2]
      [Object Copy (ms): Min: 193.9, Avg: 194.1, Max: 194.2, Diff: 0.4, Sum: 776.2]
      [Termination (ms): Min: 0.3, Avg: 0.3, Max: 0.3, Diff: 0.0, Sum: 1.2]
         [Termination Attempts: Min: 380, Avg: 394.8, Max: 408, Diff: 28, Sum: 1579]
      [GC Worker Other (ms): Min: 0.1, Avg: 0.1, Max: 0.1, Diff: 0.0, Sum: 0.3]
      [GC Worker Total (ms): Min: 203.9, Avg: 204.0, Max: 204.0, Diff: 0.1, Sum: 816.0]
      [GC Worker End (ms): Min: 23243632.4, Avg: 23243632.4, Max: 23243632.5, Diff: 0.0]
   [Code Root Fixup: 0.0 ms]
   [Code Root Purge: 0.0 ms]
   [String Dedup Fixup: 3.1 ms, GC Workers: 4]
      [Queue Fixup (ms): Min: 0.0, Avg: 0.0, Max: 0.0, Diff: 0.0, Sum: 0.0]
      [Table Fixup (ms): Min: 3.0, Avg: 3.0, Max: 3.1, Diff: 0.1, Sum: 12.2]
   [Clear CT: 1.0 ms]
   [Other: 8.7 ms]
      [Choose CSet: 0.0 ms]
      [Ref Proc: 0.1 ms]
      [Ref Enq: 0.0 ms]
      [Redirty Cards: 0.0 ms]
      [Humongous Register: 1.5 ms]
      [Humongous Reclaim: 0.2 ms]
      [Free CSet: 5.3 ms]
   [Eden: 3470.0M(3470.0M)->0.0B(3430.0M) Survivors: 168.0M->188.0M Heap: 5486.9M(6278.0M)->2021.7M(6278.0M)]
 [Times: user=0.75 sys=0.09, real=0.22 secs] 
2021-03-08T17:11:18.940+0800: 23243.644: Total time for which application threads were stopped: 0.2262796 seconds, Stopping threads took: 0.0018348 seconds
2021-03-08T17:11:18.941+0800: 23243.645: [GC concurrent-string-deduplication, 58.2K->33.3K(24.9K), avg 63.2%, 0.0005508 secs]
   [Last Exec: 0.0005508 secs, Idle: 15.3449662 secs, Blocked: 0/0.0000000 secs]
      [Inspected:             994]
         [Skipped:              0(  0.0%)]
         [Hashed:             606( 61.0%)]
         [Known:                0(  0.0%)]
         [New:                994(100.0%)     58.2K]
      [Deduplicated:          606( 61.0%)     24.9K( 42.7%)]
         [Young:              606(100.0%)     24.9K(100.0%)]
         [Old:                  0(  0.0%)      0.0B(  0.0%)]
   [Total Exec: 2810/1.7799406 secs, Idle: 2810/23235.2314899 secs, Blocked: 42/6.0881876 secs]
      [Inspected:         2795752]
         [Skipped:              0(  0.0%)]
         [Hashed:         2170758( 77.6%)]
         [Known:            35018(  1.3%)]
         [New:            2760734( 98.7%)    150.9M]
      [Deduplicated:      2125514( 77.0%)     95.3M( 63.2%)]
         [Young:           896942( 42.2%)     42.2M( 44.3%)]
         [Old:            1228572( 57.8%)     53.1M( 55.7%)]
   [Table]
      [Memory Usage: 2348.0K]
      [Size: 65536, Min: 1024, Max: 16777216]
      [Entries: 78315, Load: 119.5%, Cached: 19, Added: 669738, Removed: 591423]
      [Resize Count: 6, Shrink Threshold: 43690(66.7%), Grow Threshold: 131072(200.0%)]
      [Rehash Count: 0, Rehash Threshold: 120, Hash Seed: 0x0]
      [Age Threshold: 3]
   [Queue]
      [Dropped: 0]
[GC concurrent-string-deduplication, deleted 0 entries, 0.0000008 secs]
2021-03-08T17:11:20.736+0800: 23245.440: Total time for which application threads were stopped: 0.0044582 seconds, Stopping threads took: 0.0005395 seconds
2021-03-08T17:11:21.915+0800: 23246.620: Total time for which application threads were stopped: 0.0043368 seconds, Stopping threads took: 0.0004713 seconds
2021-03-08T17:11:25.740+0800: 23250.445: Total time for which application threads were stopped: 0.0038801 seconds, Stopping threads took: 0.0003291 seconds
2021-03-08T17:11:25.743+0800: 23250.447: Total time for which application threads were stopped: 0.0023797 seconds, Stopping threads took: 0.0000812 seconds
2021-03-08T17:11:25.745+0800: 23250.449: Total time for which application threads were stopped: 0.0023281 seconds, Stopping threads took: 0.0000776 seconds
2021-03-08T17:11:30.749+0800: 23255.453: Total time for which application threads were stopped: 0.0039725 seconds, Stopping threads took: 0.0004817 seconds
2021-03-08T17:11:30.752+0800: 23255.457: Total time for which application threads were stopped: 0.0030957 seconds, Stopping threads took: 0.0002546 seconds
2021-03-08T17:11:30.755+0800: 23255.459: Total time for which application threads were stopped: 0.0026932 seconds, Stopping threads took: 0.0001668 seconds
2021-03-08T17:11:37.917+0800: 23262.621: [GC pause (G1 Evacuation Pause) (young), 0.2336256 secs]
   [Parallel Time: 224.0 ms, GC Workers: 4]
      [GC Worker Start (ms): Min: 23262621.5, Avg: 23262621.8, Max: 23262622.6, Diff: 1.1]
      [Ext Root Scanning (ms): Min: 2.6, Avg: 3.5, Max: 4.0, Diff: 1.4, Sum: 14.1]
      [Update RS (ms): Min: 10.0, Avg: 10.0, Max: 10.1, Diff: 0.2, Sum: 40.0]
         [Processed Buffers: Min: 68, Avg: 79.8, Max: 84, Diff: 16, Sum: 319]
      [Scan RS (ms): Min: 0.5, Avg: 0.6, Max: 0.6, Diff: 0.1, Sum: 2.4]
      [Code Root Scanning (ms): Min: 0.0, Avg: 0.1, Max: 0.2, Diff: 0.1, Sum: 0.2]
      [Object Copy (ms): Min: 209.2, Avg: 209.3, Max: 209.4, Diff: 0.2, Sum: 837.2]
      [Termination (ms): Min: 0.1, Avg: 0.1, Max: 0.1, Diff: 0.0, Sum: 0.3]
         [Termination Attempts: Min: 81, Avg: 96.5, Max: 113, Diff: 32, Sum: 386]
      [GC Worker Other (ms): Min: 0.0, Avg: 0.0, Max: 0.1, Diff: 0.0, Sum: 0.2]
      [GC Worker Total (ms): Min: 222.8, Avg: 223.6, Max: 223.9, Diff: 1.1, Sum: 894.4]
      [GC Worker End (ms): Min: 23262845.4, Avg: 23262845.4, Max: 23262845.5, Diff: 0.0]
   [Code Root Fixup: 0.0 ms]
   [Code Root Purge: 0.0 ms]
   [String Dedup Fixup: 1.8 ms, GC Workers: 4]
      [Queue Fixup (ms): Min: 0.0, Avg: 0.0, Max: 0.0, Diff: 0.0, Sum: 0.0]
      [Table Fixup (ms): Min: 1.7, Avg: 1.7, Max: 1.7, Diff: 0.0, Sum: 6.8]
   [Clear CT: 0.9 ms]
   [Other: 7.0 ms]
      [Choose CSet: 0.0 ms]
      [Ref Proc: 0.1 ms]
      [Ref Enq: 0.0 ms]
      [Redirty Cards: 0.1 ms]
      [Humongous Register: 0.4 ms]
      [Humongous Reclaim: 0.2 ms]
      [Free CSet: 5.0 ms]
   [Eden: 3430.0M(3430.0M)->0.0B(2948.0M) Survivors: 188.0M->210.0M Heap: 5481.5M(6278.0M)->2044.4M(6278.0M)]
 [Times: user=0.82 sys=0.09, real=0.23 secs] 
2021-03-08T17:11:38.151+0800: 23262.855: Total time for which application threads were stopped: 0.2401372 seconds, Stopping threads took: 0.0003660 seconds
2021-03-08T17:11:38.151+0800: 23262.856: [GC concurrent-string-deduplication, 62.4K->37.1K(25.3K), avg 63.2%, 0.0005870 secs]
   [Last Exec: 0.0005870 secs, Idle: 19.2102328 secs, Blocked: 0/0.0000000 secs]
      [Inspected:            1087]
         [Skipped:              0(  0.0%)]
         [Hashed:             655( 60.3%)]
         [Known:                0(  0.0%)]
         [New:               1087(100.0%)     62.4K]
      [Deduplicated:          655( 60.3%)     25.3K( 40.5%)]
         [Young:              655(100.0%)     25.3K(100.0%)]
         [Old:                  0(  0.0%)      0.0B(  0.0%)]
   [Total Exec: 2811/1.7805276 secs, Idle: 2811/23254.4417227 secs, Blocked: 42/6.0881876 secs]
      [Inspected:         2796839]
         [Skipped:              0(  0.0%)]
         [Hashed:         2171413( 77.6%)]
         [Known:            35018(  1.3%)]
         [New:            2761821( 98.7%)    150.9M]
      [Deduplicated:      2126169( 77.0%)     95.3M( 63.2%)]
         [Young:           897597( 42.2%)     42.2M( 44.3%)]
         [Old:            1228572( 57.8%)     53.1M( 55.7%)]
   [Table]
      [Memory Usage: 2357.6K]
      [Size: 65536, Min: 1024, Max: 16777216]
      [Entries: 78746, Load: 120.2%, Cached: 0, Added: 670170, Removed: 591424]
      [Resize Count: 6, Shrink Threshold: 43690(66.7%), Grow Threshold: 131072(200.0%)]
      [Rehash Count: 0, Rehash Threshold: 120, Hash Seed: 0x0]
      [Age Threshold: 3]
   [Queue]
      [Dropped: 0]
[GC concurrent-string-deduplication, deleted 0 entries, 0.0000006 secs]
2021-03-08T17:11:50.865+0800: 23275.569: Total time for which application threads were stopped: 0.0074487 seconds, Stopping threads took: 0.0020800 seconds
2021-03-08T17:11:53.730+0800: 23278.435: [GC pause (G1 Evacuation Pause) (young), 0.2427819 secs]
   [Parallel Time: 230.7 ms, GC Workers: 4]
      [GC Worker Start (ms): Min: 23278436.6, Avg: 23278436.6, Max: 23278436.6, Diff: 0.1]
      [Ext Root Scanning (ms): Min: 4.2, Avg: 4.4, Max: 4.9, Diff: 0.7, Sum: 17.6]
      [Update RS (ms): Min: 5.9, Avg: 6.1, Max: 6.2, Diff: 0.3, Sum: 24.5]
         [Processed Buffers: Min: 51, Avg: 56.2, Max: 62, Diff: 11, Sum: 225]
      [Scan RS (ms): Min: 0.6, Avg: 0.6, Max: 0.6, Diff: 0.1, Sum: 2.4]
      [Code Root Scanning (ms): Min: 0.0, Avg: 0.1, Max: 0.2, Diff: 0.1, Sum: 0.2]
      [Object Copy (ms): Min: 219.0, Avg: 219.3, Max: 219.4, Diff: 0.4, Sum: 877.0]
      [Termination (ms): Min: 0.1, Avg: 0.1, Max: 0.1, Diff: 0.0, Sum: 0.4]
         [Termination Attempts: Min: 95, Avg: 105.0, Max: 117, Diff: 22, Sum: 420]
      [GC Worker Other (ms): Min: 0.0, Avg: 0.1, Max: 0.1, Diff: 0.1, Sum: 0.3]
      [GC Worker Total (ms): Min: 230.6, Avg: 230.6, Max: 230.7, Diff: 0.1, Sum: 922.5]
      [GC Worker End (ms): Min: 23278667.2, Avg: 23278667.2, Max: 23278667.3, Diff: 0.1]
   [Code Root Fixup: 0.0 ms]
   [Code Root Purge: 0.0 ms]
   [String Dedup Fixup: 3.1 ms, GC Workers: 4]
      [Queue Fixup (ms): Min: 0.0, Avg: 0.0, Max: 0.0, Diff: 0.0, Sum: 0.0]
      [Table Fixup (ms): Min: 2.9, Avg: 3.0, Max: 3.0, Diff: 0.1, Sum: 11.9]
   [Clear CT: 0.9 ms]
   [Other: 8.1 ms]
      [Choose CSet: 0.0 ms]
      [Ref Proc: 0.1 ms]
      [Ref Enq: 0.0 ms]
      [Redirty Cards: 0.1 ms]
      [Humongous Register: 1.5 ms]
      [Humongous Reclaim: 0.2 ms]
      [Free CSet: 4.8 ms]
   [Eden: 2948.0M(2948.0M)->0.0B(3392.0M) Survivors: 210.0M->198.0M Heap: 5013.9M(6278.0M)->2050.6M(6278.0M)]
 [Times: user=0.84 sys=0.11, real=0.24 secs] 
2021-03-08T17:11:53.974+0800: 23278.678: Total time for which application threads were stopped: 0.2490597 seconds, Stopping threads took: 0.0004112 seconds
2021-03-08T17:11:53.975+0800: 23278.679: [GC concurrent-string-deduplication, 53.5K->30.8K(22.7K), avg 63.2%, 0.0009699 secs]
   [Last Exec: 0.0009699 secs, Idle: 15.8223143 secs, Blocked: 0/0.0000000 secs]
      [Inspected:             908]
         [Skipped:              0(  0.0%)]
         [Hashed:             549( 60.5%)]
         [Known:                0(  0.0%)]
         [New:                908(100.0%)     53.5K]
      [Deduplicated:          550( 60.6%)     22.7K( 42.5%)]
         [Young:              550(100.0%)     22.7K(100.0%)]
         [Old:                  0(  0.0%)      0.0B(  0.0%)]
   [Total Exec: 2812/1.7814975 secs, Idle: 2812/23270.2640369 secs, Blocked: 42/6.0881876 secs]
      [Inspected:         2797747]
         [Skipped:              0(  0.0%)]
         [Hashed:         2171962( 77.6%)]
         [Known:            35018(  1.3%)]
         [New:            2762729( 98.7%)    151.0M]
      [Deduplicated:      2126719( 77.0%)     95.4M( 63.2%)]
         [Young:           898147( 42.2%)     42.3M( 44.3%)]
         [Old:            1228572( 57.8%)     53.1M( 55.7%)]
   [Table]
      [Memory Usage: 2366.0K]
      [Size: 65536, Min: 1024, Max: 16777216]
      [Entries: 79104, Load: 120.7%, Cached: 0, Added: 670528, Removed: 591424]
      [Resize Count: 6, Shrink Threshold: 43690(66.7%), Grow Threshold: 131072(200.0%)]
      [Rehash Count: 0, Rehash Threshold: 120, Hash Seed: 0x0]
      [Age Threshold: 3]
   [Queue]
      [Dropped: 0]
[GC concurrent-string-deduplication, deleted 0 entries, 0.0000007 secs]
2021-03-08T17:11:55.874+0800: 23280.578: Total time for which application threads were stopped: 0.0080061 seconds, Stopping threads took: 0.0023444 seconds
2021-03-08T17:11:55.878+0800: 23280.582: Total time for which application threads were stopped: 0.0039386 seconds, Stopping threads took: 0.0001403 seconds
2021-03-08T17:12:05.581+0800: 23290.285: [GC pause (G1 Evacuation Pause) (young), 0.2760102 secs]
   [Parallel Time: 260.8 ms, GC Workers: 4]
      [GC Worker Start (ms): Min: 23290287.2, Avg: 23290294.4, Max: 23290296.8, Diff: 9.7]
      [Ext Root Scanning (ms): Min: 2.7, Avg: 5.1, Max: 11.9, Diff: 9.2, Sum: 20.3]
      [Update RS (ms): Min: 11.2, Avg: 11.4, Max: 11.6, Diff: 0.4, Sum: 45.5]
         [Processed Buffers: Min: 64, Avg: 68.0, Max: 78, Diff: 14, Sum: 272]
      [Scan RS (ms): Min: 0.7, Avg: 1.0, Max: 1.2, Diff: 0.4, Sum: 3.8]
      [Code Root Scanning (ms): Min: 0.0, Avg: 0.1, Max: 0.1, Diff: 0.1, Sum: 0.2]
      [Object Copy (ms): Min: 235.5, Avg: 235.7, Max: 236.0, Diff: 0.6, Sum: 942.8]
      [Termination (ms): Min: 0.2, Avg: 0.3, Max: 0.4, Diff: 0.2, Sum: 1.2]
         [Termination Attempts: Min: 230, Avg: 242.2, Max: 260, Diff: 30, Sum: 969]
      [GC Worker Other (ms): Min: 0.0, Avg: 0.1, Max: 0.1, Diff: 0.1, Sum: 0.3]
      [GC Worker Total (ms): Min: 251.1, Avg: 253.5, Max: 260.8, Diff: 9.7, Sum: 1014.1]
      [GC Worker End (ms): Min: 23290547.9, Avg: 23290547.9, Max: 23290548.0, Diff: 0.0]
   [Code Root Fixup: 0.1 ms]
   [Code Root Purge: 0.0 ms]
   [String Dedup Fixup: 3.3 ms, GC Workers: 4]
      [Queue Fixup (ms): Min: 0.0, Avg: 0.0, Max: 0.0, Diff: 0.0, Sum: 0.0]
      [Table Fixup (ms): Min: 3.2, Avg: 3.2, Max: 3.2, Diff: 0.1, Sum: 12.8]
   [Clear CT: 1.4 ms]
   [Other: 10.4 ms]
      [Choose CSet: 0.0 ms]
      [Ref Proc: 0.2 ms]
      [Ref Enq: 0.0 ms]
      [Redirty Cards: 0.1 ms]
      [Humongous Register: 1.3 ms]
      [Humongous Reclaim: 0.3 ms]
      [Free CSet: 6.6 ms]
   [Eden: 3392.0M(3392.0M)->0.0B(1578.0M) Survivors: 198.0M->218.0M Heap: 5465.7M(6278.0M)->2071.2M(6278.0M)]
 [Times: user=0.88 sys=0.28, real=0.28 secs] 
2021-03-08T17:12:05.858+0800: 23290.562: Total time for which application threads were stopped: 0.2835118 seconds, Stopping threads took: 0.0004763 seconds
2021-03-08T17:12:05.858+0800: 23290.563: [GC concurrent-string-deduplication, 67.0K->35.2K(31.8K), avg 63.1%, 0.0007996 secs]
   [Last Exec: 0.0007996 secs, Idle: 11.8827511 secs, Blocked: 0/0.0000000 secs]
      [Inspected:            1221]
         [Skipped:              0(  0.0%)]
         [Hashed:             811( 66.4%)]
         [Known:                0(  0.0%)]
         [New:               1221(100.0%)     67.0K]
      [Deduplicated:          811( 66.4%)     31.8K( 47.5%)]
         [Young:              811(100.0%)     31.8K(100.0%)]
         [Old:                  0(  0.0%)      0.0B(  0.0%)]
   [Total Exec: 2813/1.7822970 secs, Idle: 2813/23282.1467881 secs, Blocked: 42/6.0881876 secs]
      [Inspected:         2798968]
         [Skipped:              0(  0.0%)]
         [Hashed:         2172773( 77.6%)]
         [Known:            35018(  1.3%)]
         [New:            2763950( 98.7%)    151.1M]
      [Deduplicated:      2127530( 77.0%)     95.4M( 63.1%)]
         [Young:           898958( 42.3%)     42.3M( 44.3%)]
         [Old:            1228572( 57.7%)     53.1M( 55.7%)]
   [Table]
      [Memory Usage: 2375.6K]
      [Size: 65536, Min: 1024, Max: 16777216]
      [Entries: 79514, Load: 121.3%, Cached: 0, Added: 670938, Removed: 591424]
      [Resize Count: 6, Shrink Threshold: 43690(66.7%), Grow Threshold: 131072(200.0%)]
      [Rehash Count: 0, Rehash Threshold: 120, Hash Seed: 0x0]
      [Age Threshold: 3]
   [Queue]
      [Dropped: 0]
[GC concurrent-string-deduplication, deleted 0 entries, 0.0000011 secs]
2021-03-08T17:12:12.806+0800: 23297.510: [GC pause (G1 Evacuation Pause) (young), 0.2779472 secs]
   [Parallel Time: 267.5 ms, GC Workers: 4]
      [GC Worker Start (ms): Min: 23297513.9, Avg: 23297519.4, Max: 23297521.2, Diff: 7.4]
      [Ext Root Scanning (ms): Min: 7.1, Avg: 9.1, Max: 14.7, Diff: 7.6, Sum: 36.3]
      [Update RS (ms): Min: 4.2, Avg: 4.2, Max: 4.2, Diff: 0.0, Sum: 16.7]
         [Processed Buffers: Min: 21, Avg: 33.2, Max: 51, Diff: 30, Sum: 133]
      [Scan RS (ms): Min: 0.3, Avg: 0.4, Max: 0.4, Diff: 0.0, Sum: 1.5]
      [Code Root Scanning (ms): Min: 0.0, Avg: 0.0, Max: 0.1, Diff: 0.1, Sum: 0.2]
      [Object Copy (ms): Min: 247.8, Avg: 248.0, Max: 248.2, Diff: 0.4, Sum: 992.1]
      [Termination (ms): Min: 0.1, Avg: 0.2, Max: 0.3, Diff: 0.1, Sum: 0.8]
         [Termination Attempts: Min: 141, Avg: 169.5, Max: 198, Diff: 57, Sum: 678]
      [GC Worker Other (ms): Min: 0.0, Avg: 0.1, Max: 0.1, Diff: 0.0, Sum: 0.2]
      [GC Worker Total (ms): Min: 260.1, Avg: 261.9, Max: 267.4, Diff: 7.4, Sum: 1047.7]
      [GC Worker End (ms): Min: 23297781.3, Avg: 23297781.3, Max: 23297781.3, Diff: 0.0]
   [Code Root Fixup: 0.0 ms]
   [Code Root Purge: 0.0 ms]
   [String Dedup Fixup: 3.2 ms, GC Workers: 4]
      [Queue Fixup (ms): Min: 0.0, Avg: 0.0, Max: 0.0, Diff: 0.0, Sum: 0.0]
      [Table Fixup (ms): Min: 3.0, Avg: 3.1, Max: 3.2, Diff: 0.1, Sum: 12.4]
   [Clear CT: 0.3 ms]
   [Other: 6.9 ms]
      [Choose CSet: 0.0 ms]
      [Ref Proc: 0.1 ms]
      [Ref Enq: 0.0 ms]
      [Redirty Cards: 0.2 ms]
      [Humongous Register: 2.6 ms]
      [Humongous Reclaim: 0.1 ms]
      [Free CSet: 2.1 ms]
   [Eden: 1578.0M(1578.0M)->0.0B(3442.0M) Survivors: 218.0M->116.0M Heap: 3658.2M(6278.0M)->2081.4M(6278.0M)]
 [Times: user=0.90 sys=0.14, real=0.28 secs] 
2021-03-08T17:12:13.085+0800: 23297.789: Total time for which application threads were stopped: 0.2866361 seconds, Stopping threads took: 0.0022096 seconds
2021-03-08T17:12:13.085+0800: 23297.790: [GC concurrent-string-deduplication, 45.3K->24.1K(21.2K), avg 63.1%, 0.0004783 secs]
   [Last Exec: 0.0004783 secs, Idle: 7.2263479 secs, Blocked: 0/0.0000000 secs]
      [Inspected:             781]
         [Skipped:              0(  0.0%)]
         [Hashed:             499( 63.9%)]
         [Known:                0(  0.0%)]
         [New:                781(100.0%)     45.3K]
      [Deduplicated:          500( 64.0%)     21.2K( 46.7%)]
         [Young:              500(100.0%)     21.2K(100.0%)]
         [Old:                  0(  0.0%)      0.0B(  0.0%)]
   [Total Exec: 2814/1.7827753 secs, Idle: 2814/23289.3731360 secs, Blocked: 42/6.0881876 secs]
      [Inspected:         2799749]
         [Skipped:              0(  0.0%)]
         [Hashed:         2173272( 77.6%)]
         [Known:            35018(  1.3%)]
         [New:            2764731( 98.7%)    151.1M]
      [Deduplicated:      2128030( 77.0%)     95.4M( 63.1%)]
         [Young:           899458( 42.3%)     42.3M( 44.4%)]
         [Old:            1228572( 57.7%)     53.1M( 55.6%)]
   [Table]
      [Memory Usage: 2382.2K]
      [Size: 65536, Min: 1024, Max: 16777216]
      [Entries: 79795, Load: 121.8%, Cached: 0, Added: 671219, Removed: 591424]
      [Resize Count: 6, Shrink Threshold: 43690(66.7%), Grow Threshold: 131072(200.0%)]
      [Rehash Count: 0, Rehash Threshold: 120, Hash Seed: 0x0]
      [Age Threshold: 3]
   [Queue]
      [Dropped: 0]
[GC concurrent-string-deduplication, deleted 0 entries, 0.0000010 secs]
2021-03-08T17:12:21.768+0800: 23306.472: Total time for which application threads were stopped: 0.0148881 seconds, Stopping threads took: 0.0073463 seconds
2021-03-08T17:12:21.788+0800: 23306.492: Total time for which application threads were stopped: 0.0197536 seconds, Stopping threads took: 0.0002223 seconds
2021-03-08T17:12:22.821+0800: 23307.525: Total time for which application threads were stopped: 0.0321059 seconds, Stopping threads took: 0.0260181 seconds
2021-03-08T17:12:28.979+0800: 23313.684: [GC pause (G1 Evacuation Pause) (young), 0.3015073 secs]
   [Parallel Time: 263.5 ms, GC Workers: 4]
      [GC Worker Start (ms): Min: 23313686.3, Avg: 23313695.8, Max: 23313699.0, Diff: 12.8]
      [Ext Root Scanning (ms): Min: 15.1, Avg: 20.0, Max: 28.4, Diff: 13.3, Sum: 80.2]
      [Update RS (ms): Min: 52.2, Avg: 54.3, Max: 55.8, Diff: 3.6, Sum: 217.4]
         [Processed Buffers: Min: 72, Avg: 152.5, Max: 194, Diff: 122, Sum: 610]
      [Scan RS (ms): Min: 0.7, Avg: 1.9, Max: 5.5, Diff: 4.8, Sum: 7.7]
      [Code Root Scanning (ms): Min: 0.0, Avg: 0.0, Max: 0.0, Diff: 0.0, Sum: 0.1]
      [Object Copy (ms): Min: 172.9, Avg: 176.4, Max: 177.9, Diff: 5.0, Sum: 705.6]
      [Termination (ms): Min: 0.1, Avg: 0.1, Max: 0.1, Diff: 0.0, Sum: 0.4]
         [Termination Attempts: Min: 91, Avg: 109.2, Max: 120, Diff: 29, Sum: 437]
      [GC Worker Other (ms): Min: 0.1, Avg: 0.3, Max: 0.8, Diff: 0.7, Sum: 1.1]
      [GC Worker Total (ms): Min: 249.8, Avg: 253.1, Max: 262.4, Diff: 12.7, Sum: 1012.4]
      [GC Worker End (ms): Min: 23313948.7, Avg: 23313948.9, Max: 23313949.4, Diff: 0.7]
   [Code Root Fixup: 0.0 ms]
   [Code Root Purge: 0.0 ms]
   [String Dedup Fixup: 18.4 ms, GC Workers: 4]
      [Queue Fixup (ms): Min: 0.0, Avg: 0.0, Max: 0.0, Diff: 0.0, Sum: 0.0]
      [Table Fixup (ms): Min: 0.0, Avg: 3.2, Max: 11.7, Diff: 11.7, Sum: 12.8]
   [Clear CT: 6.4 ms]
   [Other: 13.2 ms]
      [Choose CSet: 0.0 ms]
      [Ref Proc: 0.4 ms]
      [Ref Enq: 0.0 ms]
      [Redirty Cards: 3.6 ms]
      [Humongous Register: 1.7 ms]
      [Humongous Reclaim: 0.3 ms]
      [Free CSet: 5.6 ms]
   [Eden: 3442.0M(3442.0M)->0.0B(1758.0M) Survivors: 116.0M->136.0M Heap: 5556.3M(6278.0M)->2102.5M(6278.0M)]
 [Times: user=0.70 sys=0.08, real=0.30 secs] 
2021-03-08T17:12:29.282+0800: 23313.986: Total time for which application threads were stopped: 0.3173807 seconds, Stopping threads took: 0.0072749 seconds
2021-03-08T17:12:29.282+0800: 23313.987: [GC concurrent-string-deduplication, 55.9K->30.1K(25.8K), avg 63.1%, 0.0006219 secs]
   [Last Exec: 0.0006219 secs, Idle: 16.1963416 secs, Blocked: 0/0.0000000 secs]
      [Inspected:            1002]
         [Skipped:              0(  0.0%)]
         [Hashed:             652( 65.1%)]
         [Known:                0(  0.0%)]
         [New:               1002(100.0%)     55.9K]
      [Deduplicated:          651( 65.0%)     25.8K( 46.1%)]
         [Young:              651(100.0%)     25.8K(100.0%)]
         [Old:                  0(  0.0%)      0.0B(  0.0%)]
   [Total Exec: 2815/1.7833972 secs, Idle: 2815/23305.5694775 secs, Blocked: 42/6.0881876 secs]
      [Inspected:         2800751]
         [Skipped:              0(  0.0%)]
         [Hashed:         2173924( 77.6%)]
         [Known:            35018(  1.3%)]
         [New:            2765733( 98.7%)    151.2M]
      [Deduplicated:      2128681( 77.0%)     95.4M( 63.1%)]
         [Young:           900109( 42.3%)     42.3M( 44.4%)]
         [Old:            1228572( 57.7%)     53.1M( 55.6%)]
   [Table]
      [Memory Usage: 2390.4K]
      [Size: 65536, Min: 1024, Max: 16777216]
      [Entries: 80146, Load: 122.3%, Cached: 0, Added: 671570, Removed: 591424]
      [Resize Count: 6, Shrink Threshold: 43690(66.7%), Grow Threshold: 131072(200.0%)]
      [Rehash Count: 0, Rehash Threshold: 120, Hash Seed: 0x0]
      [Age Threshold: 3]
   [Queue]
      [Dropped: 0]
[GC concurrent-string-deduplication, deleted 0 entries, 0.0000008 secs]
2021-03-08T17:12:37.013+0800: 23321.717: Total time for which application threads were stopped: 0.0101114 seconds, Stopping threads took: 0.0023328 seconds
2021-03-08T17:12:37.017+0800: 23321.721: [GC pause (GCLocker Initiated GC) (young), 0.2388350 secs]
   [Parallel Time: 206.9 ms, GC Workers: 4]
      [GC Worker Start (ms): Min: 23321723.8, Avg: 23321729.9, Max: 23321732.2, Diff: 8.4]
      [Ext Root Scanning (ms): Min: 8.4, Avg: 11.8, Max: 17.5, Diff: 9.1, Sum: 47.3]
      [Update RS (ms): Min: 4.0, Avg: 5.7, Max: 6.3, Diff: 2.3, Sum: 22.8]
         [Processed Buffers: Min: 28, Avg: 39.2, Max: 51, Diff: 23, Sum: 157]
      [Scan RS (ms): Min: 0.4, Avg: 0.4, Max: 0.4, Diff: 0.0, Sum: 1.6]
      [Code Root Scanning (ms): Min: 0.0, Avg: 0.0, Max: 0.0, Diff: 0.0, Sum: 0.1]
      [Object Copy (ms): Min: 176.1, Avg: 176.3, Max: 176.5, Diff: 0.5, Sum: 705.0]
      [Termination (ms): Min: 0.0, Avg: 0.0, Max: 0.1, Diff: 0.1, Sum: 0.1]
         [Termination Attempts: Min: 13, Avg: 15.5, Max: 18, Diff: 5, Sum: 62]
      [GC Worker Other (ms): Min: 0.0, Avg: 0.2, Max: 0.5, Diff: 0.5, Sum: 0.7]
      [GC Worker Total (ms): Min: 192.2, Avg: 194.4, Max: 200.5, Diff: 8.4, Sum: 777.7]
      [GC Worker End (ms): Min: 23321924.3, Avg: 23321924.4, Max: 23321924.4, Diff: 0.1]
   [Code Root Fixup: 0.0 ms]
   [Code Root Purge: 0.0 ms]
   [String Dedup Fixup: 3.9 ms, GC Workers: 4]
      [Queue Fixup (ms): Min: 0.0, Avg: 0.0, Max: 0.0, Diff: 0.0, Sum: 0.0]
      [Table Fixup (ms): Min: 3.2, Avg: 3.4, Max: 3.7, Diff: 0.5, Sum: 13.5]
   [Clear CT: 13.0 ms]
   [Other: 14.9 ms]
      [Choose CSet: 0.0 ms]
      [Ref Proc: 0.1 ms]
      [Ref Enq: 0.0 ms]
      [Redirty Cards: 7.0 ms]
      [Humongous Register: 2.3 ms]
      [Humongous Reclaim: 0.2 ms]
      [Free CSet: 3.5 ms]
   [Eden: 1760.0M(1758.0M)->0.0B(2712.0M) Survivors: 136.0M->118.0M Heap: 3872.0M(6278.0M)->2114.7M(6278.0M)]
 [Times: user=0.57 sys=0.11, real=0.24 secs] 
2021-03-08T17:12:37.256+0800: 23321.960: Total time for which application threads were stopped: 0.2435433 seconds, Stopping threads took: 0.0001913 seconds
2021-03-08T17:12:37.257+0800: 23321.961: [GC concurrent-string-deduplication, 31.9K->17.8K(14.1K), avg 63.1%, 0.0004260 secs]
   [Last Exec: 0.0004260 secs, Idle: 7.9738299 secs, Blocked: 0/0.0000000 secs]
      [Inspected:             578]
         [Skipped:              0(  0.0%)]
         [Hashed:             371( 64.2%)]
         [Known:                0(  0.0%)]
         [New:                578(100.0%)     31.9K]
      [Deduplicated:          371( 64.2%)     14.1K( 44.3%)]
         [Young:              371(100.0%)     14.1K(100.0%)]
         [Old:                  0(  0.0%)      0.0B(  0.0%)]
   [Total Exec: 2816/1.7838232 secs, Idle: 2816/23313.5433074 secs, Blocked: 42/6.0881876 secs]
      [Inspected:         2801329]
         [Skipped:              0(  0.0%)]
         [Hashed:         2174295( 77.6%)]
         [Known:            35018(  1.3%)]
         [New:            2766311( 98.7%)    151.2M]
      [Deduplicated:      2129052( 77.0%)     95.5M( 63.1%)]
         [Young:           900480( 42.3%)     42.4M( 44.4%)]
         [Old:            1228572( 57.7%)     53.1M( 55.6%)]
   [Table]
      [Memory Usage: 2395.3K]
      [Size: 65536, Min: 1024, Max: 16777216]
      [Entries: 80353, Load: 122.6%, Cached: 0, Added: 671777, Removed: 591424]
      [Resize Count: 6, Shrink Threshold: 43690(66.7%), Grow Threshold: 131072(200.0%)]
      [Rehash Count: 0, Rehash Threshold: 120, Hash Seed: 0x0]
      [Age Threshold: 3]
   [Queue]
      [Dropped: 0]
[GC concurrent-string-deduplication, deleted 0 entries, 0.0000009 secs]
2021-03-08T17:12:42.607+0800: 23327.312: Total time for which application threads were stopped: 0.0052270 seconds, Stopping threads took: 0.0008063 seconds
2021-03-08T17:12:44.025+0800: 23328.729: Total time for which application threads were stopped: 0.0043386 seconds, Stopping threads took: 0.0004505 seconds
2021-03-08T17:12:44.029+0800: 23328.733: Total time for which application threads were stopped: 0.0037809 seconds, Stopping threads took: 0.0002486 seconds
2021-03-08T17:12:44.033+0800: 23328.737: Total time for which application threads were stopped: 0.0041514 seconds, Stopping threads took: 0.0001323 seconds
2021-03-08T17:12:44.037+0800: 23328.741: Total time for which application threads were stopped: 0.0038282 seconds, Stopping threads took: 0.0001315 seconds
2021-03-08T17:12:44.041+0800: 23328.745: Total time for which application threads were stopped: 0.0036805 seconds, Stopping threads took: 0.0001419 seconds
2021-03-08T17:12:44.221+0800: 23328.925: Total time for which application threads were stopped: 0.0043612 seconds, Stopping threads took: 0.0004608 seconds
2021-03-08T17:12:44.226+0800: 23328.930: Total time for which application threads were stopped: 0.0041161 seconds, Stopping threads took: 0.0004121 seconds
2021-03-08T17:12:44.231+0800: 23328.935: Total time for which application threads were stopped: 0.0039728 seconds, Stopping threads took: 0.0002342 seconds
2021-03-08T17:12:44.457+0800: 23329.162: Total time for which application threads were stopped: 0.0055812 seconds, Stopping threads took: 0.0006130 seconds
2021-03-08T17:12:44.467+0800: 23329.171: Total time for which application threads were stopped: 0.0066462 seconds, Stopping threads took: 0.0012091 seconds
2021-03-08T17:12:44.481+0800: 23329.186: Total time for which application threads were stopped: 0.0139718 seconds, Stopping threads took: 0.0002951 seconds
2021-03-08T17:12:45.732+0800: 23330.436: Total time for which application threads were stopped: 0.0086612 seconds, Stopping threads took: 0.0039904 seconds
2021-03-08T17:12:46.315+0800: 23331.019: Total time for which application threads were stopped: 0.0044593 seconds, Stopping threads took: 0.0004493 seconds
2021-03-08T17:12:47.269+0800: 23331.973: Total time for which application threads were stopped: 0.0045707 seconds, Stopping threads took: 0.0004604 seconds
2021-03-08T17:12:50.110+0800: 23334.814: [GC pause (G1 Evacuation Pause) (young), 0.8339285 secs]
   [Parallel Time: 800.5 ms, GC Workers: 4]
      [GC Worker Start (ms): Min: 23334815.0, Avg: 23334816.4, Max: 23334818.9, Diff: 3.9]
      [Ext Root Scanning (ms): Min: 5.4, Avg: 8.9, Max: 10.4, Diff: 5.0, Sum: 35.5]
      [Update RS (ms): Min: 54.7, Avg: 58.3, Max: 62.8, Diff: 8.1, Sum: 233.2]
         [Processed Buffers: Min: 60, Avg: 106.5, Max: 157, Diff: 97, Sum: 426]
      [Scan RS (ms): Min: 0.3, Avg: 0.6, Max: 0.7, Diff: 0.4, Sum: 2.2]
      [Code Root Scanning (ms): Min: 0.0, Avg: 0.0, Max: 0.0, Diff: 0.0, Sum: 0.1]
      [Object Copy (ms): Min: 718.0, Avg: 722.3, Max: 723.8, Diff: 5.8, Sum: 2889.4]
      [Termination (ms): Min: 0.0, Avg: 0.0, Max: 0.0, Diff: 0.0, Sum: 0.0]
         [Termination Attempts: Min: 3, Avg: 4.8, Max: 7, Diff: 4, Sum: 19]
      [GC Worker Other (ms): Min: 0.0, Avg: 4.6, Max: 8.1, Diff: 8.1, Sum: 18.6]
      [GC Worker Total (ms): Min: 787.7, Avg: 794.7, Max: 798.3, Diff: 10.6, Sum: 3179.0]
      [GC Worker End (ms): Min: 23335606.6, Avg: 23335611.2, Max: 23335614.6, Diff: 8.1]
   [Code Root Fixup: 0.0 ms]
   [Code Root Purge: 0.0 ms]
   [String Dedup Fixup: 10.0 ms, GC Workers: 4]
      [Queue Fixup (ms): Min: 0.0, Avg: 0.0, Max: 0.1, Diff: 0.1, Sum: 0.1]
      [Table Fixup (ms): Min: 1.1, Avg: 2.2, Max: 5.3, Diff: 4.1, Sum: 8.7]
   [Clear CT: 7.9 ms]
   [Other: 15.5 ms]
      [Choose CSet: 0.0 ms]
      [Ref Proc: 8.0 ms]
      [Ref Enq: 0.0 ms]
      [Redirty Cards: 1.4 ms]
      [Humongous Register: 0.2 ms]
      [Humongous Reclaim: 0.2 ms]
      [Free CSet: 3.4 ms]
   [Eden: 2712.0M(2712.0M)->0.0B(2048.0K) Survivors: 118.0M->354.0M Heap: 4864.7M(6278.0M)->2491.6M(6278.0M)]
 [Times: user=1.96 sys=0.15, real=0.84 secs] 
2021-03-08T17:12:50.945+0800: 23335.649: Total time for which application threads were stopped: 0.8387639 seconds, Stopping threads took: 0.0004383 seconds
2021-03-08T17:12:50.948+0800: 23335.652: [GC concurrent-string-deduplication, 284.7K->28.3K(256.4K), avg 63.2%, 0.0030247 secs]
   [Last Exec: 0.0030247 secs, Idle: 13.6878761 secs, Blocked: 0/0.0000000 secs]
      [Inspected:            6911]
         [Skipped:              0(  0.0%)]
         [Hashed:            6581( 95.2%)]
         [Known:                0(  0.0%)]
         [New:               6911(100.0%)    284.7K]
      [Deduplicated:         6582( 95.2%)    256.4K( 90.1%)]
         [Young:              801( 12.2%)     31.7K( 12.4%)]
         [Old:               5781( 87.8%)    224.7K( 87.6%)]
   [Total Exec: 2817/1.7868479 secs, Idle: 2817/23327.2311835 secs, Blocked: 42/6.0881876 secs]
      [Inspected:         2808240]
         [Skipped:              0(  0.0%)]
         [Hashed:         2180876( 77.7%)]
         [Known:            35018(  1.2%)]
         [New:            2773222( 98.8%)    151.5M]
      [Deduplicated:      2135634( 77.0%)     95.7M( 63.2%)]
         [Young:           901281( 42.2%)     42.4M( 44.3%)]
         [Old:            1234353( 57.8%)     53.3M( 55.7%)]
   [Table]
      [Memory Usage: 2403.0K]
      [Size: 65536, Min: 1024, Max: 16777216]
      [Entries: 80683, Load: 123.1%, Cached: 0, Added: 672107, Removed: 591424]
      [Resize Count: 6, Shrink Threshold: 43690(66.7%), Grow Threshold: 131072(200.0%)]
      [Rehash Count: 0, Rehash Threshold: 120, Hash Seed: 0x0]
      [Age Threshold: 3]
   [Queue]
      [Dropped: 0]
[GC concurrent-string-deduplication, deleted 0 entries, 0.0000005 secs]
2021-03-08T17:12:50.961+0800: 23335.665: [GC pause (G1 Evacuation Pause) (young), 0.6498981 secs]
   [Parallel Time: 634.4 ms, GC Workers: 4]
      [GC Worker Start (ms): Min: 23335666.1, Avg: 23335666.2, Max: 23335666.3, Diff: 0.1]
      [Ext Root Scanning (ms): Min: 7.5, Avg: 10.5, Max: 14.7, Diff: 7.2, Sum: 42.0]
      [Update RS (ms): Min: 61.0, Avg: 64.0, Max: 66.7, Diff: 5.6, Sum: 255.8]
         [Processed Buffers: Min: 71, Avg: 118.0, Max: 136, Diff: 65, Sum: 472]
      [Scan RS (ms): Min: 0.0, Avg: 0.1, Max: 0.1, Diff: 0.1, Sum: 0.3]
      [Code Root Scanning (ms): Min: 0.0, Avg: 0.0, Max: 0.0, Diff: 0.0, Sum: 0.0]
      [Object Copy (ms): Min: 558.4, Avg: 559.7, Max: 560.2, Diff: 1.8, Sum: 2238.8]
      [Termination (ms): Min: 0.0, Avg: 0.0, Max: 0.0, Diff: 0.0, Sum: 0.0]
         [Termination Attempts: Min: 1, Avg: 1.5, Max: 2, Diff: 1, Sum: 6]
      [GC Worker Other (ms): Min: 0.0, Avg: 0.0, Max: 0.1, Diff: 0.0, Sum: 0.1]
      [GC Worker Total (ms): Min: 634.2, Avg: 634.3, Max: 634.3, Diff: 0.1, Sum: 2537.0]
      [GC Worker End (ms): Min: 23336300.4, Avg: 23336300.4, Max: 23336300.5, Diff: 0.0]
   [Code Root Fixup: 0.0 ms]
   [Code Root Purge: 0.0 ms]
   [String Dedup Fixup: 4.7 ms, GC Workers: 4]
      [Queue Fixup (ms): Min: 0.0, Avg: 0.0, Max: 0.0, Diff: 0.0, Sum: 0.1]
      [Table Fixup (ms): Min: 2.0, Avg: 2.0, Max: 2.1, Diff: 0.1, Sum: 8.1]
   [Clear CT: 4.2 ms]
   [Other: 6.6 ms]
      [Choose CSet: 0.0 ms]
      [Ref Proc: 0.1 ms]
      [Ref Enq: 0.0 ms]
      [Redirty Cards: 2.4 ms]
      [Humongous Register: 0.2 ms]
      [Humongous Reclaim: 0.1 ms]
      [Free CSet: 1.0 ms]
   [Eden: 2048.0K(2048.0K)->0.0B(966.0M) Survivors: 354.0M->2048.0K Heap: 2493.6M(6278.0M)->2493.7M(6278.0M)]
 [Times: user=1.68 sys=0.11, real=0.65 secs] 
2021-03-08T17:12:51.612+0800: 23336.316: Total time for which application threads were stopped: 0.6598596 seconds, Stopping threads took: 0.0046628 seconds
2021-03-08T17:12:51.632+0800: 23336.336: [GC concurrent-string-deduplication, 252.4K->34.5K(217.9K), avg 63.2%, 0.0086756 secs]
   [Last Exec: 0.0086756 secs, Idle: 0.6757177 secs, Blocked: 0/0.0000000 secs]
      [Inspected:            5908]
         [Skipped:              0(  0.0%)]
         [Hashed:            5543( 93.8%)]
         [Known:                1(  0.0%)]
         [New:               5907(100.0%)    252.4K]
      [Deduplicated:         5518( 93.4%)    217.9K( 86.3%)]
         [Young:                0(  0.0%)      0.0B(  0.0%)]
         [Old:               5518(100.0%)    217.9K(100.0%)]
   [Total Exec: 2818/1.7955235 secs, Idle: 2818/23327.9069012 secs, Blocked: 42/6.0881876 secs]
      [Inspected:         2814148]
         [Skipped:              0(  0.0%)]
         [Hashed:         2186419( 77.7%)]
         [Known:            35019(  1.2%)]
         [New:            2779129( 98.8%)    151.7M]
      [Deduplicated:      2141152( 77.0%)     95.9M( 63.2%)]
         [Young:           901281( 42.1%)     42.4M( 44.2%)]
         [Old:            1239871( 57.9%)     53.5M( 55.8%)]
   [Table]
      [Memory Usage: 2412.1K]
      [Size: 65536, Min: 1024, Max: 16777216]
      [Entries: 81072, Load: 123.7%, Cached: 0, Added: 672496, Removed: 591424]
      [Resize Count: 6, Shrink Threshold: 43690(66.7%), Grow Threshold: 131072(200.0%)]
      [Rehash Count: 0, Rehash Threshold: 120, Hash Seed: 0x0]
      [Age Threshold: 3]
   [Queue]
      [Dropped: 0]
[GC concurrent-string-deduplication, deleted 0 entries, 0.0000008 secs]
2021-03-08T17:12:52.111+0800: 23336.815: Total time for which application threads were stopped: 0.0136003 seconds, Stopping threads took: 0.0096943 seconds
2021-03-08T17:12:56.944+0800: 23341.648: [GC pause (G1 Evacuation Pause) (young), 0.3460290 secs]
   [Parallel Time: 309.7 ms, GC Workers: 4]
      [GC Worker Start (ms): Min: 23341648.6, Avg: 23341659.9, Max: 23341671.3, Diff: 22.7]
      [Ext Root Scanning (ms): Min: 0.1, Avg: 7.2, Max: 18.6, Diff: 18.5, Sum: 29.0]
      [Update RS (ms): Min: 41.3, Avg: 45.4, Max: 53.7, Diff: 12.5, Sum: 181.8]
         [Processed Buffers: Min: 60, Avg: 90.2, Max: 122, Diff: 62, Sum: 361]
      [Scan RS (ms): Min: 0.0, Avg: 0.2, Max: 0.3, Diff: 0.3, Sum: 0.6]
      [Code Root Scanning (ms): Min: 0.0, Avg: 0.0, Max: 0.0, Diff: 0.0, Sum: 0.0]
      [Object Copy (ms): Min: 226.2, Avg: 229.9, Max: 234.0, Diff: 7.8, Sum: 919.8]
      [Termination (ms): Min: 0.1, Avg: 7.2, Max: 15.0, Diff: 14.9, Sum: 28.8]
         [Termination Attempts: Min: 1, Avg: 41.5, Max: 70, Diff: 69, Sum: 166]
      [GC Worker Other (ms): Min: 0.0, Avg: 0.9, Max: 3.5, Diff: 3.5, Sum: 3.6]
      [GC Worker Total (ms): Min: 275.5, Avg: 290.9, Max: 309.6, Diff: 34.1, Sum: 1163.6]
      [GC Worker End (ms): Min: 23341946.8, Avg: 23341950.8, Max: 23341958.3, Diff: 11.4]
   [Code Root Fixup: 0.0 ms]
   [Code Root Purge: 0.0 ms]
   [String Dedup Fixup: 9.9 ms, GC Workers: 4]
      [Queue Fixup (ms): Min: 0.0, Avg: 0.0, Max: 0.0, Diff: 0.0, Sum: 0.0]
      [Table Fixup (ms): Min: 0.3, Avg: 2.2, Max: 6.2, Diff: 5.9, Sum: 8.6]
   [Clear CT: 7.0 ms]
   [Other: 19.3 ms]
      [Choose CSet: 0.0 ms]
      [Ref Proc: 8.1 ms]
      [Ref Enq: 0.0 ms]
      [Redirty Cards: 8.0 ms]
      [Humongous Register: 0.2 ms]
      [Humongous Reclaim: 0.1 ms]
      [Free CSet: 1.2 ms]
   [Eden: 966.0M(966.0M)->0.0B(190.0M) Survivors: 2048.0K->122.0M Heap: 3464.1M(6278.0M)->2686.1M(6278.0M)]
 [Times: user=0.86 sys=0.10, real=0.35 secs] 
2021-03-08T17:12:57.290+0800: 23341.995: Total time for which application threads were stopped: 0.3538921 seconds, Stopping threads took: 0.0004182 seconds
2021-03-08T17:12:57.292+0800: 23341.996: [GC concurrent-string-deduplication, 95.5K->0.0B(95.5K), avg 63.2%, 0.0011413 secs]
   [Last Exec: 0.0011413 secs, Idle: 5.6582346 secs, Blocked: 0/0.0000000 secs]
      [Inspected:            2453]
         [Skipped:              0(  0.0%)]
         [Hashed:            2453(100.0%)]
         [Known:                0(  0.0%)]
         [New:               2453(100.0%)     95.5K]
      [Deduplicated:         2453(100.0%)     95.5K(100.0%)]
         [Young:                0(  0.0%)      0.0B(  0.0%)]
         [Old:               2453(100.0%)     95.5K(100.0%)]
   [Total Exec: 2819/1.7966648 secs, Idle: 2819/23333.5651357 secs, Blocked: 42/6.0881876 secs]
      [Inspected:         2816601]
         [Skipped:              0(  0.0%)]
         [Hashed:         2188872( 77.7%)]
         [Known:            35019(  1.2%)]
         [New:            2781582( 98.8%)    151.8M]
      [Deduplicated:      2143605( 77.1%)     96.0M( 63.2%)]
         [Young:           901281( 42.0%)     42.4M( 44.2%)]
         [Old:            1242324( 58.0%)     53.6M( 55.8%)]
   [Table]
      [Memory Usage: 2412.1K]
      [Size: 65536, Min: 1024, Max: 16777216]
      [Entries: 81072, Load: 123.7%, Cached: 0, Added: 672496, Removed: 591424]
      [Resize Count: 6, Shrink Threshold: 43690(66.7%), Grow Threshold: 131072(200.0%)]
      [Rehash Count: 0, Rehash Threshold: 120, Hash Seed: 0x0]
      [Age Threshold: 3]
   [Queue]
      [Dropped: 0]
[GC concurrent-string-deduplication, deleted 0 entries, 0.0000009 secs]
2021-03-08T17:12:57.299+0800: 23342.003: Total time for which application threads were stopped: 0.0045252 seconds, Stopping threads took: 0.0004089 seconds
2021-03-08T17:12:57.303+0800: 23342.007: Total time for which application threads were stopped: 0.0041869 seconds, Stopping threads took: 0.0001297 seconds
2021-03-08T17:12:57.860+0800: 23342.564: Total time for which application threads were stopped: 0.0044231 seconds, Stopping threads took: 0.0004781 seconds
2021-03-08T17:12:57.864+0800: 23342.568: Total time for which application threads were stopped: 0.0040460 seconds, Stopping threads took: 0.0001840 seconds
2021-03-08T17:12:57.869+0800: 23342.573: Total time for which application threads were stopped: 0.0040549 seconds, Stopping threads took: 0.0002423 seconds
2021-03-08T17:12:57.884+0800: 23342.588: Total time for which application threads were stopped: 0.0044888 seconds, Stopping threads took: 0.0004145 seconds
2021-03-08T17:12:57.888+0800: 23342.593: Total time for which application threads were stopped: 0.0040573 seconds, Stopping threads took: 0.0001433 seconds
2021-03-08T17:12:57.894+0800: 23342.598: Total time for which application threads were stopped: 0.0049597 seconds, Stopping threads took: 0.0009932 seconds
2021-03-08T17:12:57.898+0800: 23342.602: Total time for which application threads were stopped: 0.0040143 seconds, Stopping threads took: 0.0001307 seconds
2021-03-08T17:12:57.902+0800: 23342.606: Total time for which application threads were stopped: 0.0039050 seconds, Stopping threads took: 0.0001279 seconds
2021-03-08T17:12:58.182+0800: 23342.886: Total time for which application threads were stopped: 0.0046014 seconds, Stopping threads took: 0.0003591 seconds
2021-03-08T17:12:58.187+0800: 23342.891: Total time for which application threads were stopped: 0.0043802 seconds, Stopping threads took: 0.0001371 seconds
2021-03-08T17:12:58.417+0800: 23343.121: Total time for which application threads were stopped: 0.0045530 seconds, Stopping threads took: 0.0003786 seconds
2021-03-08T17:12:58.426+0800: 23343.131: Total time for which application threads were stopped: 0.0066203 seconds, Stopping threads took: 0.0023025 seconds
2021-03-08T17:12:58.435+0800: 23343.139: Total time for which application threads were stopped: 0.0049348 seconds, Stopping threads took: 0.0004226 seconds
2021-03-08T17:12:58.622+0800: 23343.326: [GC pause (G1 Evacuation Pause) (young), 0.2202441 secs]
   [Parallel Time: 215.1 ms, GC Workers: 4]
      [GC Worker Start (ms): Min: 23343327.0, Avg: 23343339.4, Max: 23343370.2, Diff: 43.2]
      [Ext Root Scanning (ms): Min: 0.2, Avg: 9.8, Max: 21.0, Diff: 20.8, Sum: 39.0]
      [Update RS (ms): Min: 21.2, Avg: 43.3, Max: 54.9, Diff: 33.7, Sum: 173.2]
         [Processed Buffers: Min: 48, Avg: 67.0, Max: 120, Diff: 72, Sum: 268]
      [Scan RS (ms): Min: 0.0, Avg: 0.1, Max: 0.1, Diff: 0.1, Sum: 0.2]
      [Code Root Scanning (ms): Min: 0.0, Avg: 0.0, Max: 0.0, Diff: 0.0, Sum: 0.0]
      [Object Copy (ms): Min: 146.8, Avg: 149.5, Max: 150.8, Diff: 3.9, Sum: 598.2]
      [Termination (ms): Min: 0.0, Avg: 0.0, Max: 0.1, Diff: 0.0, Sum: 0.2]
         [Termination Attempts: Min: 43, Avg: 47.8, Max: 51, Diff: 8, Sum: 191]
      [GC Worker Other (ms): Min: 0.0, Avg: 0.0, Max: 0.0, Diff: 0.0, Sum: 0.1]
      [GC Worker Total (ms): Min: 171.9, Avg: 202.7, Max: 215.1, Diff: 43.2, Sum: 810.9]
      [GC Worker End (ms): Min: 23343542.1, Avg: 23343542.1, Max: 23343542.1, Diff: 0.0]
   [Code Root Fixup: 0.0 ms]
   [Code Root Purge: 0.0 ms]
   [String Dedup Fixup: 2.1 ms, GC Workers: 4]
      [Queue Fixup (ms): Min: 0.0, Avg: 0.0, Max: 0.0, Diff: 0.0, Sum: 0.1]
      [Table Fixup (ms): Min: 1.8, Avg: 1.8, Max: 1.9, Diff: 0.1, Sum: 7.3]
   [Clear CT: 0.1 ms]
   [Other: 2.9 ms]
      [Choose CSet: 0.0 ms]
      [Ref Proc: 0.1 ms]
      [Ref Enq: 0.0 ms]
      [Redirty Cards: 0.3 ms]
      [Humongous Register: 0.3 ms]
      [Humongous Reclaim: 0.1 ms]
      [Free CSet: 0.6 ms]
   [Eden: 190.0M(190.0M)->0.0B(652.0M) Survivors: 122.0M->26.0M Heap: 2876.1M(6278.0M)->2710.8M(6278.0M)]
 [Times: user=0.65 sys=0.03, real=0.22 secs] 
2021-03-08T17:12:58.843+0800: 23343.547: Total time for which application threads were stopped: 0.2389691 seconds, Stopping threads took: 0.0121747 seconds
2021-03-08T17:12:58.845+0800: 23343.549: [GC concurrent-string-deduplication, 173.2K->0.0B(173.2K), avg 63.3%, 0.0017666 secs]
   [Last Exec: 0.0017666 secs, Idle: 1.5512436 secs, Blocked: 0/0.0000000 secs]
      [Inspected:            4465]
         [Skipped:              0(  0.0%)]
         [Hashed:            4465(100.0%)]
         [Known:                0(  0.0%)]
         [New:               4465(100.0%)    173.2K]
      [Deduplicated:         4465(100.0%)    173.2K(100.0%)]
         [Young:                0(  0.0%)      0.0B(  0.0%)]
         [Old:               4465(100.0%)    173.2K(100.0%)]
   [Total Exec: 2820/1.7984314 secs, Idle: 2820/23335.1163793 secs, Blocked: 42/6.0881876 secs]
      [Inspected:         2821066]
         [Skipped:              0(  0.0%)]
         [Hashed:         2193337( 77.7%)]
         [Known:            35019(  1.2%)]
         [New:            2786047( 98.8%)    152.0M]
      [Deduplicated:      2148070( 77.1%)     96.2M( 63.3%)]
         [Young:           901281( 42.0%)     42.4M( 44.1%)]
         [Old:            1246789( 58.0%)     53.8M( 55.9%)]
   [Table]
      [Memory Usage: 2412.1K]
      [Size: 65536, Min: 1024, Max: 16777216]
      [Entries: 81072, Load: 123.7%, Cached: 0, Added: 672496, Removed: 591424]
      [Resize Count: 6, Shrink Threshold: 43690(66.7%), Grow Threshold: 131072(200.0%)]
      [Rehash Count: 0, Rehash Threshold: 120, Hash Seed: 0x0]
      [Age Threshold: 3]
   [Queue]
      [Dropped: 0]
[GC concurrent-string-deduplication, deleted 0 entries, 0.0000009 secs]
2021-03-08T17:13:01.301+0800: 23346.006: [GC pause (G1 Evacuation Pause) (young), 0.0846696 secs]
   [Parallel Time: 63.7 ms, GC Workers: 4]
      [GC Worker Start (ms): Min: 23346008.7, Avg: 23346008.7, Max: 23346008.7, Diff: 0.1]
      [Ext Root Scanning (ms): Min: 4.6, Avg: 4.8, Max: 5.0, Diff: 0.4, Sum: 19.3]
      [Update RS (ms): Min: 29.7, Avg: 29.7, Max: 29.8, Diff: 0.1, Sum: 118.9]
         [Processed Buffers: Min: 78, Avg: 86.2, Max: 93, Diff: 15, Sum: 345]
      [Scan RS (ms): Min: 0.0, Avg: 0.2, Max: 0.2, Diff: 0.2, Sum: 0.7]
      [Code Root Scanning (ms): Min: 0.0, Avg: 0.0, Max: 0.0, Diff: 0.0, Sum: 0.0]
      [Object Copy (ms): Min: 27.2, Avg: 27.7, Max: 28.8, Diff: 1.5, Sum: 110.7]
      [Termination (ms): Min: 0.0, Avg: 1.2, Max: 1.6, Diff: 1.6, Sum: 4.6]
         [Termination Attempts: Min: 1, Avg: 4.5, Max: 6, Diff: 5, Sum: 18]
      [GC Worker Other (ms): Min: 0.0, Avg: 0.0, Max: 0.0, Diff: 0.0, Sum: 0.1]
      [GC Worker Total (ms): Min: 63.6, Avg: 63.6, Max: 63.6, Diff: 0.0, Sum: 254.3]
      [GC Worker End (ms): Min: 23346072.3, Avg: 23346072.3, Max: 23346072.3, Diff: 0.0]
   [Code Root Fixup: 0.0 ms]
   [Code Root Purge: 0.0 ms]
   [String Dedup Fixup: 7.8 ms, GC Workers: 4]
      [Queue Fixup (ms): Min: 0.0, Avg: 0.0, Max: 0.0, Diff: 0.0, Sum: 0.0]
      [Table Fixup (ms): Min: 3.6, Avg: 3.6, Max: 3.7, Diff: 0.1, Sum: 14.6]
   [Clear CT: 7.3 ms]
   [Other: 5.8 ms]
      [Choose CSet: 0.0 ms]
      [Ref Proc: 0.1 ms]
      [Ref Enq: 0.0 ms]
      [Redirty Cards: 0.1 ms]
      [Humongous Register: 2.4 ms]
      [Humongous Reclaim: 0.1 ms]
      [Free CSet: 1.5 ms]
   [Eden: 650.0M(650.0M)->0.0B(938.0M) Survivors: 26.0M->32.0M Heap: 3370.1M(6278.0M)->2717.9M(6278.0M)]
 [Times: user=0.23 sys=0.02, real=0.09 secs] 
2021-03-08T17:13:01.387+0800: 23346.091: Total time for which application threads were stopped: 0.0977036 seconds, Stopping threads took: 0.0065394 seconds
2021-03-08T17:13:04.265+0800: 23348.969: Total time for which application threads were stopped: 0.0045023 seconds, Stopping threads took: 0.0004383 seconds
2021-03-08T17:13:04.417+0800: 23349.121: [GC pause (G1 Evacuation Pause) (young), 0.0776608 secs]
   [Parallel Time: 70.7 ms, GC Workers: 4]
      [GC Worker Start (ms): Min: 23349121.8, Avg: 23349140.1, Max: 23349146.3, Diff: 24.5]
      [Ext Root Scanning (ms): Min: 0.2, Avg: 4.0, Max: 15.2, Diff: 15.0, Sum: 15.9]
      [Update RS (ms): Min: 4.3, Avg: 7.9, Max: 18.4, Diff: 14.0, Sum: 31.5]
         [Processed Buffers: Min: 6, Avg: 52.2, Max: 74, Diff: 68, Sum: 209]
      [Scan RS (ms): Min: 0.1, Avg: 0.2, Max: 0.3, Diff: 0.2, Sum: 0.7]
      [Code Root Scanning (ms): Min: 0.0, Avg: 0.0, Max: 0.0, Diff: 0.0, Sum: 0.0]
      [Object Copy (ms): Min: 32.3, Avg: 37.6, Max: 41.1, Diff: 8.8, Sum: 150.5]
      [Termination (ms): Min: 0.0, Avg: 2.4, Max: 4.5, Diff: 4.5, Sum: 9.7]
         [Termination Attempts: Min: 14, Avg: 35.5, Max: 58, Diff: 44, Sum: 142]
      [GC Worker Other (ms): Min: 0.0, Avg: 0.0, Max: 0.1, Diff: 0.0, Sum: 0.2]
      [GC Worker Total (ms): Min: 46.0, Avg: 52.1, Max: 70.4, Diff: 24.5, Sum: 208.5]
      [GC Worker End (ms): Min: 23349192.2, Avg: 23349192.3, Max: 23349192.3, Diff: 0.0]
   [Code Root Fixup: 0.0 ms]
   [Code Root Purge: 0.0 ms]
   [String Dedup Fixup: 3.2 ms, GC Workers: 4]
      [Queue Fixup (ms): Min: 0.0, Avg: 0.0, Max: 0.0, Diff: 0.0, Sum: 0.0]
      [Table Fixup (ms): Min: 0.0, Avg: 1.8, Max: 2.9, Diff: 2.9, Sum: 7.2]
   [Clear CT: 0.3 ms]
   [Other: 3.5 ms]
      [Choose CSet: 0.0 ms]
      [Ref Proc: 0.1 ms]
      [Ref Enq: 0.0 ms]
      [Redirty Cards: 0.3 ms]
      [Humongous Register: 0.3 ms]
      [Humongous Reclaim: 0.1 ms]
      [Free CSet: 1.2 ms]
   [Eden: 938.0M(938.0M)->0.0B(676.0M) Survivors: 32.0M->32.0M Heap: 3674.4M(6278.0M)->2717.4M(6278.0M)]
 [Times: user=0.15 sys=0.00, real=0.08 secs] 
2021-03-08T17:13:04.495+0800: 23349.199: Total time for which application threads were stopped: 0.0824950 seconds, Stopping threads took: 0.0004227 seconds
2021-03-08T17:13:04.496+0800: 23349.200: [GC concurrent-string-deduplication, 29.8K->1448.0B(28.4K), avg 63.3%, 0.0003407 secs]
   [Last Exec: 0.0003407 secs, Idle: 5.6504060 secs, Blocked: 0/0.0000000 secs]
      [Inspected:             735]
         [Skipped:              0(  0.0%)]
         [Hashed:             732( 99.6%)]
         [Known:                0(  0.0%)]
         [New:                735(100.0%)     29.8K]
      [Deduplicated:          730( 99.3%)     28.4K( 95.3%)]
         [Young:              730(100.0%)     28.4K(100.0%)]
         [Old:                  0(  0.0%)      0.0B(  0.0%)]
   [Total Exec: 2821/1.7987722 secs, Idle: 2821/23340.7667853 secs, Blocked: 42/6.0881876 secs]
      [Inspected:         2821801]
         [Skipped:              0(  0.0%)]
         [Hashed:         2194069( 77.8%)]
         [Known:            35019(  1.2%)]
         [New:            2786782( 98.8%)    152.0M]
      [Deduplicated:      2148800( 77.1%)     96.2M( 63.3%)]
         [Young:           902011( 42.0%)     42.4M( 44.1%)]
         [Old:            1246789( 58.0%)     53.8M( 55.9%)]
   [Table]
      [Memory Usage: 2412.2K]
      [Size: 65536, Min: 1024, Max: 16777216]
      [Entries: 81077, Load: 123.7%, Cached: 0, Added: 672501, Removed: 591424]
      [Resize Count: 6, Shrink Threshold: 43690(66.7%), Grow Threshold: 131072(200.0%)]
      [Rehash Count: 0, Rehash Threshold: 120, Hash Seed: 0x0]
      [Age Threshold: 3]
   [Queue]
      [Dropped: 0]
[GC concurrent-string-deduplication, deleted 0 entries, 0.0000009 secs]
2021-03-08T17:13:06.138+0800: 23350.842: [GC pause (G1 Evacuation Pause) (young), 0.0585682 secs]
   [Parallel Time: 53.5 ms, GC Workers: 4]
      [GC Worker Start (ms): Min: 23350842.7, Avg: 23350843.4, Max: 23350844.4, Diff: 1.7]
      [Ext Root Scanning (ms): Min: 2.8, Avg: 3.9, Max: 5.0, Diff: 2.2, Sum: 15.7]
      [Update RS (ms): Min: 4.8, Avg: 4.9, Max: 5.0, Diff: 0.2, Sum: 19.4]
         [Processed Buffers: Min: 42, Avg: 47.0, Max: 59, Diff: 17, Sum: 188]
      [Scan RS (ms): Min: 0.0, Avg: 0.1, Max: 0.2, Diff: 0.2, Sum: 0.5]
      [Code Root Scanning (ms): Min: 0.0, Avg: 0.0, Max: 0.0, Diff: 0.0, Sum: 0.0]
      [Object Copy (ms): Min: 42.8, Avg: 43.1, Max: 43.3, Diff: 0.5, Sum: 172.5]
      [Termination (ms): Min: 0.0, Avg: 0.0, Max: 0.0, Diff: 0.0, Sum: 0.0]
         [Termination Attempts: Min: 5, Avg: 10.0, Max: 16, Diff: 11, Sum: 40]
      [GC Worker Other (ms): Min: 0.0, Avg: 0.2, Max: 0.7, Diff: 0.7, Sum: 0.8]
      [GC Worker Total (ms): Min: 51.1, Avg: 52.2, Max: 52.8, Diff: 1.7, Sum: 209.0]
      [GC Worker End (ms): Min: 23350895.5, Avg: 23350895.7, Max: 23350896.2, Diff: 0.7]
   [Code Root Fixup: 0.0 ms]
   [Code Root Purge: 0.0 ms]
   [String Dedup Fixup: 2.2 ms, GC Workers: 4]
      [Queue Fixup (ms): Min: 0.0, Avg: 0.0, Max: 0.0, Diff: 0.0, Sum: 0.0]
      [Table Fixup (ms): Min: 1.9, Avg: 2.0, Max: 2.1, Diff: 0.2, Sum: 7.8]
   [Clear CT: 0.2 ms]
   [Other: 2.7 ms]
      [Choose CSet: 0.0 ms]
      [Ref Proc: 0.2 ms]
      [Ref Enq: 0.0 ms]
      [Redirty Cards: 0.0 ms]
      [Humongous Register: 0.3 ms]
      [Humongous Reclaim: 0.1 ms]
      [Free CSet: 0.8 ms]
   [Eden: 676.0M(676.0M)->0.0B(888.0M) Survivors: 32.0M->46.0M Heap: 3411.8M(6278.0M)->2730.8M(6278.0M)]
 [Times: user=0.19 sys=0.00, real=0.06 secs] 
2021-03-08T17:13:06.197+0800: 23350.901: Total time for which application threads were stopped: 0.0633676 seconds, Stopping threads took: 0.0003713 seconds
2021-03-08T17:13:06.197+0800: 23350.902: [GC concurrent-string-deduplication, 9424.0B->4488.0B(4936.0B), avg 63.3%, 0.0000941 secs]
   [Last Exec: 0.0000941 secs, Idle: 1.7015952 secs, Blocked: 0/0.0000000 secs]
      [Inspected:             172]
         [Skipped:              0(  0.0%)]
         [Hashed:             121( 70.3%)]
         [Known:                0(  0.0%)]
         [New:                172(100.0%)   9424.0B]
      [Deduplicated:          121( 70.3%)   4936.0B( 52.4%)]
         [Young:              121(100.0%)   4936.0B(100.0%)]
         [Old:                  0(  0.0%)      0.0B(  0.0%)]
   [Total Exec: 2822/1.7988663 secs, Idle: 2822/23342.4683805 secs, Blocked: 42/6.0881876 secs]
      [Inspected:         2821973]
         [Skipped:              0(  0.0%)]
         [Hashed:         2194190( 77.8%)]
         [Known:            35019(  1.2%)]
         [New:            2786954( 98.8%)    152.0M]
      [Deduplicated:      2148921( 77.1%)     96.2M( 63.3%)]
         [Young:           902132( 42.0%)     42.4M( 44.1%)]
         [Old:            1246789( 58.0%)     53.8M( 55.9%)]
   [Table]
      [Memory Usage: 2413.4K]
      [Size: 65536, Min: 1024, Max: 16777216]
      [Entries: 81128, Load: 123.8%, Cached: 0, Added: 672552, Removed: 591424]
      [Resize Count: 6, Shrink Threshold: 43690(66.7%), Grow Threshold: 131072(200.0%)]
      [Rehash Count: 0, Rehash Threshold: 120, Hash Seed: 0x0]
      [Age Threshold: 3]
   [Queue]
      [Dropped: 0]
[GC concurrent-string-deduplication, deleted 0 entries, 0.0000007 secs]
2021-03-08T17:13:08.154+0800: 23352.858: [GC pause (G1 Evacuation Pause) (young), 0.0654326 secs]
   [Parallel Time: 60.6 ms, GC Workers: 4]
      [GC Worker Start (ms): Min: 23352858.4, Avg: 23352858.5, Max: 23352858.7, Diff: 0.3]
      [Ext Root Scanning (ms): Min: 6.4, Avg: 8.5, Max: 14.4, Diff: 8.0, Sum: 33.9]
      [Update RS (ms): Min: 0.0, Avg: 7.8, Max: 16.2, Diff: 16.2, Sum: 31.1]
         [Processed Buffers: Min: 0, Avg: 50.8, Max: 91, Diff: 91, Sum: 203]
      [Scan RS (ms): Min: 0.0, Avg: 0.2, Max: 0.3, Diff: 0.2, Sum: 0.6]
      [Code Root Scanning (ms): Min: 0.0, Avg: 0.0, Max: 0.0, Diff: 0.0, Sum: 0.0]
      [Object Copy (ms): Min: 37.8, Avg: 43.9, Max: 46.1, Diff: 8.3, Sum: 175.7]
      [Termination (ms): Min: 0.0, Avg: 0.0, Max: 0.0, Diff: 0.0, Sum: 0.1]
         [Termination Attempts: Min: 28, Avg: 31.2, Max: 35, Diff: 7, Sum: 125]
      [GC Worker Other (ms): Min: 0.0, Avg: 0.0, Max: 0.1, Diff: 0.0, Sum: 0.2]
      [GC Worker Total (ms): Min: 60.2, Avg: 60.4, Max: 60.5, Diff: 0.3, Sum: 241.7]
      [GC Worker End (ms): Min: 23352918.9, Avg: 23352918.9, Max: 23352918.9, Diff: 0.0]
   [Code Root Fixup: 0.0 ms]
   [Code Root Purge: 0.0 ms]
   [String Dedup Fixup: 1.9 ms, GC Workers: 4]
      [Queue Fixup (ms): Min: 0.0, Avg: 0.0, Max: 0.0, Diff: 0.0, Sum: 0.0]
      [Table Fixup (ms): Min: 1.8, Avg: 1.9, Max: 1.9, Diff: 0.0, Sum: 7.5]
   [Clear CT: 0.1 ms]
   [Other: 2.8 ms]
      [Choose CSet: 0.0 ms]
      [Ref Proc: 0.1 ms]
      [Ref Enq: 0.0 ms]
      [Redirty Cards: 0.0 ms]
      [Humongous Register: 0.2 ms]
      [Humongous Reclaim: 0.1 ms]
      [Free CSet: 1.0 ms]
   [Eden: 888.0M(888.0M)->0.0B(1312.0M) Survivors: 46.0M->42.0M Heap: 3638.0M(6278.0M)->2728.0M(6278.0M)]
 [Times: user=0.19 sys=0.03, real=0.07 secs] 
2021-03-08T17:13:08.220+0800: 23352.924: Total time for which application threads were stopped: 0.0702023 seconds, Stopping threads took: 0.0004623 seconds
2021-03-08T17:13:08.220+0800: 23352.924: [GC concurrent-string-deduplication, 18.4K->11.0K(7568.0B), avg 63.3%, 0.0002020 secs]
   [Last Exec: 0.0002020 secs, Idle: 2.0223377 secs, Blocked: 0/0.0000000 secs]
      [Inspected:             319]
         [Skipped:              0(  0.0%)]
         [Hashed:             196( 61.4%)]
         [Known:                0(  0.0%)]
         [New:                319(100.0%)     18.4K]
      [Deduplicated:          194( 60.8%)   7568.0B( 40.2%)]
         [Young:              194(100.0%)   7568.0B(100.0%)]
         [Old:                  0(  0.0%)      0.0B(  0.0%)]
   [Total Exec: 2823/1.7990683 secs, Idle: 2823/23344.4907183 secs, Blocked: 42/6.0881876 secs]
      [Inspected:         2822292]
         [Skipped:              0(  0.0%)]
         [Hashed:         2194386( 77.8%)]
         [Known:            35019(  1.2%)]
         [New:            2787273( 98.8%)    152.0M]
      [Deduplicated:      2149115( 77.1%)     96.2M( 63.3%)]
         [Young:           902326( 42.0%)     42.4M( 44.1%)]
         [Old:            1246789( 58.0%)     53.8M( 55.9%)]
   [Table]
      [Memory Usage: 2416.4K]
      [Size: 65536, Min: 1024, Max: 16777216]
      [Entries: 81253, Load: 124.0%, Cached: 0, Added: 672677, Removed: 591424]
      [Resize Count: 6, Shrink Threshold: 43690(66.7%), Grow Threshold: 131072(200.0%)]
      [Rehash Count: 0, Rehash Threshold: 120, Hash Seed: 0x0]
      [Age Threshold: 3]
   [Queue]
      [Dropped: 0]
[GC concurrent-string-deduplication, deleted 0 entries, 0.0000008 secs]
2021-03-08T17:13:10.893+0800: 23355.597: [GC pause (G1 Evacuation Pause) (young), 0.0612198 secs]
   [Parallel Time: 55.8 ms, GC Workers: 4]
      [GC Worker Start (ms): Min: 23355597.8, Avg: 23355597.8, Max: 23355597.8, Diff: 0.0]
      [Ext Root Scanning (ms): Min: 3.4, Avg: 3.6, Max: 4.3, Diff: 1.0, Sum: 14.6]
      [Update RS (ms): Min: 4.7, Avg: 5.2, Max: 5.3, Diff: 0.6, Sum: 20.7]
         [Processed Buffers: Min: 49, Avg: 52.0, Max: 57, Diff: 8, Sum: 208]
      [Scan RS (ms): Min: 0.2, Avg: 0.2, Max: 0.2, Diff: 0.0, Sum: 0.9]
      [Code Root Scanning (ms): Min: 0.0, Avg: 0.0, Max: 0.0, Diff: 0.0, Sum: 0.0]
      [Object Copy (ms): Min: 46.3, Avg: 46.5, Max: 46.7, Diff: 0.4, Sum: 186.1]
      [Termination (ms): Min: 0.0, Avg: 0.1, Max: 0.1, Diff: 0.1, Sum: 0.2]
         [Termination Attempts: Min: 9, Avg: 13.2, Max: 17, Diff: 8, Sum: 53]
      [GC Worker Other (ms): Min: 0.0, Avg: 0.0, Max: 0.0, Diff: 0.0, Sum: 0.1]
      [GC Worker Total (ms): Min: 55.7, Avg: 55.7, Max: 55.7, Diff: 0.0, Sum: 222.8]
      [GC Worker End (ms): Min: 23355653.5, Avg: 23355653.5, Max: 23355653.5, Diff: 0.0]
   [Code Root Fixup: 0.0 ms]
   [Code Root Purge: 0.0 ms]
   [String Dedup Fixup: 1.8 ms, GC Workers: 4]
      [Queue Fixup (ms): Min: 0.0, Avg: 0.0, Max: 0.0, Diff: 0.0, Sum: 0.0]
      [Table Fixup (ms): Min: 1.7, Avg: 1.7, Max: 1.7, Diff: 0.0, Sum: 6.8]
   [Clear CT: 0.2 ms]
   [Other: 3.5 ms]
      [Choose CSet: 0.0 ms]
      [Ref Proc: 0.1 ms]
      [Ref Enq: 0.0 ms]
      [Redirty Cards: 0.0 ms]
      [Humongous Register: 0.2 ms]
      [Humongous Reclaim: 0.1 ms]
      [Free CSet: 1.7 ms]
   [Eden: 1312.0M(1312.0M)->0.0B(1922.0M) Survivors: 42.0M->52.0M Heap: 4059.2M(6278.0M)->2736.7M(6278.0M)]
 [Times: user=0.21 sys=0.02, real=0.07 secs] 
2021-03-08T17:13:10.955+0800: 23355.659: Total time for which application threads were stopped: 0.0675215 seconds, Stopping threads took: 0.0003540 seconds
2021-03-08T17:13:10.955+0800: 23355.659: [GC concurrent-string-deduplication, 13.5K->6600.0B(7272.0B), avg 63.3%, 0.0001472 secs]
   [Last Exec: 0.0001472 secs, Idle: 2.7349285 secs, Blocked: 0/0.0000000 secs]
      [Inspected:             254]
         [Skipped:              0(  0.0%)]
         [Hashed:             179( 70.5%)]
         [Known:                0(  0.0%)]
         [New:                254(100.0%)     13.5K]
      [Deduplicated:          179( 70.5%)   7272.0B( 52.4%)]
         [Young:              179(100.0%)   7272.0B(100.0%)]
         [Old:                  0(  0.0%)      0.0B(  0.0%)]
   [Total Exec: 2824/1.7992155 secs, Idle: 2824/23347.2256467 secs, Blocked: 42/6.0881876 secs]
      [Inspected:         2822546]
         [Skipped:              0(  0.0%)]
         [Hashed:         2194565( 77.8%)]
         [Known:            35019(  1.2%)]
         [New:            2787527( 98.8%)    152.0M]
      [Deduplicated:      2149294( 77.1%)     96.2M( 63.3%)]
         [Young:           902505( 42.0%)     42.4M( 44.1%)]
         [Old:            1246789( 58.0%)     53.8M( 55.9%)]
   [Table]
      [Memory Usage: 2418.1K]
      [Size: 65536, Min: 1024, Max: 16777216]
      [Entries: 81328, Load: 124.1%, Cached: 0, Added: 672752, Removed: 591424]
      [Resize Count: 6, Shrink Threshold: 43690(66.7%), Grow Threshold: 131072(200.0%)]
      [Rehash Count: 0, Rehash Threshold: 120, Hash Seed: 0x0]
      [Age Threshold: 3]
   [Queue]
      [Dropped: 0]
[GC concurrent-string-deduplication, deleted 0 entries, 0.0000006 secs]
2021-03-08T17:13:15.963+0800: 23360.667: Total time for which application threads were stopped: 0.0075786 seconds, Stopping threads took: 0.0023101 seconds
2021-03-08T17:13:16.661+0800: 23361.365: [GC pause (G1 Evacuation Pause) (young), 0.0864085 secs]
   [Parallel Time: 76.1 ms, GC Workers: 4]
      [GC Worker Start (ms): Min: 23361367.5, Avg: 23361367.7, Max: 23361368.2, Diff: 0.7]
      [Ext Root Scanning (ms): Min: 4.4, Avg: 5.0, Max: 5.6, Diff: 1.2, Sum: 20.2]
      [Update RS (ms): Min: 6.6, Avg: 6.7, Max: 6.7, Diff: 0.1, Sum: 26.8]
         [Processed Buffers: Min: 54, Avg: 61.8, Max: 68, Diff: 14, Sum: 247]
      [Scan RS (ms): Min: 0.3, Avg: 0.4, Max: 0.4, Diff: 0.1, Sum: 1.5]
      [Code Root Scanning (ms): Min: 0.0, Avg: 0.0, Max: 0.0, Diff: 0.0, Sum: 0.0]
      [Object Copy (ms): Min: 63.3, Avg: 63.6, Max: 63.8, Diff: 0.5, Sum: 254.3]
      [Termination (ms): Min: 0.0, Avg: 0.1, Max: 0.1, Diff: 0.1, Sum: 0.2]
         [Termination Attempts: Min: 26, Avg: 67.0, Max: 92, Diff: 66, Sum: 268]
      [GC Worker Other (ms): Min: 0.0, Avg: 0.1, Max: 0.1, Diff: 0.0, Sum: 0.2]
      [GC Worker Total (ms): Min: 75.3, Avg: 75.8, Max: 76.0, Diff: 0.7, Sum: 303.4]
      [GC Worker End (ms): Min: 23361443.6, Avg: 23361443.6, Max: 23361443.6, Diff: 0.0]
   [Code Root Fixup: 0.0 ms]
   [Code Root Purge: 0.0 ms]
   [String Dedup Fixup: 3.0 ms, GC Workers: 4]
      [Queue Fixup (ms): Min: 0.0, Avg: 0.0, Max: 0.0, Diff: 0.0, Sum: 0.0]
      [Table Fixup (ms): Min: 2.9, Avg: 2.9, Max: 2.9, Diff: 0.1, Sum: 11.6]
   [Clear CT: 0.3 ms]
   [Other: 7.0 ms]
      [Choose CSet: 0.1 ms]
      [Ref Proc: 0.1 ms]
      [Ref Enq: 0.0 ms]
      [Redirty Cards: 0.0 ms]
      [Humongous Register: 2.0 ms]
      [Humongous Reclaim: 0.2 ms]
      [Free CSet: 3.0 ms]
   [Eden: 1922.0M(1922.0M)->0.0B(1998.0M) Survivors: 52.0M->62.0M Heap: 4682.4M(6278.0M)->2747.1M(6278.0M)]
 [Times: user=0.26 sys=0.06, real=0.09 secs] 
2021-03-08T17:13:16.748+0800: 23361.452: Total time for which application threads were stopped: 0.0936885 seconds, Stopping threads took: 0.0003290 seconds
2021-03-08T17:13:16.748+0800: 23361.452: [GC concurrent-string-deduplication, 20.8K->11.5K(9472.0B), avg 63.3%, 0.0002301 secs]
   [Last Exec: 0.0002301 secs, Idle: 5.7926222 secs, Blocked: 0/0.0000000 secs]
      [Inspected:             369]
         [Skipped:              0(  0.0%)]
         [Hashed:             235( 63.7%)]
         [Known:                0(  0.0%)]
         [New:                369(100.0%)     20.8K]
      [Deduplicated:          235( 63.7%)   9472.0B( 44.5%)]
         [Young:              235(100.0%)   9472.0B(100.0%)]
         [Old:                  0(  0.0%)      0.0B(  0.0%)]
   [Total Exec: 2825/1.7994456 secs, Idle: 2825/23353.0182690 secs, Blocked: 42/6.0881876 secs]
      [Inspected:         2822915]
         [Skipped:              0(  0.0%)]
         [Hashed:         2194800( 77.7%)]
         [Known:            35019(  1.2%)]
         [New:            2787896( 98.8%)    152.1M]
      [Deduplicated:      2149529( 77.1%)     96.2M( 63.3%)]
         [Young:           902740( 42.0%)     42.4M( 44.1%)]
         [Old:            1246789( 58.0%)     53.8M( 55.9%)]
   [Table]
      [Memory Usage: 2421.3K]
      [Size: 65536, Min: 1024, Max: 16777216]
      [Entries: 81462, Load: 124.3%, Cached: 0, Added: 672886, Removed: 591424]
      [Resize Count: 6, Shrink Threshold: 43690(66.7%), Grow Threshold: 131072(200.0%)]
      [Rehash Count: 0, Rehash Threshold: 120, Hash Seed: 0x0]
      [Age Threshold: 3]
   [Queue]
      [Dropped: 0]
[GC concurrent-string-deduplication, deleted 0 entries, 0.0000006 secs]
2021-03-08T17:13:17.493+0800: 23362.198: Total time for which application threads were stopped: 0.0071877 seconds, Stopping threads took: 0.0020272 seconds
2021-03-08T17:13:22.272+0800: 23366.976: [GC pause (G1 Evacuation Pause) (young), 0.0919465 secs]
   [Parallel Time: 82.0 ms, GC Workers: 4]
      [GC Worker Start (ms): Min: 23366978.2, Avg: 23366978.2, Max: 23366978.2, Diff: 0.1]
      [Ext Root Scanning (ms): Min: 3.7, Avg: 3.8, Max: 4.2, Diff: 0.5, Sum: 15.4]
      [Update RS (ms): Min: 7.3, Avg: 7.3, Max: 7.4, Diff: 0.1, Sum: 29.3]
         [Processed Buffers: Min: 62, Avg: 70.2, Max: 76, Diff: 14, Sum: 281]
      [Scan RS (ms): Min: 0.4, Avg: 0.4, Max: 0.4, Diff: 0.0, Sum: 1.6]
      [Code Root Scanning (ms): Min: 0.0, Avg: 0.0, Max: 0.0, Diff: 0.0, Sum: 0.1]
      [Object Copy (ms): Min: 70.1, Avg: 70.3, Max: 70.4, Diff: 0.3, Sum: 281.1]
      [Termination (ms): Min: 0.0, Avg: 0.1, Max: 0.1, Diff: 0.0, Sum: 0.2]
         [Termination Attempts: Min: 80, Avg: 85.8, Max: 98, Diff: 18, Sum: 343]
      [GC Worker Other (ms): Min: 0.0, Avg: 0.0, Max: 0.1, Diff: 0.0, Sum: 0.2]
      [GC Worker Total (ms): Min: 81.9, Avg: 82.0, Max: 82.0, Diff: 0.1, Sum: 327.8]
      [GC Worker End (ms): Min: 23367060.1, Avg: 23367060.2, Max: 23367060.2, Diff: 0.0]
   [Code Root Fixup: 0.0 ms]
   [Code Root Purge: 0.0 ms]
   [String Dedup Fixup: 3.0 ms, GC Workers: 4]
      [Queue Fixup (ms): Min: 0.0, Avg: 0.0, Max: 0.0, Diff: 0.0, Sum: 0.0]
      [Table Fixup (ms): Min: 2.9, Avg: 2.9, Max: 3.0, Diff: 0.1, Sum: 11.8]
   [Clear CT: 0.3 ms]
   [Other: 6.6 ms]
      [Choose CSet: 0.0 ms]
      [Ref Proc: 0.1 ms]
      [Ref Enq: 0.0 ms]
      [Redirty Cards: 0.0 ms]
      [Humongous Register: 1.6 ms]
      [Humongous Reclaim: 0.2 ms]
      [Free CSet: 3.3 ms]
   [Eden: 1998.0M(1998.0M)->0.0B(2108.0M) Survivors: 62.0M->70.0M Heap: 4772.3M(6278.0M)->2755.9M(6278.0M)]
 [Times: user=0.30 sys=0.05, real=0.10 secs] 
2021-03-08T17:13:22.365+0800: 23367.069: Total time for which application threads were stopped: 0.0973737 seconds, Stopping threads took: 0.0006399 seconds
2021-03-08T17:13:22.368+0800: 23367.073: Total time for which application threads were stopped: 0.0037119 seconds, Stopping threads took: 0.0001851 seconds
2021-03-08T17:13:22.388+0800: 23367.092: Total time for which application threads were stopped: 0.0197159 seconds, Stopping threads took: 0.0017940 seconds
2021-03-08T17:13:22.392+0800: 23367.096: Total time for which application threads were stopped: 0.0036208 seconds, Stopping threads took: 0.0001716 seconds
2021-03-08T17:13:22.392+0800: 23367.097: [GC concurrent-string-deduplication, 36.3K->19.2K(17.1K), avg 63.3%, 0.0004656 secs]
   [Last Exec: 0.0004656 secs, Idle: 5.6164958 secs, Blocked: 2/0.0272901 secs]
      [Inspected:             676]
         [Skipped:              0(  0.0%)]
         [Hashed:             452( 66.9%)]
         [Known:                0(  0.0%)]
         [New:                676(100.0%)     36.3K]
      [Deduplicated:          453( 67.0%)     17.1K( 47.2%)]
         [Young:              453(100.0%)     17.1K(100.0%)]
         [Old:                  0(  0.0%)      0.0B(  0.0%)]
   [Total Exec: 2826/1.7999112 secs, Idle: 2826/23358.6347647 secs, Blocked: 44/6.1154778 secs]
      [Inspected:         2823591]
         [Skipped:              0(  0.0%)]
         [Hashed:         2195252( 77.7%)]
         [Known:            35019(  1.2%)]
         [New:            2788572( 98.8%)    152.1M]
      [Deduplicated:      2149982( 77.1%)     96.3M( 63.3%)]
         [Young:           903193( 42.0%)     42.5M( 44.1%)]
         [Old:            1246789( 58.0%)     53.8M( 55.9%)]
   [Table]
      [Memory Usage: 2426.5K]
      [Size: 65536, Min: 1024, Max: 16777216]
      [Entries: 81685, Load: 124.6%, Cached: 0, Added: 673109, Removed: 591424]
      [Resize Count: 6, Shrink Threshold: 43690(66.7%), Grow Threshold: 131072(200.0%)]
      [Rehash Count: 0, Rehash Threshold: 120, Hash Seed: 0x0]
      [Age Threshold: 3]
   [Queue]
      [Dropped: 0]
[GC concurrent-string-deduplication, deleted 0 entries, 0.0000006 secs]
2021-03-08T17:13:26.608+0800: 23371.312: Total time for which application threads were stopped: 0.0080445 seconds, Stopping threads took: 0.0017439 seconds
2021-03-08T17:13:26.685+0800: 23371.389: Total time for which application threads were stopped: 0.0041589 seconds, Stopping threads took: 0.0004401 seconds
2021-03-08T17:13:34.459+0800: 23379.163: [GC pause (G1 Evacuation Pause) (young), 0.0986865 secs]
   [Parallel Time: 88.9 ms, GC Workers: 4]
      [GC Worker Start (ms): Min: 23379164.8, Avg: 23379164.8, Max: 23379164.9, Diff: 0.1]
      [Ext Root Scanning (ms): Min: 4.2, Avg: 4.3, Max: 4.6, Diff: 0.4, Sum: 17.3]
      [Update RS (ms): Min: 5.0, Avg: 5.1, Max: 5.3, Diff: 0.3, Sum: 20.3]
         [Processed Buffers: Min: 34, Avg: 39.0, Max: 49, Diff: 15, Sum: 156]
      [Scan RS (ms): Min: 0.2, Avg: 0.4, Max: 0.5, Diff: 0.2, Sum: 1.7]
      [Code Root Scanning (ms): Min: 0.0, Avg: 0.0, Max: 0.0, Diff: 0.0, Sum: 0.1]
      [Object Copy (ms): Min: 78.7, Avg: 78.9, Max: 79.1, Diff: 0.4, Sum: 315.7]
      [Termination (ms): Min: 0.0, Avg: 0.0, Max: 0.0, Diff: 0.0, Sum: 0.0]
         [Termination Attempts: Min: 1, Avg: 1.0, Max: 1, Diff: 0, Sum: 4]
      [GC Worker Other (ms): Min: 0.0, Avg: 0.0, Max: 0.1, Diff: 0.0, Sum: 0.2]
      [GC Worker Total (ms): Min: 88.8, Avg: 88.8, Max: 88.8, Diff: 0.1, Sum: 355.2]
      [GC Worker End (ms): Min: 23379253.6, Avg: 23379253.6, Max: 23379253.6, Diff: 0.0]
   [Code Root Fixup: 0.0 ms]
   [Code Root Purge: 0.0 ms]
   [String Dedup Fixup: 3.0 ms, GC Workers: 4]
      [Queue Fixup (ms): Min: 0.0, Avg: 0.0, Max: 0.0, Diff: 0.0, Sum: 0.0]
      [Table Fixup (ms): Min: 2.9, Avg: 2.9, Max: 3.0, Diff: 0.1, Sum: 11.7]
   [Clear CT: 0.4 ms]
   [Other: 6.3 ms]
      [Choose CSet: 0.0 ms]
      [Ref Proc: 0.1 ms]
      [Ref Enq: 0.0 ms]
      [Redirty Cards: 0.0 ms]
      [Humongous Register: 1.5 ms]
      [Humongous Reclaim: 0.1 ms]
      [Free CSet: 3.3 ms]
   [Eden: 2108.0M(2108.0M)->0.0B(2326.0M) Survivors: 70.0M->80.0M Heap: 4874.7M(6278.0M)->2765.9M(6278.0M)]
 [Times: user=0.33 sys=0.05, real=0.10 secs] 
2021-03-08T17:13:34.558+0800: 23379.262: Total time for which application threads were stopped: 0.1039594 seconds, Stopping threads took: 0.0006999 seconds
2021-03-08T17:13:34.559+0800: 23379.263: [GC concurrent-string-deduplication, 40.8K->24.9K(15.9K), avg 63.3%, 0.0004055 secs]
   [Last Exec: 0.0004055 secs, Idle: 12.1656851 secs, Blocked: 0/0.0000000 secs]
      [Inspected:             691]
         [Skipped:              0(  0.0%)]
         [Hashed:             402( 58.2%)]
         [Known:                0(  0.0%)]
         [New:                691(100.0%)     40.8K]
      [Deduplicated:          401( 58.0%)     15.9K( 39.0%)]
         [Young:              401(100.0%)     15.9K(100.0%)]
         [Old:                  0(  0.0%)      0.0B(  0.0%)]
   [Total Exec: 2827/1.8003167 secs, Idle: 2827/23370.8004498 secs, Blocked: 44/6.1154778 secs]
      [Inspected:         2824282]
         [Skipped:              0(  0.0%)]
         [Hashed:         2195654( 77.7%)]
         [Known:            35019(  1.2%)]
         [New:            2789263( 98.8%)    152.1M]
      [Deduplicated:      2150383( 77.1%)     96.3M( 63.3%)]
         [Young:           903594( 42.0%)     42.5M( 44.1%)]
         [Old:            1246789( 58.0%)     53.8M( 55.9%)]
   [Table]
      [Memory Usage: 2433.3K]
      [Size: 65536, Min: 1024, Max: 16777216]
      [Entries: 81975, Load: 125.1%, Cached: 0, Added: 673399, Removed: 591424]
      [Resize Count: 6, Shrink Threshold: 43690(66.7%), Grow Threshold: 131072(200.0%)]
      [Rehash Count: 0, Rehash Threshold: 120, Hash Seed: 0x0]
      [Age Threshold: 3]
   [Queue]
      [Dropped: 0]
[GC concurrent-string-deduplication, deleted 0 entries, 0.0000011 secs]
2021-03-08T17:13:38.560+0800: 23383.265: Total time for which application threads were stopped: 0.0061246 seconds, Stopping threads took: 0.0004085 seconds
2021-03-08T17:13:38.675+0800: 23383.379: Total time for which application threads were stopped: 0.0040896 seconds, Stopping threads took: 0.0005239 seconds
2021-03-08T17:13:47.413+0800: 23392.118: Total time for which application threads were stopped: 0.0133450 seconds, Stopping threads took: 0.0057543 seconds
2021-03-08T17:13:47.981+0800: 23392.685: [GC pause (G1 Evacuation Pause) (young), 0.1153797 secs]
   [Parallel Time: 104.4 ms, GC Workers: 4]
      [GC Worker Start (ms): Min: 23392686.6, Avg: 23392686.6, Max: 23392686.7, Diff: 0.1]
      [Ext Root Scanning (ms): Min: 5.8, Avg: 6.2, Max: 6.5, Diff: 0.7, Sum: 24.7]
      [Update RS (ms): Min: 7.4, Avg: 7.6, Max: 7.6, Diff: 0.2, Sum: 30.2]
         [Processed Buffers: Min: 62, Avg: 66.0, Max: 70, Diff: 8, Sum: 264]
      [Scan RS (ms): Min: 0.5, Avg: 0.5, Max: 0.5, Diff: 0.0, Sum: 2.1]
      [Code Root Scanning (ms): Min: 0.0, Avg: 0.0, Max: 0.0, Diff: 0.0, Sum: 0.1]
      [Object Copy (ms): Min: 89.8, Avg: 89.9, Max: 90.2, Diff: 0.4, Sum: 359.6]
      [Termination (ms): Min: 0.0, Avg: 0.0, Max: 0.1, Diff: 0.0, Sum: 0.2]
         [Termination Attempts: Min: 24, Avg: 37.5, Max: 51, Diff: 27, Sum: 150]
      [GC Worker Other (ms): Min: 0.0, Avg: 0.0, Max: 0.1, Diff: 0.0, Sum: 0.2]
      [GC Worker Total (ms): Min: 104.3, Avg: 104.3, Max: 104.3, Diff: 0.1, Sum: 417.1]
      [GC Worker End (ms): Min: 23392790.9, Avg: 23392790.9, Max: 23392790.9, Diff: 0.0]
   [Code Root Fixup: 0.0 ms]
   [Code Root Purge: 0.0 ms]
   [String Dedup Fixup: 3.0 ms, GC Workers: 4]
      [Queue Fixup (ms): Min: 0.0, Avg: 0.0, Max: 0.0, Diff: 0.0, Sum: 0.0]
      [Table Fixup (ms): Min: 2.9, Avg: 2.9, Max: 2.9, Diff: 0.1, Sum: 11.6]
   [Clear CT: 1.3 ms]
   [Other: 6.8 ms]
      [Choose CSet: 0.0 ms]
      [Ref Proc: 0.1 ms]
      [Ref Enq: 0.0 ms]
      [Redirty Cards: 0.0 ms]
      [Humongous Register: 1.4 ms]
      [Humongous Reclaim: 0.2 ms]
      [Free CSet: 3.7 ms]
   [Eden: 2326.0M(2326.0M)->0.0B(2430.0M) Survivors: 80.0M->96.0M Heap: 5117.0M(6278.0M)->2780.7M(6278.0M)]
 [Times: user=0.38 sys=0.04, real=0.12 secs] 
2021-03-08T17:13:48.097+0800: 23392.801: Total time for which application threads were stopped: 0.1200510 seconds, Stopping threads took: 0.0003885 seconds
2021-03-08T17:13:48.098+0800: 23392.802: [GC concurrent-string-deduplication, 53.3K->32.8K(20.5K), avg 63.3%, 0.0008130 secs]
   [Last Exec: 0.0008130 secs, Idle: 13.5381124 secs, Blocked: 0/0.0000000 secs]
      [Inspected:             863]
         [Skipped:              0(  0.0%)]
         [Hashed:             486( 56.3%)]
         [Known:                0(  0.0%)]
         [New:                863(100.0%)     53.3K]
      [Deduplicated:          480( 55.6%)     20.5K( 38.4%)]
         [Young:              480(100.0%)     20.5K(100.0%)]
         [Old:                  0(  0.0%)      0.0B(  0.0%)]
   [Total Exec: 2828/1.8011297 secs, Idle: 2828/23384.3385623 secs, Blocked: 44/6.1154778 secs]
      [Inspected:         2825145]
         [Skipped:              0(  0.0%)]
         [Hashed:         2196140( 77.7%)]
         [Known:            35019(  1.2%)]
         [New:            2790126( 98.8%)    152.2M]
      [Deduplicated:      2150863( 77.1%)     96.3M( 63.3%)]
         [Young:           904074( 42.0%)     42.5M( 44.1%)]
         [Old:            1246789( 58.0%)     53.8M( 55.9%)]
   [Table]
      [Memory Usage: 2442.4K]
      [Size: 65536, Min: 1024, Max: 16777216]
      [Entries: 82363, Load: 125.7%, Cached: 0, Added: 673787, Removed: 591424]
      [Resize Count: 6, Shrink Threshold: 43690(66.7%), Grow Threshold: 131072(200.0%)]
      [Rehash Count: 0, Rehash Threshold: 120, Hash Seed: 0x0]
      [Age Threshold: 3]
   [Queue]
      [Dropped: 0]
[GC concurrent-string-deduplication, deleted 0 entries, 0.0000010 secs]
2021-03-08T17:13:50.591+0800: 23395.295: Total time for which application threads were stopped: 0.0042728 seconds, Stopping threads took: 0.0004702 seconds
2021-03-08T17:13:53.102+0800: 23397.806: Total time for which application threads were stopped: 0.0047293 seconds, Stopping threads took: 0.0004372 seconds
2021-03-08T17:13:53.106+0800: 23397.811: Total time for which application threads were stopped: 0.0042275 seconds, Stopping threads took: 0.0003513 seconds
2021-03-08T17:13:56.307+0800: 23401.011: [GC pause (G1 Evacuation Pause) (young), 0.1374520 secs]
   [Parallel Time: 130.7 ms, GC Workers: 4]
      [GC Worker Start (ms): Min: 23401012.1, Avg: 23401013.7, Max: 23401014.4, Diff: 2.3]
      [Ext Root Scanning (ms): Min: 7.4, Avg: 13.3, Max: 21.7, Diff: 14.3, Sum: 53.1]
      [Update RS (ms): Min: 0.0, Avg: 5.9, Max: 12.1, Diff: 12.1, Sum: 23.5]
         [Processed Buffers: Min: 0, Avg: 40.2, Max: 69, Diff: 69, Sum: 161]
      [Scan RS (ms): Min: 0.1, Avg: 0.4, Max: 1.2, Diff: 1.1, Sum: 1.7]
      [Code Root Scanning (ms): Min: 0.0, Avg: 0.0, Max: 0.1, Diff: 0.1, Sum: 0.1]
      [Object Copy (ms): Min: 106.8, Avg: 109.3, Max: 111.1, Diff: 4.3, Sum: 437.4]
      [Termination (ms): Min: 0.0, Avg: 0.0, Max: 0.0, Diff: 0.0, Sum: 0.1]
         [Termination Attempts: Min: 19, Avg: 21.0, Max: 22, Diff: 3, Sum: 84]
      [GC Worker Other (ms): Min: 0.0, Avg: 0.0, Max: 0.1, Diff: 0.0, Sum: 0.2]
      [GC Worker Total (ms): Min: 128.3, Avg: 129.0, Max: 130.6, Diff: 2.3, Sum: 516.0]
      [GC Worker End (ms): Min: 23401142.7, Avg: 23401142.7, Max: 23401142.7, Diff: 0.0]
   [Code Root Fixup: 0.0 ms]
   [Code Root Purge: 0.0 ms]
   [String Dedup Fixup: 1.9 ms, GC Workers: 4]
      [Queue Fixup (ms): Min: 0.0, Avg: 0.0, Max: 0.0, Diff: 0.0, Sum: 0.0]
      [Table Fixup (ms): Min: 1.8, Avg: 1.8, Max: 1.8, Diff: 0.0, Sum: 7.3]
   [Clear CT: 0.4 ms]
   [Other: 4.5 ms]
      [Choose CSet: 0.0 ms]
      [Ref Proc: 0.1 ms]
      [Ref Enq: 0.0 ms]
      [Redirty Cards: 0.0 ms]
      [Humongous Register: 0.3 ms]
      [Humongous Reclaim: 0.1 ms]
      [Free CSet: 2.4 ms]
   [Eden: 2430.0M(2430.0M)->0.0B(2642.0M) Survivors: 96.0M->102.0M Heap: 5224.1M(6278.0M)->2787.9M(6278.0M)]
 [Times: user=0.40 sys=0.04, real=0.14 secs] 
2021-03-08T17:13:56.445+0800: 23401.149: Total time for which application threads were stopped: 0.1428607 seconds, Stopping threads took: 0.0004828 seconds
2021-03-08T17:13:56.448+0800: 23401.152: [GC concurrent-string-deduplication, 40.2K->22.2K(18.0K), avg 63.3%, 0.0025157 secs]
   [Last Exec: 0.0025157 secs, Idle: 8.3479766 secs, Blocked: 0/0.0000000 secs]
      [Inspected:             735]
         [Skipped:              0(  0.0%)]
         [Hashed:             477( 64.9%)]
         [Known:                0(  0.0%)]
         [New:                735(100.0%)     40.2K]
      [Deduplicated:          477( 64.9%)     18.0K( 44.8%)]
         [Young:              477(100.0%)     18.0K(100.0%)]
         [Old:                  0(  0.0%)      0.0B(  0.0%)]
   [Total Exec: 2829/1.8036454 secs, Idle: 2829/23392.6865388 secs, Blocked: 44/6.1154778 secs]
      [Inspected:         2825880]
         [Skipped:              0(  0.0%)]
         [Hashed:         2196617( 77.7%)]
         [Known:            35019(  1.2%)]
         [New:            2790861( 98.8%)    152.2M]
      [Deduplicated:      2151340( 77.1%)     96.3M( 63.3%)]
         [Young:           904551( 42.0%)     42.5M( 44.2%)]
         [Old:            1246789( 58.0%)     53.8M( 55.8%)]
   [Table]
      [Memory Usage: 2448.4K]
      [Size: 65536, Min: 1024, Max: 16777216]
      [Entries: 82621, Load: 126.1%, Cached: 0, Added: 674045, Removed: 591424]
      [Resize Count: 6, Shrink Threshold: 43690(66.7%), Grow Threshold: 131072(200.0%)]
      [Rehash Count: 0, Rehash Threshold: 120, Hash Seed: 0x0]
      [Age Threshold: 3]
   [Queue]
      [Dropped: 0]
[GC concurrent-string-deduplication, deleted 0 entries, 0.0000008 secs]
2021-03-08T17:13:58.451+0800: 23403.155: Total time for which application threads were stopped: 0.0051676 seconds, Stopping threads took: 0.0004328 seconds
2021-03-08T17:14:02.684+0800: 23407.388: Total time for which application threads were stopped: 0.0075690 seconds, Stopping threads took: 0.0020722 seconds
2021-03-08T17:14:04.269+0800: 23408.973: Total time for which application threads were stopped: 0.0039646 seconds, Stopping threads took: 0.0004713 seconds
2021-03-08T17:14:04.314+0800: 23409.018: Total time for which application threads were stopped: 0.0042582 seconds, Stopping threads took: 0.0006398 seconds
2021-03-08T17:14:04.455+0800: 23409.159: Total time for which application threads were stopped: 0.0040000 seconds, Stopping threads took: 0.0003871 seconds
2021-03-08T17:14:05.154+0800: 23409.858: [GC pause (G1 Evacuation Pause) (young), 0.1482506 secs]
   [Parallel Time: 136.0 ms, GC Workers: 4]
      [GC Worker Start (ms): Min: 23409860.2, Avg: 23409860.2, Max: 23409860.3, Diff: 0.1]
      [Ext Root Scanning (ms): Min: 5.9, Avg: 6.2, Max: 6.5, Diff: 0.6, Sum: 24.7]
      [Update RS (ms): Min: 8.6, Avg: 8.8, Max: 9.1, Diff: 0.5, Sum: 35.0]
         [Processed Buffers: Min: 28, Avg: 57.8, Max: 77, Diff: 49, Sum: 231]
      [Scan RS (ms): Min: 0.2, Avg: 0.5, Max: 0.7, Diff: 0.5, Sum: 2.1]
      [Code Root Scanning (ms): Min: 0.0, Avg: 0.0, Max: 0.0, Diff: 0.0, Sum: 0.1]
      [Object Copy (ms): Min: 120.1, Avg: 120.3, Max: 120.6, Diff: 0.5, Sum: 481.2]
      [Termination (ms): Min: 0.0, Avg: 0.0, Max: 0.0, Diff: 0.0, Sum: 0.2]
         [Termination Attempts: Min: 66, Avg: 81.8, Max: 93, Diff: 27, Sum: 327]
      [GC Worker Other (ms): Min: 0.0, Avg: 0.1, Max: 0.1, Diff: 0.1, Sum: 0.2]
      [GC Worker Total (ms): Min: 135.8, Avg: 135.9, Max: 135.9, Diff: 0.1, Sum: 543.6]
      [GC Worker End (ms): Min: 23409996.1, Avg: 23409996.1, Max: 23409996.1, Diff: 0.0]
   [Code Root Fixup: 0.0 ms]
   [Code Root Purge: 0.0 ms]
   [String Dedup Fixup: 3.2 ms, GC Workers: 4]
      [Queue Fixup (ms): Min: 0.0, Avg: 0.0, Max: 0.0, Diff: 0.0, Sum: 0.0]
      [Table Fixup (ms): Min: 2.3, Avg: 3.0, Max: 3.2, Diff: 0.9, Sum: 11.9]
   [Clear CT: 0.7 ms]
   [Other: 8.3 ms]
      [Choose CSet: 0.0 ms]
      [Ref Proc: 0.4 ms]
      [Ref Enq: 0.0 ms]
      [Redirty Cards: 0.0 ms]
      [Humongous Register: 2.0 ms]
      [Humongous Reclaim: 0.2 ms]
      [Free CSet: 4.4 ms]
   [Eden: 2642.0M(2642.0M)->0.0B(2656.0M) Survivors: 102.0M->126.0M Heap: 5449.0M(6278.0M)->2811.9M(6278.0M)]
 [Times: user=0.50 sys=0.05, real=0.15 secs] 
2021-03-08T17:14:05.302+0800: 23410.007: Total time for which application threads were stopped: 0.1529238 seconds, Stopping threads took: 0.0003494 seconds
2021-03-08T17:14:05.303+0800: 23410.007: [GC concurrent-string-deduplication, 37.3K->19.2K(18.0K), avg 63.3%, 0.0004467 secs]
   [Last Exec: 0.0004467 secs, Idle: 8.8543758 secs, Blocked: 0/0.0000000 secs]
      [Inspected:             688]
         [Skipped:              0(  0.0%)]
         [Hashed:             459( 66.7%)]
         [Known:                5(  0.7%)]
         [New:                683( 99.3%)     37.3K]
      [Deduplicated:          459( 67.2%)     18.0K( 48.3%)]
         [Young:              459(100.0%)     18.0K(100.0%)]
         [Old:                  0(  0.0%)      0.0B(  0.0%)]
   [Total Exec: 2830/1.8040921 secs, Idle: 2830/23401.5409146 secs, Blocked: 44/6.1154778 secs]
      [Inspected:         2826568]
         [Skipped:              0(  0.0%)]
         [Hashed:         2197076( 77.7%)]
         [Known:            35024(  1.2%)]
         [New:            2791544( 98.8%)    152.3M]
      [Deduplicated:      2151799( 77.1%)     96.3M( 63.3%)]
         [Young:           905010( 42.1%)     42.5M( 44.2%)]
         [Old:            1246789( 57.9%)     53.8M( 55.8%)]
   [Table]
      [Memory Usage: 2453.8K]
      [Size: 65536, Min: 1024, Max: 16777216]
      [Entries: 82849, Load: 126.4%, Cached: 0, Added: 674273, Removed: 591424]
      [Resize Count: 6, Shrink Threshold: 43690(66.7%), Grow Threshold: 131072(200.0%)]
      [Rehash Count: 0, Rehash Threshold: 120, Hash Seed: 0x0]
      [Age Threshold: 3]
   [Queue]
      [Dropped: 0]
[GC concurrent-string-deduplication, deleted 0 entries, 0.0000008 secs]
2021-03-08T17:14:14.467+0800: 23419.171: Total time for which application threads were stopped: 0.0041075 seconds, Stopping threads took: 0.0004099 seconds
2021-03-08T17:14:14.632+0800: 23419.337: Total time for which application threads were stopped: 0.0041086 seconds, Stopping threads took: 0.0003393 seconds
2021-03-08T17:14:15.651+0800: 23420.355: [GC pause (G1 Evacuation Pause) (young), 0.1678718 secs]
   [Parallel Time: 161.0 ms, GC Workers: 4]
      [GC Worker Start (ms): Min: 23420355.4, Avg: 23420356.7, Max: 23420358.0, Diff: 2.6]
      [Ext Root Scanning (ms): Min: 2.1, Avg: 3.5, Max: 4.9, Diff: 2.8, Sum: 13.9]
      [Update RS (ms): Min: 4.9, Avg: 5.1, Max: 5.1, Diff: 0.3, Sum: 20.3]
         [Processed Buffers: Min: 44, Avg: 50.0, Max: 55, Diff: 11, Sum: 200]
      [Scan RS (ms): Min: 0.4, Avg: 0.5, Max: 0.5, Diff: 0.0, Sum: 1.8]
      [Code Root Scanning (ms): Min: 0.0, Avg: 0.0, Max: 0.0, Diff: 0.0, Sum: 0.1]
      [Object Copy (ms): Min: 148.0, Avg: 148.1, Max: 148.3, Diff: 0.3, Sum: 592.6]
      [Termination (ms): Min: 0.4, Avg: 0.5, Max: 0.7, Diff: 0.3, Sum: 2.2]
         [Termination Attempts: Min: 409, Avg: 450.0, Max: 485, Diff: 76, Sum: 1800]
      [GC Worker Other (ms): Min: 0.0, Avg: 0.0, Max: 0.1, Diff: 0.0, Sum: 0.2]
      [GC Worker Total (ms): Min: 156.4, Avg: 157.8, Max: 159.1, Diff: 2.6, Sum: 631.0]
      [GC Worker End (ms): Min: 23420514.4, Avg: 23420514.4, Max: 23420514.5, Diff: 0.0]
   [Code Root Fixup: 0.0 ms]
   [Code Root Purge: 0.0 ms]
   [String Dedup Fixup: 2.0 ms, GC Workers: 4]
      [Queue Fixup (ms): Min: 0.0, Avg: 0.0, Max: 0.0, Diff: 0.0, Sum: 0.0]
      [Table Fixup (ms): Min: 1.9, Avg: 2.0, Max: 2.0, Diff: 0.0, Sum: 7.8]
   [Clear CT: 0.4 ms]
   [Other: 4.4 ms]
      [Choose CSet: 0.0 ms]
      [Ref Proc: 0.1 ms]
      [Ref Enq: 0.0 ms]
      [Redirty Cards: 0.1 ms]
      [Humongous Register: 0.2 ms]
      [Humongous Reclaim: 0.1 ms]
      [Free CSet: 2.6 ms]
   [Eden: 2656.0M(2656.0M)->0.0B(2672.0M) Survivors: 126.0M->140.0M Heap: 5485.0M(6278.0M)->2825.8M(6278.0M)]
 [Times: user=0.58 sys=0.06, real=0.17 secs] 
2021-03-08T17:14:15.819+0800: 23420.523: Total time for which application threads were stopped: 0.1732746 seconds, Stopping threads took: 0.0003516 seconds
2021-03-08T17:14:15.820+0800: 23420.524: [GC concurrent-string-deduplication, 47.3K->29.5K(17.8K), avg 63.2%, 0.0004457 secs]
   [Last Exec: 0.0004457 secs, Idle: 10.5160939 secs, Blocked: 0/0.0000000 secs]
      [Inspected:             767]
         [Skipped:              0(  0.0%)]
         [Hashed:             423( 55.1%)]
         [Known:                0(  0.0%)]
         [New:                767(100.0%)     47.3K]
      [Deduplicated:          424( 55.3%)     17.8K( 37.7%)]
         [Young:              424(100.0%)     17.8K(100.0%)]
         [Old:                  0(  0.0%)      0.0B(  0.0%)]
   [Total Exec: 2831/1.8045378 secs, Idle: 2831/23412.0570085 secs, Blocked: 44/6.1154778 secs]
      [Inspected:         2827335]
         [Skipped:              0(  0.0%)]
         [Hashed:         2197499( 77.7%)]
         [Known:            35024(  1.2%)]
         [New:            2792311( 98.8%)    152.3M]
      [Deduplicated:      2152223( 77.1%)     96.3M( 63.2%)]
         [Young:           905434( 42.1%)     42.6M( 44.2%)]
         [Old:            1246789( 57.9%)     53.8M( 55.8%)]
   [Table]
      [Memory Usage: 2461.8K]
      [Size: 65536, Min: 1024, Max: 16777216]
      [Entries: 83192, Load: 126.9%, Cached: 0, Added: 674616, Removed: 591424]
      [Resize Count: 6, Shrink Threshold: 43690(66.7%), Grow Threshold: 131072(200.0%)]
      [Rehash Count: 0, Rehash Threshold: 120, Hash Seed: 0x0]
      [Age Threshold: 3]
   [Queue]
      [Dropped: 0]
[GC concurrent-string-deduplication, deleted 0 entries, 0.0000009 secs]
2021-03-08T17:14:23.487+0800: 23428.192: Total time for which application threads were stopped: 0.0137693 seconds, Stopping threads took: 0.0069453 seconds
2021-03-08T17:14:23.495+0800: 23428.199: Total time for which application threads were stopped: 0.0054314 seconds, Stopping threads took: 0.0002341 seconds
2021-03-08T17:14:26.603+0800: 23431.307: Total time for which application threads were stopped: 0.0095453 seconds, Stopping threads took: 0.0022906 seconds
2021-03-08T17:14:26.701+0800: 23431.405: Total time for which application threads were stopped: 0.0196825 seconds, Stopping threads took: 0.0004014 seconds
2021-03-08T17:14:29.571+0800: 23434.275: [GC pause (G1 Evacuation Pause) (young), 0.1897813 secs]
   [Parallel Time: 178.3 ms, GC Workers: 4]
      [GC Worker Start (ms): Min: 23434276.7, Avg: 23434278.4, Max: 23434280.9, Diff: 4.1]
      [Ext Root Scanning (ms): Min: 2.8, Avg: 5.2, Max: 7.0, Diff: 4.1, Sum: 20.9]
      [Update RS (ms): Min: 8.1, Avg: 8.2, Max: 8.2, Diff: 0.1, Sum: 32.8]
         [Processed Buffers: Min: 60, Avg: 71.8, Max: 80, Diff: 20, Sum: 287]
      [Scan RS (ms): Min: 0.6, Avg: 0.6, Max: 0.6, Diff: 0.0, Sum: 2.3]
      [Code Root Scanning (ms): Min: 0.0, Avg: 0.0, Max: 0.1, Diff: 0.0, Sum: 0.1]
      [Object Copy (ms): Min: 162.4, Avg: 162.4, Max: 162.5, Diff: 0.1, Sum: 649.7]
      [Termination (ms): Min: 0.0, Avg: 0.0, Max: 0.0, Diff: 0.0, Sum: 0.1]
         [Termination Attempts: Min: 30, Avg: 35.5, Max: 41, Diff: 11, Sum: 142]
      [GC Worker Other (ms): Min: 0.0, Avg: 0.0, Max: 0.1, Diff: 0.0, Sum: 0.2]
      [GC Worker Total (ms): Min: 174.1, Avg: 176.5, Max: 178.2, Diff: 4.1, Sum: 706.2]
      [GC Worker End (ms): Min: 23434455.0, Avg: 23434455.0, Max: 23434455.0, Diff: 0.0]
   [Code Root Fixup: 0.0 ms]
   [Code Root Purge: 0.0 ms]
   [String Dedup Fixup: 3.2 ms, GC Workers: 4]
      [Queue Fixup (ms): Min: 0.0, Avg: 0.0, Max: 0.0, Diff: 0.0, Sum: 0.0]
      [Table Fixup (ms): Min: 3.1, Avg: 3.1, Max: 3.2, Diff: 0.1, Sum: 12.5]
   [Clear CT: 0.7 ms]
   [Other: 7.6 ms]
      [Choose CSet: 0.0 ms]
      [Ref Proc: 0.1 ms]
      [Ref Enq: 0.0 ms]
      [Redirty Cards: 0.0 ms]
      [Humongous Register: 1.3 ms]
      [Humongous Reclaim: 0.3 ms]
      [Free CSet: 4.5 ms]
   [Eden: 2672.0M(2672.0M)->0.0B(2632.0M) Survivors: 140.0M->160.0M Heap: 5525.1M(6278.0M)->2846.4M(6278.0M)]
 [Times: user=0.63 sys=0.09, real=0.19 secs] 
2021-03-08T17:14:29.761+0800: 23434.465: Total time for which application threads were stopped: 0.1947690 seconds, Stopping threads took: 0.0004158 seconds
2021-03-08T17:14:29.762+0800: 23434.466: [GC concurrent-string-deduplication, 66.4K->38.3K(28.1K), avg 63.2%, 0.0007145 secs]
   [Last Exec: 0.0007145 secs, Idle: 13.9415715 secs, Blocked: 0/0.0000000 secs]
      [Inspected:            1192]
         [Skipped:              0(  0.0%)]
         [Hashed:             743( 62.3%)]
         [Known:                4(  0.3%)]
         [New:               1188( 99.7%)     66.4K]
      [Deduplicated:          742( 62.5%)     28.1K( 42.4%)]
         [Young:              742(100.0%)     28.1K(100.0%)]
         [Old:                  0(  0.0%)      0.0B(  0.0%)]
   [Total Exec: 2832/1.8052523 secs, Idle: 2832/23425.9985800 secs, Blocked: 44/6.1154778 secs]
      [Inspected:         2828527]
         [Skipped:              0(  0.0%)]
         [Hashed:         2198242( 77.7%)]
         [Known:            35028(  1.2%)]
         [New:            2793499( 98.8%)    152.4M]
      [Deduplicated:      2152965( 77.1%)     96.4M( 63.2%)]
         [Young:           906176( 42.1%)     42.6M( 44.2%)]
         [Old:            1246789( 57.9%)     53.8M( 55.8%)]
   [Table]
      [Memory Usage: 2472.3K]
      [Size: 65536, Min: 1024, Max: 16777216]
      [Entries: 83638, Load: 127.6%, Cached: 0, Added: 675062, Removed: 591424]
      [Resize Count: 6, Shrink Threshold: 43690(66.7%), Grow Threshold: 131072(200.0%)]
      [Rehash Count: 0, Rehash Threshold: 120, Hash Seed: 0x0]
      [Age Threshold: 3]
   [Queue]
      [Dropped: 0]
[GC concurrent-string-deduplication, deleted 0 entries, 0.0000009 secs]
2021-03-08T17:14:32.530+0800: 23437.235: Total time for which application threads were stopped: 0.0042959 seconds, Stopping threads took: 0.0004695 seconds
2021-03-08T17:14:38.091+0800: 23442.796: [GC pause (G1 Evacuation Pause) (young), 0.2139017 secs]
   [Parallel Time: 197.3 ms, GC Workers: 4]
      [GC Worker Start (ms): Min: 23442798.1, Avg: 23442798.1, Max: 23442798.1, Diff: 0.1]
      [Ext Root Scanning (ms): Min: 4.5, Avg: 4.7, Max: 4.9, Diff: 0.4, Sum: 18.6]
      [Update RS (ms): Min: 9.0, Avg: 9.2, Max: 9.6, Diff: 0.6, Sum: 36.6]
         [Processed Buffers: Min: 61, Avg: 65.0, Max: 71, Diff: 10, Sum: 260]
      [Scan RS (ms): Min: 0.2, Avg: 0.6, Max: 0.7, Diff: 0.5, Sum: 2.2]
      [Code Root Scanning (ms): Min: 0.0, Avg: 0.0, Max: 0.1, Diff: 0.1, Sum: 0.1]
      [Object Copy (ms): Min: 182.1, Avg: 182.5, Max: 182.8, Diff: 0.6, Sum: 730.0]
      [Termination (ms): Min: 0.2, Avg: 0.3, Max: 0.4, Diff: 0.1, Sum: 1.1]
         [Termination Attempts: Min: 292, Avg: 326.2, Max: 359, Diff: 67, Sum: 1305]
      [GC Worker Other (ms): Min: 0.0, Avg: 0.1, Max: 0.1, Diff: 0.0, Sum: 0.2]
      [GC Worker Total (ms): Min: 197.2, Avg: 197.3, Max: 197.3, Diff: 0.1, Sum: 789.0]
      [GC Worker End (ms): Min: 23442995.3, Avg: 23442995.3, Max: 23442995.4, Diff: 0.0]
   [Code Root Fixup: 0.0 ms]
   [Code Root Purge: 0.0 ms]
   [String Dedup Fixup: 4.7 ms, GC Workers: 4]
      [Queue Fixup (ms): Min: 0.0, Avg: 0.0, Max: 0.0, Diff: 0.0, Sum: 0.0]
      [Table Fixup (ms): Min: 3.1, Avg: 3.1, Max: 3.2, Diff: 0.1, Sum: 12.4]
   [Clear CT: 4.0 ms]
   [Other: 7.8 ms]
      [Choose CSet: 0.0 ms]
      [Ref Proc: 0.1 ms]
      [Ref Enq: 0.0 ms]
      [Redirty Cards: 0.0 ms]
      [Humongous Register: 2.0 ms]
      [Humongous Reclaim: 0.2 ms]
      [Free CSet: 4.1 ms]
   [Eden: 2632.0M(2632.0M)->0.0B(2404.0M) Survivors: 160.0M->178.0M Heap: 5501.9M(6278.0M)->2864.3M(6278.0M)]
 [Times: user=0.70 sys=0.11, real=0.22 secs] 
